<?xml version="1.0" encoding="UTF-8" ?>
<testsuites name="vitest tests" tests="811" failures="75" errors="0" time="140.903976469">
    <testsuite name="src/App.test.tsx" timestamp="2025-08-22T07:42:59.382Z" hostname="ifedotovNB" tests="1" failures="0" errors="0" skipped="0" time="0.096919267">
        <testcase classname="src/App.test.tsx" name="App &gt; renders without crashing" time="0.094096255">
            <system-out>
[Fri, 22 Aug 2025 07:41:48 GMT] : [] : @azure/msal-browser@4.20.0 : Verbose - Claims-based caching is disabled. Clearing the previous cache with claims

[Fri, 22 Aug 2025 07:41:48 GMT] : [] : @azure/msal-browser@4.20.0 : Verbose - handleRedirectPromise called
[Fri, 22 Aug 2025 07:41:48 GMT] : [] : @azure/msal-browser@4.20.0 : Info - handleRedirectPromise called but there is no interaction in progress, returning null.
[Fri, 22 Aug 2025 07:41:48 GMT] : [] : @azure/msal-browser@4.20.0 : Verbose - handleRedirectPromise has been called for the first time, storing the promise

[Fri, 22 Aug 2025 07:41:48 GMT] : [] : @azure/msal-browser@4.20.0 : Verbose - getAllAccounts called

            </system-out>
        </testcase>
    </testsuite>
    <testsuite name="src/services/api.test.ts" timestamp="2025-08-22T07:42:59.383Z" hostname="ifedotovNB" tests="15" failures="0" errors="0" skipped="0" time="0.024829789">
        <testcase classname="src/services/api.test.ts" name="apiService &gt; configuration &gt; should use correct base URL" time="0.006321562">
        </testcase>
        <testcase classname="src/services/api.test.ts" name="apiService &gt; configuration &gt; should update base URL" time="0.001131565">
        </testcase>
        <testcase classname="src/services/api.test.ts" name="apiService &gt; authentication headers &gt; should add auth token to requests when available" time="0.002635089">
        </testcase>
        <testcase classname="src/services/api.test.ts" name="apiService &gt; authentication headers &gt; should not add auth header when no token" time="0.001159176">
        </testcase>
        <testcase classname="src/services/api.test.ts" name="apiService &gt; error handling &gt; should handle network errors gracefully" time="0.000694248">
        </testcase>
        <testcase classname="src/services/api.test.ts" name="apiService &gt; error handling &gt; should handle server errors gracefully" time="0.000738189">
        </testcase>
        <testcase classname="src/services/api.test.ts" name="apiService &gt; HTTP methods &gt; should make GET requests" time="0.000676997">
        </testcase>
        <testcase classname="src/services/api.test.ts" name="apiService &gt; HTTP methods &gt; should make POST requests" time="0.000596413">
        </testcase>
        <testcase classname="src/services/api.test.ts" name="apiService &gt; HTTP methods &gt; should make PUT requests" time="0.000696777">
        </testcase>
        <testcase classname="src/services/api.test.ts" name="apiService &gt; HTTP methods &gt; should make DELETE requests" time="0.001111474">
        </testcase>
        <testcase classname="src/services/api.test.ts" name="apiService &gt; HTTP methods &gt; should make paginated GET requests" time="0.001360742">
        </testcase>
        <testcase classname="src/services/api.test.ts" name="apiService &gt; file operations &gt; should handle file downloads" time="0.00242573">
        </testcase>
        <testcase classname="src/services/api.test.ts" name="apiService &gt; file operations &gt; should handle file uploads with progress" time="0.001138118">
        </testcase>
        <testcase classname="src/services/api.test.ts" name="apiService &gt; health check &gt; should perform health check" time="0.000366119">
        </testcase>
        <testcase classname="src/services/api.test.ts" name="apiService &gt; token refresh &gt; should handle authentication scenarios" time="0.000347283">
        </testcase>
    </testsuite>
    <testsuite name="src/services/authService.test.ts" timestamp="2025-08-22T07:42:59.385Z" hostname="ifedotovNB" tests="23" failures="0" errors="0" skipped="0" time="0.03660442">
        <testcase classname="src/services/authService.test.ts" name="authService &gt; login &gt; should login successfully and store tokens" time="0.011338217">
        </testcase>
        <testcase classname="src/services/authService.test.ts" name="authService &gt; login &gt; should not store tokens on failed login" time="0.001692032">
        </testcase>
        <testcase classname="src/services/authService.test.ts" name="authService &gt; logout &gt; should logout and clear tokens" time="0.001758789">
        </testcase>
        <testcase classname="src/services/authService.test.ts" name="authService &gt; logout &gt; should clear tokens even if logout request fails" time="0.001579382">
        </testcase>
        <testcase classname="src/services/authService.test.ts" name="authService &gt; refreshToken &gt; should refresh token successfully" time="0.001415757">
        </testcase>
        <testcase classname="src/services/authService.test.ts" name="authService &gt; refreshToken &gt; should handle missing refresh token" time="0.000937757">
        </testcase>
        <testcase classname="src/services/authService.test.ts" name="authService &gt; getProfile &gt; should get user profile successfully" time="0.00083508">
        </testcase>
        <testcase classname="src/services/authService.test.ts" name="authService &gt; updateProfile &gt; should update profile successfully" time="0.000968269">
        </testcase>
        <testcase classname="src/services/authService.test.ts" name="authService &gt; changePassword &gt; should change password successfully" time="0.001443045">
        </testcase>
        <testcase classname="src/services/authService.test.ts" name="authService &gt; hasPermission &gt; should return true when user has permission" time="0.000890476">
        </testcase>
        <testcase classname="src/services/authService.test.ts" name="authService &gt; hasPermission &gt; should return false when user lacks permission" time="0.00067748">
        </testcase>
        <testcase classname="src/services/authService.test.ts" name="authService &gt; hasPermission &gt; should return false when no user exists" time="0.001002229">
        </testcase>
        <testcase classname="src/services/authService.test.ts" name="authService &gt; getCurrentAuthState &gt; should return current auth state from localStorage" time="0.001080333">
        </testcase>
        <testcase classname="src/services/authService.test.ts" name="authService &gt; getCurrentAuthState &gt; should return unauthenticated state when no data exists" time="0.000941331">
        </testcase>
        <testcase classname="src/services/authService.test.ts" name="authService &gt; getCurrentAuthState &gt; should handle corrupted user data" time="0.00071179">
        </testcase>
        <testcase classname="src/services/authService.test.ts" name="authService &gt; hasRole &gt; should return true when user has role" time="0.000932792">
        </testcase>
        <testcase classname="src/services/authService.test.ts" name="authService &gt; hasRole &gt; should return false when user lacks role" time="0.000594384">
        </testcase>
        <testcase classname="src/services/authService.test.ts" name="authService &gt; hasRole &gt; should return false when no user exists" time="0.000501235">
        </testcase>
        <testcase classname="src/services/authService.test.ts" name="authService &gt; isAdmin &gt; should return true for admin role" time="0.00058792">
        </testcase>
        <testcase classname="src/services/authService.test.ts" name="authService &gt; isAdmin &gt; should return true for administrator role" time="0.000556836">
        </testcase>
        <testcase classname="src/services/authService.test.ts" name="authService &gt; isAdmin &gt; should return false for non-admin user" time="0.000709973">
        </testcase>
        <testcase classname="src/services/authService.test.ts" name="authService &gt; getAuthSource &gt; should return user auth source" time="0.00069469">
        </testcase>
        <testcase classname="src/services/authService.test.ts" name="authService &gt; getAuthSource &gt; should return null when no user exists" time="0.000485891">
        </testcase>
    </testsuite>
    <testsuite name="src/services/reportsService.test.ts" timestamp="2025-08-22T07:42:59.389Z" hostname="ifedotovNB" tests="15" failures="0" errors="0" skipped="0" time="0.016084613">
        <testcase classname="src/services/reportsService.test.ts" name="reportsService &gt; getReportTemplates &gt; should fetch report templates successfully" time="0.006093213">
        </testcase>
        <testcase classname="src/services/reportsService.test.ts" name="reportsService &gt; getReportTemplates &gt; should filter templates by category" time="0.000920158">
        </testcase>
        <testcase classname="src/services/reportsService.test.ts" name="reportsService &gt; executeReport &gt; should execute report successfully" time="0.000710863">
        </testcase>
        <testcase classname="src/services/reportsService.test.ts" name="reportsService &gt; executeReport &gt; should handle execution error" time="0.000358115">
        </testcase>
        <testcase classname="src/services/reportsService.test.ts" name="reportsService &gt; getCustomReports &gt; should fetch custom reports with pagination" time="0.000373449">
        </testcase>
        <testcase classname="src/services/reportsService.test.ts" name="reportsService &gt; createCustomReport &gt; should create custom report successfully" time="0.000418507">
        </testcase>
        <testcase classname="src/services/reportsService.test.ts" name="reportsService &gt; getAvailableFields &gt; should fetch available fields for a source" time="0.001701447">
        </testcase>
        <testcase classname="src/services/reportsService.test.ts" name="reportsService &gt; testCustomQuery &gt; should test custom query successfully" time="0.000586014">
        </testcase>
        <testcase classname="src/services/reportsService.test.ts" name="reportsService &gt; testCustomQuery &gt; should handle invalid query" time="0.000274672">
        </testcase>
        <testcase classname="src/services/reportsService.test.ts" name="reportsService &gt; downloadReportResult &gt; should download report file" time="0.000311891">
        </testcase>
        <testcase classname="src/services/reportsService.test.ts" name="reportsService &gt; downloadReportResult &gt; should use correct filename for different formats" time="0.000410215">
        </testcase>
        <testcase classname="src/services/reportsService.test.ts" name="reportsService &gt; getReportHistory &gt; should fetch report history with filters" time="0.000384292">
        </testcase>
        <testcase classname="src/services/reportsService.test.ts" name="reportsService &gt; updateCustomReport &gt; should update custom report successfully" time="0.000346256">
        </testcase>
        <testcase classname="src/services/reportsService.test.ts" name="reportsService &gt; deleteCustomReport &gt; should delete custom report successfully" time="0.000300864">
        </testcase>
        <testcase classname="src/services/reportsService.test.ts" name="reportsService &gt; getReportExecution &gt; should get report execution details" time="0.000299398">
        </testcase>
    </testsuite>
    <testsuite name="src/types/preview-response.integration.test.ts" timestamp="2025-08-22T07:42:59.391Z" hostname="ifedotovNB" tests="22" failures="0" errors="0" skipped="0" time="0.038065573">
        <testcase classname="src/types/preview-response.integration.test.ts" name="Frontend Types - PreviewResponse Integration &gt; PreviewResponse&lt;T&gt; Type Safety &gt; should support typed AD user responses" time="0.007548797">
        </testcase>
        <testcase classname="src/types/preview-response.integration.test.ts" name="Frontend Types - PreviewResponse Integration &gt; PreviewResponse&lt;T&gt; Type Safety &gt; should support typed Azure user responses" time="0.001052784">
        </testcase>
        <testcase classname="src/types/preview-response.integration.test.ts" name="Frontend Types - PreviewResponse Integration &gt; PreviewResponse&lt;T&gt; Type Safety &gt; should support typed O365 mailbox responses" time="0.000985963">
        </testcase>
        <testcase classname="src/types/preview-response.integration.test.ts" name="Frontend Types - PreviewResponse Integration &gt; PreviewResponse&lt;T&gt; Type Safety &gt; should support generic Record&lt;string, unknown&gt; type" time="0.002418914">
        </testcase>
        <testcase classname="src/types/preview-response.integration.test.ts" name="Frontend Types - PreviewResponse Integration &gt; PreviewMetadata Integration &gt; should support comprehensive metadata structure" time="0.000972016">
        </testcase>
        <testcase classname="src/types/preview-response.integration.test.ts" name="Frontend Types - PreviewResponse Integration &gt; PreviewMetadata Integration &gt; should handle optional metadata gracefully" time="0.000752121">
        </testcase>
        <testcase classname="src/types/preview-response.integration.test.ts" name="Frontend Types - PreviewResponse Integration &gt; Frontend-Backend Type Compatibility &gt; should match backend PreviewResponse structure exactly" time="0.000843735">
        </testcase>
        <testcase classname="src/types/preview-response.integration.test.ts" name="Frontend Types - PreviewResponse Integration &gt; Frontend-Backend Type Compatibility &gt; should support all data source types" time="0.002029339">
        </testcase>
        <testcase classname="src/types/preview-response.integration.test.ts" name="Frontend Types - PreviewResponse Integration &gt; Frontend-Backend Type Compatibility &gt; should handle error responses consistently" time="0.001052719">
        </testcase>
        <testcase classname="src/types/preview-response.integration.test.ts" name="Frontend Types - PreviewResponse Integration &gt; CustomReportQuery Type Integration &gt; should support complex query structures" time="0.001373435">
        </testcase>
        <testcase classname="src/types/preview-response.integration.test.ts" name="Frontend Types - PreviewResponse Integration &gt; CustomReportQuery Type Integration &gt; should support minimal query structures" time="0.001100395">
        </testcase>
        <testcase classname="src/types/preview-response.integration.test.ts" name="Frontend Types - PreviewResponse Integration &gt; ReportField and ReportFilter Types &gt; should support all field types" time="0.001044746">
        </testcase>
        <testcase classname="src/types/preview-response.integration.test.ts" name="Frontend Types - PreviewResponse Integration &gt; ReportField and ReportFilter Types &gt; should support all filter operators" time="0.00106295">
        </testcase>
        <testcase classname="src/types/preview-response.integration.test.ts" name="Frontend Types - PreviewResponse Integration &gt; ReportField and ReportFilter Types &gt; should support different data types and values" time="0.001200147">
        </testcase>
        <testcase classname="src/types/preview-response.integration.test.ts" name="Frontend Types - PreviewResponse Integration &gt; Type Utility Functions &gt; should provide type guards for PreviewResponse" time="0.000741145">
        </testcase>
        <testcase classname="src/types/preview-response.integration.test.ts" name="Frontend Types - PreviewResponse Integration &gt; Type Utility Functions &gt; should support type transformations" time="0.000936738">
        </testcase>
        <testcase classname="src/types/preview-response.integration.test.ts" name="Frontend Types - PreviewResponse Integration &gt; Frontend Service Integration &gt; should support service method signatures" time="0.000742327">
        </testcase>
        <testcase classname="src/types/preview-response.integration.test.ts" name="Frontend Types - PreviewResponse Integration &gt; Frontend Service Integration &gt; should support response processing" time="0.001235039">
        </testcase>
        <testcase classname="src/types/preview-response.integration.test.ts" name="Frontend Types - PreviewResponse Integration &gt; Error Handling Types &gt; should support comprehensive error structures" time="0.001485742">
        </testcase>
        <testcase classname="src/types/preview-response.integration.test.ts" name="Frontend Types - PreviewResponse Integration &gt; Performance and Metadata Types &gt; should track execution metrics" time="0.001459763">
        </testcase>
        <testcase classname="src/types/preview-response.integration.test.ts" name="Frontend Types - PreviewResponse Integration &gt; Backward Compatibility &gt; should maintain compatibility with legacy response formats" time="0.000814879">
        </testcase>
        <testcase classname="src/types/preview-response.integration.test.ts" name="Frontend Types - PreviewResponse Integration &gt; Backward Compatibility &gt; should handle optional properties gracefully" time="0.000582566">
        </testcase>
    </testsuite>
    <testsuite name="src/components/reports/FieldExplorer.test.tsx" timestamp="2025-08-22T07:42:59.394Z" hostname="ifedotovNB" tests="17" failures="0" errors="0" skipped="0" time="5.429237436">
        <testcase classname="src/components/reports/FieldExplorer.test.tsx" name="FieldExplorer &gt; should render fields in tree view by default" time="0.525186307">
        </testcase>
        <testcase classname="src/components/reports/FieldExplorer.test.tsx" name="FieldExplorer &gt; should show field details when expanded" time="0.173809416">
        </testcase>
        <testcase classname="src/components/reports/FieldExplorer.test.tsx" name="FieldExplorer &gt; should switch between tree and list view" time="0.469599879">
        </testcase>
        <testcase classname="src/components/reports/FieldExplorer.test.tsx" name="FieldExplorer &gt; should handle search functionality" time="0.277705552">
        </testcase>
        <testcase classname="src/components/reports/FieldExplorer.test.tsx" name="FieldExplorer &gt; should search by description" time="0.357575697">
        </testcase>
        <testcase classname="src/components/reports/FieldExplorer.test.tsx" name="FieldExplorer &gt; should handle field selection when selectable" time="0.529682431">
        </testcase>
        <testcase classname="src/components/reports/FieldExplorer.test.tsx" name="FieldExplorer &gt; should show selected fields in tree view" time="0.186616613">
        </testcase>
        <testcase classname="src/components/reports/FieldExplorer.test.tsx" name="FieldExplorer &gt; should show selected fields in list view" time="0.395875206">
        </testcase>
        <testcase classname="src/components/reports/FieldExplorer.test.tsx" name="FieldExplorer &gt; should handle loading state" time="0.147004001">
        </testcase>
        <testcase classname="src/components/reports/FieldExplorer.test.tsx" name="FieldExplorer &gt; should show empty state when no fields" time="0.11201401">
        </testcase>
        <testcase classname="src/components/reports/FieldExplorer.test.tsx" name="FieldExplorer &gt; should display data type tags" time="0.390469557">
        </testcase>
        <testcase classname="src/components/reports/FieldExplorer.test.tsx" name="FieldExplorer &gt; should show field icons based on data type" time="0.336941437">
        </testcase>
        <testcase classname="src/components/reports/FieldExplorer.test.tsx" name="FieldExplorer &gt; should not show search when searchable is false" time="0.135275894">
        </testcase>
        <testcase classname="src/components/reports/FieldExplorer.test.tsx" name="FieldExplorer &gt; should handle custom height" time="0.185694149">
        </testcase>
        <testcase classname="src/components/reports/FieldExplorer.test.tsx" name="FieldExplorer &gt; should expand all categories when switching from search" time="0.301074285">
        </testcase>
        <testcase classname="src/components/reports/FieldExplorer.test.tsx" name="FieldExplorer &gt; should handle field deselection" time="0.548755673">
        </testcase>
        <testcase classname="src/components/reports/FieldExplorer.test.tsx" name="FieldExplorer &gt; should respect maxSelection limit" time="0.352265925">
        </testcase>
    </testsuite>
    <testsuite name="src/components/reports/FilterBuilder.test.tsx" timestamp="2025-08-22T07:42:59.396Z" hostname="ifedotovNB" tests="13" failures="0" errors="0" skipped="0" time="4.306897039">
        <testcase classname="src/components/reports/FilterBuilder.test.tsx" name="FilterBuilder &gt; should render empty state when no filters" time="0.307987227">
        </testcase>
        <testcase classname="src/components/reports/FilterBuilder.test.tsx" name="FilterBuilder &gt; should add a new filter when Add Filter is clicked" time="0.132759079">
        </testcase>
        <testcase classname="src/components/reports/FilterBuilder.test.tsx" name="FilterBuilder &gt; should render existing filters" time="0.585590892">
        </testcase>
        <testcase classname="src/components/reports/FilterBuilder.test.tsx" name="FilterBuilder &gt; should update filter field" time="0.405766882">
        </testcase>
        <testcase classname="src/components/reports/FilterBuilder.test.tsx" name="FilterBuilder &gt; should update filter operator" time="0.281717412">
        </testcase>
        <testcase classname="src/components/reports/FilterBuilder.test.tsx" name="FilterBuilder &gt; should update filter value for string type" time="0.192002695">
        </testcase>
        <testcase classname="src/components/reports/FilterBuilder.test.tsx" name="FilterBuilder &gt; should not show value input for isEmpty/isNotEmpty operators" time="0.210828399">
        </testcase>
        <testcase classname="src/components/reports/FilterBuilder.test.tsx" name="FilterBuilder &gt; should render boolean select for boolean fields" time="0.251910094">
        </testcase>
        <testcase classname="src/components/reports/FilterBuilder.test.tsx" name="FilterBuilder &gt; should remove a filter" time="0.314693585">
        </testcase>
        <testcase classname="src/components/reports/FilterBuilder.test.tsx" name="FilterBuilder &gt; should duplicate a filter" time="0.257661425">
        </testcase>
        <testcase classname="src/components/reports/FilterBuilder.test.tsx" name="FilterBuilder &gt; should respect maxFilters limit" time="0.700224223">
        </testcase>
        <testcase classname="src/components/reports/FilterBuilder.test.tsx" name="FilterBuilder &gt; should show appropriate operators for different data types" time="0.388025323">
        </testcase>
        <testcase classname="src/components/reports/FilterBuilder.test.tsx" name="FilterBuilder &gt; should handle array type filters" time="0.273756224">
        </testcase>
    </testsuite>
    <testsuite name="src/components/reports/ReportDataTable.test.tsx" timestamp="2025-08-22T07:42:59.398Z" hostname="ifedotovNB" tests="17" failures="0" errors="0" skipped="0" time="7.005447993">
        <testcase classname="src/components/reports/ReportDataTable.test.tsx" name="ReportDataTable &gt; should render table with data" time="1.086384974">
        </testcase>
        <testcase classname="src/components/reports/ReportDataTable.test.tsx" name="ReportDataTable &gt; should render empty state when no data" time="0.020467779">
        </testcase>
        <testcase classname="src/components/reports/ReportDataTable.test.tsx" name="ReportDataTable &gt; should render empty state when data array is empty" time="0.022958732">
        </testcase>
        <testcase classname="src/components/reports/ReportDataTable.test.tsx" name="ReportDataTable &gt; should show loading state" time="0.567759922">
        </testcase>
        <testcase classname="src/components/reports/ReportDataTable.test.tsx" name="ReportDataTable &gt; should render with custom props" time="0.433732348">
        </testcase>
        <testcase classname="src/components/reports/ReportDataTable.test.tsx" name="ReportDataTable &gt; should render search functionality" time="0.470009415">
        </testcase>
        <testcase classname="src/components/reports/ReportDataTable.test.tsx" name="ReportDataTable &gt; should handle search input changes" time="0.347526189">
        </testcase>
        <testcase classname="src/components/reports/ReportDataTable.test.tsx" name="ReportDataTable &gt; should handle export functionality" time="0.406612536">
        </testcase>
        <testcase classname="src/components/reports/ReportDataTable.test.tsx" name="ReportDataTable &gt; should handle refresh functionality" time="0.382322838">
        </testcase>
        <testcase classname="src/components/reports/ReportDataTable.test.tsx" name="ReportDataTable &gt; should handle export loading state" time="0.434328863">
        </testcase>
        <testcase classname="src/components/reports/ReportDataTable.test.tsx" name="ReportDataTable &gt; should format boolean values correctly" time="0.456480043">
        </testcase>
        <testcase classname="src/components/reports/ReportDataTable.test.tsx" name="ReportDataTable &gt; should format null values correctly" time="0.356064666">
        </testcase>
        <testcase classname="src/components/reports/ReportDataTable.test.tsx" name="ReportDataTable &gt; should handle pagination" time="0.412652536">
        </testcase>
        <testcase classname="src/components/reports/ReportDataTable.test.tsx" name="ReportDataTable &gt; should handle page size changes" time="0.435326836">
        </testcase>
        <testcase classname="src/components/reports/ReportDataTable.test.tsx" name="ReportDataTable &gt; should show execution info when available" time="0.298027651">
        </testcase>
        <testcase classname="src/components/reports/ReportDataTable.test.tsx" name="ReportDataTable &gt; should not show search bar when showSearch is false" time="0.442184567">
        </testcase>
        <testcase classname="src/components/reports/ReportDataTable.test.tsx" name="ReportDataTable &gt; should handle object values by stringifying them" time="0.428021036">
        </testcase>
    </testsuite>
    <testsuite name="src/hooks/__tests__/useErrorHandler.enhanced.test.ts" timestamp="2025-08-22T07:42:59.400Z" hostname="ifedotovNB" tests="28" failures="0" errors="0" skipped="0" time="0.747047605">
        <testcase classname="src/hooks/__tests__/useErrorHandler.enhanced.test.ts" name="useErrorHandler Enhanced Features &gt; Basic Error Handling &gt; handles AppError with proper message formatting" time="0.129985639">
        </testcase>
        <testcase classname="src/hooks/__tests__/useErrorHandler.enhanced.test.ts" name="useErrorHandler Enhanced Features &gt; Basic Error Handling &gt; handles standard JavaScript errors" time="0.02284919">
        </testcase>
        <testcase classname="src/hooks/__tests__/useErrorHandler.enhanced.test.ts" name="useErrorHandler Enhanced Features &gt; Basic Error Handling &gt; handles string errors" time="0.023175249">
        </testcase>
        <testcase classname="src/hooks/__tests__/useErrorHandler.enhanced.test.ts" name="useErrorHandler Enhanced Features &gt; Basic Error Handling &gt; can disable notifications" time="0.029521579">
        </testcase>
        <testcase classname="src/hooks/__tests__/useErrorHandler.enhanced.test.ts" name="useErrorHandler Enhanced Features &gt; Async Operation Handling &gt; handles successful async operations" time="0.021795149">
        </testcase>
        <testcase classname="src/hooks/__tests__/useErrorHandler.enhanced.test.ts" name="useErrorHandler Enhanced Features &gt; Async Operation Handling &gt; handles failed async operations" time="0.023119066">
        </testcase>
        <testcase classname="src/hooks/__tests__/useErrorHandler.enhanced.test.ts" name="useErrorHandler Enhanced Features &gt; Async Operation Handling &gt; provides retry callback for async operations" time="0.018267065">
        </testcase>
        <testcase classname="src/hooks/__tests__/useErrorHandler.enhanced.test.ts" name="useErrorHandler Enhanced Features &gt; Retry Handler with Exponential Backoff &gt; creates retry handler with exponential backoff" time="0.020717948">
        </testcase>
        <testcase classname="src/hooks/__tests__/useErrorHandler.enhanced.test.ts" name="useErrorHandler Enhanced Features &gt; Retry Handler with Exponential Backoff &gt; stops retrying after max attempts" time="0.016081144">
        </testcase>
        <testcase classname="src/hooks/__tests__/useErrorHandler.enhanced.test.ts" name="useErrorHandler Enhanced Features &gt; Retry Handler with Exponential Backoff &gt; does not retry non-retryable errors" time="0.036189868">
        </testcase>
        <testcase classname="src/hooks/__tests__/useErrorHandler.enhanced.test.ts" name="useErrorHandler Enhanced Features &gt; Preview Error Handling &gt; handles preview errors with enhanced messaging" time="0.022558241">
        </testcase>
        <testcase classname="src/hooks/__tests__/useErrorHandler.enhanced.test.ts" name="useErrorHandler Enhanced Features &gt; Preview Error Handling &gt; provides contextual messages for different error types" time="0.022758966">
        </testcase>
        <testcase classname="src/hooks/__tests__/useErrorHandler.enhanced.test.ts" name="useErrorHandler Enhanced Features &gt; Preview Error Handling &gt; handles validation errors with go back option" time="0.020708338">
        </testcase>
        <testcase classname="src/hooks/__tests__/useErrorHandler.enhanced.test.ts" name="useErrorHandler Enhanced Features &gt; Preview Error Handling &gt; returns enhanced error object with preview context" time="0.038221346">
        </testcase>
        <testcase classname="src/hooks/__tests__/useErrorHandler.enhanced.test.ts" name="useErrorHandler Enhanced Features &gt; Preview Retry Handler &gt; creates enhanced retry handler for preview operations" time="0.022535854">
            <system-out>
Retrying Preview Context operation in 1000ms (attempt 1/3)

            </system-out>
        </testcase>
        <testcase classname="src/hooks/__tests__/useErrorHandler.enhanced.test.ts" name="useErrorHandler Enhanced Features &gt; Preview Retry Handler &gt; calls failure callback on max attempts reached" time="0.016288475">
            <system-out>
Retrying Preview operation in 1000ms (attempt 1/2)

            </system-out>
        </testcase>
        <testcase classname="src/hooks/__tests__/useErrorHandler.enhanced.test.ts" name="useErrorHandler Enhanced Features &gt; Preview Retry Handler &gt; implements correct exponential backoff delays" time="0.021074811">
            <system-out>
Retrying Preview operation in 1000ms (attempt 1/3)

Retrying Preview operation in 2000ms (attempt 2/3)

            </system-out>
        </testcase>
        <testcase classname="src/hooks/__tests__/useErrorHandler.enhanced.test.ts" name="useErrorHandler Enhanced Features &gt; Preview Retry Handler &gt; caps maximum delay at 8 seconds" time="0.019053932">
            <system-out>
Retrying Preview operation in 1000ms (attempt 1/3)

Retrying Preview operation in 2000ms (attempt 2/3)

            </system-out>
        </testcase>
        <testcase classname="src/hooks/__tests__/useErrorHandler.enhanced.test.ts" name="useErrorHandler Enhanced Features &gt; Preview Operation Handler &gt; handles successful preview operations" time="0.028772552">
        </testcase>
        <testcase classname="src/hooks/__tests__/useErrorHandler.enhanced.test.ts" name="useErrorHandler Enhanced Features &gt; Preview Operation Handler &gt; handles failed preview operations with enhanced error context" time="0.022780367">
        </testcase>
        <testcase classname="src/hooks/__tests__/useErrorHandler.enhanced.test.ts" name="useErrorHandler Enhanced Features &gt; Preview Operation Handler &gt; can disable notifications for preview operations" time="0.01957275">
        </testcase>
        <testcase classname="src/hooks/__tests__/useErrorHandler.enhanced.test.ts" name="useErrorHandler Enhanced Features &gt; Form Error Handler &gt; handles form validation errors with field details" time="0.021170679">
        </testcase>
        <testcase classname="src/hooks/__tests__/useErrorHandler.enhanced.test.ts" name="useErrorHandler Enhanced Features &gt; Form Error Handler &gt; shows general error message when no field details available" time="0.021459112">
        </testcase>
        <testcase classname="src/hooks/__tests__/useErrorHandler.enhanced.test.ts" name="useErrorHandler Enhanced Features &gt; Form Error Handler &gt; handles non-AppError objects in forms" time="0.019461916">
        </testcase>
        <testcase classname="src/hooks/__tests__/useErrorHandler.enhanced.test.ts" name="useErrorHandler Enhanced Features &gt; Error Context and Recovery Guidance &gt; provides appropriate recovery guidance for each error type" time="0.025005441">
        </testcase>
        <testcase classname="src/hooks/__tests__/useErrorHandler.enhanced.test.ts" name="useErrorHandler Enhanced Features &gt; Error Context and Recovery Guidance &gt; includes retry after information for rate limit errors" time="0.022161444">
        </testcase>
        <testcase classname="src/hooks/__tests__/useErrorHandler.enhanced.test.ts" name="useErrorHandler Enhanced Features &gt; Integration with Message System &gt; creates clickable retry notifications" time="0.020136964">
        </testcase>
        <testcase classname="src/hooks/__tests__/useErrorHandler.enhanced.test.ts" name="useErrorHandler Enhanced Features &gt; Integration with Message System &gt; destroys notification before retrying" time="0.016923184">
        </testcase>
    </testsuite>
    <testsuite name="src/hooks/__tests__/useLogsData.test.ts" timestamp="2025-08-22T07:42:59.405Z" hostname="ifedotovNB" tests="16" failures="0" errors="0" skipped="0" time="5.248124656">
        <testcase classname="src/hooks/__tests__/useLogsData.test.ts" name="useLogsData &gt; successful data fetching &gt; should fetch logs data successfully with default filters" time="0.335886862">
        </testcase>
        <testcase classname="src/hooks/__tests__/useLogsData.test.ts" name="useLogsData &gt; successful data fetching &gt; should call API with correct parameters" time="0.314853959">
            <system-out>
useLogsData effect triggered - filters changed from:  to: {&quot;activeTab&quot;:&quot;all&quot;,&quot;currentPage&quot;:1,&quot;pageSize&quot;:20,&quot;searchQuery&quot;:&quot;test query&quot;,&quot;dateRange&quot;:null,&quot;sortBy&quot;:&quot;timestamp&quot;,&quot;sortOrder&quot;:&quot;desc&quot;,&quot;eventType&quot;:&quot;login&quot;,&quot;level&quot;:&quot;info&quot;}

Debounced fetch executing after 300ms

Logs API response: {
  success: [33mtrue[39m,
  auditCount: [33m2[39m,
  systemCount: [33m2[39m,
  totalAudit: [33m2[39m,
  totalSystem: [33m2[39m,
  firstAuditLog: {
    id: [32m&apos;1&apos;[39m,
    userId: [33m1[39m,
    username: [32m&apos;testuser&apos;[39m,
    eventType: [32m&apos;login&apos;[39m,
    eventAction: [32m&apos;success&apos;[39m,
    ipAddress: [32m&apos;192.168.1.1&apos;[39m,
    userAgent: [32m&apos;Mozilla/5.0&apos;[39m,
    timestamp: [32m&apos;2024-01-01T10:00:00Z&apos;[39m,
    details: { method: [32m&apos;password&apos;[39m }
  }
}

            </system-out>
        </testcase>
        <testcase classname="src/hooks/__tests__/useLogsData.test.ts" name="useLogsData &gt; successful data fetching &gt; should handle date range filters" time="0.311805054">
            <system-out>
useLogsData effect triggered - filters changed from:  to: {&quot;activeTab&quot;:&quot;all&quot;,&quot;currentPage&quot;:1,&quot;pageSize&quot;:20,&quot;searchQuery&quot;:&quot;&quot;,&quot;dateRange&quot;:[&quot;2023-12-31T23:00:00.000Z&quot;,&quot;2024-01-30T23:00:00.000Z&quot;],&quot;sortBy&quot;:&quot;timestamp&quot;,&quot;sortOrder&quot;:&quot;desc&quot;}

Debounced fetch executing after 300ms

Logs API response: {
  success: [33mtrue[39m,
  auditCount: [33m2[39m,
  systemCount: [33m2[39m,
  totalAudit: [33m2[39m,
  totalSystem: [33m2[39m,
  firstAuditLog: {
    id: [32m&apos;1&apos;[39m,
    userId: [33m1[39m,
    username: [32m&apos;testuser&apos;[39m,
    eventType: [32m&apos;login&apos;[39m,
    eventAction: [32m&apos;success&apos;[39m,
    ipAddress: [32m&apos;192.168.1.1&apos;[39m,
    userAgent: [32m&apos;Mozilla/5.0&apos;[39m,
    timestamp: [32m&apos;2024-01-01T10:00:00Z&apos;[39m,
    details: { method: [32m&apos;password&apos;[39m }
  }
}

            </system-out>
        </testcase>
        <testcase classname="src/hooks/__tests__/useLogsData.test.ts" name="useLogsData &gt; successful data fetching &gt; should not include search parameter when empty" time="0.309549009">
            <system-out>
useLogsData effect triggered - filters changed from:  to: {&quot;activeTab&quot;:&quot;all&quot;,&quot;currentPage&quot;:1,&quot;pageSize&quot;:20,&quot;searchQuery&quot;:&quot;&quot;,&quot;dateRange&quot;:null,&quot;sortBy&quot;:&quot;timestamp&quot;,&quot;sortOrder&quot;:&quot;desc&quot;}

Debounced fetch executing after 300ms

Logs API response: {
  success: [33mtrue[39m,
  auditCount: [33m2[39m,
  systemCount: [33m2[39m,
  totalAudit: [33m2[39m,
  totalSystem: [33m2[39m,
  firstAuditLog: {
    id: [32m&apos;1&apos;[39m,
    userId: [33m1[39m,
    username: [32m&apos;testuser&apos;[39m,
    eventType: [32m&apos;login&apos;[39m,
    eventAction: [32m&apos;success&apos;[39m,
    ipAddress: [32m&apos;192.168.1.1&apos;[39m,
    userAgent: [32m&apos;Mozilla/5.0&apos;[39m,
    timestamp: [32m&apos;2024-01-01T10:00:00Z&apos;[39m,
    details: { method: [32m&apos;password&apos;[39m }
  }
}

            </system-out>
        </testcase>
        <testcase classname="src/hooks/__tests__/useLogsData.test.ts" name="useLogsData &gt; error handling &gt; should handle API errors and set error state" time="0.357942165">
            <system-out>
useLogsData effect triggered - filters changed from:  to: {&quot;activeTab&quot;:&quot;all&quot;,&quot;currentPage&quot;:1,&quot;pageSize&quot;:20,&quot;searchQuery&quot;:&quot;&quot;,&quot;dateRange&quot;:null,&quot;sortBy&quot;:&quot;timestamp&quot;,&quot;sortOrder&quot;:&quot;desc&quot;}

Debounced fetch executing after 300ms

            </system-out>
        </testcase>
        <testcase classname="src/hooks/__tests__/useLogsData.test.ts" name="useLogsData &gt; error handling &gt; should handle successful response without data" time="0.30677716">
            <system-out>
useLogsData effect triggered - filters changed from:  to: {&quot;activeTab&quot;:&quot;all&quot;,&quot;currentPage&quot;:1,&quot;pageSize&quot;:20,&quot;searchQuery&quot;:&quot;&quot;,&quot;dateRange&quot;:null,&quot;sortBy&quot;:&quot;timestamp&quot;,&quot;sortOrder&quot;:&quot;desc&quot;}

Debounced fetch executing after 300ms

Retrying in 2000ms (attempt 1/2)

            </system-out>
        </testcase>
        <testcase classname="src/hooks/__tests__/useLogsData.test.ts" name="useLogsData &gt; error handling &gt; should handle malformed response data" time="0.359174558">
            <system-out>
useLogsData effect triggered - filters changed from:  to: {&quot;activeTab&quot;:&quot;all&quot;,&quot;currentPage&quot;:1,&quot;pageSize&quot;:20,&quot;searchQuery&quot;:&quot;&quot;,&quot;dateRange&quot;:null,&quot;sortBy&quot;:&quot;timestamp&quot;,&quot;sortOrder&quot;:&quot;desc&quot;}

Debounced fetch executing after 300ms

Retrying in 2000ms (attempt 1/2)

            </system-out>
        </testcase>
        <testcase classname="src/hooks/__tests__/useLogsData.test.ts" name="useLogsData &gt; error handling &gt; should handle abort errors gracefully" time="0.102643229">
            <system-out>
useLogsData effect triggered - filters changed from:  to: {&quot;activeTab&quot;:&quot;all&quot;,&quot;currentPage&quot;:1,&quot;pageSize&quot;:20,&quot;searchQuery&quot;:&quot;&quot;,&quot;dateRange&quot;:null,&quot;sortBy&quot;:&quot;timestamp&quot;,&quot;sortOrder&quot;:&quot;desc&quot;}

            </system-out>
        </testcase>
        <testcase classname="src/hooks/__tests__/useLogsData.test.ts" name="useLogsData &gt; manual retry functionality &gt; should allow manual retry after errors" time="0.326037539">
            <system-out>
useLogsData effect triggered - filters changed from:  to: {&quot;activeTab&quot;:&quot;all&quot;,&quot;currentPage&quot;:1,&quot;pageSize&quot;:20,&quot;searchQuery&quot;:&quot;&quot;,&quot;dateRange&quot;:null,&quot;sortBy&quot;:&quot;timestamp&quot;,&quot;sortOrder&quot;:&quot;desc&quot;}

Debounced fetch executing after 300ms

Retrying in 2000ms (attempt 1/2)

Logs API response: {
  success: [33mtrue[39m,
  auditCount: [33m2[39m,
  systemCount: [33m2[39m,
  totalAudit: [33m2[39m,
  totalSystem: [33m2[39m,
  firstAuditLog: {
    id: [32m&apos;1&apos;[39m,
    userId: [33m1[39m,
    username: [32m&apos;testuser&apos;[39m,
    eventType: [32m&apos;login&apos;[39m,
    eventAction: [32m&apos;success&apos;[39m,
    ipAddress: [32m&apos;192.168.1.1&apos;[39m,
    userAgent: [32m&apos;Mozilla/5.0&apos;[39m,
    timestamp: [32m&apos;2024-01-01T10:00:00Z&apos;[39m,
    details: { method: [32m&apos;password&apos;[39m }
  }
}

            </system-out>
        </testcase>
        <testcase classname="src/hooks/__tests__/useLogsData.test.ts" name="useLogsData &gt; manual retry functionality &gt; should show isRetrying state during manual retry" time="0.358864007">
            <system-out>
useLogsData effect triggered - filters changed from:  to: {&quot;activeTab&quot;:&quot;all&quot;,&quot;currentPage&quot;:1,&quot;pageSize&quot;:20,&quot;searchQuery&quot;:&quot;&quot;,&quot;dateRange&quot;:null,&quot;sortBy&quot;:&quot;timestamp&quot;,&quot;sortOrder&quot;:&quot;desc&quot;}

Debounced fetch executing after 300ms

Retrying in 2000ms (attempt 1/2)

Logs API response: {
  success: [33mtrue[39m,
  auditCount: [33m2[39m,
  systemCount: [33m2[39m,
  totalAudit: [33m2[39m,
  totalSystem: [33m2[39m,
  firstAuditLog: {
    id: [32m&apos;1&apos;[39m,
    userId: [33m1[39m,
    username: [32m&apos;testuser&apos;[39m,
    eventType: [32m&apos;login&apos;[39m,
    eventAction: [32m&apos;success&apos;[39m,
    ipAddress: [32m&apos;192.168.1.1&apos;[39m,
    userAgent: [32m&apos;Mozilla/5.0&apos;[39m,
    timestamp: [32m&apos;2024-01-01T10:00:00Z&apos;[39m,
    details: { method: [32m&apos;password&apos;[39m }
  }
}

            </system-out>
        </testcase>
        <testcase classname="src/hooks/__tests__/useLogsData.test.ts" name="useLogsData &gt; response data handling &gt; should handle response with partial data" time="0.307224731">
            <system-out>
useLogsData effect triggered - filters changed from:  to: {&quot;activeTab&quot;:&quot;all&quot;,&quot;currentPage&quot;:1,&quot;pageSize&quot;:20,&quot;searchQuery&quot;:&quot;&quot;,&quot;dateRange&quot;:null,&quot;sortBy&quot;:&quot;timestamp&quot;,&quot;sortOrder&quot;:&quot;desc&quot;}

Debounced fetch executing after 300ms

Logs API response: {
  success: [33mtrue[39m,
  auditCount: [33m2[39m,
  systemCount: [90mundefined[39m,
  totalAudit: [33m2[39m,
  totalSystem: [90mundefined[39m,
  firstAuditLog: {
    id: [32m&apos;1&apos;[39m,
    userId: [33m1[39m,
    username: [32m&apos;testuser&apos;[39m,
    eventType: [32m&apos;login&apos;[39m,
    eventAction: [32m&apos;success&apos;[39m,
    ipAddress: [32m&apos;192.168.1.1&apos;[39m,
    userAgent: [32m&apos;Mozilla/5.0&apos;[39m,
    timestamp: [32m&apos;2024-01-01T10:00:00Z&apos;[39m,
    details: { method: [32m&apos;password&apos;[39m }
  }
}

            </system-out>
        </testcase>
        <testcase classname="src/hooks/__tests__/useLogsData.test.ts" name="useLogsData &gt; response data handling &gt; should log response data for debugging" time="0.310903176">
            <system-out>
useLogsData effect triggered - filters changed from:  to: {&quot;activeTab&quot;:&quot;all&quot;,&quot;currentPage&quot;:1,&quot;pageSize&quot;:20,&quot;searchQuery&quot;:&quot;&quot;,&quot;dateRange&quot;:null,&quot;sortBy&quot;:&quot;timestamp&quot;,&quot;sortOrder&quot;:&quot;desc&quot;}

Debounced fetch executing after 300ms

Logs API response: {
  success: [33mtrue[39m,
  auditCount: [33m2[39m,
  systemCount: [33m2[39m,
  totalAudit: [33m2[39m,
  totalSystem: [33m2[39m,
  firstAuditLog: {
    id: [32m&apos;1&apos;[39m,
    userId: [33m1[39m,
    username: [32m&apos;testuser&apos;[39m,
    eventType: [32m&apos;login&apos;[39m,
    eventAction: [32m&apos;success&apos;[39m,
    ipAddress: [32m&apos;192.168.1.1&apos;[39m,
    userAgent: [32m&apos;Mozilla/5.0&apos;[39m,
    timestamp: [32m&apos;2024-01-01T10:00:00Z&apos;[39m,
    details: { method: [32m&apos;password&apos;[39m }
  }
}

            </system-out>
        </testcase>
        <testcase classname="src/hooks/__tests__/useLogsData.test.ts" name="useLogsData &gt; debouncing behavior &gt; should debounce rapid filter changes" time="0.335944348">
            <system-out>
useLogsData effect triggered - filters changed from:  to: {&quot;activeTab&quot;:&quot;all&quot;,&quot;currentPage&quot;:1,&quot;pageSize&quot;:20,&quot;searchQuery&quot;:&quot;&quot;,&quot;dateRange&quot;:null,&quot;sortBy&quot;:&quot;timestamp&quot;,&quot;sortOrder&quot;:&quot;desc&quot;}
useLogsData effect triggered - filters changed from: {&quot;activeTab&quot;:&quot;all&quot;,&quot;currentPage&quot;:1,&quot;pageSize&quot;:20,&quot;searchQuery&quot;:&quot;&quot;,&quot;dateRange&quot;:null,&quot;sortBy&quot;:&quot;timestamp&quot;,&quot;sortOrder&quot;:&quot;desc&quot;} to: {&quot;activeTab&quot;:&quot;all&quot;,&quot;currentPage&quot;:1,&quot;pageSize&quot;:20,&quot;searchQuery&quot;:&quot;test1&quot;,&quot;dateRange&quot;:null,&quot;sortBy&quot;:&quot;timestamp&quot;,&quot;sortOrder&quot;:&quot;desc&quot;}
useLogsData effect triggered - filters changed from: {&quot;activeTab&quot;:&quot;all&quot;,&quot;currentPage&quot;:1,&quot;pageSize&quot;:20,&quot;searchQuery&quot;:&quot;test1&quot;,&quot;dateRange&quot;:null,&quot;sortBy&quot;:&quot;timestamp&quot;,&quot;sortOrder&quot;:&quot;desc&quot;} to: {&quot;activeTab&quot;:&quot;all&quot;,&quot;currentPage&quot;:1,&quot;pageSize&quot;:20,&quot;searchQuery&quot;:&quot;test2&quot;,&quot;dateRange&quot;:null,&quot;sortBy&quot;:&quot;timestamp&quot;,&quot;sortOrder&quot;:&quot;desc&quot;}
useLogsData effect triggered - filters changed from: {&quot;activeTab&quot;:&quot;all&quot;,&quot;currentPage&quot;:1,&quot;pageSize&quot;:20,&quot;searchQuery&quot;:&quot;test2&quot;,&quot;dateRange&quot;:null,&quot;sortBy&quot;:&quot;timestamp&quot;,&quot;sortOrder&quot;:&quot;desc&quot;} to: {&quot;activeTab&quot;:&quot;all&quot;,&quot;currentPage&quot;:1,&quot;pageSize&quot;:20,&quot;searchQuery&quot;:&quot;test3&quot;,&quot;dateRange&quot;:null,&quot;sortBy&quot;:&quot;timestamp&quot;,&quot;sortOrder&quot;:&quot;desc&quot;}

Debounced fetch executing after 300ms

Logs API response: {
  success: [33mtrue[39m,
  auditCount: [33m2[39m,
  systemCount: [33m2[39m,
  totalAudit: [33m2[39m,
  totalSystem: [33m2[39m,
  firstAuditLog: {
    id: [32m&apos;1&apos;[39m,
    userId: [33m1[39m,
    username: [32m&apos;testuser&apos;[39m,
    eventType: [32m&apos;login&apos;[39m,
    eventAction: [32m&apos;success&apos;[39m,
    ipAddress: [32m&apos;192.168.1.1&apos;[39m,
    userAgent: [32m&apos;Mozilla/5.0&apos;[39m,
    timestamp: [32m&apos;2024-01-01T10:00:00Z&apos;[39m,
    details: { method: [32m&apos;password&apos;[39m }
  }
}

            </system-out>
        </testcase>
        <testcase classname="src/hooks/__tests__/useLogsData.test.ts" name="useLogsData &gt; debouncing behavior &gt; should prevent duplicate requests when filters have not changed" time="0.430017829">
            <system-out>
useLogsData effect triggered - filters changed from:  to: {&quot;activeTab&quot;:&quot;all&quot;,&quot;currentPage&quot;:1,&quot;pageSize&quot;:20,&quot;searchQuery&quot;:&quot;&quot;,&quot;dateRange&quot;:null,&quot;sortBy&quot;:&quot;timestamp&quot;,&quot;sortOrder&quot;:&quot;desc&quot;}

Debounced fetch executing after 300ms

Logs API response: {
  success: [33mtrue[39m,
  auditCount: [33m2[39m,
  systemCount: [33m2[39m,
  totalAudit: [33m2[39m,
  totalSystem: [33m2[39m,
  firstAuditLog: {
    id: [32m&apos;1&apos;[39m,
    userId: [33m1[39m,
    username: [32m&apos;testuser&apos;[39m,
    eventType: [32m&apos;login&apos;[39m,
    eventAction: [32m&apos;success&apos;[39m,
    ipAddress: [32m&apos;192.168.1.1&apos;[39m,
    userAgent: [32m&apos;Mozilla/5.0&apos;[39m,
    timestamp: [32m&apos;2024-01-01T10:00:00Z&apos;[39m,
    details: { method: [32m&apos;password&apos;[39m }
  }
}

useLogsData effect skipped - filters unchanged

            </system-out>
        </testcase>
        <testcase classname="src/hooks/__tests__/useLogsData.test.ts" name="useLogsData &gt; request lifecycle &gt; should abort requests on component unmount" time="0.414517903">
            <system-out>
useLogsData effect triggered - filters changed from:  to: {&quot;activeTab&quot;:&quot;all&quot;,&quot;currentPage&quot;:1,&quot;pageSize&quot;:20,&quot;searchQuery&quot;:&quot;&quot;,&quot;dateRange&quot;:null,&quot;sortBy&quot;:&quot;timestamp&quot;,&quot;sortOrder&quot;:&quot;desc&quot;}

Debounced fetch executing after 300ms

Logs API response: {
  success: [33mtrue[39m,
  auditCount: [33m2[39m,
  systemCount: [33m2[39m,
  totalAudit: [33m2[39m,
  totalSystem: [33m2[39m,
  firstAuditLog: {
    id: [32m&apos;1&apos;[39m,
    userId: [33m1[39m,
    username: [32m&apos;testuser&apos;[39m,
    eventType: [32m&apos;login&apos;[39m,
    eventAction: [32m&apos;success&apos;[39m,
    ipAddress: [32m&apos;192.168.1.1&apos;[39m,
    userAgent: [32m&apos;Mozilla/5.0&apos;[39m,
    timestamp: [32m&apos;2024-01-01T10:00:00Z&apos;[39m,
    details: { method: [32m&apos;password&apos;[39m }
  }
}

            </system-out>
        </testcase>
        <testcase classname="src/hooks/__tests__/useLogsData.test.ts" name="useLogsData &gt; request lifecycle &gt; should handle retry attempts correctly" time="0.361868599">
            <system-out>
useLogsData effect triggered - filters changed from:  to: {&quot;activeTab&quot;:&quot;all&quot;,&quot;currentPage&quot;:1,&quot;pageSize&quot;:20,&quot;searchQuery&quot;:&quot;&quot;,&quot;dateRange&quot;:null,&quot;sortBy&quot;:&quot;timestamp&quot;,&quot;sortOrder&quot;:&quot;desc&quot;}

Debounced fetch executing after 300ms

Logs API response: {
  success: [33mtrue[39m,
  auditCount: [33m2[39m,
  systemCount: [33m2[39m,
  totalAudit: [33m2[39m,
  totalSystem: [33m2[39m,
  firstAuditLog: {
    id: [32m&apos;1&apos;[39m,
    userId: [33m1[39m,
    username: [32m&apos;testuser&apos;[39m,
    eventType: [32m&apos;login&apos;[39m,
    eventAction: [32m&apos;success&apos;[39m,
    ipAddress: [32m&apos;192.168.1.1&apos;[39m,
    userAgent: [32m&apos;Mozilla/5.0&apos;[39m,
    timestamp: [32m&apos;2024-01-01T10:00:00Z&apos;[39m,
    details: { method: [32m&apos;password&apos;[39m }
  }
}

            </system-out>
        </testcase>
    </testsuite>
    <testsuite name="src/hooks/__tests__/useQuery.test.ts" timestamp="2025-08-22T07:42:59.411Z" hostname="ifedotovNB" tests="37" failures="0" errors="0" skipped="0" time="0.341751638">
        <testcase classname="src/hooks/__tests__/useQuery.test.ts" name="useQuery hooks &gt; useQueryExecution &gt; should provide query execution functionality" time="0.035036773">
        </testcase>
        <testcase classname="src/hooks/__tests__/useQuery.test.ts" name="useQuery hooks &gt; useQueryExecution &gt; should execute regular queries" time="0.01962375">
        </testcase>
        <testcase classname="src/hooks/__tests__/useQuery.test.ts" name="useQuery hooks &gt; useQueryExecution &gt; should execute Graph queries when query ID starts with &quot;graph_&quot;" time="0.006381121">
        </testcase>
        <testcase classname="src/hooks/__tests__/useQuery.test.ts" name="useQuery hooks &gt; useQueryExecution &gt; should execute dynamic queries" time="0.010941624">
        </testcase>
        <testcase classname="src/hooks/__tests__/useQuery.test.ts" name="useQuery hooks &gt; useQueryExecution &gt; should handle execution errors" time="0.00607135">
        </testcase>
        <testcase classname="src/hooks/__tests__/useQuery.test.ts" name="useQuery hooks &gt; useQueryExecution &gt; should handle execution with options" time="0.004038128">
        </testcase>
        <testcase classname="src/hooks/__tests__/useQuery.test.ts" name="useQuery hooks &gt; useQueryDefinitions &gt; should provide query definitions functionality" time="0.005209504">
        </testcase>
        <testcase classname="src/hooks/__tests__/useQuery.test.ts" name="useQuery hooks &gt; useQueryDefinitions &gt; should fetch definitions with filters" time="0.014193662">
        </testcase>
        <testcase classname="src/hooks/__tests__/useQuery.test.ts" name="useQuery hooks &gt; useQueryDefinitions &gt; should fetch Graph definitions for Azure data source" time="0.007042202">
        </testcase>
        <testcase classname="src/hooks/__tests__/useQuery.test.ts" name="useQuery hooks &gt; useQueryDefinitions &gt; should auto-fetch definitions on mount when no data is available" time="0.112427604">
        </testcase>
        <testcase classname="src/hooks/__tests__/useQuery.test.ts" name="useQuery hooks &gt; useQueryDefinitions &gt; should set filters correctly" time="0.004262253">
        </testcase>
        <testcase classname="src/hooks/__tests__/useQuery.test.ts" name="useQuery hooks &gt; useQueryDefinitions &gt; should handle fetchDefinitions errors" time="0.004615827">
        </testcase>
        <testcase classname="src/hooks/__tests__/useQuery.test.ts" name="useQuery hooks &gt; useQueryDefinitions &gt; should get definition by ID" time="0.004545246">
        </testcase>
        <testcase classname="src/hooks/__tests__/useQuery.test.ts" name="useQuery hooks &gt; useQueryBuilder &gt; should provide query builder functionality" time="0.003412426">
        </testcase>
        <testcase classname="src/hooks/__tests__/useQuery.test.ts" name="useQuery hooks &gt; useQueryBuilder &gt; should set query in builder" time="0.003567484">
        </testcase>
        <testcase classname="src/hooks/__tests__/useQuery.test.ts" name="useQuery hooks &gt; useQueryBuilder &gt; should validate queries" time="0.009415462">
        </testcase>
        <testcase classname="src/hooks/__tests__/useQuery.test.ts" name="useQuery hooks &gt; useQueryBuilder &gt; should handle validation errors" time="0.006511469">
        </testcase>
        <testcase classname="src/hooks/__tests__/useQuery.test.ts" name="useQuery hooks &gt; useQueryBuilder &gt; should clear builder state" time="0.00289368">
        </testcase>
        <testcase classname="src/hooks/__tests__/useQuery.test.ts" name="useQuery hooks &gt; useQueryCache &gt; should provide cache management functionality" time="0.002901354">
        </testcase>
        <testcase classname="src/hooks/__tests__/useQuery.test.ts" name="useQuery hooks &gt; useQueryCache &gt; should get cached results" time="0.002997852">
        </testcase>
        <testcase classname="src/hooks/__tests__/useQuery.test.ts" name="useQuery hooks &gt; useQueryCache &gt; should clear cache" time="0.004443315">
        </testcase>
        <testcase classname="src/hooks/__tests__/useQuery.test.ts" name="useQuery hooks &gt; useQueryCache &gt; should clear all cache when no queryId provided" time="0.00345841">
        </testcase>
        <testcase classname="src/hooks/__tests__/useQuery.test.ts" name="useQuery hooks &gt; useQueryCache &gt; should evict cache entries" time="0.003123209">
        </testcase>
        <testcase classname="src/hooks/__tests__/useQuery.test.ts" name="useQuery hooks &gt; useQueryMetrics &gt; should provide metrics functionality" time="0.003898501">
        </testcase>
        <testcase classname="src/hooks/__tests__/useQuery.test.ts" name="useQuery hooks &gt; useQueryMetrics &gt; should fetch health status" time="0.005288895">
        </testcase>
        <testcase classname="src/hooks/__tests__/useQuery.test.ts" name="useQuery hooks &gt; useQueryMetrics &gt; should fetch overall metrics" time="0.007086866">
        </testcase>
        <testcase classname="src/hooks/__tests__/useQuery.test.ts" name="useQuery hooks &gt; useQueryMetrics &gt; should fetch query-specific metrics" time="0.008341856">
        </testcase>
        <testcase classname="src/hooks/__tests__/useQuery.test.ts" name="useQuery hooks &gt; useQueryMetrics &gt; should get query statistics" time="0.003018057">
        </testcase>
        <testcase classname="src/hooks/__tests__/useQuery.test.ts" name="useQuery hooks &gt; useQueryMetrics &gt; should handle metrics with execution history" time="0.003326953">
        </testcase>
        <testcase classname="src/hooks/__tests__/useQuery.test.ts" name="useQuery hooks &gt; useQuery (main hook) &gt; should combine all query functionality" time="0.004643712">
        </testcase>
        <testcase classname="src/hooks/__tests__/useQuery.test.ts" name="useQuery hooks &gt; useQuery (main hook) &gt; should handle selectDefinition" time="0.004713241">
        </testcase>
        <testcase classname="src/hooks/__tests__/useQuery.test.ts" name="useQuery hooks &gt; useQuery (main hook) &gt; should provide unified interface for all query operations" time="0.002155697">
        </testcase>
        <testcase classname="src/hooks/__tests__/useQuery.test.ts" name="useQuery hooks &gt; error handling and edge cases &gt; should handle service method failures gracefully" time="0.00325662">
        </testcase>
        <testcase classname="src/hooks/__tests__/useQuery.test.ts" name="useQuery hooks &gt; error handling and edge cases &gt; should handle malformed service responses" time="0.003671709">
        </testcase>
        <testcase classname="src/hooks/__tests__/useQuery.test.ts" name="useQuery hooks &gt; error handling and edge cases &gt; should handle null/undefined parameters safely" time="0.004265855">
        </testcase>
        <testcase classname="src/hooks/__tests__/useQuery.test.ts" name="useQuery hooks &gt; integration with Redux store &gt; should reflect Redux state changes" time="0.002858492">
        </testcase>
        <testcase classname="src/hooks/__tests__/useQuery.test.ts" name="useQuery hooks &gt; integration with Redux store &gt; should dispatch actions correctly" time="0.004393341">
        </testcase>
    </testsuite>
    <testsuite name="src/services/__tests__/api.test.ts" timestamp="2025-08-22T07:42:59.416Z" hostname="ifedotovNB" tests="40" failures="0" errors="0" skipped="4" time="0.148783879">
        <testcase classname="src/services/__tests__/api.test.ts" name="ApiService &gt; constructor and initialization &gt; should initialize with default base URL when VITE_API_URL is not set" time="0.008623696">
        </testcase>
        <testcase classname="src/services/__tests__/api.test.ts" name="ApiService &gt; constructor and initialization &gt; should initialize with environment base URL when VITE_API_URL is set" time="0.001606578">
        </testcase>
        <testcase classname="src/services/__tests__/api.test.ts" name="ApiService &gt; request interceptors &gt; should add authorization header when token exists" time="0.001914417">
        </testcase>
        <testcase classname="src/services/__tests__/api.test.ts" name="ApiService &gt; request interceptors &gt; should not add authorization header when token does not exist" time="0.001540728">
        </testcase>
        <testcase classname="src/services/__tests__/api.test.ts" name="ApiService &gt; response interceptors - 401 handling &gt; should clear storage and redirect on 401 for refresh endpoint" time="0">
            <skipped/>
        </testcase>
        <testcase classname="src/services/__tests__/api.test.ts" name="ApiService &gt; response interceptors - 401 handling &gt; should attempt token refresh on 401 for non-refresh endpoints" time="0">
            <skipped/>
        </testcase>
        <testcase classname="src/services/__tests__/api.test.ts" name="ApiService &gt; response interceptors - 401 handling &gt; should redirect to login when refresh fails" time="0">
            <skipped/>
        </testcase>
        <testcase classname="src/services/__tests__/api.test.ts" name="ApiService &gt; response interceptors - 401 handling &gt; should redirect when no refresh token available" time="0">
            <skipped/>
        </testcase>
        <testcase classname="src/services/__tests__/api.test.ts" name="ApiService &gt; GET requests &gt; should make successful GET request" time="0.008864965">
        </testcase>
        <testcase classname="src/services/__tests__/api.test.ts" name="ApiService &gt; GET requests &gt; should handle GET request with parameters" time="0.002343016">
        </testcase>
        <testcase classname="src/services/__tests__/api.test.ts" name="ApiService &gt; GET requests &gt; should use cache when available" time="0.006627442">
            <system-out>
Cache hit for /test

            </system-out>
        </testcase>
        <testcase classname="src/services/__tests__/api.test.ts" name="ApiService &gt; GET requests &gt; should skip cache when disabled" time="0.007712425">
        </testcase>
        <testcase classname="src/services/__tests__/api.test.ts" name="ApiService &gt; GET requests &gt; should handle abort signals" time="0.005560753">
        </testcase>
        <testcase classname="src/services/__tests__/api.test.ts" name="ApiService &gt; GET requests &gt; should handle GET request errors" time="0.003575946">
        </testcase>
        <testcase classname="src/services/__tests__/api.test.ts" name="ApiService &gt; POST requests &gt; should make successful POST request" time="0.007921437">
        </testcase>
        <testcase classname="src/services/__tests__/api.test.ts" name="ApiService &gt; POST requests &gt; should handle POST request with priority" time="0.002365524">
        </testcase>
        <testcase classname="src/services/__tests__/api.test.ts" name="ApiService &gt; POST requests &gt; should handle POST request errors" time="0.002393444">
        </testcase>
        <testcase classname="src/services/__tests__/api.test.ts" name="ApiService &gt; PUT requests &gt; should make successful PUT request" time="0.003087245">
        </testcase>
        <testcase classname="src/services/__tests__/api.test.ts" name="ApiService &gt; PUT requests &gt; should handle PUT request errors" time="0.002374837">
        </testcase>
        <testcase classname="src/services/__tests__/api.test.ts" name="ApiService &gt; DELETE requests &gt; should make successful DELETE request" time="0.003186224">
        </testcase>
        <testcase classname="src/services/__tests__/api.test.ts" name="ApiService &gt; DELETE requests &gt; should handle DELETE request errors" time="0.004126309">
        </testcase>
        <testcase classname="src/services/__tests__/api.test.ts" name="ApiService &gt; getPaginated &gt; should make paginated GET request" time="0.004169344">
        </testcase>
        <testcase classname="src/services/__tests__/api.test.ts" name="ApiService &gt; getPaginated &gt; should use cache for paginated requests" time="0.012618559">
            <system-out>
Cache hit for paginated /test

            </system-out>
        </testcase>
        <testcase classname="src/services/__tests__/api.test.ts" name="ApiService &gt; file operations &gt; should download file successfully" time="0.005536419">
        </testcase>
        <testcase classname="src/services/__tests__/api.test.ts" name="ApiService &gt; file operations &gt; should upload file successfully" time="0.005598603">
        </testcase>
        <testcase classname="src/services/__tests__/api.test.ts" name="ApiService &gt; file operations &gt; should handle file upload without progress callback" time="0.002233414">
        </testcase>
        <testcase classname="src/services/__tests__/api.test.ts" name="ApiService &gt; file operations &gt; should handle file download errors" time="0.002018521">
        </testcase>
        <testcase classname="src/services/__tests__/api.test.ts" name="ApiService &gt; file operations &gt; should handle file upload errors" time="0.002280358">
        </testcase>
        <testcase classname="src/services/__tests__/api.test.ts" name="ApiService &gt; health check &gt; should make health check request" time="0.004490162">
        </testcase>
        <testcase classname="src/services/__tests__/api.test.ts" name="ApiService &gt; health check &gt; should handle health check errors" time="0.001809618">
        </testcase>
        <testcase classname="src/services/__tests__/api.test.ts" name="ApiService &gt; base URL management &gt; should update base URL" time="0.001560419">
        </testcase>
        <testcase classname="src/services/__tests__/api.test.ts" name="ApiService &gt; base URL management &gt; should get current base URL" time="0.00136854">
        </testcase>
        <testcase classname="src/services/__tests__/api.test.ts" name="ApiService &gt; error handling &gt; should handle network errors" time="0.00546321">
        </testcase>
        <testcase classname="src/services/__tests__/api.test.ts" name="ApiService &gt; error handling &gt; should handle timeout errors" time="0.003279646">
        </testcase>
        <testcase classname="src/services/__tests__/api.test.ts" name="ApiService &gt; error handling &gt; should handle malformed response data" time="0.00259092">
        </testcase>
        <testcase classname="src/services/__tests__/api.test.ts" name="ApiService &gt; caching behavior &gt; should cache successful GET responses" time="0.001865536">
        </testcase>
        <testcase classname="src/services/__tests__/api.test.ts" name="ApiService &gt; caching behavior &gt; should cache successful paginated responses" time="0.002397198">
        </testcase>
        <testcase classname="src/services/__tests__/api.test.ts" name="ApiService &gt; caching behavior &gt; should use custom cache TTL" time="0.0022586">
        </testcase>
        <testcase classname="src/services/__tests__/api.test.ts" name="ApiService &gt; queue integration &gt; should queue GET requests with priority" time="0.004479772">
        </testcase>
        <testcase classname="src/services/__tests__/api.test.ts" name="ApiService &gt; queue integration &gt; should queue POST requests with default priority" time="0.003162584">
        </testcase>
    </testsuite>
    <testsuite name="src/services/__tests__/authService.test.ts" timestamp="2025-08-22T07:42:59.422Z" hostname="ifedotovNB" tests="46" failures="0" errors="0" skipped="0" time="0.219432567">
        <testcase classname="src/services/__tests__/authService.test.ts" name="AuthService &gt; login &gt; should login successfully and store tokens" time="0.016634943">
        </testcase>
        <testcase classname="src/services/__tests__/authService.test.ts" name="AuthService &gt; login &gt; should login successfully without tokens" time="0.021241752">
        </testcase>
        <testcase classname="src/services/__tests__/authService.test.ts" name="AuthService &gt; login &gt; should handle login failure" time="0.001611094">
        </testcase>
        <testcase classname="src/services/__tests__/authService.test.ts" name="AuthService &gt; login &gt; should handle login error" time="0.013622212">
        </testcase>
        <testcase classname="src/services/__tests__/authService.test.ts" name="AuthService &gt; logout &gt; should logout successfully and clear storage" time="0.001850276">
        </testcase>
        <testcase classname="src/services/__tests__/authService.test.ts" name="AuthService &gt; logout &gt; should clear storage even when logout request fails" time="0.001742401">
        </testcase>
        <testcase classname="src/services/__tests__/authService.test.ts" name="AuthService &gt; refreshToken &gt; should refresh token successfully" time="0.002027814">
        </testcase>
        <testcase classname="src/services/__tests__/authService.test.ts" name="AuthService &gt; refreshToken &gt; should throw error when no refresh token available" time="0.008838117">
        </testcase>
        <testcase classname="src/services/__tests__/authService.test.ts" name="AuthService &gt; refreshToken &gt; should handle refresh failure" time="0.006174798">
        </testcase>
        <testcase classname="src/services/__tests__/authService.test.ts" name="AuthService &gt; getProfile &gt; should get user profile" time="0.001925449">
        </testcase>
        <testcase classname="src/services/__tests__/authService.test.ts" name="AuthService &gt; updateProfile &gt; should update user profile" time="0.005782414">
        </testcase>
        <testcase classname="src/services/__tests__/authService.test.ts" name="AuthService &gt; changePassword &gt; should change password successfully" time="0.010582379">
        </testcase>
        <testcase classname="src/services/__tests__/authService.test.ts" name="AuthService &gt; getCurrentAuthState &gt; should return authenticated state" time="0.00773576">
        </testcase>
        <testcase classname="src/services/__tests__/authService.test.ts" name="AuthService &gt; getCurrentAuthState &gt; should return unauthenticated state" time="0.002647581">
        </testcase>
        <testcase classname="src/services/__tests__/authService.test.ts" name="AuthService &gt; getCurrentAuthState &gt; should handle invalid user JSON" time="0.004563619">
        </testcase>
        <testcase classname="src/services/__tests__/authService.test.ts" name="AuthService &gt; hasPermission &gt; should return true when user has permission" time="0.004077897">
        </testcase>
        <testcase classname="src/services/__tests__/authService.test.ts" name="AuthService &gt; hasPermission &gt; should return false when user does not have permission" time="0.003315575">
        </testcase>
        <testcase classname="src/services/__tests__/authService.test.ts" name="AuthService &gt; hasPermission &gt; should return false when no user is stored" time="0.001700815">
        </testcase>
        <testcase classname="src/services/__tests__/authService.test.ts" name="AuthService &gt; hasPermission &gt; should return false when user has no permissions" time="0.001785555">
        </testcase>
        <testcase classname="src/services/__tests__/authService.test.ts" name="AuthService &gt; hasRole &gt; should return true when user has role" time="0.001978898">
        </testcase>
        <testcase classname="src/services/__tests__/authService.test.ts" name="AuthService &gt; hasRole &gt; should return false when user does not have role" time="0.001733696">
        </testcase>
        <testcase classname="src/services/__tests__/authService.test.ts" name="AuthService &gt; hasRole &gt; should return false when no user is stored" time="0.004876531">
        </testcase>
        <testcase classname="src/services/__tests__/authService.test.ts" name="AuthService &gt; hasRole &gt; should return false when user has no roles" time="0.002913835">
        </testcase>
        <testcase classname="src/services/__tests__/authService.test.ts" name="AuthService &gt; isAdmin &gt; should return true when user has admin role" time="0.006005647">
        </testcase>
        <testcase classname="src/services/__tests__/authService.test.ts" name="AuthService &gt; isAdmin &gt; should return true when user has administrator role" time="0.004013144">
        </testcase>
        <testcase classname="src/services/__tests__/authService.test.ts" name="AuthService &gt; isAdmin &gt; should return false when user is not admin" time="0.001951315">
        </testcase>
        <testcase classname="src/services/__tests__/authService.test.ts" name="AuthService &gt; getAuthSource &gt; should return user auth source" time="0.013045366">
        </testcase>
        <testcase classname="src/services/__tests__/authService.test.ts" name="AuthService &gt; getAuthSource &gt; should return null when no user is stored" time="0.003985252">
        </testcase>
        <testcase classname="src/services/__tests__/authService.test.ts" name="AuthService &gt; isTokenExpired &gt; should return true when token is expired" time="0.002401596">
        </testcase>
        <testcase classname="src/services/__tests__/authService.test.ts" name="AuthService &gt; isTokenExpired &gt; should return false when token is valid" time="0.002949297">
        </testcase>
        <testcase classname="src/services/__tests__/authService.test.ts" name="AuthService &gt; isTokenExpired &gt; should return true when no token exists" time="0.001503451">
        </testcase>
        <testcase classname="src/services/__tests__/authService.test.ts" name="AuthService &gt; isTokenExpired &gt; should return true when token is malformed" time="0.001719599">
        </testcase>
        <testcase classname="src/services/__tests__/authService.test.ts" name="AuthService &gt; getTokenExpiration &gt; should return token expiration date" time="0.001870497">
        </testcase>
        <testcase classname="src/services/__tests__/authService.test.ts" name="AuthService &gt; getTokenExpiration &gt; should return null when no token exists" time="0.001354063">
        </testcase>
        <testcase classname="src/services/__tests__/authService.test.ts" name="AuthService &gt; getTokenExpiration &gt; should return null when token is malformed" time="0.001723971">
        </testcase>
        <testcase classname="src/services/__tests__/authService.test.ts" name="AuthService &gt; needsTokenRefresh &gt; should return true when token expires within 5 minutes" time="0.002165838">
        </testcase>
        <testcase classname="src/services/__tests__/authService.test.ts" name="AuthService &gt; needsTokenRefresh &gt; should return false when token has plenty of time left" time="0.018016606">
        </testcase>
        <testcase classname="src/services/__tests__/authService.test.ts" name="AuthService &gt; needsTokenRefresh &gt; should return true when no expiration date available" time="0.002537532">
        </testcase>
        <testcase classname="src/services/__tests__/authService.test.ts" name="AuthService &gt; setupTokenRefresh &gt; should setup automatic token refresh" time="0.002148092">
        </testcase>
        <testcase classname="src/services/__tests__/authService.test.ts" name="AuthService &gt; setupTokenRefresh &gt; should refresh token when needed" time="0.003190372">
        </testcase>
        <testcase classname="src/services/__tests__/authService.test.ts" name="AuthService &gt; setupTokenRefresh &gt; should handle refresh errors" time="0.002155881">
        </testcase>
        <testcase classname="src/services/__tests__/authService.test.ts" name="AuthService &gt; setupTokenRefresh &gt; should not refresh when token does not need refresh" time="0.002302992">
        </testcase>
        <testcase classname="src/services/__tests__/authService.test.ts" name="AuthService &gt; edge cases and error handling &gt; should handle empty user object" time="0.002039368">
        </testcase>
        <testcase classname="src/services/__tests__/authService.test.ts" name="AuthService &gt; edge cases and error handling &gt; should handle malformed JWT tokens gracefully" time="0.0014018">
        </testcase>
        <testcase classname="src/services/__tests__/authService.test.ts" name="AuthService &gt; edge cases and error handling &gt; should handle network errors in async methods" time="0.001260521">
        </testcase>
        <testcase classname="src/services/__tests__/authService.test.ts" name="AuthService &gt; edge cases and error handling &gt; should create new AuthService instance" time="0.005665734">
        </testcase>
    </testsuite>
    <testsuite name="src/services/__tests__/graphService.test.ts" timestamp="2025-08-22T07:42:59.428Z" hostname="ifedotovNB" tests="26" failures="0" errors="0" skipped="0" time="0.034765326">
        <testcase classname="src/services/__tests__/graphService.test.ts" name="GraphService &gt; getTemplates &gt; should fetch Graph query templates with caching" time="0.003982051">
        </testcase>
        <testcase classname="src/services/__tests__/graphService.test.ts" name="GraphService &gt; getTemplates &gt; should handle API errors when fetching templates" time="0.001827796">
        </testcase>
        <testcase classname="src/services/__tests__/graphService.test.ts" name="GraphService &gt; executeQuery &gt; should execute Graph query without parameters" time="0.000805445">
        </testcase>
        <testcase classname="src/services/__tests__/graphService.test.ts" name="GraphService &gt; executeQuery &gt; should execute Graph query with parameters and credential ID" time="0.001392893">
        </testcase>
        <testcase classname="src/services/__tests__/graphService.test.ts" name="GraphService &gt; executeQuery &gt; should handle query execution errors" time="0.001027858">
        </testcase>
        <testcase classname="src/services/__tests__/graphService.test.ts" name="GraphService &gt; executeQuery &gt; should handle failed query execution in response" time="0.000965737">
        </testcase>
        <testcase classname="src/services/__tests__/graphService.test.ts" name="GraphService &gt; executeBatch &gt; should execute multiple Graph queries in batch" time="0.000953554">
        </testcase>
        <testcase classname="src/services/__tests__/graphService.test.ts" name="GraphService &gt; executeBatch &gt; should handle batch execution with mixed success/failure" time="0.000591925">
        </testcase>
        <testcase classname="src/services/__tests__/graphService.test.ts" name="GraphService &gt; executeBatch &gt; should handle empty batch queries" time="0.000518265">
        </testcase>
        <testcase classname="src/services/__tests__/graphService.test.ts" name="GraphService &gt; discoverFields &gt; should discover fields for entity type without credential ID" time="0.000768446">
        </testcase>
        <testcase classname="src/services/__tests__/graphService.test.ts" name="GraphService &gt; discoverFields &gt; should discover fields with credential ID" time="0.000887178">
        </testcase>
        <testcase classname="src/services/__tests__/graphService.test.ts" name="GraphService &gt; discoverFields &gt; should handle field discovery errors" time="0.000735905">
        </testcase>
        <testcase classname="src/services/__tests__/graphService.test.ts" name="GraphService &gt; searchFields &gt; should search fields for entity type" time="0.000865449">
        </testcase>
        <testcase classname="src/services/__tests__/graphService.test.ts" name="GraphService &gt; searchFields &gt; should handle empty search results" time="0.001252168">
        </testcase>
        <testcase classname="src/services/__tests__/graphService.test.ts" name="GraphService &gt; getHistory &gt; should get Graph query execution history with default parameters" time="0.000971212">
        </testcase>
        <testcase classname="src/services/__tests__/graphService.test.ts" name="GraphService &gt; getHistory &gt; should get history with custom pagination" time="0.000652335">
        </testcase>
        <testcase classname="src/services/__tests__/graphService.test.ts" name="GraphService &gt; getExecution &gt; should get specific execution details" time="0.000743724">
        </testcase>
        <testcase classname="src/services/__tests__/graphService.test.ts" name="GraphService &gt; getExecution &gt; should handle execution not found" time="0.000671471">
        </testcase>
        <testcase classname="src/services/__tests__/graphService.test.ts" name="GraphService &gt; getEntityTypes &gt; should return available Graph API entity types" time="0.000659677">
        </testcase>
        <testcase classname="src/services/__tests__/graphService.test.ts" name="GraphService &gt; convertFieldsToAzureFormat &gt; should convert Graph fields to Azure AD format" time="0.001059518">
        </testcase>
        <testcase classname="src/services/__tests__/graphService.test.ts" name="GraphService &gt; convertFieldsToAzureFormat &gt; should handle fields without category" time="0.001854381">
        </testcase>
        <testcase classname="src/services/__tests__/graphService.test.ts" name="GraphService &gt; storeSessionCredentials &gt; should store Azure AD credentials from OAuth flow" time="0.000929532">
        </testcase>
        <testcase classname="src/services/__tests__/graphService.test.ts" name="GraphService &gt; storeSessionCredentials &gt; should handle credential storage errors" time="0.000729541">
        </testcase>
        <testcase classname="src/services/__tests__/graphService.test.ts" name="GraphService &gt; type mapping &gt; should map Graph types to Azure types correctly" time="0.000717655">
        </testcase>
        <testcase classname="src/services/__tests__/graphService.test.ts" name="GraphService &gt; integration scenarios &gt; should handle concurrent field discovery requests" time="0.005271341">
        </testcase>
        <testcase classname="src/services/__tests__/graphService.test.ts" name="GraphService &gt; integration scenarios &gt; should handle API rate limiting gracefully" time="0.001025075">
        </testcase>
    </testsuite>
    <testsuite name="src/services/__tests__/logsService.test.ts" timestamp="2025-08-22T07:42:59.432Z" hostname="ifedotovNB" tests="26" failures="0" errors="0" skipped="0" time="0.085430602">
        <testcase classname="src/services/__tests__/logsService.test.ts" name="LogsService &gt; getLogs &gt; should fetch logs without filters" time="0.009170288">
        </testcase>
        <testcase classname="src/services/__tests__/logsService.test.ts" name="LogsService &gt; getLogs &gt; should fetch logs with all filter parameters" time="0.002492353">
        </testcase>
        <testcase classname="src/services/__tests__/logsService.test.ts" name="LogsService &gt; getLogs &gt; should handle abort signal" time="0.003579016">
        </testcase>
        <testcase classname="src/services/__tests__/logsService.test.ts" name="LogsService &gt; getLogs &gt; should filter out null and undefined values" time="0.001473298">
        </testcase>
        <testcase classname="src/services/__tests__/logsService.test.ts" name="LogsService &gt; getLogs &gt; should handle API errors" time="0.005052068">
        </testcase>
        <testcase classname="src/services/__tests__/logsService.test.ts" name="LogsService &gt; getLogStats &gt; should fetch log statistics with default hours" time="0.002535763">
        </testcase>
        <testcase classname="src/services/__tests__/logsService.test.ts" name="LogsService &gt; getLogStats &gt; should fetch log statistics with custom hours" time="0.001195393">
        </testcase>
        <testcase classname="src/services/__tests__/logsService.test.ts" name="LogsService &gt; getLogStats &gt; should handle API errors for stats" time="0.001154057">
        </testcase>
        <testcase classname="src/services/__tests__/logsService.test.ts" name="LogsService &gt; getRealtimeLogs &gt; should fetch realtime logs" time="0.001304317">
        </testcase>
        <testcase classname="src/services/__tests__/logsService.test.ts" name="LogsService &gt; getRealtimeLogs &gt; should handle empty realtime logs" time="0.000946241">
        </testcase>
        <testcase classname="src/services/__tests__/logsService.test.ts" name="LogsService &gt; getLogDetails &gt; should fetch audit log details" time="0.004434654">
        </testcase>
        <testcase classname="src/services/__tests__/logsService.test.ts" name="LogsService &gt; getLogDetails &gt; should fetch system log details" time="0.002041166">
        </testcase>
        <testcase classname="src/services/__tests__/logsService.test.ts" name="LogsService &gt; getLogDetails &gt; should handle log details API errors" time="0.001912721">
        </testcase>
        <testcase classname="src/services/__tests__/logsService.test.ts" name="LogsService &gt; exportLogs &gt; should export logs in CSV format with default parameters" time="0.011225657">
        </testcase>
        <testcase classname="src/services/__tests__/logsService.test.ts" name="LogsService &gt; exportLogs &gt; should export logs with filters and JSON format" time="0.0049526">
        </testcase>
        <testcase classname="src/services/__tests__/logsService.test.ts" name="LogsService &gt; exportLogs &gt; should handle export API errors" time="0.002342659">
        </testcase>
        <testcase classname="src/services/__tests__/logsService.test.ts" name="LogsService &gt; exportLogs &gt; should use default filename when Content-Disposition header is missing" time="0.004258918">
        </testcase>
        <testcase classname="src/services/__tests__/logsService.test.ts" name="LogsService &gt; utility methods &gt; getLogLevelColor &gt; should return correct colors for different log levels" time="0.002176586">
        </testcase>
        <testcase classname="src/services/__tests__/logsService.test.ts" name="LogsService &gt; utility methods &gt; getEventTypeColor &gt; should return correct colors for different event types" time="0.002347576">
        </testcase>
        <testcase classname="src/services/__tests__/logsService.test.ts" name="LogsService &gt; utility methods &gt; formatLogMessage &gt; should format audit log messages" time="0.001666083">
        </testcase>
        <testcase classname="src/services/__tests__/logsService.test.ts" name="LogsService &gt; utility methods &gt; formatLogMessage &gt; should format audit log messages without resource type" time="0.001460772">
        </testcase>
        <testcase classname="src/services/__tests__/logsService.test.ts" name="LogsService &gt; utility methods &gt; formatLogMessage &gt; should format system log messages" time="0.002144047">
        </testcase>
        <testcase classname="src/services/__tests__/logsService.test.ts" name="LogsService &gt; utility methods &gt; getLogIcon &gt; should return correct icons for audit log event types" time="0.002414276">
        </testcase>
        <testcase classname="src/services/__tests__/logsService.test.ts" name="LogsService &gt; utility methods &gt; getLogIcon &gt; should return correct icons for system log levels" time="0.001912804">
        </testcase>
        <testcase classname="src/services/__tests__/logsService.test.ts" name="LogsService &gt; integration scenarios &gt; should handle concurrent log fetching" time="0.004899911">
        </testcase>
        <testcase classname="src/services/__tests__/logsService.test.ts" name="LogsService &gt; integration scenarios &gt; should handle request cancellation" time="0.002486013">
        </testcase>
    </testsuite>
    <testsuite name="src/services/__tests__/notificationService.test.ts" timestamp="2025-08-22T07:42:59.436Z" hostname="ifedotovNB" tests="23" failures="0" errors="0" skipped="0" time="0.074264155">
        <testcase classname="src/services/__tests__/notificationService.test.ts" name="NotificationService &gt; getUserNotifications &gt; should fetch notifications with default pagination" time="0.016007254">
        </testcase>
        <testcase classname="src/services/__tests__/notificationService.test.ts" name="NotificationService &gt; getUserNotifications &gt; should fetch notifications with custom pagination and filters" time="0.002854818">
        </testcase>
        <testcase classname="src/services/__tests__/notificationService.test.ts" name="NotificationService &gt; getUserNotifications &gt; should handle empty filters correctly" time="0.001743158">
        </testcase>
        <testcase classname="src/services/__tests__/notificationService.test.ts" name="NotificationService &gt; getNotificationStats &gt; should fetch notification statistics" time="0.001075143">
        </testcase>
        <testcase classname="src/services/__tests__/notificationService.test.ts" name="NotificationService &gt; getNotificationById &gt; should fetch a specific notification" time="0.000962556">
        </testcase>
        <testcase classname="src/services/__tests__/notificationService.test.ts" name="NotificationService &gt; createNotification &gt; should create a new notification" time="0.001893989">
        </testcase>
        <testcase classname="src/services/__tests__/notificationService.test.ts" name="NotificationService &gt; updateNotification &gt; should update a notification" time="0.001103583">
        </testcase>
        <testcase classname="src/services/__tests__/notificationService.test.ts" name="NotificationService &gt; deleteNotification &gt; should delete a notification" time="0.000830428">
        </testcase>
        <testcase classname="src/services/__tests__/notificationService.test.ts" name="NotificationService &gt; bulkUpdateNotifications &gt; should perform bulk operations on notifications" time="0.000976207">
        </testcase>
        <testcase classname="src/services/__tests__/notificationService.test.ts" name="NotificationService &gt; bulkUpdateNotifications &gt; should handle bulk operation with errors" time="0.001991364">
        </testcase>
        <testcase classname="src/services/__tests__/notificationService.test.ts" name="NotificationService &gt; convenience methods &gt; should mark notification as read" time="0.002751953">
        </testcase>
        <testcase classname="src/services/__tests__/notificationService.test.ts" name="NotificationService &gt; convenience methods &gt; should mark notification as unread" time="0.001064293">
        </testcase>
        <testcase classname="src/services/__tests__/notificationService.test.ts" name="NotificationService &gt; convenience methods &gt; should dismiss notification" time="0.001166098">
        </testcase>
        <testcase classname="src/services/__tests__/notificationService.test.ts" name="NotificationService &gt; markAllAsRead &gt; should mark all unread notifications as read" time="0.001671086">
        </testcase>
        <testcase classname="src/services/__tests__/notificationService.test.ts" name="NotificationService &gt; markAllAsRead &gt; should handle empty unread notifications" time="0.012655647">
        </testcase>
        <testcase classname="src/services/__tests__/notificationService.test.ts" name="NotificationService &gt; dismissAll &gt; should dismiss all non-dismissed notifications" time="0.002197967">
        </testcase>
        <testcase classname="src/services/__tests__/notificationService.test.ts" name="NotificationService &gt; createSystemNotification &gt; should create a system notification" time="0.001897466">
        </testcase>
        <testcase classname="src/services/__tests__/notificationService.test.ts" name="NotificationService &gt; createSystemNotification &gt; should create system notification with defaults" time="0.001054112">
        </testcase>
        <testcase classname="src/services/__tests__/notificationService.test.ts" name="NotificationService &gt; cleanupExpiredNotifications &gt; should cleanup expired notifications" time="0.001005956">
        </testcase>
        <testcase classname="src/services/__tests__/notificationService.test.ts" name="NotificationService &gt; getUnreadCount &gt; should get unread notifications count" time="0.001571781">
        </testcase>
        <testcase classname="src/services/__tests__/notificationService.test.ts" name="NotificationService &gt; getRecentNotifications &gt; should get recent non-dismissed notifications" time="0.003940663">
        </testcase>
        <testcase classname="src/services/__tests__/notificationService.test.ts" name="NotificationService &gt; error handling &gt; should handle API errors" time="0.008345128">
        </testcase>
        <testcase classname="src/services/__tests__/notificationService.test.ts" name="NotificationService &gt; error handling &gt; should handle malformed responses" time="0.001331042">
        </testcase>
    </testsuite>
    <testsuite name="src/services/__tests__/queryService.test.ts" timestamp="2025-08-22T07:42:59.439Z" hostname="ifedotovNB" tests="38" failures="0" errors="0" skipped="0" time="0.07554622">
        <testcase classname="src/services/__tests__/queryService.test.ts" name="QueryService &gt; execute &gt; should execute a pre-defined query without parameters" time="0.00872761">
        </testcase>
        <testcase classname="src/services/__tests__/queryService.test.ts" name="QueryService &gt; execute &gt; should execute query with parameters and options" time="0.000995837">
        </testcase>
        <testcase classname="src/services/__tests__/queryService.test.ts" name="QueryService &gt; execute &gt; should execute query with inline query definition" time="0.001092853">
        </testcase>
        <testcase classname="src/services/__tests__/queryService.test.ts" name="QueryService &gt; execute &gt; should handle query execution errors" time="0.002953356">
        </testcase>
        <testcase classname="src/services/__tests__/queryService.test.ts" name="QueryService &gt; execute &gt; should handle failed query execution in response" time="0.000804209">
        </testcase>
        <testcase classname="src/services/__tests__/queryService.test.ts" name="QueryService &gt; build &gt; should build and execute dynamic query" time="0.001488416">
        </testcase>
        <testcase classname="src/services/__tests__/queryService.test.ts" name="QueryService &gt; build &gt; should handle dynamic query build errors" time="0.001881557">
        </testcase>
        <testcase classname="src/services/__tests__/queryService.test.ts" name="QueryService &gt; build &gt; should build complex query with joins" time="0.001673007">
        </testcase>
        <testcase classname="src/services/__tests__/queryService.test.ts" name="QueryService &gt; getDefinitions &gt; should fetch query definitions without filters" time="0.001108976">
        </testcase>
        <testcase classname="src/services/__tests__/queryService.test.ts" name="QueryService &gt; getDefinitions &gt; should fetch definitions with filters" time="0.000812757">
        </testcase>
        <testcase classname="src/services/__tests__/queryService.test.ts" name="QueryService &gt; getDefinitions &gt; should handle definition fetch errors" time="0.001031469">
        </testcase>
        <testcase classname="src/services/__tests__/queryService.test.ts" name="QueryService &gt; getSchema &gt; should fetch schema from API when not cached" time="0.001965088">
        </testcase>
        <testcase classname="src/services/__tests__/queryService.test.ts" name="QueryService &gt; getSchema &gt; should return cached schema when available" time="0.002088647">
            <system-out>
Using cached schema for ad

            </system-out>
        </testcase>
        <testcase classname="src/services/__tests__/queryService.test.ts" name="QueryService &gt; getSchema &gt; should handle schema fetch errors" time="0.001358532">
        </testcase>
        <testcase classname="src/services/__tests__/queryService.test.ts" name="QueryService &gt; getSchema &gt; should not cache failed schema requests" time="0.000477207">
        </testcase>
        <testcase classname="src/services/__tests__/queryService.test.ts" name="QueryService &gt; validate &gt; should validate query definition without parameters" time="0.000796767">
        </testcase>
        <testcase classname="src/services/__tests__/queryService.test.ts" name="QueryService &gt; validate &gt; should validate query with parameters" time="0.001222641">
        </testcase>
        <testcase classname="src/services/__tests__/queryService.test.ts" name="QueryService &gt; validate &gt; should handle validation with errors" time="0.000630617">
        </testcase>
        <testcase classname="src/services/__tests__/queryService.test.ts" name="QueryService &gt; getHealth &gt; should fetch query service health status" time="0.000484729">
        </testcase>
        <testcase classname="src/services/__tests__/queryService.test.ts" name="QueryService &gt; getHealth &gt; should handle unhealthy service status" time="0.000337418">
        </testcase>
        <testcase classname="src/services/__tests__/queryService.test.ts" name="QueryService &gt; getStats &gt; should get statistics for all queries" time="0.002360005">
        </testcase>
        <testcase classname="src/services/__tests__/queryService.test.ts" name="QueryService &gt; getStats &gt; should get statistics for specific query" time="0.001271841">
        </testcase>
        <testcase classname="src/services/__tests__/queryService.test.ts" name="QueryService &gt; getMetrics &gt; should fetch service-wide metrics" time="0.001163435">
        </testcase>
        <testcase classname="src/services/__tests__/queryService.test.ts" name="QueryService &gt; getMetrics &gt; should handle metrics fetch errors" time="0.001136397">
        </testcase>
        <testcase classname="src/services/__tests__/queryService.test.ts" name="QueryService &gt; cache operations &gt; getCached &gt; should get cached results for query" time="0.001040091">
        </testcase>
        <testcase classname="src/services/__tests__/queryService.test.ts" name="QueryService &gt; cache operations &gt; getCached &gt; should handle cache miss" time="0.000646654">
        </testcase>
        <testcase classname="src/services/__tests__/queryService.test.ts" name="QueryService &gt; cache operations &gt; clearCache &gt; should clear cache for specific query" time="0.000834281">
        </testcase>
        <testcase classname="src/services/__tests__/queryService.test.ts" name="QueryService &gt; cache operations &gt; clearCache &gt; should clear all cache entries" time="0.000798934">
        </testcase>
        <testcase classname="src/services/__tests__/queryService.test.ts" name="QueryService &gt; cache operations &gt; clearCache &gt; should handle cache clear errors" time="0.001183365">
        </testcase>
        <testcase classname="src/services/__tests__/queryService.test.ts" name="QueryService &gt; Graph API methods &gt; executeGraphQuery &gt; should execute Graph query with options" time="0.001291713">
        </testcase>
        <testcase classname="src/services/__tests__/queryService.test.ts" name="QueryService &gt; Graph API methods &gt; executeGraphQuery &gt; should execute Graph query without options" time="0.01202942">
        </testcase>
        <testcase classname="src/services/__tests__/queryService.test.ts" name="QueryService &gt; Graph API methods &gt; getGraphDefinitions &gt; should get Graph query definitions" time="0.001031392">
        </testcase>
        <testcase classname="src/services/__tests__/queryService.test.ts" name="QueryService &gt; Graph API methods &gt; getGraphDefinitions &gt; should get filtered Graph definitions" time="0.00071859">
        </testcase>
        <testcase classname="src/services/__tests__/queryService.test.ts" name="QueryService &gt; Graph API methods &gt; getGraphHistory &gt; should get Graph execution history with pagination" time="0.004499945">
        </testcase>
        <testcase classname="src/services/__tests__/queryService.test.ts" name="QueryService &gt; Graph API methods &gt; executeGraphBatch &gt; should execute multiple Graph queries in batch" time="0.005946158">
        </testcase>
        <testcase classname="src/services/__tests__/queryService.test.ts" name="QueryService &gt; Graph API methods &gt; executeGraphBatch &gt; should handle batch execution with failures" time="0.001155146">
        </testcase>
        <testcase classname="src/services/__tests__/queryService.test.ts" name="QueryService &gt; integration scenarios &gt; should handle concurrent query executions" time="0.00109219">
        </testcase>
        <testcase classname="src/services/__tests__/queryService.test.ts" name="QueryService &gt; integration scenarios &gt; should handle schema caching across multiple requests" time="0.001138244">
            <system-out>
Using cached schema for postgres

            </system-out>
        </testcase>
    </testsuite>
    <testsuite name="src/services/__tests__/reportsService.query.test.ts" timestamp="2025-08-22T07:42:59.443Z" hostname="ifedotovNB" tests="9" failures="0" errors="0" skipped="0" time="0.013972269">
        <testcase classname="src/services/__tests__/reportsService.query.test.ts" name="ReportsService - Query Service Integration &gt; executeReport &gt; should execute report using new query service" time="0.005681419">
        </testcase>
        <testcase classname="src/services/__tests__/reportsService.query.test.ts" name="ReportsService - Query Service Integration &gt; executeReport &gt; should handle query execution errors" time="0.000511005">
        </testcase>
        <testcase classname="src/services/__tests__/reportsService.query.test.ts" name="ReportsService - Query Service Integration &gt; executeReport &gt; should handle empty result data" time="0.00046107">
        </testcase>
        <testcase classname="src/services/__tests__/reportsService.query.test.ts" name="ReportsService - Query Service Integration &gt; getReportTemplates &gt; should fetch and map query definitions to report templates" time="0.001718424">
        </testcase>
        <testcase classname="src/services/__tests__/reportsService.query.test.ts" name="ReportsService - Query Service Integration &gt; getReportTemplates &gt; should map data sources to categories correctly" time="0.000637665">
        </testcase>
        <testcase classname="src/services/__tests__/reportsService.query.test.ts" name="ReportsService - Query Service Integration &gt; testCustomQuery &gt; should validate and execute test query" time="0.00063518">
        </testcase>
        <testcase classname="src/services/__tests__/reportsService.query.test.ts" name="ReportsService - Query Service Integration &gt; testCustomQuery &gt; should handle validation failure" time="0.001110679">
        </testcase>
        <testcase classname="src/services/__tests__/reportsService.query.test.ts" name="ReportsService - Query Service Integration &gt; Query Health &amp; Metrics &gt; should get query health status" time="0.000625809">
        </testcase>
        <testcase classname="src/services/__tests__/reportsService.query.test.ts" name="ReportsService - Query Service Integration &gt; Query Health &amp; Metrics &gt; should clear query cache" time="0.000378572">
        </testcase>
    </testsuite>
    <testsuite name="src/test-scenarios/__tests__/edge-cases.test.tsx" timestamp="2025-08-22T07:42:59.445Z" hostname="ifedotovNB" tests="26" failures="4" errors="0" skipped="0" time="4.084429113">
        <testcase classname="src/test-scenarios/__tests__/edge-cases.test.tsx" name="Edge Cases and Boundary Conditions &gt; Rapid Successive Errors &gt; handles rapid error boundary triggers without memory leaks" time="0.547853837">
        </testcase>
        <testcase classname="src/test-scenarios/__tests__/edge-cases.test.tsx" name="Edge Cases and Boundary Conditions &gt; Rapid Successive Errors &gt; handles rapid retry attempts with debouncing" time="0.261153116">
        </testcase>
        <testcase classname="src/test-scenarios/__tests__/edge-cases.test.tsx" name="Edge Cases and Boundary Conditions &gt; Rapid Successive Errors &gt; handles rapid state changes without race conditions" time="0.040747593">
        </testcase>
        <testcase classname="src/test-scenarios/__tests__/edge-cases.test.tsx" name="Edge Cases and Boundary Conditions &gt; Rapid Successive Errors &gt; prevents error state corruption from rapid errors" time="0.24083531">
        </testcase>
        <testcase classname="src/test-scenarios/__tests__/edge-cases.test.tsx" name="Edge Cases and Boundary Conditions &gt; Component Unmounting During Operations &gt; handles component unmount during retry operation" time="0.16067597">
        </testcase>
        <testcase classname="src/test-scenarios/__tests__/edge-cases.test.tsx" name="Edge Cases and Boundary Conditions &gt; Component Unmounting During Operations &gt; cleans up timers on component unmount" time="0.168588136">
        </testcase>
        <testcase classname="src/test-scenarios/__tests__/edge-cases.test.tsx" name="Edge Cases and Boundary Conditions &gt; Component Unmounting During Operations &gt; handles useErrorHandler cleanup on unmount" time="0.049302056">
        </testcase>
        <testcase classname="src/test-scenarios/__tests__/edge-cases.test.tsx" name="Edge Cases and Boundary Conditions &gt; Component Unmounting During Operations &gt; handles error boundary unmount during error display" time="0.28291153">
        </testcase>
        <testcase classname="src/test-scenarios/__tests__/edge-cases.test.tsx" name="Edge Cases and Boundary Conditions &gt; Network Errors During Retry &gt; handles network failure during retry attempt" time="0.166260442">
        </testcase>
        <testcase classname="src/test-scenarios/__tests__/edge-cases.test.tsx" name="Edge Cases and Boundary Conditions &gt; Network Errors During Retry &gt; handles intermittent network connectivity" time="0.017453508">
        </testcase>
        <testcase classname="src/test-scenarios/__tests__/edge-cases.test.tsx" name="Edge Cases and Boundary Conditions &gt; Network Errors During Retry &gt; handles DNS resolution failures during retry" time="0.052812929">
            <failure message="expected null to be &apos;dns resolved&apos; // Object.is equality" type="AssertionError">
AssertionError: expected null to be &apos;dns resolved&apos; // Object.is equality

- Expected: 
&quot;dns resolved&quot;

+ Received: 
null

 ❯ src/test-scenarios/__tests__/edge-cases.test.tsx:460:25
            </failure>
        </testcase>
        <testcase classname="src/test-scenarios/__tests__/edge-cases.test.tsx" name="Edge Cases and Boundary Conditions &gt; Network Errors During Retry &gt; handles proxy/firewall errors during retry" time="0.042913759">
            <failure message="expected null to be &apos;proxy success&apos; // Object.is equality" type="AssertionError">
AssertionError: expected null to be &apos;proxy success&apos; // Object.is equality

- Expected: 
&quot;proxy success&quot;

+ Received: 
null

 ❯ src/test-scenarios/__tests__/edge-cases.test.tsx:493:27
            </failure>
        </testcase>
        <testcase classname="src/test-scenarios/__tests__/edge-cases.test.tsx" name="Edge Cases and Boundary Conditions &gt; Memory and Performance Edge Cases &gt; handles large error objects without memory leaks" time="0.192704446">
        </testcase>
        <testcase classname="src/test-scenarios/__tests__/edge-cases.test.tsx" name="Edge Cases and Boundary Conditions &gt; Memory and Performance Edge Cases &gt; handles high-frequency error events" time="0.027211057">
        </testcase>
        <testcase classname="src/test-scenarios/__tests__/edge-cases.test.tsx" name="Edge Cases and Boundary Conditions &gt; Memory and Performance Edge Cases &gt; handles memory pressure during error recovery" time="0.035842142">
        </testcase>
        <testcase classname="src/test-scenarios/__tests__/edge-cases.test.tsx" name="Edge Cases and Boundary Conditions &gt; Memory and Performance Edge Cases &gt; handles concurrent error boundaries without interference" time="0.423481745">
            <failure message="Unable to find an element with the text: Unexpected Error. This could be because the text is broken up by multiple elements. In this case, you can provide a function for your text matcher to make your matcher more flexible.

Ignored nodes: comments, script, style
[36m&lt;body&gt;[39m
  [36m&lt;div&gt;[39m
    [36m&lt;div&gt;[39m
      [36m&lt;div[39m
        [33mstyle[39m=[32m&quot;min-height: 400px; background: rgb(245, 245, 245); display: flex; align-items: center; justify-content: center; padding: 32px; border-radius: 8px;&quot;[39m
      [36m&gt;[39m
        [36m&lt;div[39m
          [33mstyle[39m=[32m&quot;max-width: 600px; width: 100%; text-align: center; background: rgba(255, 255, 255, 0.9); border-radius: 16px; padding: 32px; border: 1px solid rgb(229, 231, 235); box-shadow: 0 4px 6px rgba(0, 0, 0, 0.1);&quot;[39m
        [36m&gt;[39m
          [36m&lt;svg[39m
            [33maria-hidden[39m=[32m&quot;true&quot;[39m
            [33mclass[39m=[32m&quot;lucide lucide-circle-alert&quot;[39m
            [33mfill[39m=[32m&quot;none&quot;[39m
            [33mheight[39m=[32m&quot;48&quot;[39m
            [33mstroke[39m=[32m&quot;currentColor&quot;[39m
            [33mstroke-linecap[39m=[32m&quot;round&quot;[39m
            [33mstroke-linejoin[39m=[32m&quot;round&quot;[39m
            [33mstroke-width[39m=[32m&quot;2&quot;[39m
            [33mstyle[39m=[32m&quot;color: rgb(239, 68, 68); margin-bottom: 16px;&quot;[39m
            [33mviewBox[39m=[32m&quot;0 0 24 24&quot;[39m
            [33mwidth[39m=[32m&quot;48&quot;[39m
            [33mxmlns[39m=[32m&quot;http://www.w3.org/2000/svg&quot;[39m
          [36m&gt;[39m
            [36m&lt;circle[39m
              [33mcx[39m=[32m&quot;12&quot;[39m
              [33mcy[39m=[32m&quot;12&quot;[39m
              [33mr[39m=[32m&quot;10&quot;[39m
            [36m/&gt;[39m
            [36m&lt;line[39m
              [33mx1[39m=[32m&quot;12&quot;[39m
              [33mx2[39m=[32m&quot;12&quot;[39m
              [33my1[39m=[32m&quot;8&quot;[39m
              [33my2[39m=[32m&quot;12&quot;[39m
            [36m/&gt;[39m
            [36m&lt;line[39m
              [33mx1[39m=[32m&quot;12&quot;[39m
              [33mx2[39m=[32m&quot;12.01&quot;[39m
              [33my1[39m=[32m&quot;16&quot;[39m
              [33my2[39m=[32m&quot;16&quot;[39m
            [36m/&gt;[39m
          [36m&lt;/svg&gt;[39m
          [36m&lt;h3[39m
            [33mstyle[39m=[32m&quot;font-size: 20px; font-weight: bold; margin-bottom: 8px; color: rgb(31, 41, 55);&quot;[39m
          [36m&gt;[39m
            [0mNetwork Connection Issue[0m
          [36m&lt;/h3&gt;[39m
          [36m&lt;p[39m
            [33mstyle[39m=[32m&quot;font-size: 14px; margin-bottom: 20px; color: rgb(107, 114, 128); line-height: 1.5;&quot;[39m
          [36m&gt;[39m
            [0mCheck your internet connection and try again. If the problem persists, contact your network administrator.[0m
          [36m&lt;/p&gt;[39m
          [36m&lt;details[39m
            [33mstyle[39m=[32m&quot;text-align: left; margin-bottom: 20px; background: rgba(0, 0, 0, 0.05); padding: 12px; border-radius: 6px; font-size: 12px;&quot;[39m
          [36m&gt;[39m
            [36m&lt;summary[39m
              [33mstyle[39m=[32m&quot;cursor: pointer; margin-bottom: 8px; color: rgb(107, 114, 128); font-size: 12px;&quot;[39m
            [36m&gt;[39m
              [36m&lt;svg[39m
                [33maria-hidden[39m=[32m&quot;true&quot;[39m
                [33mclass[39m=[32m&quot;lucide lucide-bug&quot;[39m
                [33mfill[39m=[32m&quot;none&quot;[39m
                [33mheight[39m=[32m&quot;14&quot;[39m
                [33mstroke[39m=[32m&quot;currentColor&quot;[39m
                [33mstroke-linecap[39m=[32m&quot;round&quot;[39m
                [33mstroke-linejoin[39m=[32m&quot;round&quot;[39m
                [33mstroke-width[39m=[32m&quot;2&quot;[39m
                [33mstyle[39m=[32m&quot;margin-right: 6px; vertical-align: middle;&quot;[39m
                [33mviewBox[39m=[32m&quot;0 0 24 24&quot;[39m
                [33mwidth[39m=[32m&quot;14&quot;[39m
                [33mxmlns[39m=[32m&quot;http://www.w3.org/2000/svg&quot;[39m
              [36m&gt;[39m
                [36m&lt;path[39m
                  [33md[39m=[32m&quot;m8 2 1.88 1.88&quot;[39m
                [36m/&gt;[39m
                [36m&lt;path[39m
                  [33md[39m=[32m&quot;M14.12 3.88 16 2&quot;[39m
                [36m/&gt;[39m
                [36m&lt;path[39m
                  [33md[39m=[32m&quot;M9 7.13v-1a3.003 3.003 0 1 1 6 0v1&quot;[39m
                [36m/&gt;[39m
                [36m&lt;path[39m
                  [33md[39m=[32m&quot;M12 20c-3.3 0-6-2.7-6-6v-3a4 4 0 0 1 4-4h4a4 4 0 0 1 4 4v3c0 3.3-2.7 6-6 6&quot;[39m
                [36m/&gt;[39m
                [36m&lt;path[39m
                  [33md[39m=[32m&quot;M12 20v-9&quot;[39m
                [36m/&gt;[39m
                [36m&lt;path[39m
                  [33md[39m=[32m&quot;M6.53 9C4.6 8.8 3 7.1 3 5&quot;[39m
                [36m/&gt;[39m
                [36m&lt;path[39m
                  [33md[39m=[32m&quot;M6 13H2&quot;[39m
                [36m/&gt;[39m
                [36m&lt;path[39m
                  [33md[39m=[32m&quot;M3 21c0-2.1 1.7-3.9 3.8-4&quot;[39m
                [36m/&gt;[39m
                [36m&lt;path[39m
                  [33md[39m=[32m&quot;M20.97 5c0 2.1-1.6 3.8-3.5 4&quot;[39m
                [36m/&gt;[39m
                [36m&lt;path[39m
                  [33md[39m=[32m&quot;M22 13h-4&quot;[39m
                [36m/&gt;[39m
                [36m&lt;path[39m
                  [33md[39m=[32m&quot;M17.2 17c2.1.1 3.8 1.9 3.8 4&quot;[39m
                [36m/&gt;[39m
              [36m&lt;/svg&gt;[39m
              [0mError Details (Development Only)[0m
            [36m&lt;/summary&gt;[39m
            [36m&lt;div[39m
              [33mstyle[39m=[32m&quot;font-family: monospace; color: rgb(75, 85, 99); word-break: break-word;&quot;[39m
            [36m&gt;[39m
              [36m&lt;strong&gt;[39m
                [0mType:[0m
              [36m&lt;/strong&gt;[39m
              [0m [0m
              [0mNETWORK[0m
              [36m&lt;br /&gt;[39m
              [36m&lt;strong&gt;[39m
                [0mCode:[0m
              [36m&lt;/strong&gt;[39m
              [0m [0m
              [0mUnknown[0m
              [36m&lt;br /&gt;[39m
              [36m&lt;strong&gt;[39m
                [0mMessage:[0m
              [36m&lt;/strong&gt;[39m
              [0m [0m
              [0mError from component comp1[0m
              [36m&lt;br /&gt;[39m
              [36m&lt;strong&gt;[39m
                [0mStack:[0m
              [36m&lt;/strong&gt;[39m
              [36m&lt;pre[39m
                [33mstyle[39m=[32m&quot;white-space: pre-wrap; word-break: break-word; margin: 4px 0px 0px 0px; font-size: 10px;&quot;[39m
              [36m&gt;[39m
                [0mAppError: Error from component comp1
    at LifecycleTestComponent (/home/ilya/projects/SimpleAdminReporter/frontend/src/test-scenarios/__tests__/edge-cases.test.tsx:100:11)
    at Object.react_stack_bottom_frame (/home/ilya/projects/SimpleAdminReporter/frontend/node_modules/react-dom/cjs/react-dom-client.development.js:23863:20)
    at renderWithHooks (/home/ilya/projects/SimpleAdminReporter/frontend/node_modules/react-dom/cjs/react-dom-client.development.js:5529:22)
    at updateFunctionComponent (/home/ilya/projects/SimpleAdminReporter/frontend/node_modules/react-dom/cjs/react-dom-client.development.js:8897:19)
    at beginWork (/home/ilya/projects/SimpleAdminReporter/frontend/node_modules/react-dom/cjs/react-dom-client.development.js:10522:18)
    at runWithFiberInDEV (/home/i..." type="TestingLibraryElementError">
TestingLibraryElementError: Unable to find an element with the text: Unexpected Error. This could be because the text is broken up by multiple elements. In this case, you can provide a function for your text matcher to make your matcher more flexible.

Ignored nodes: comments, script, style
&lt;body&gt;
  &lt;div&gt;
    &lt;div&gt;
      &lt;div
        style=&quot;min-height: 400px; background: rgb(245, 245, 245); display: flex; align-items: center; justify-content: center; padding: 32px; border-radius: 8px;&quot;
      &gt;
        &lt;div
          style=&quot;max-width: 600px; width: 100%; text-align: center; background: rgba(255, 255, 255, 0.9); border-radius: 16px; padding: 32px; border: 1px solid rgb(229, 231, 235); box-shadow: 0 4px 6px rgba(0, 0, 0, 0.1);&quot;
        &gt;
          &lt;svg
            aria-hidden=&quot;true&quot;
            class=&quot;lucide lucide-circle-alert&quot;
            fill=&quot;none&quot;
            height=&quot;48&quot;
            stroke=&quot;currentColor&quot;
            stroke-linecap=&quot;round&quot;
            stroke-linejoin=&quot;round&quot;
            stroke-width=&quot;2&quot;
            style=&quot;color: rgb(239, 68, 68); margin-bottom: 16px;&quot;
            viewBox=&quot;0 0 24 24&quot;
            width=&quot;48&quot;
            xmlns=&quot;http://www.w3.org/2000/svg&quot;
          &gt;
            &lt;circle
              cx=&quot;12&quot;
              cy=&quot;12&quot;
              r=&quot;10&quot;
            /&gt;
            &lt;line
              x1=&quot;12&quot;
              x2=&quot;12&quot;
              y1=&quot;8&quot;
              y2=&quot;12&quot;
            /&gt;
            &lt;line
              x1=&quot;12&quot;
              x2=&quot;12.01&quot;
              y1=&quot;16&quot;
              y2=&quot;16&quot;
            /&gt;
          &lt;/svg&gt;
          &lt;h3
            style=&quot;font-size: 20px; font-weight: bold; margin-bottom: 8px; color: rgb(31, 41, 55);&quot;
          &gt;
            Network Connection Issue
          &lt;/h3&gt;
          &lt;p
            style=&quot;font-size: 14px; margin-bottom: 20px; color: rgb(107, 114, 128); line-height: 1.5;&quot;
          &gt;
            Check your internet connection and try again. If the problem persists, contact your network administrator.
          &lt;/p&gt;
          &lt;details
            style=&quot;text-align: left; margin-bottom: 20px; background: rgba(0, 0, 0, 0.05); padding: 12px; border-radius: 6px; font-size: 12px;&quot;
          &gt;
            &lt;summary
              style=&quot;cursor: pointer; margin-bottom: 8px; color: rgb(107, 114, 128); font-size: 12px;&quot;
            &gt;
              &lt;svg
                aria-hidden=&quot;true&quot;
                class=&quot;lucide lucide-bug&quot;
                fill=&quot;none&quot;
                height=&quot;14&quot;
                stroke=&quot;currentColor&quot;
                stroke-linecap=&quot;round&quot;
                stroke-linejoin=&quot;round&quot;
                stroke-width=&quot;2&quot;
                style=&quot;margin-right: 6px; vertical-align: middle;&quot;
                viewBox=&quot;0 0 24 24&quot;
                width=&quot;14&quot;
                xmlns=&quot;http://www.w3.org/2000/svg&quot;
              &gt;
                &lt;path
                  d=&quot;m8 2 1.88 1.88&quot;
                /&gt;
                &lt;path
                  d=&quot;M14.12 3.88 16 2&quot;
                /&gt;
                &lt;path
                  d=&quot;M9 7.13v-1a3.003 3.003 0 1 1 6 0v1&quot;
                /&gt;
                &lt;path
                  d=&quot;M12 20c-3.3 0-6-2.7-6-6v-3a4 4 0 0 1 4-4h4a4 4 0 0 1 4 4v3c0 3.3-2.7 6-6 6&quot;
                /&gt;
                &lt;path
                  d=&quot;M12 20v-9&quot;
                /&gt;
                &lt;path
                  d=&quot;M6.53 9C4.6 8.8 3 7.1 3 5&quot;
                /&gt;
                &lt;path
                  d=&quot;M6 13H2&quot;
                /&gt;
                &lt;path
                  d=&quot;M3 21c0-2.1 1.7-3.9 3.8-4&quot;
                /&gt;
                &lt;path
                  d=&quot;M20.97 5c0 2.1-1.6 3.8-3.5 4&quot;
                /&gt;
                &lt;path
                  d=&quot;M22 13h-4&quot;
                /&gt;
                &lt;path
                  d=&quot;M17.2 17c2.1.1 3.8 1.9 3.8 4&quot;
                /&gt;
              &lt;/svg&gt;
              Error Details (Development Only)
            &lt;/summary&gt;
            &lt;div
              style=&quot;font-family: monospace; color: rgb(75, 85, 99); word-break: break-word;&quot;
            &gt;
              &lt;strong&gt;
                Type:
              &lt;/strong&gt;
               
              NETWORK
              &lt;br /&gt;
              &lt;strong&gt;
                Code:
              &lt;/strong&gt;
               
              Unknown
              &lt;br /&gt;
              &lt;strong&gt;
                Message:
              &lt;/strong&gt;
               
              Error from component comp1
              &lt;br /&gt;
              &lt;strong&gt;
                Stack:
              &lt;/strong&gt;
              &lt;pre
                style=&quot;white-space: pre-wrap; word-break: break-word; margin: 4px 0px 0px 0px; font-size: 10px;&quot;
              &gt;
                AppError: Error from component comp1
    at LifecycleTestComponent (/home/ilya/projects/SimpleAdminReporter/frontend/src/test-scenarios/__tests__/edge-cases.test.tsx:100:11)
    at Object.react_stack_bottom_frame (/home/ilya/projects/SimpleAdminReporter/frontend/node_modules/react-dom/cjs/react-dom-client.development.js:23863:20)
    at renderWithHooks (/home/ilya/projects/SimpleAdminReporter/frontend/node_modules/react-dom/cjs/react-dom-client.development.js:5529:22)
    at updateFunctionComponent (/home/ilya/projects/SimpleAdminReporter/frontend/node_modules/react-dom/cjs/react-dom-client.development.js:8897:19)
    at beginWork (/home/ilya/projects/SimpleAdminReporter/frontend/node_modules/react-dom/cjs/react-dom-client.development.js:10522:18)
    at runWithFiberInDEV (/home/i...
 ❯ LifecycleTestComponent src/test-scenarios/__tests__/edge-cases.test.tsx:100:11
 ❯ Object.react_stack_bottom_frame node_modules/react-dom/cjs/react-dom-client.development.js:23863:20
 ❯ renderWithHooks node_modules/react-dom/cjs/react-dom-client.development.js:5529:22
 ❯ updateFunctionComponent node_modules/react-dom/cjs/react-dom-client.development.js:8897:19
 ❯ beginWork node_modules/react-dom/cjs/react-dom-client.development.js:10522:18
 ❯ Object.getElementError node_modules/@testing-library/dom/dist/config.js:37:19
 ❯ node_modules/@testing-library/dom/dist/query-helpers.js:76:38
 ❯ node_modules/@testing-library/dom/dist/query-helpers.js:109:15
 ❯ src/test-scenarios/__tests__/edge-cases.test.tsx:586:36
            </failure>
        </testcase>
        <testcase classname="src/test-scenarios/__tests__/edge-cases.test.tsx" name="Edge Cases and Boundary Conditions &gt; Browser Compatibility Edge Cases &gt; handles localStorage unavailability" time="0.008348947">
            <failure message="Storage unavailable" type="Error">
Error: Storage unavailable
 ❯ Object.&lt;anonymous&gt; src/test-scenarios/__tests__/edge-cases.test.tsx:605:40
 ❯ getDerivedStateFromError src/components/query/QueryPreviewErrorBoundary.tsx:71:41
 ❯ QueryPreviewErrorBoundary.update.payload node_modules/react-dom/cjs/react-dom-client.development.js:8396:18
 ❯ processUpdateQueue node_modules/react-dom/cjs/react-dom-client.development.js:5292:46
 ❯ updateClassComponent node_modules/react-dom/cjs/react-dom-client.development.js:9296:9
 ❯ beginWork node_modules/react-dom/cjs/react-dom-client.development.js:10536:13
 ❯ runWithFiberInDEV node_modules/react-dom/cjs/react-dom-client.development.js:1522:13
 ❯ performUnitOfWork node_modules/react-dom/cjs/react-dom-client.development.js:15140:22
            </failure>
        </testcase>
        <testcase classname="src/test-scenarios/__tests__/edge-cases.test.tsx" name="Edge Cases and Boundary Conditions &gt; Browser Compatibility Edge Cases &gt; handles missing console methods gracefully" time="0.149740135">
        </testcase>
        <testcase classname="src/test-scenarios/__tests__/edge-cases.test.tsx" name="Edge Cases and Boundary Conditions &gt; Browser Compatibility Edge Cases &gt; handles missing performance API" time="0.178433659">
        </testcase>
        <testcase classname="src/test-scenarios/__tests__/edge-cases.test.tsx" name="Edge Cases and Boundary Conditions &gt; Browser Compatibility Edge Cases &gt; handles missing navigator properties" time="0.155243337">
        </testcase>
        <testcase classname="src/test-scenarios/__tests__/edge-cases.test.tsx" name="Edge Cases and Boundary Conditions &gt; Complex Error Cascades &gt; handles cascading system failures" time="0.16120881">
        </testcase>
        <testcase classname="src/test-scenarios/__tests__/edge-cases.test.tsx" name="Edge Cases and Boundary Conditions &gt; Complex Error Cascades &gt; handles error recovery failures" time="0.253387878">
        </testcase>
        <testcase classname="src/test-scenarios/__tests__/edge-cases.test.tsx" name="Edge Cases and Boundary Conditions &gt; Complex Error Cascades &gt; handles circular error dependencies" time="0.022239809">
        </testcase>
        <testcase classname="src/test-scenarios/__tests__/edge-cases.test.tsx" name="Edge Cases and Boundary Conditions &gt; Timing and Race Conditions &gt; handles rapid mount/unmount cycles" time="0.396133907">
        </testcase>
        <testcase classname="src/test-scenarios/__tests__/edge-cases.test.tsx" name="Edge Cases and Boundary Conditions &gt; Timing and Race Conditions &gt; handles simultaneous error and success states" time="0.023563073">
        </testcase>
        <testcase classname="src/test-scenarios/__tests__/edge-cases.test.tsx" name="Edge Cases and Boundary Conditions &gt; Timing and Race Conditions &gt; handles timer conflicts during rapid operations" time="0.021453341">
        </testcase>
    </testsuite>
    <testsuite name="src/test-scenarios/__tests__/error-scenarios.test.tsx" timestamp="2025-08-22T07:42:59.453Z" hostname="ifedotovNB" tests="41" failures="2" errors="0" skipped="0" time="4.887461799">
        <testcase classname="src/test-scenarios/__tests__/error-scenarios.test.tsx" name="Error Scenarios - Comprehensive Testing &gt; Network Error Scenarios &gt; handles complete network failure" time="0.65793514">
        </testcase>
        <testcase classname="src/test-scenarios/__tests__/error-scenarios.test.tsx" name="Error Scenarios - Comprehensive Testing &gt; Network Error Scenarios &gt; handles DNS resolution failures" time="0.169168919">
        </testcase>
        <testcase classname="src/test-scenarios/__tests__/error-scenarios.test.tsx" name="Error Scenarios - Comprehensive Testing &gt; Network Error Scenarios &gt; handles connection refused errors" time="0.207754265">
        </testcase>
        <testcase classname="src/test-scenarios/__tests__/error-scenarios.test.tsx" name="Error Scenarios - Comprehensive Testing &gt; Network Error Scenarios &gt; provides network-specific recovery guidance" time="0.033762755">
        </testcase>
        <testcase classname="src/test-scenarios/__tests__/error-scenarios.test.tsx" name="Error Scenarios - Comprehensive Testing &gt; Timeout Error Scenarios &gt; handles request timeouts" time="0.272487085">
        </testcase>
        <testcase classname="src/test-scenarios/__tests__/error-scenarios.test.tsx" name="Error Scenarios - Comprehensive Testing &gt; Timeout Error Scenarios &gt; handles server timeout responses (408)" time="0.139960443">
        </testcase>
        <testcase classname="src/test-scenarios/__tests__/error-scenarios.test.tsx" name="Error Scenarios - Comprehensive Testing &gt; Timeout Error Scenarios &gt; handles gateway timeout responses (504)" time="0.239955368">
        </testcase>
        <testcase classname="src/test-scenarios/__tests__/error-scenarios.test.tsx" name="Error Scenarios - Comprehensive Testing &gt; Timeout Error Scenarios &gt; provides timeout-specific recovery guidance" time="0.006840777">
        </testcase>
        <testcase classname="src/test-scenarios/__tests__/error-scenarios.test.tsx" name="Error Scenarios - Comprehensive Testing &gt; Validation Error Scenarios &gt; handles query validation errors" time="0.190139863">
            <failure message="Unable to find an element with the text: Try Again. This could be because the text is broken up by multiple elements. In this case, you can provide a function for your text matcher to make your matcher more flexible.

Ignored nodes: comments, script, style
[36m&lt;body&gt;[39m
  [36m&lt;div&gt;[39m
    [36m&lt;div[39m
      [33mstyle[39m=[32m&quot;min-height: 400px; background: rgb(245, 245, 245); display: flex; align-items: center; justify-content: center; padding: 32px; border-radius: 8px;&quot;[39m
    [36m&gt;[39m
      [36m&lt;div[39m
        [33mstyle[39m=[32m&quot;max-width: 600px; width: 100%; text-align: center; background: rgba(255, 255, 255, 0.9); border-radius: 16px; padding: 32px; border: 1px solid rgb(229, 231, 235); box-shadow: 0 4px 6px rgba(0, 0, 0, 0.1);&quot;[39m
      [36m&gt;[39m
        [36m&lt;svg[39m
          [33maria-hidden[39m=[32m&quot;true&quot;[39m
          [33mclass[39m=[32m&quot;lucide lucide-circle-alert&quot;[39m
          [33mfill[39m=[32m&quot;none&quot;[39m
          [33mheight[39m=[32m&quot;48&quot;[39m
          [33mstroke[39m=[32m&quot;currentColor&quot;[39m
          [33mstroke-linecap[39m=[32m&quot;round&quot;[39m
          [33mstroke-linejoin[39m=[32m&quot;round&quot;[39m
          [33mstroke-width[39m=[32m&quot;2&quot;[39m
          [33mstyle[39m=[32m&quot;color: rgb(239, 68, 68); margin-bottom: 16px;&quot;[39m
          [33mviewBox[39m=[32m&quot;0 0 24 24&quot;[39m
          [33mwidth[39m=[32m&quot;48&quot;[39m
          [33mxmlns[39m=[32m&quot;http://www.w3.org/2000/svg&quot;[39m
        [36m&gt;[39m
          [36m&lt;circle[39m
            [33mcx[39m=[32m&quot;12&quot;[39m
            [33mcy[39m=[32m&quot;12&quot;[39m
            [33mr[39m=[32m&quot;10&quot;[39m
          [36m/&gt;[39m
          [36m&lt;line[39m
            [33mx1[39m=[32m&quot;12&quot;[39m
            [33mx2[39m=[32m&quot;12&quot;[39m
            [33my1[39m=[32m&quot;8&quot;[39m
            [33my2[39m=[32m&quot;12&quot;[39m
          [36m/&gt;[39m
          [36m&lt;line[39m
            [33mx1[39m=[32m&quot;12&quot;[39m
            [33mx2[39m=[32m&quot;12.01&quot;[39m
            [33my1[39m=[32m&quot;16&quot;[39m
            [33my2[39m=[32m&quot;16&quot;[39m
          [36m/&gt;[39m
        [36m&lt;/svg&gt;[39m
        [36m&lt;h3[39m
          [33mstyle[39m=[32m&quot;font-size: 20px; font-weight: bold; margin-bottom: 8px; color: rgb(31, 41, 55);&quot;[39m
        [36m&gt;[39m
          [0mQuery Configuration Error[0m
        [36m&lt;/h3&gt;[39m
        [36m&lt;p[39m
          [33mstyle[39m=[32m&quot;font-size: 14px; margin-bottom: 20px; color: rgb(107, 114, 128); line-height: 1.5;&quot;[39m
        [36m&gt;[39m
          [0mThere&apos;s an issue with your query configuration. Please check your field selections, filters, and try again.[0m
        [36m&lt;/p&gt;[39m
        [36m&lt;div[39m
          [33mclass[39m=[32m&quot;ant-alert ant-alert-warning ant-alert-with-description css-dev-only-do-not-override-l9pxc0&quot;[39m
          [33mdata-show[39m=[32m&quot;true&quot;[39m
          [33mrole[39m=[32m&quot;alert&quot;[39m
          [33mstyle[39m=[32m&quot;margin-bottom: 20px; text-align: left;&quot;[39m
        [36m&gt;[39m
          [36m&lt;span[39m
            [33maria-label[39m=[32m&quot;exclamation-circle&quot;[39m
            [33mclass[39m=[32m&quot;anticon anticon-exclamation-circle ant-alert-icon&quot;[39m
            [33mrole[39m=[32m&quot;img&quot;[39m
          [36m&gt;[39m
            [36m&lt;svg[39m
              [33maria-hidden[39m=[32m&quot;true&quot;[39m
              [33mdata-icon[39m=[32m&quot;exclamation-circle&quot;[39m
              [33mfill[39m=[32m&quot;currentColor&quot;[39m
              [33mfocusable[39m=[32m&quot;false&quot;[39m
              [33mheight[39m=[32m&quot;1em&quot;[39m
              [33mviewBox[39m=[32m&quot;64 64 896 896&quot;[39m
              [33mwidth[39m=[32m&quot;1em&quot;[39m
            [36m&gt;[39m
              [36m&lt;path[39m
                [33md[39m=[32m&quot;M512 64C264.6 64 64 264.6 64 512s200.6 448 448 448 448-200.6 448-448S759.4 64 512 64zm-32 232c0-4.4 3.6-8 8-8h48c4.4 0 8 3.6 8 8v272c0 4.4-3.6 8-8 8h-48c-4.4 0-8-3.6-8-8V296zm32 440a48.01 48.01 0 010-96 48.01 48.01 0 010 96z&quot;[39m
              [36m/&gt;[39m
            [36m&lt;/svg&gt;[39m
          [36m&lt;/span&gt;[39m
          [36m&lt;div[39m
            [33mclass[39m=[32m&quot;ant-alert-content&quot;[39m
          [36m&gt;[39m
            [36m&lt;div[39m
              [33mclass[39m=[32m&quot;ant-alert-message&quot;[39m
            [36m&gt;[39m
              [0mThis error has occurred 7 times[0m
            [36m&lt;/div&gt;[39m
            [36m&lt;div[39m
              [33mclass[39m=[32m&quot;ant-alert-description&quot;[39m
            [36m&gt;[39m
              [0mIf the problem persists, please try a different approach or contact support.[0m
            [36m&lt;/div&gt;[39m
          [36m&lt;/div&gt;[39m
        [36m&lt;/div&gt;[39m
        [36m&lt;details[39m
          [33mstyle[39m=[32m&quot;text-align: left; margin-bottom: 20px; background: rgba(0, 0, 0, 0.05); padding: 12px; border-radius: 6px; font-size: 12px;&quot;[39m
        [36m&gt;[39m
          [36m&lt;summary[39m
            [33mstyle[39m=[32m&quot;cursor: pointer; margin-bottom: 8px; color: rgb(107, 114, 128); font-size: 12px;&quot;[39m
          [36m&gt;[39m
            [36m&lt;svg[39m
              [33maria-hidden[39m=[32m&quot;true&quot;[39m
              [33mclass[39m=[32m&quot;lucide lucide-bug&quot;[39m
              [33mfill[39m=[32m&quot;none&quot;[39m
              [33mheight[39m=[32m&quot;14&quot;[39m
              [33mstroke[39m=[32m&quot;currentColor&quot;[39m
              [33mstroke-linecap[39m=[32m&quot;round&quot;[39m
              [33mstroke-linejoin[39m=[32m&quot;round&quot;[39m
              [33mstroke-width[39m=[32m&quot;2&quot;[39m
              [33mstyle[39m=[32m&quot;margin-right: 6px; vertical-align: middle;&quot;[39m
              [33mviewBox[39m=[32m&quot;0 0 24 24&quot;[39m
              [33mwidth[39m=[32m&quot;14&quot;[39m
              [33mxmlns[39m=[32m&quot;http://www.w3.org/2000/svg&quot;[39m
            [36m&gt;[39m
              [36m&lt;path[39m
                [33md[39m=[32m&quot;m8 2 1.88 1.88&quot;[39m
              [36m/&gt;[39m
              [36m&lt;path[39m
                [33md[39m=[32m&quot;M14.12 3.88 16 2&quot;[39m
              [36m/&gt;[39m
              [36m&lt;path[39m
                [33md[39m=[32m&quot;M9 7.13v-1a3.003 3.003 0 1 1 6 0v1&quot;[39m
              [36m/&gt;[39m
              [36m&lt;path[39m
                [33md[39m=[32m&quot;M12 20c-3.3 0-6-2.7-6-6v-3a4 4 0 0 1 4-4h4a4 4 0 0 1 4 4v3c0 3.3-2.7 6-6 6&quot;[39m
              [36m/&gt;[39m
              [36m&lt;path[39m
                [33md[39m=[32m&quot;M12 20v-9&quot;[39m
              [36m/&gt;[39m
              [36m&lt;path[39m
                [33md[39m=[32m&quot;M6.53 9C4.6 8.8 3 7.1 3 5&quot;[39m
              [36m/&gt;[39m
              [36m&lt;path[39m
                [33md[39m=[32m&quot;M6 13H2&quot;[39m
              [36m/&gt;[39m
              [36m&lt;path[39m
                [33md[39m=[32m&quot;M3 21c0-2.1 1.7-3.9 3.8-4&quot;[39m
              [36m/&gt;[39m
              [36m&lt;path[39m
                [33md[39m=[32m&quot;M20.97 5c0 2.1-1.6 3.8-3.5 4&quot;[39m
              [36m/&gt;[39m
              [36m&lt;path[39m
                [33md[39m=[32m&quot;M22 13h-4&quot;[39m
              [36m/&gt;[39m
              [36m&lt;path[39m
                [33md[39m=[32m&quot;M17.2 17c2.1.1 3.8 1.9 3.8 4&quot;[39m
              [36m/&gt;[39m
            [36m&lt;/svg&gt;[39m
            [0mError Details (Development Only)[0m
          [36m&lt;/summary&gt;[39m
          [36m&lt;div[39m
            [33mstyle[39m=[32m&quot;font-family: monospace; color: rgb(75, 85, 99); word-break: break-word;&quot;[39m
          [36m&gt;[39m
            [36m&lt;strong&gt;[39m
              [0mType:[0m
            [36m&lt;/strong&gt;[39m
            [0m [0m
            [0mVALIDATION[0m
            [36m&lt;br /&gt;[39m
            [36m&lt;strong&gt;[39m
              [0mCode:[0m
            [36m&lt;/strong&gt;[39m
            [0m [0m
            [0mVALIDATION_ERROR[0m
            [36m&lt;br /&gt;[39m
            [36m&lt;strong&gt;[39m
              [0mMessage:[0m
            [36m&lt;/strong&gt;[39m
            [0m [0m
            [0mInvalid query parameters[0m
            [36m&lt;br /&gt;[39m
            [36m&lt;strong&gt;[39m
              [0mStack:[0m
            [36m&lt;/strong&gt;[39m
            [36m&lt;pre[39m
              [33mstyle[39m=[32m&quot;white-space: pre-wrap; word-break: break-word; margin: 4px 0px 0px 0px; font-size: 10px;&quot;[39m
            [36m&gt;[39m
              [0mAppError: Invalid query parameters
    at ErrorTestComponent (/home/ilya/projects/SimpleAdminReporter/frontend/src/test-scenarios/__tests__/error-scenarios.test.tsx:36:13)
    at Object.react_stack_bottom_frame (/home/ilya/projects/SimpleAdminReporter/frontend/node_modules/react-dom/cjs/react-dom-client.development.js:23863:20)
    at renderWithHooks (/home/ilya/projects/SimpleAdminReporter/frontend/node_modules/react-dom/cjs/react-dom-client.development.js:5529:22)
    at updateFunctionComponent (/home/ilya/projects/SimpleAdminReporter/frontend/node_modules/react-dom/cjs/react-dom-client.development.js:8897:19)
    at beginWork (/home/ilya/projects/SimpleAdminReporter/frontend/node_modules/react-dom/cjs/react-dom-client.development.js:10522:18)
    at runWithFiberInDEV (/home/ilya/projects/SimpleAdminReporter/frontend/node_modules/react-dom/cjs/react-dom-client.development.js:1522:13)
    at performUnitOfWork (/home/ilya/projects/SimpleAdminReporter/frontend/node_modules/react-dom/cjs/react-dom-client.development.js:15140:22)
    at workLoopSync (/home/ilya/projects/SimpleAdminReporter/frontend/node_modules/react-dom/cjs/react-dom-client.development.js:14956:41)
    at renderRootSync (/home/ilya/projects/SimpleAdminReporter/frontend/node_modules/react-dom/cjs/react-dom-client.development.js:14936:11)
    at performWorkOnRoot (/home/ilya/projects/SimpleAdminReporter/frontend/node_modules/react-dom/cjs/react-dom-client.development.js:14462:44)[0m
            [36m&lt;/pre&gt;[39m
          [36m&lt;/div&gt;[39m
        [36m&lt;/details&gt;[39m
        [36m&lt;div[39m
          [33mclass[39m=[32m&quot;ant-space css-dev-only-do-not-override-l9pxc0 ant-space-horizontal ant-space-align-center ant-space-gap-row-middle ant-space-gap-col-middle&quot;[39m
          [33mstyle[39m=[32m&quot;margin-top: 16px;&quot;[39m
        [36m&gt;[39m
          [36m&lt;div[39m
            [33mclass[39m=[32m&quot;ant-space-item&quot;[39m
          [36m&gt;[39m
            [36m&lt;button[39m
              [33mclass[39m=[32m&quot;ant-btn css-dev-only-do-not-override-l9pxc0 ant-btn-default ant-btn-color-default ant-btn-variant-outlined ant-btn-lg&quot;[39m
              [33mtype[39m=[32m&quot;button&quot;[39m
            [36m&gt;[39m
              [36m&lt;span[39m
                [33mclass[39m=[32m&quot;ant-btn-icon&quot;[39m
              [36m&gt;[39m
                [36m&lt;svg[39m
                  [33maria-hidden[39m=[32m&quot;true&quot;[39m
                  [33mclass[39m=[32m&quot;lucide lucide-arrow-left&quot;[39m
                  [33mfill[39m=[32m&quot;none&quot;[39m
                  [33mheight[39m=[32m&quot;14&quot;[39m
                  [33mstroke[39m=[32m&quot;currentColor&quot;[39m
                  [33mstroke-linecap[39m=[32m&quot;round&quot;[39m
                  [33mstroke-linejoin[39m=[32m&quot;round&quot;[39m
                  [33mstroke-width[39m=[32m&quot;2&quot;[39m
                  [33mviewBox[39m=[32m&quot;0 0 24 24&quot;[39m
                  [33mwidth[39m=[32m&quot;14&quot;[39m
                  [33mxmlns[39m=[32m&quot;http://www.w3.org/2000/svg&quot;[39m
                [36m&gt;[39m
                  [36m&lt;path[39m
                    [33md[39m=[32m&quot;m12 19-7-7 7-7&quot;[39m
                  [36m/&gt;[39m
                  [36m&lt;path[39m
                    [33md[39m=[32m&quot;M19 12H5&quot;[39m
                  [36m/&gt;[39m
                [36m&lt;/svg&gt;[39m
              [36m&lt;/span&gt;[39m
              [36m&lt;span&gt;[39m
                [0mGo Back[0m
              [36m&lt;/span&gt;[39m
            [36m&lt;/button&gt;[39m
          [36m&lt;/div&gt;[39m
          [36m&lt;div[39m
            [33mclass[39m=[32m&quot;ant-space-item&quot;[39m
          [36m&gt;[39m
            [36m&lt;button[39m
              [33mclass[39m=[32m&quot;ant-btn css-dev-only-do-not-override-l9pxc0 ant-btn-default ant-btn-color-default ant-btn-variant-outlined ant-btn-lg&quot;[39m
              [33mtype[39m=[32m&quot;button&quot;[39m
            [36m&gt;[39m
              [36m&lt;span[39m
                [33mclass[39m=[32m&quot;ant-btn-icon&quot;[39m
              [36m&gt;[39m
                [36m&lt;svg[39m
                  [33maria-hidden[39m=[32m&quot;true&quot;[39m
                  [33mclass[39m=[32m&quot;lucide lucide-refresh-cw&quot;[39m
                  [33mfill[39m=[32m&quot;none&quot;[39m
                  [33mheight[39m=[32m&quot;14&quot;[39m
                  [33mstroke[39m=[32m&quot;currentColor&quot;[39m
                  [33mstroke-linecap[39m=[32m&quot;round&quot;[39m
                  [33mstroke-linejoin[39m=[32m&quot;round&quot;[39m
                  [33mstroke-width[39m=[32m&quot;2&quot;[39m
                  [33mviewBox[39m=[32m&quot;0 0 24 24&quot;[39m
                  [33mwidth[39m=[32m&quot;14&quot;[39m
                  [33mxmlns[39m=[32m&quot;http://www.w3.org/2000/svg&quot;[39m
                [36m&gt;[39m
                  [36m&lt;path[39m
                    [33md[39m=[32m&quot;M3 12a9 9 0 0 1 9-9 9.75 9.75 0 0 1 6.74 2.74L21 8&quot;[39m
                  [36m/&gt;[39m
                  [36m&lt;path[39m
                    [33md[39m=[32m&quot;M21 3v5h-5&quot;[39m
                  [36m/&gt;[39m
                  [36m&lt;path[39m
                    [33md[39m=[32m&quot;M21 12a9 9 0 0 1-9 9 9.75 9.75 0 0 1-6.74-2.74L3 16&quot;[39m
                  [36m/&gt;[39m
                  [36m&lt;path[39m
                    [33md[39m=[32m&quot;M8 16H3v5&quot;[39m
                  [36m/&gt;[39m
                [36m&lt;/svg&gt;[39m
              [36m&lt;/span&gt;[39m
              [36m&lt;span&gt;[39m
                [0mReload Page[0m
              [36m&lt;/span&gt;[39m
            [36m&lt;/button&gt;[39m
          [36m&lt;/div&gt;[39m
        [36m&lt;/div&gt;[39m
      [36m&lt;/div&gt;[39m
    [36m&lt;/div&gt;[39m
  [36m&lt;/div&gt;[39m
[36m&lt;/body&gt;[39m" type="TestingLibraryElementError">
TestingLibraryElementError: Unable to find an element with the text: Try Again. This could be because the text is broken up by multiple elements. In this case, you can provide a function for your text matcher to make your matcher more flexible.

Ignored nodes: comments, script, style
&lt;body&gt;
  &lt;div&gt;
    &lt;div
      style=&quot;min-height: 400px; background: rgb(245, 245, 245); display: flex; align-items: center; justify-content: center; padding: 32px; border-radius: 8px;&quot;
    &gt;
      &lt;div
        style=&quot;max-width: 600px; width: 100%; text-align: center; background: rgba(255, 255, 255, 0.9); border-radius: 16px; padding: 32px; border: 1px solid rgb(229, 231, 235); box-shadow: 0 4px 6px rgba(0, 0, 0, 0.1);&quot;
      &gt;
        &lt;svg
          aria-hidden=&quot;true&quot;
          class=&quot;lucide lucide-circle-alert&quot;
          fill=&quot;none&quot;
          height=&quot;48&quot;
          stroke=&quot;currentColor&quot;
          stroke-linecap=&quot;round&quot;
          stroke-linejoin=&quot;round&quot;
          stroke-width=&quot;2&quot;
          style=&quot;color: rgb(239, 68, 68); margin-bottom: 16px;&quot;
          viewBox=&quot;0 0 24 24&quot;
          width=&quot;48&quot;
          xmlns=&quot;http://www.w3.org/2000/svg&quot;
        &gt;
          &lt;circle
            cx=&quot;12&quot;
            cy=&quot;12&quot;
            r=&quot;10&quot;
          /&gt;
          &lt;line
            x1=&quot;12&quot;
            x2=&quot;12&quot;
            y1=&quot;8&quot;
            y2=&quot;12&quot;
          /&gt;
          &lt;line
            x1=&quot;12&quot;
            x2=&quot;12.01&quot;
            y1=&quot;16&quot;
            y2=&quot;16&quot;
          /&gt;
        &lt;/svg&gt;
        &lt;h3
          style=&quot;font-size: 20px; font-weight: bold; margin-bottom: 8px; color: rgb(31, 41, 55);&quot;
        &gt;
          Query Configuration Error
        &lt;/h3&gt;
        &lt;p
          style=&quot;font-size: 14px; margin-bottom: 20px; color: rgb(107, 114, 128); line-height: 1.5;&quot;
        &gt;
          There&apos;s an issue with your query configuration. Please check your field selections, filters, and try again.
        &lt;/p&gt;
        &lt;div
          class=&quot;ant-alert ant-alert-warning ant-alert-with-description css-dev-only-do-not-override-l9pxc0&quot;
          data-show=&quot;true&quot;
          role=&quot;alert&quot;
          style=&quot;margin-bottom: 20px; text-align: left;&quot;
        &gt;
          &lt;span
            aria-label=&quot;exclamation-circle&quot;
            class=&quot;anticon anticon-exclamation-circle ant-alert-icon&quot;
            role=&quot;img&quot;
          &gt;
            &lt;svg
              aria-hidden=&quot;true&quot;
              data-icon=&quot;exclamation-circle&quot;
              fill=&quot;currentColor&quot;
              focusable=&quot;false&quot;
              height=&quot;1em&quot;
              viewBox=&quot;64 64 896 896&quot;
              width=&quot;1em&quot;
            &gt;
              &lt;path
                d=&quot;M512 64C264.6 64 64 264.6 64 512s200.6 448 448 448 448-200.6 448-448S759.4 64 512 64zm-32 232c0-4.4 3.6-8 8-8h48c4.4 0 8 3.6 8 8v272c0 4.4-3.6 8-8 8h-48c-4.4 0-8-3.6-8-8V296zm32 440a48.01 48.01 0 010-96 48.01 48.01 0 010 96z&quot;
              /&gt;
            &lt;/svg&gt;
          &lt;/span&gt;
          &lt;div
            class=&quot;ant-alert-content&quot;
          &gt;
            &lt;div
              class=&quot;ant-alert-message&quot;
            &gt;
              This error has occurred 7 times
            &lt;/div&gt;
            &lt;div
              class=&quot;ant-alert-description&quot;
            &gt;
              If the problem persists, please try a different approach or contact support.
            &lt;/div&gt;
          &lt;/div&gt;
        &lt;/div&gt;
        &lt;details
          style=&quot;text-align: left; margin-bottom: 20px; background: rgba(0, 0, 0, 0.05); padding: 12px; border-radius: 6px; font-size: 12px;&quot;
        &gt;
          &lt;summary
            style=&quot;cursor: pointer; margin-bottom: 8px; color: rgb(107, 114, 128); font-size: 12px;&quot;
          &gt;
            &lt;svg
              aria-hidden=&quot;true&quot;
              class=&quot;lucide lucide-bug&quot;
              fill=&quot;none&quot;
              height=&quot;14&quot;
              stroke=&quot;currentColor&quot;
              stroke-linecap=&quot;round&quot;
              stroke-linejoin=&quot;round&quot;
              stroke-width=&quot;2&quot;
              style=&quot;margin-right: 6px; vertical-align: middle;&quot;
              viewBox=&quot;0 0 24 24&quot;
              width=&quot;14&quot;
              xmlns=&quot;http://www.w3.org/2000/svg&quot;
            &gt;
              &lt;path
                d=&quot;m8 2 1.88 1.88&quot;
              /&gt;
              &lt;path
                d=&quot;M14.12 3.88 16 2&quot;
              /&gt;
              &lt;path
                d=&quot;M9 7.13v-1a3.003 3.003 0 1 1 6 0v1&quot;
              /&gt;
              &lt;path
                d=&quot;M12 20c-3.3 0-6-2.7-6-6v-3a4 4 0 0 1 4-4h4a4 4 0 0 1 4 4v3c0 3.3-2.7 6-6 6&quot;
              /&gt;
              &lt;path
                d=&quot;M12 20v-9&quot;
              /&gt;
              &lt;path
                d=&quot;M6.53 9C4.6 8.8 3 7.1 3 5&quot;
              /&gt;
              &lt;path
                d=&quot;M6 13H2&quot;
              /&gt;
              &lt;path
                d=&quot;M3 21c0-2.1 1.7-3.9 3.8-4&quot;
              /&gt;
              &lt;path
                d=&quot;M20.97 5c0 2.1-1.6 3.8-3.5 4&quot;
              /&gt;
              &lt;path
                d=&quot;M22 13h-4&quot;
              /&gt;
              &lt;path
                d=&quot;M17.2 17c2.1.1 3.8 1.9 3.8 4&quot;
              /&gt;
            &lt;/svg&gt;
            Error Details (Development Only)
          &lt;/summary&gt;
          &lt;div
            style=&quot;font-family: monospace; color: rgb(75, 85, 99); word-break: break-word;&quot;
          &gt;
            &lt;strong&gt;
              Type:
            &lt;/strong&gt;
             
            VALIDATION
            &lt;br /&gt;
            &lt;strong&gt;
              Code:
            &lt;/strong&gt;
             
            VALIDATION_ERROR
            &lt;br /&gt;
            &lt;strong&gt;
              Message:
            &lt;/strong&gt;
             
            Invalid query parameters
            &lt;br /&gt;
            &lt;strong&gt;
              Stack:
            &lt;/strong&gt;
            &lt;pre
              style=&quot;white-space: pre-wrap; word-break: break-word; margin: 4px 0px 0px 0px; font-size: 10px;&quot;
            &gt;
              AppError: Invalid query parameters
    at ErrorTestComponent (/home/ilya/projects/SimpleAdminReporter/frontend/src/test-scenarios/__tests__/error-scenarios.test.tsx:36:13)
    at Object.react_stack_bottom_frame (/home/ilya/projects/SimpleAdminReporter/frontend/node_modules/react-dom/cjs/react-dom-client.development.js:23863:20)
    at renderWithHooks (/home/ilya/projects/SimpleAdminReporter/frontend/node_modules/react-dom/cjs/react-dom-client.development.js:5529:22)
    at updateFunctionComponent (/home/ilya/projects/SimpleAdminReporter/frontend/node_modules/react-dom/cjs/react-dom-client.development.js:8897:19)
    at beginWork (/home/ilya/projects/SimpleAdminReporter/frontend/node_modules/react-dom/cjs/react-dom-client.development.js:10522:18)
    at runWithFiberInDEV (/home/ilya/projects/SimpleAdminReporter/frontend/node_modules/react-dom/cjs/react-dom-client.development.js:1522:13)
    at performUnitOfWork (/home/ilya/projects/SimpleAdminReporter/frontend/node_modules/react-dom/cjs/react-dom-client.development.js:15140:22)
    at workLoopSync (/home/ilya/projects/SimpleAdminReporter/frontend/node_modules/react-dom/cjs/react-dom-client.development.js:14956:41)
    at renderRootSync (/home/ilya/projects/SimpleAdminReporter/frontend/node_modules/react-dom/cjs/react-dom-client.development.js:14936:11)
    at performWorkOnRoot (/home/ilya/projects/SimpleAdminReporter/frontend/node_modules/react-dom/cjs/react-dom-client.development.js:14462:44)
            &lt;/pre&gt;
          &lt;/div&gt;
        &lt;/details&gt;
        &lt;div
          class=&quot;ant-space css-dev-only-do-not-override-l9pxc0 ant-space-horizontal ant-space-align-center ant-space-gap-row-middle ant-space-gap-col-middle&quot;
          style=&quot;margin-top: 16px;&quot;
        &gt;
          &lt;div
            class=&quot;ant-space-item&quot;
          &gt;
            &lt;button
              class=&quot;ant-btn css-dev-only-do-not-override-l9pxc0 ant-btn-default ant-btn-color-default ant-btn-variant-outlined ant-btn-lg&quot;
              type=&quot;button&quot;
            &gt;
              &lt;span
                class=&quot;ant-btn-icon&quot;
              &gt;
                &lt;svg
                  aria-hidden=&quot;true&quot;
                  class=&quot;lucide lucide-arrow-left&quot;
                  fill=&quot;none&quot;
                  height=&quot;14&quot;
                  stroke=&quot;currentColor&quot;
                  stroke-linecap=&quot;round&quot;
                  stroke-linejoin=&quot;round&quot;
                  stroke-width=&quot;2&quot;
                  viewBox=&quot;0 0 24 24&quot;
                  width=&quot;14&quot;
                  xmlns=&quot;http://www.w3.org/2000/svg&quot;
                &gt;
                  &lt;path
                    d=&quot;m12 19-7-7 7-7&quot;
                  /&gt;
                  &lt;path
                    d=&quot;M19 12H5&quot;
                  /&gt;
                &lt;/svg&gt;
              &lt;/span&gt;
              &lt;span&gt;
                Go Back
              &lt;/span&gt;
            &lt;/button&gt;
          &lt;/div&gt;
          &lt;div
            class=&quot;ant-space-item&quot;
          &gt;
            &lt;button
              class=&quot;ant-btn css-dev-only-do-not-override-l9pxc0 ant-btn-default ant-btn-color-default ant-btn-variant-outlined ant-btn-lg&quot;
              type=&quot;button&quot;
            &gt;
              &lt;span
                class=&quot;ant-btn-icon&quot;
              &gt;
                &lt;svg
                  aria-hidden=&quot;true&quot;
                  class=&quot;lucide lucide-refresh-cw&quot;
                  fill=&quot;none&quot;
                  height=&quot;14&quot;
                  stroke=&quot;currentColor&quot;
                  stroke-linecap=&quot;round&quot;
                  stroke-linejoin=&quot;round&quot;
                  stroke-width=&quot;2&quot;
                  viewBox=&quot;0 0 24 24&quot;
                  width=&quot;14&quot;
                  xmlns=&quot;http://www.w3.org/2000/svg&quot;
                &gt;
                  &lt;path
                    d=&quot;M3 12a9 9 0 0 1 9-9 9.75 9.75 0 0 1 6.74 2.74L21 8&quot;
                  /&gt;
                  &lt;path
                    d=&quot;M21 3v5h-5&quot;
                  /&gt;
                  &lt;path
                    d=&quot;M21 12a9 9 0 0 1-9 9 9.75 9.75 0 0 1-6.74-2.74L3 16&quot;
                  /&gt;
                  &lt;path
                    d=&quot;M8 16H3v5&quot;
                  /&gt;
                &lt;/svg&gt;
              &lt;/span&gt;
              &lt;span&gt;
                Reload Page
              &lt;/span&gt;
            &lt;/button&gt;
          &lt;/div&gt;
        &lt;/div&gt;
      &lt;/div&gt;
    &lt;/div&gt;
  &lt;/div&gt;
&lt;/body&gt;
 ❯ ErrorTestComponent src/test-scenarios/__tests__/error-scenarios.test.tsx:36:13
 ❯ Object.react_stack_bottom_frame node_modules/react-dom/cjs/react-dom-client.development.js:23863:20
 ❯ renderWithHooks node_modules/react-dom/cjs/react-dom-client.development.js:5529:22
 ❯ updateFunctionComponent node_modules/react-dom/cjs/react-dom-client.development.js:8897:19
 ❯ beginWork node_modules/react-dom/cjs/react-dom-client.development.js:10522:18
 ❯ runWithFiberInDEV node_modules/react-dom/cjs/react-dom-client.development.js:1522:13
 ❯ performUnitOfWork node_modules/react-dom/cjs/react-dom-client.development.js:15140:22
 ❯ workLoopSync node_modules/react-dom/cjs/react-dom-client.development.js:14956:41
 ❯ renderRootSync node_modules/react-dom/cjs/react-dom-client.development.js:14936:11
 ❯ Object.getElementError node_modules/@testing-library/dom/dist/config.js:37:19
 ❯ node_modules/@testing-library/dom/dist/query-helpers.js:76:38
 ❯ node_modules/@testing-library/dom/dist/query-helpers.js:52:17
 ❯ node_modules/@testing-library/dom/dist/query-helpers.js:95:19
 ❯ src/test-scenarios/__tests__/error-scenarios.test.tsx:234:21
            </failure>
        </testcase>
        <testcase classname="src/test-scenarios/__tests__/error-scenarios.test.tsx" name="Error Scenarios - Comprehensive Testing &gt; Validation Error Scenarios &gt; handles field validation errors" time="0.104339816">
        </testcase>
        <testcase classname="src/test-scenarios/__tests__/error-scenarios.test.tsx" name="Error Scenarios - Comprehensive Testing &gt; Validation Error Scenarios &gt; handles filter validation errors" time="0.134969445">
        </testcase>
        <testcase classname="src/test-scenarios/__tests__/error-scenarios.test.tsx" name="Error Scenarios - Comprehensive Testing &gt; Validation Error Scenarios &gt; provides validation-specific recovery guidance" time="0.001166263">
        </testcase>
        <testcase classname="src/test-scenarios/__tests__/error-scenarios.test.tsx" name="Error Scenarios - Comprehensive Testing &gt; Authentication Error Scenarios &gt; handles session expiration" time="0.110871966">
        </testcase>
        <testcase classname="src/test-scenarios/__tests__/error-scenarios.test.tsx" name="Error Scenarios - Comprehensive Testing &gt; Authentication Error Scenarios &gt; handles invalid credentials (401)" time="0.145056509">
        </testcase>
        <testcase classname="src/test-scenarios/__tests__/error-scenarios.test.tsx" name="Error Scenarios - Comprehensive Testing &gt; Authentication Error Scenarios &gt; handles token expiration" time="0.158130541">
        </testcase>
        <testcase classname="src/test-scenarios/__tests__/error-scenarios.test.tsx" name="Error Scenarios - Comprehensive Testing &gt; Authentication Error Scenarios &gt; marks authentication errors as non-retryable" time="0.002158021">
        </testcase>
        <testcase classname="src/test-scenarios/__tests__/error-scenarios.test.tsx" name="Error Scenarios - Comprehensive Testing &gt; Authorization Error Scenarios &gt; handles insufficient permissions" time="0.177883143">
        </testcase>
        <testcase classname="src/test-scenarios/__tests__/error-scenarios.test.tsx" name="Error Scenarios - Comprehensive Testing &gt; Authorization Error Scenarios &gt; handles forbidden responses (403)" time="0.162616577">
        </testcase>
        <testcase classname="src/test-scenarios/__tests__/error-scenarios.test.tsx" name="Error Scenarios - Comprehensive Testing &gt; Authorization Error Scenarios &gt; handles resource-specific permission errors" time="0.168059746">
        </testcase>
        <testcase classname="src/test-scenarios/__tests__/error-scenarios.test.tsx" name="Error Scenarios - Comprehensive Testing &gt; Authorization Error Scenarios &gt; marks authorization errors as non-retryable" time="0.001305864">
        </testcase>
        <testcase classname="src/test-scenarios/__tests__/error-scenarios.test.tsx" name="Error Scenarios - Comprehensive Testing &gt; Rate Limit Error Scenarios &gt; handles rate limit exceeded" time="0.135230877">
        </testcase>
        <testcase classname="src/test-scenarios/__tests__/error-scenarios.test.tsx" name="Error Scenarios - Comprehensive Testing &gt; Rate Limit Error Scenarios &gt; handles rate limit with retry-after header (429)" time="0.157683759">
        </testcase>
        <testcase classname="src/test-scenarios/__tests__/error-scenarios.test.tsx" name="Error Scenarios - Comprehensive Testing &gt; Rate Limit Error Scenarios &gt; handles API quota exceeded" time="0.148552327">
        </testcase>
        <testcase classname="src/test-scenarios/__tests__/error-scenarios.test.tsx" name="Error Scenarios - Comprehensive Testing &gt; Rate Limit Error Scenarios &gt; provides rate limit specific recovery guidance with retry after" time="0.001614721">
        </testcase>
        <testcase classname="src/test-scenarios/__tests__/error-scenarios.test.tsx" name="Error Scenarios - Comprehensive Testing &gt; Rate Limit Error Scenarios &gt; marks rate limit errors as retryable" time="0.001263072">
        </testcase>
        <testcase classname="src/test-scenarios/__tests__/error-scenarios.test.tsx" name="Error Scenarios - Comprehensive Testing &gt; Server Error Scenarios &gt; handles internal server errors" time="0.126220835">
        </testcase>
        <testcase classname="src/test-scenarios/__tests__/error-scenarios.test.tsx" name="Error Scenarios - Comprehensive Testing &gt; Server Error Scenarios &gt; handles 500 internal server error responses" time="0.118252141">
        </testcase>
        <testcase classname="src/test-scenarios/__tests__/error-scenarios.test.tsx" name="Error Scenarios - Comprehensive Testing &gt; Server Error Scenarios &gt; handles service unavailable (503)" time="0.095026484">
        </testcase>
        <testcase classname="src/test-scenarios/__tests__/error-scenarios.test.tsx" name="Error Scenarios - Comprehensive Testing &gt; Server Error Scenarios &gt; handles bad gateway (502)" time="0.101580735">
        </testcase>
        <testcase classname="src/test-scenarios/__tests__/error-scenarios.test.tsx" name="Error Scenarios - Comprehensive Testing &gt; Server Error Scenarios &gt; marks server errors as retryable" time="0.001746535">
        </testcase>
        <testcase classname="src/test-scenarios/__tests__/error-scenarios.test.tsx" name="Error Scenarios - Comprehensive Testing &gt; Axios Error Parsing &gt; correctly parses axios network errors" time="0.001680366">
        </testcase>
        <testcase classname="src/test-scenarios/__tests__/error-scenarios.test.tsx" name="Error Scenarios - Comprehensive Testing &gt; Axios Error Parsing &gt; correctly parses axios response errors" time="0.001489683">
        </testcase>
        <testcase classname="src/test-scenarios/__tests__/error-scenarios.test.tsx" name="Error Scenarios - Comprehensive Testing &gt; Axios Error Parsing &gt; handles axios errors with nested error structures" time="0.002900351">
        </testcase>
        <testcase classname="src/test-scenarios/__tests__/error-scenarios.test.tsx" name="Error Scenarios - Comprehensive Testing &gt; Axios Error Parsing &gt; handles axios errors with validation arrays" time="0.001575164">
        </testcase>
        <testcase classname="src/test-scenarios/__tests__/error-scenarios.test.tsx" name="Error Scenarios - Comprehensive Testing &gt; Error Recovery Workflows &gt; retries retryable errors automatically" time="0.249481951">
        </testcase>
        <testcase classname="src/test-scenarios/__tests__/error-scenarios.test.tsx" name="Error Scenarios - Comprehensive Testing &gt; Error Recovery Workflows &gt; does not retry non-retryable errors" time="0.120404697">
        </testcase>
        <testcase classname="src/test-scenarios/__tests__/error-scenarios.test.tsx" name="Error Scenarios - Comprehensive Testing &gt; Error Recovery Workflows &gt; provides appropriate guidance for each error type" time="0.003800083">
        </testcase>
        <testcase classname="src/test-scenarios/__tests__/error-scenarios.test.tsx" name="Error Scenarios - Comprehensive Testing &gt; Error Recovery Workflows &gt; escalates to go back option when retry fails" time="0.176711585">
        </testcase>
        <testcase classname="src/test-scenarios/__tests__/error-scenarios.test.tsx" name="Error Scenarios - Comprehensive Testing &gt; Complex Error Scenarios &gt; handles cascading errors (error during error recovery)" time="0.152515972">
            <failure message="Test timed out in 30000ms.
If this is a long-running test, pass a timeout value as the last argument or configure it globally with &quot;testTimeout&quot;." type="Error">
Error: Test timed out in 30000ms.
If this is a long-running test, pass a timeout value as the last argument or configure it globally with &quot;testTimeout&quot;.
 ❯ src/test-scenarios/__tests__/error-scenarios.test.tsx:727:5
            </failure>
        </testcase>
        <testcase classname="src/test-scenarios/__tests__/error-scenarios.test.tsx" name="Error Scenarios - Comprehensive Testing &gt; Complex Error Scenarios &gt; handles mixed error responses from different services" time="0.093558807">
        </testcase>
        <testcase classname="src/test-scenarios/__tests__/error-scenarios.test.tsx" name="Error Scenarios - Comprehensive Testing &gt; Complex Error Scenarios &gt; handles errors with complex nested data structures" time="0.096508292">
        </testcase>
    </testsuite>
    <testsuite name="src/test-scenarios/__tests__/retry-logic.test.tsx" timestamp="2025-08-22T07:42:59.466Z" hostname="ifedotovNB" tests="28" failures="6" errors="0" skipped="0" time="1.845294957">
        <testcase classname="src/test-scenarios/__tests__/retry-logic.test.tsx" name="Retry Logic Comprehensive Tests &gt; Exponential Backoff Implementation &gt; calculates correct delays for network errors" time="0.010276687">
        </testcase>
        <testcase classname="src/test-scenarios/__tests__/retry-logic.test.tsx" name="Retry Logic Comprehensive Tests &gt; Exponential Backoff Implementation &gt; caps network retry delays at 30 seconds" time="0.001155784">
        </testcase>
        <testcase classname="src/test-scenarios/__tests__/retry-logic.test.tsx" name="Retry Logic Comprehensive Tests &gt; Exponential Backoff Implementation &gt; calculates correct delays for rate limit errors" time="0.001551856">
        </testcase>
        <testcase classname="src/test-scenarios/__tests__/retry-logic.test.tsx" name="Retry Logic Comprehensive Tests &gt; Exponential Backoff Implementation &gt; caps rate limit retry delays at 60 seconds" time="0.001282635">
        </testcase>
        <testcase classname="src/test-scenarios/__tests__/retry-logic.test.tsx" name="Retry Logic Comprehensive Tests &gt; Exponential Backoff Implementation &gt; calculates linear backoff for server errors" time="0.001345128">
        </testcase>
        <testcase classname="src/test-scenarios/__tests__/retry-logic.test.tsx" name="Retry Logic Comprehensive Tests &gt; Exponential Backoff Implementation &gt; caps server retry delays at 20 seconds" time="0.00094081">
        </testcase>
        <testcase classname="src/test-scenarios/__tests__/retry-logic.test.tsx" name="Retry Logic Comprehensive Tests &gt; useErrorHandler Retry Logic &gt; implements exponential backoff in createRetryHandler" time="0.099354581">
        </testcase>
        <testcase classname="src/test-scenarios/__tests__/retry-logic.test.tsx" name="Retry Logic Comprehensive Tests &gt; useErrorHandler Retry Logic &gt; stops retrying after max attempts" time="0.059064728">
        </testcase>
        <testcase classname="src/test-scenarios/__tests__/retry-logic.test.tsx" name="Retry Logic Comprehensive Tests &gt; useErrorHandler Retry Logic &gt; does not retry non-retryable errors" time="0.038595789">
        </testcase>
        <testcase classname="src/test-scenarios/__tests__/retry-logic.test.tsx" name="Retry Logic Comprehensive Tests &gt; useErrorHandler Retry Logic &gt; tracks progress in createPreviewRetryHandler" time="0.041993425">
            <system-out>
Retrying Preview operation in 1000ms (attempt 1/3)

Retrying Preview operation in 2000ms (attempt 2/3)

            </system-out>
        </testcase>
        <testcase classname="src/test-scenarios/__tests__/retry-logic.test.tsx" name="Retry Logic Comprehensive Tests &gt; useErrorHandler Retry Logic &gt; calls failure callback when max attempts reached" time="0.030321842">
            <system-out>
Retrying Preview operation in 1000ms (attempt 1/2)

            </system-out>
        </testcase>
        <testcase classname="src/test-scenarios/__tests__/retry-logic.test.tsx" name="Retry Logic Comprehensive Tests &gt; Error Boundary Retry Integration &gt; implements retry with exponential backoff in error boundary" time="0.613501573">
        </testcase>
        <testcase classname="src/test-scenarios/__tests__/retry-logic.test.tsx" name="Retry Logic Comprehensive Tests &gt; Error Boundary Retry Integration &gt; tracks retry attempts correctly in error boundary" time="0.268221191">
        </testcase>
        <testcase classname="src/test-scenarios/__tests__/retry-logic.test.tsx" name="Retry Logic Comprehensive Tests &gt; Error Boundary Retry Integration &gt; disables retry when max attempts reached" time="0.176480905">
        </testcase>
        <testcase classname="src/test-scenarios/__tests__/retry-logic.test.tsx" name="Retry Logic Comprehensive Tests &gt; Error Boundary Retry Integration &gt; resets retry count on successful retry" time="0.25225742">
            <failure message="Unable to find an element by: [data-testid=&quot;success&quot;]

Ignored nodes: comments, script, style
[36m&lt;body&gt;[39m
  [36m&lt;div&gt;[39m
    [36m&lt;div[39m
      [33mstyle[39m=[32m&quot;min-height: 400px; background: rgb(245, 245, 245); display: flex; align-items: center; justify-content: center; padding: 32px; border-radius: 8px;&quot;[39m
    [36m&gt;[39m
      [36m&lt;div[39m
        [33mstyle[39m=[32m&quot;max-width: 600px; width: 100%; text-align: center; background: rgba(255, 255, 255, 0.9); border-radius: 16px; padding: 32px; border: 1px solid rgb(229, 231, 235); box-shadow: 0 4px 6px rgba(0, 0, 0, 0.1);&quot;[39m
      [36m&gt;[39m
        [36m&lt;svg[39m
          [33maria-hidden[39m=[32m&quot;true&quot;[39m
          [33mclass[39m=[32m&quot;lucide lucide-circle-alert&quot;[39m
          [33mfill[39m=[32m&quot;none&quot;[39m
          [33mheight[39m=[32m&quot;48&quot;[39m
          [33mstroke[39m=[32m&quot;currentColor&quot;[39m
          [33mstroke-linecap[39m=[32m&quot;round&quot;[39m
          [33mstroke-linejoin[39m=[32m&quot;round&quot;[39m
          [33mstroke-width[39m=[32m&quot;2&quot;[39m
          [33mstyle[39m=[32m&quot;color: rgb(239, 68, 68); margin-bottom: 16px;&quot;[39m
          [33mviewBox[39m=[32m&quot;0 0 24 24&quot;[39m
          [33mwidth[39m=[32m&quot;48&quot;[39m
          [33mxmlns[39m=[32m&quot;http://www.w3.org/2000/svg&quot;[39m
        [36m&gt;[39m
          [36m&lt;circle[39m
            [33mcx[39m=[32m&quot;12&quot;[39m
            [33mcy[39m=[32m&quot;12&quot;[39m
            [33mr[39m=[32m&quot;10&quot;[39m
          [36m/&gt;[39m
          [36m&lt;line[39m
            [33mx1[39m=[32m&quot;12&quot;[39m
            [33mx2[39m=[32m&quot;12&quot;[39m
            [33my1[39m=[32m&quot;8&quot;[39m
            [33my2[39m=[32m&quot;12&quot;[39m
          [36m/&gt;[39m
          [36m&lt;line[39m
            [33mx1[39m=[32m&quot;12&quot;[39m
            [33mx2[39m=[32m&quot;12.01&quot;[39m
            [33my1[39m=[32m&quot;16&quot;[39m
            [33my2[39m=[32m&quot;16&quot;[39m
          [36m/&gt;[39m
        [36m&lt;/svg&gt;[39m
        [36m&lt;h3[39m
          [33mstyle[39m=[32m&quot;font-size: 20px; font-weight: bold; margin-bottom: 8px; color: rgb(31, 41, 55);&quot;[39m
        [36m&gt;[39m
          [0mNetwork Connection Issue[0m
        [36m&lt;/h3&gt;[39m
        [36m&lt;p[39m
          [33mstyle[39m=[32m&quot;font-size: 14px; margin-bottom: 20px; color: rgb(107, 114, 128); line-height: 1.5;&quot;[39m
        [36m&gt;[39m
          [0mCheck your internet connection and try again. If the problem persists, contact your network administrator.[0m
        [36m&lt;/p&gt;[39m
        [36m&lt;div[39m
          [33mclass[39m=[32m&quot;ant-alert ant-alert-warning ant-alert-with-description css-dev-only-do-not-override-l9pxc0&quot;[39m
          [33mdata-show[39m=[32m&quot;true&quot;[39m
          [33mrole[39m=[32m&quot;alert&quot;[39m
          [33mstyle[39m=[32m&quot;margin-bottom: 20px; text-align: left;&quot;[39m
        [36m&gt;[39m
          [36m&lt;span[39m
            [33maria-label[39m=[32m&quot;exclamation-circle&quot;[39m
            [33mclass[39m=[32m&quot;anticon anticon-exclamation-circle ant-alert-icon&quot;[39m
            [33mrole[39m=[32m&quot;img&quot;[39m
          [36m&gt;[39m
            [36m&lt;svg[39m
              [33maria-hidden[39m=[32m&quot;true&quot;[39m
              [33mdata-icon[39m=[32m&quot;exclamation-circle&quot;[39m
              [33mfill[39m=[32m&quot;currentColor&quot;[39m
              [33mfocusable[39m=[32m&quot;false&quot;[39m
              [33mheight[39m=[32m&quot;1em&quot;[39m
              [33mviewBox[39m=[32m&quot;64 64 896 896&quot;[39m
              [33mwidth[39m=[32m&quot;1em&quot;[39m
            [36m&gt;[39m
              [36m&lt;path[39m
                [33md[39m=[32m&quot;M512 64C264.6 64 64 264.6 64 512s200.6 448 448 448 448-200.6 448-448S759.4 64 512 64zm-32 232c0-4.4 3.6-8 8-8h48c4.4 0 8 3.6 8 8v272c0 4.4-3.6 8-8 8h-48c-4.4 0-8-3.6-8-8V296zm32 440a48.01 48.01 0 010-96 48.01 48.01 0 010 96z&quot;[39m
              [36m/&gt;[39m
            [36m&lt;/svg&gt;[39m
          [36m&lt;/span&gt;[39m
          [36m&lt;div[39m
            [33mclass[39m=[32m&quot;ant-alert-content&quot;[39m
          [36m&gt;[39m
            [36m&lt;div[39m
              [33mclass[39m=[32m&quot;ant-alert-message&quot;[39m
            [36m&gt;[39m
              [0mThis error has occurred 4 times[0m
            [36m&lt;/div&gt;[39m
            [36m&lt;div[39m
              [33mclass[39m=[32m&quot;ant-alert-description&quot;[39m
            [36m&gt;[39m
              [0mIf the problem persists, please try a different approach or contact support.[0m
            [36m&lt;/div&gt;[39m
          [36m&lt;/div&gt;[39m
        [36m&lt;/div&gt;[39m
        [36m&lt;div[39m
          [33mstyle[39m=[32m&quot;margin-bottom: 16px; padding: 8px 12px; background: rgba(59, 130, 246, 0.05); border: 1px solid rgba(59, 130, 246, 0.2); border-radius: 6px; font-size: 12px; color: rgb(37, 99, 235);&quot;[39m
        [36m&gt;[39m
          [0mAttempt [0m
          [0m1[0m
          [0m of [0m
          [0m3[0m
        [36m&lt;/div&gt;[39m
        [36m&lt;details[39m
          [33mstyle[39m=[32m&quot;text-align: left; margin-bottom: 20px; background: rgba(0, 0, 0, 0.05); padding: 12px; border-radius: 6px; font-size: 12px;&quot;[39m
        [36m&gt;[39m
          [36m&lt;summary[39m
            [33mstyle[39m=[32m&quot;cursor: pointer; margin-bottom: 8px; color: rgb(107, 114, 128); font-size: 12px;&quot;[39m
          [36m&gt;[39m
            [36m&lt;svg[39m
              [33maria-hidden[39m=[32m&quot;true&quot;[39m
              [33mclass[39m=[32m&quot;lucide lucide-bug&quot;[39m
              [33mfill[39m=[32m&quot;none&quot;[39m
              [33mheight[39m=[32m&quot;14&quot;[39m
              [33mstroke[39m=[32m&quot;currentColor&quot;[39m
              [33mstroke-linecap[39m=[32m&quot;round&quot;[39m
              [33mstroke-linejoin[39m=[32m&quot;round&quot;[39m
              [33mstroke-width[39m=[32m&quot;2&quot;[39m
              [33mstyle[39m=[32m&quot;margin-right: 6px; vertical-align: middle;&quot;[39m
              [33mviewBox[39m=[32m&quot;0 0 24 24&quot;[39m
              [33mwidth[39m=[32m&quot;14&quot;[39m
              [33mxmlns[39m=[32m&quot;http://www.w3.org/2000/svg&quot;[39m
            [36m&gt;[39m
              [36m&lt;path[39m
                [33md[39m=[32m&quot;m8 2 1.88 1.88&quot;[39m
              [36m/&gt;[39m
              [36m&lt;path[39m
                [33md[39m=[32m&quot;M14.12 3.88 16 2&quot;[39m
              [36m/&gt;[39m
              [36m&lt;path[39m
                [33md[39m=[32m&quot;M9 7.13v-1a3.003 3.003 0 1 1 6 0v1&quot;[39m
              [36m/&gt;[39m
              [36m&lt;path[39m
                [33md[39m=[32m&quot;M12 20c-3.3 0-6-2.7-6-6v-3a4 4 0 0 1 4-4h4a4 4 0 0 1 4 4v3c0 3.3-2.7 6-6 6&quot;[39m
              [36m/&gt;[39m
              [36m&lt;path[39m
                [33md[39m=[32m&quot;M12 20v-9&quot;[39m
              [36m/&gt;[39m
              [36m&lt;path[39m
                [33md[39m=[32m&quot;M6.53 9C4.6 8.8 3 7.1 3 5&quot;[39m
              [36m/&gt;[39m
              [36m&lt;path[39m
                [33md[39m=[32m&quot;M6 13H2&quot;[39m
              [36m/&gt;[39m
              [36m&lt;path[39m
                [33md[39m=[32m&quot;M3 21c0-2.1 1.7-3.9 3.8-4&quot;[39m
              [36m/&gt;[39m
              [36m&lt;path[39m
                [33md[39m=[32m&quot;M20.97 5c0 2.1-1.6 3.8-3.5 4&quot;[39m
              [36m/&gt;[39m
              [36m&lt;path[39m
                [33md[39m=[32m&quot;M22 13h-4&quot;[39m
              [36m/&gt;[39m
              [36m&lt;path[39m
                [33md[39m=[32m&quot;M17.2 17c2.1.1 3.8 1.9 3.8 4&quot;[39m
              [36m/&gt;[39m
            [36m&lt;/svg&gt;[39m
            [0mError Details (Development Only)[0m
          [36m&lt;/summary&gt;[39m
          [36m&lt;div[39m
            [33mstyle[39m=[32m&quot;font-family: monospace; color: rgb(75, 85, 99); word-break: break-word;&quot;[39m
          [36m&gt;[39m
            [36m&lt;strong&gt;[39m
              [0mType:[0m
            [36m&lt;/strong&gt;[39m
            [0m [0m
            [0mNETWORK[0m
            [36m&lt;br /&gt;[39m
            [36m&lt;strong&gt;[39m
              [0mCode:[0m
            [36m&lt;/strong&gt;[39m
            [0m [0m
            [0mTEST_ERROR[0m
            [36m&lt;br /&gt;[39m
            [36m&lt;strong&gt;[39m
              [0mMessage:[0m
            [36m&lt;/strong&gt;[39m
            [0m [0m
            [0mFirst retry fails[0m
            [36m&lt;br /&gt;[39m
            [36m&lt;strong&gt;[39m
              [0mStack:[0m
            [36m&lt;/strong&gt;[39m
            [36m&lt;pre[39m
              [33mstyle[39m=[32m&quot;white-space: pre-wrap; word-break: break-word; margin: 4px 0px 0px 0px; font-size: 10px;&quot;[39m
            [36m&gt;[39m
              [0mAppError: First retry fails
    at /home/ilya/projects/SimpleAdminReporter/frontend/src/test-scenarios/__tests__/retry-logic.test.tsx:383:17
    at mockCall (file:///home/ilya/projects/SimpleAdminReporter/frontend/node_modules/@vitest/spy/dist/index.js:96:15)
    at spy (file:///home/ilya/projects/SimpleAdminReporter/frontend/node_modules/tinyspy/dist/index.js:47:103)
    at Object.handleRetry [as onClick] (/home/ilya/projects/SimpleAdminReporter/frontend/src/components/query/QueryPreviewErrorBoundary.tsx:179:15)[0m
            [36m&lt;/pre&gt;[39m
          [36m&lt;/div&gt;[39m
        [36m&lt;/details&gt;[39m
        [36m&lt;div[39m
          [33mclass[39m=[32m&quot;ant-space css-dev-only-do-not-override-l9pxc0 ant-space-horizontal ant-space-align-center ant-space-gap-row-middle ant-space-gap-col-middle&quot;[39m
          [33mstyle[39m=[32m&quot;margin-top: 16px;&quot;[39m
        [36m&gt;[39m
          [36m&lt;div[39m
            [33mclass[39m=[32m&quot;ant-space-item&quot;[39m
          [36m&gt;[39m
            [36m&lt;button[39m
              [33mclass[39m=[32m&quot;ant-btn css-dev-only-do-not-override-l9pxc0 ant-btn-primary ant-btn-color-primary ant-btn-variant-solid ant-btn-lg&quot;[39m
              [33mtype[39m=[32m&quot;button&quot;[39m
            [36m&gt;[39m
              [36m&lt;span[39m
                [33mclass[39m=[32m&quot;ant-btn-icon&quot;[39m
              [36m&gt;[39m
                [36m&lt;svg[39m
                  [33maria-hidden[39m=[32m&quot;true&quot;[39m
                  [33mclass[39m=[32m&quot;lucide lucide-refresh-cw&quot;[39m
                  [33mfill[39m=[32m&quot;none&quot;[39m
                  [33mheight[39m=[32m&quot;14&quot;[39m
                  [33mstroke[39m=[32m&quot;currentColor&quot;[39m
                  [33mstroke-linecap[39m=[32m&quot;round&quot;[39m
                  [33mstroke-linejoin[39m=[32m&quot;round&quot;[39m
                  [33mstroke-width[39m=[32m&quot;2&quot;[39m
                  [33mviewBox[39m=[32m&quot;0 0 24 24&quot;[39m
                  [33mwidth[39m=[32m&quot;14&quot;[39m
                  [33mxmlns[39m=[32m&quot;http://www.w3.org/2000/svg&quot;[39m
                [36m&gt;[39m
                  [36m&lt;path[39m
                    [33md[39m=[32m&quot;M3 12a9 9 0 0 1 9-9 9.75 9.75 0 0 1 6.74 2.74L21 8&quot;[39m
                  [36m/&gt;[39m
                  [36m&lt;path[39m
                    [33md[39m=[32m&quot;M21 3v5h-5&quot;[39m
                  [36m/&gt;[39m
                  [36m&lt;path[39m
                    [33md[39m=[32m&quot;M21 12a9 9 0 0 1-9 9 9.75 9.75 0 0 1-6.74-2.74L3 16&quot;[39m
                  [36m/&gt;[39m
                  [36m&lt;path[39m
                    [33md[39m=[32m&quot;M8 16H3v5&quot;[39m
                  [36m/&gt;[39m
                [36m&lt;/svg&gt;[39m
              [36m&lt;/span&gt;[39m
              [36m&lt;span&gt;[39m
                [0mTry Again[0m
              [36m&lt;/span&gt;[39m
            [36m&lt;/button&gt;[39m
          [36m&lt;/div&gt;[39m
          [36m&lt;div[39m
            [33mclass[39m=[32m&quot;ant-space-item&quot;[39m
          [36m&gt;[39m
            [36m&lt;button[39m
              [33mclass[39m=[32m&quot;ant-btn css-dev-only-do-not-override-l9pxc0 ant-btn-default ant-btn-color-default ant-btn-variant-outlined ant-btn-lg&quot;[39m
              [33mtype[39m=[32m&quot;button&quot;[39m
            [36m&gt;[39m
              [36m&lt;span[39m
                [33mclass[39m=[32m&quot;ant-btn-icon&quot;[39m
              [36m&gt;[39m
                [36m&lt;svg[39m
                  [33maria-hidden[39m=[32m&quot;true&quot;[39m
                  [33mclass[39m=[32m&quot;lucide lucide-arrow-left&quot;[39m
                  [33mfill[39m=[32m&quot;none&quot;[39m
                  [33mheight[39m=[32m&quot;14&quot;[39m
                  [33mstroke[39m=[32m&quot;currentColor&quot;[39m
                  [33mstroke-linecap[39m=[32m&quot;round&quot;[39m
                  [33mstroke-linejoin[39m=[32m&quot;round&quot;[39m
                  [33mstroke-width[39m=[32m&quot;2&quot;[39m
                  [33mviewBox[39m=[32m&quot;0 0 24 24&quot;[39m
                  [33mwidth[39m=[32m&quot;14&quot;[39m
                  [33mxmlns[39m=[32m&quot;http://www.w3.org/2000/svg&quot;[39m
                [36m&gt;[39m
                  [36m&lt;path[39m
                    [33md[39m=[32m&quot;m12 19-7-7 7-7&quot;[39m
                  [36m/&gt;[39m
                  [36m&lt;path[39m
                    [33md[39m=[32m&quot;M19 12H5&quot;[39m
                  [36m/&gt;[39m
                [36m&lt;/svg&gt;[39m
              [36m&lt;/span&gt;[39m
              [36m&lt;span&gt;[39m
                [0mGo Back[0m
              [36m&lt;/span&gt;[39m
            [36m&lt;/button&gt;[39m
          [36m&lt;/div&gt;[39m
          [36m&lt;div[39m
            [33mclass[39m=[32m&quot;ant-space-item&quot;[39m
          [36m&gt;[39m
            [36m&lt;button[39m
              [33mclass[39m=[32m&quot;ant-btn css-dev-only-do-not-override-l9pxc0 ant-btn-default ant-btn-color-default ant-btn-variant-outlined ant-btn-lg&quot;[39m
              [33mtype[39m=[32m&quot;button&quot;[39m
            [36m&gt;[39m
              [36m&lt;span[39m
                [33mclass[39m=[32m&quot;ant-btn-icon&quot;[39m
              [36m&gt;[39m
                [36m&lt;svg[39m
                  [33maria-hidden[39m=[32m&quot;true&quot;[39m
                  [33mclass[39m=[32m&quot;lucide lucide-refresh-cw&quot;[39m
                  [33mfill[39m=[32m&quot;none&quot;[39m
                  [33mheight[39m=[32m&quot;14&quot;[39m
                  [33mstroke[39m=[32m&quot;currentColor&quot;[39m
                  [33mstroke-linecap[39m=[32m&quot;round&quot;[39m
                  [33mstroke-linejoin[39m=[32m&quot;round&quot;[39m
                  [33mstroke-width[39m=[32m&quot;2&quot;[39m
                  [33mviewBox[39m=[32m&quot;0 0 24 24&quot;[39m
                  [33mwidth[39m=[32m&quot;14&quot;[39m
                  [33mxmlns[39m=[32m&quot;http://www.w3.org/2000/svg&quot;[39m
                [36m&gt;[39m
                  [36m&lt;path[39m
                    [33md[39m=[32m&quot;M3 12a9 9 0 0 1 9-9 9.75 9.75 0 0 1 6.74 2.74L21 8&quot;[39m
                  [36m/&gt;[39m
                  [36m&lt;path[39m
                    [33md[39m=[32m&quot;M21 3v5h-5&quot;[39m
                  [36m/&gt;[39m
                  [36m&lt;path[39m
                    [33md[39m=[32m&quot;M21 12a9 9 0 0 1-9 9 9.75 9.75 0 0 1-6.74-2.74L3 16&quot;[39m
                  [36m/&gt;[39m
                  [36m&lt;path[39m
                    [33md[39m=[32m&quot;M8 16H3v5&quot;[39m
                  [36m/&gt;[39m
                [36m&lt;/svg&gt;[39m
              [36m&lt;/span&gt;[39m
              [36m&lt;span&gt;[39m
                [0mReload Page[0m
              [36m&lt;/span&gt;[39m
            [36m&lt;/button&gt;[39m
          [36m&lt;/div&gt;[39m
        [36m&lt;/div&gt;[39m
      [36m&lt;/div&gt;[39m
    [36m&lt;/div&gt;[39m
  [36m&lt;/div&gt;[39m
[36m&lt;/body&gt;[39m" type="TestingLibraryElementError">
TestingLibraryElementError: Unable to find an element by: [data-testid=&quot;success&quot;]

Ignored nodes: comments, script, style
&lt;body&gt;
  &lt;div&gt;
    &lt;div
      style=&quot;min-height: 400px; background: rgb(245, 245, 245); display: flex; align-items: center; justify-content: center; padding: 32px; border-radius: 8px;&quot;
    &gt;
      &lt;div
        style=&quot;max-width: 600px; width: 100%; text-align: center; background: rgba(255, 255, 255, 0.9); border-radius: 16px; padding: 32px; border: 1px solid rgb(229, 231, 235); box-shadow: 0 4px 6px rgba(0, 0, 0, 0.1);&quot;
      &gt;
        &lt;svg
          aria-hidden=&quot;true&quot;
          class=&quot;lucide lucide-circle-alert&quot;
          fill=&quot;none&quot;
          height=&quot;48&quot;
          stroke=&quot;currentColor&quot;
          stroke-linecap=&quot;round&quot;
          stroke-linejoin=&quot;round&quot;
          stroke-width=&quot;2&quot;
          style=&quot;color: rgb(239, 68, 68); margin-bottom: 16px;&quot;
          viewBox=&quot;0 0 24 24&quot;
          width=&quot;48&quot;
          xmlns=&quot;http://www.w3.org/2000/svg&quot;
        &gt;
          &lt;circle
            cx=&quot;12&quot;
            cy=&quot;12&quot;
            r=&quot;10&quot;
          /&gt;
          &lt;line
            x1=&quot;12&quot;
            x2=&quot;12&quot;
            y1=&quot;8&quot;
            y2=&quot;12&quot;
          /&gt;
          &lt;line
            x1=&quot;12&quot;
            x2=&quot;12.01&quot;
            y1=&quot;16&quot;
            y2=&quot;16&quot;
          /&gt;
        &lt;/svg&gt;
        &lt;h3
          style=&quot;font-size: 20px; font-weight: bold; margin-bottom: 8px; color: rgb(31, 41, 55);&quot;
        &gt;
          Network Connection Issue
        &lt;/h3&gt;
        &lt;p
          style=&quot;font-size: 14px; margin-bottom: 20px; color: rgb(107, 114, 128); line-height: 1.5;&quot;
        &gt;
          Check your internet connection and try again. If the problem persists, contact your network administrator.
        &lt;/p&gt;
        &lt;div
          class=&quot;ant-alert ant-alert-warning ant-alert-with-description css-dev-only-do-not-override-l9pxc0&quot;
          data-show=&quot;true&quot;
          role=&quot;alert&quot;
          style=&quot;margin-bottom: 20px; text-align: left;&quot;
        &gt;
          &lt;span
            aria-label=&quot;exclamation-circle&quot;
            class=&quot;anticon anticon-exclamation-circle ant-alert-icon&quot;
            role=&quot;img&quot;
          &gt;
            &lt;svg
              aria-hidden=&quot;true&quot;
              data-icon=&quot;exclamation-circle&quot;
              fill=&quot;currentColor&quot;
              focusable=&quot;false&quot;
              height=&quot;1em&quot;
              viewBox=&quot;64 64 896 896&quot;
              width=&quot;1em&quot;
            &gt;
              &lt;path
                d=&quot;M512 64C264.6 64 64 264.6 64 512s200.6 448 448 448 448-200.6 448-448S759.4 64 512 64zm-32 232c0-4.4 3.6-8 8-8h48c4.4 0 8 3.6 8 8v272c0 4.4-3.6 8-8 8h-48c-4.4 0-8-3.6-8-8V296zm32 440a48.01 48.01 0 010-96 48.01 48.01 0 010 96z&quot;
              /&gt;
            &lt;/svg&gt;
          &lt;/span&gt;
          &lt;div
            class=&quot;ant-alert-content&quot;
          &gt;
            &lt;div
              class=&quot;ant-alert-message&quot;
            &gt;
              This error has occurred 4 times
            &lt;/div&gt;
            &lt;div
              class=&quot;ant-alert-description&quot;
            &gt;
              If the problem persists, please try a different approach or contact support.
            &lt;/div&gt;
          &lt;/div&gt;
        &lt;/div&gt;
        &lt;div
          style=&quot;margin-bottom: 16px; padding: 8px 12px; background: rgba(59, 130, 246, 0.05); border: 1px solid rgba(59, 130, 246, 0.2); border-radius: 6px; font-size: 12px; color: rgb(37, 99, 235);&quot;
        &gt;
          Attempt 
          1
           of 
          3
        &lt;/div&gt;
        &lt;details
          style=&quot;text-align: left; margin-bottom: 20px; background: rgba(0, 0, 0, 0.05); padding: 12px; border-radius: 6px; font-size: 12px;&quot;
        &gt;
          &lt;summary
            style=&quot;cursor: pointer; margin-bottom: 8px; color: rgb(107, 114, 128); font-size: 12px;&quot;
          &gt;
            &lt;svg
              aria-hidden=&quot;true&quot;
              class=&quot;lucide lucide-bug&quot;
              fill=&quot;none&quot;
              height=&quot;14&quot;
              stroke=&quot;currentColor&quot;
              stroke-linecap=&quot;round&quot;
              stroke-linejoin=&quot;round&quot;
              stroke-width=&quot;2&quot;
              style=&quot;margin-right: 6px; vertical-align: middle;&quot;
              viewBox=&quot;0 0 24 24&quot;
              width=&quot;14&quot;
              xmlns=&quot;http://www.w3.org/2000/svg&quot;
            &gt;
              &lt;path
                d=&quot;m8 2 1.88 1.88&quot;
              /&gt;
              &lt;path
                d=&quot;M14.12 3.88 16 2&quot;
              /&gt;
              &lt;path
                d=&quot;M9 7.13v-1a3.003 3.003 0 1 1 6 0v1&quot;
              /&gt;
              &lt;path
                d=&quot;M12 20c-3.3 0-6-2.7-6-6v-3a4 4 0 0 1 4-4h4a4 4 0 0 1 4 4v3c0 3.3-2.7 6-6 6&quot;
              /&gt;
              &lt;path
                d=&quot;M12 20v-9&quot;
              /&gt;
              &lt;path
                d=&quot;M6.53 9C4.6 8.8 3 7.1 3 5&quot;
              /&gt;
              &lt;path
                d=&quot;M6 13H2&quot;
              /&gt;
              &lt;path
                d=&quot;M3 21c0-2.1 1.7-3.9 3.8-4&quot;
              /&gt;
              &lt;path
                d=&quot;M20.97 5c0 2.1-1.6 3.8-3.5 4&quot;
              /&gt;
              &lt;path
                d=&quot;M22 13h-4&quot;
              /&gt;
              &lt;path
                d=&quot;M17.2 17c2.1.1 3.8 1.9 3.8 4&quot;
              /&gt;
            &lt;/svg&gt;
            Error Details (Development Only)
          &lt;/summary&gt;
          &lt;div
            style=&quot;font-family: monospace; color: rgb(75, 85, 99); word-break: break-word;&quot;
          &gt;
            &lt;strong&gt;
              Type:
            &lt;/strong&gt;
             
            NETWORK
            &lt;br /&gt;
            &lt;strong&gt;
              Code:
            &lt;/strong&gt;
             
            TEST_ERROR
            &lt;br /&gt;
            &lt;strong&gt;
              Message:
            &lt;/strong&gt;
             
            First retry fails
            &lt;br /&gt;
            &lt;strong&gt;
              Stack:
            &lt;/strong&gt;
            &lt;pre
              style=&quot;white-space: pre-wrap; word-break: break-word; margin: 4px 0px 0px 0px; font-size: 10px;&quot;
            &gt;
              AppError: First retry fails
    at /home/ilya/projects/SimpleAdminReporter/frontend/src/test-scenarios/__tests__/retry-logic.test.tsx:383:17
    at mockCall (file:///home/ilya/projects/SimpleAdminReporter/frontend/node_modules/@vitest/spy/dist/index.js:96:15)
    at spy (file:///home/ilya/projects/SimpleAdminReporter/frontend/node_modules/tinyspy/dist/index.js:47:103)
    at Object.handleRetry [as onClick] (/home/ilya/projects/SimpleAdminReporter/frontend/src/components/query/QueryPreviewErrorBoundary.tsx:179:15)
            &lt;/pre&gt;
          &lt;/div&gt;
        &lt;/details&gt;
        &lt;div
          class=&quot;ant-space css-dev-only-do-not-override-l9pxc0 ant-space-horizontal ant-space-align-center ant-space-gap-row-middle ant-space-gap-col-middle&quot;
          style=&quot;margin-top: 16px;&quot;
        &gt;
          &lt;div
            class=&quot;ant-space-item&quot;
          &gt;
            &lt;button
              class=&quot;ant-btn css-dev-only-do-not-override-l9pxc0 ant-btn-primary ant-btn-color-primary ant-btn-variant-solid ant-btn-lg&quot;
              type=&quot;button&quot;
            &gt;
              &lt;span
                class=&quot;ant-btn-icon&quot;
              &gt;
                &lt;svg
                  aria-hidden=&quot;true&quot;
                  class=&quot;lucide lucide-refresh-cw&quot;
                  fill=&quot;none&quot;
                  height=&quot;14&quot;
                  stroke=&quot;currentColor&quot;
                  stroke-linecap=&quot;round&quot;
                  stroke-linejoin=&quot;round&quot;
                  stroke-width=&quot;2&quot;
                  viewBox=&quot;0 0 24 24&quot;
                  width=&quot;14&quot;
                  xmlns=&quot;http://www.w3.org/2000/svg&quot;
                &gt;
                  &lt;path
                    d=&quot;M3 12a9 9 0 0 1 9-9 9.75 9.75 0 0 1 6.74 2.74L21 8&quot;
                  /&gt;
                  &lt;path
                    d=&quot;M21 3v5h-5&quot;
                  /&gt;
                  &lt;path
                    d=&quot;M21 12a9 9 0 0 1-9 9 9.75 9.75 0 0 1-6.74-2.74L3 16&quot;
                  /&gt;
                  &lt;path
                    d=&quot;M8 16H3v5&quot;
                  /&gt;
                &lt;/svg&gt;
              &lt;/span&gt;
              &lt;span&gt;
                Try Again
              &lt;/span&gt;
            &lt;/button&gt;
          &lt;/div&gt;
          &lt;div
            class=&quot;ant-space-item&quot;
          &gt;
            &lt;button
              class=&quot;ant-btn css-dev-only-do-not-override-l9pxc0 ant-btn-default ant-btn-color-default ant-btn-variant-outlined ant-btn-lg&quot;
              type=&quot;button&quot;
            &gt;
              &lt;span
                class=&quot;ant-btn-icon&quot;
              &gt;
                &lt;svg
                  aria-hidden=&quot;true&quot;
                  class=&quot;lucide lucide-arrow-left&quot;
                  fill=&quot;none&quot;
                  height=&quot;14&quot;
                  stroke=&quot;currentColor&quot;
                  stroke-linecap=&quot;round&quot;
                  stroke-linejoin=&quot;round&quot;
                  stroke-width=&quot;2&quot;
                  viewBox=&quot;0 0 24 24&quot;
                  width=&quot;14&quot;
                  xmlns=&quot;http://www.w3.org/2000/svg&quot;
                &gt;
                  &lt;path
                    d=&quot;m12 19-7-7 7-7&quot;
                  /&gt;
                  &lt;path
                    d=&quot;M19 12H5&quot;
                  /&gt;
                &lt;/svg&gt;
              &lt;/span&gt;
              &lt;span&gt;
                Go Back
              &lt;/span&gt;
            &lt;/button&gt;
          &lt;/div&gt;
          &lt;div
            class=&quot;ant-space-item&quot;
          &gt;
            &lt;button
              class=&quot;ant-btn css-dev-only-do-not-override-l9pxc0 ant-btn-default ant-btn-color-default ant-btn-variant-outlined ant-btn-lg&quot;
              type=&quot;button&quot;
            &gt;
              &lt;span
                class=&quot;ant-btn-icon&quot;
              &gt;
                &lt;svg
                  aria-hidden=&quot;true&quot;
                  class=&quot;lucide lucide-refresh-cw&quot;
                  fill=&quot;none&quot;
                  height=&quot;14&quot;
                  stroke=&quot;currentColor&quot;
                  stroke-linecap=&quot;round&quot;
                  stroke-linejoin=&quot;round&quot;
                  stroke-width=&quot;2&quot;
                  viewBox=&quot;0 0 24 24&quot;
                  width=&quot;14&quot;
                  xmlns=&quot;http://www.w3.org/2000/svg&quot;
                &gt;
                  &lt;path
                    d=&quot;M3 12a9 9 0 0 1 9-9 9.75 9.75 0 0 1 6.74 2.74L21 8&quot;
                  /&gt;
                  &lt;path
                    d=&quot;M21 3v5h-5&quot;
                  /&gt;
                  &lt;path
                    d=&quot;M21 12a9 9 0 0 1-9 9 9.75 9.75 0 0 1-6.74-2.74L3 16&quot;
                  /&gt;
                  &lt;path
                    d=&quot;M8 16H3v5&quot;
                  /&gt;
                &lt;/svg&gt;
              &lt;/span&gt;
              &lt;span&gt;
                Reload Page
              &lt;/span&gt;
            &lt;/button&gt;
          &lt;/div&gt;
        &lt;/div&gt;
      &lt;/div&gt;
    &lt;/div&gt;
  &lt;/div&gt;
&lt;/body&gt;
 ❯ src/test-scenarios/__tests__/retry-logic.test.tsx:383:17
 ❯ Object.getElementError node_modules/@testing-library/dom/dist/config.js:37:19
 ❯ node_modules/@testing-library/dom/dist/query-helpers.js:76:38
 ❯ node_modules/@testing-library/dom/dist/query-helpers.js:52:17
 ❯ node_modules/@testing-library/dom/dist/query-helpers.js:95:19
 ❯ src/test-scenarios/__tests__/retry-logic.test.tsx:418:21
            </failure>
        </testcase>
        <testcase classname="src/test-scenarios/__tests__/retry-logic.test.tsx" name="Retry Logic Comprehensive Tests &gt; Retry Success and Failure Scenarios &gt; handles immediate success without retry" time="0.024897445">
        </testcase>
        <testcase classname="src/test-scenarios/__tests__/retry-logic.test.tsx" name="Retry Logic Comprehensive Tests &gt; Retry Success and Failure Scenarios &gt; handles success after first retry" time="0.019313785">
        </testcase>
        <testcase classname="src/test-scenarios/__tests__/retry-logic.test.tsx" name="Retry Logic Comprehensive Tests &gt; Retry Success and Failure Scenarios &gt; handles success after multiple retries" time="0.04725611">
        </testcase>
        <testcase classname="src/test-scenarios/__tests__/retry-logic.test.tsx" name="Retry Logic Comprehensive Tests &gt; Retry Success and Failure Scenarios &gt; handles persistent failure beyond max retries" time="0.031607553">
        </testcase>
        <testcase classname="src/test-scenarios/__tests__/retry-logic.test.tsx" name="Retry Logic Comprehensive Tests &gt; Retry Success and Failure Scenarios &gt; handles mixed error types during retries" time="0.028025751">
        </testcase>
        <testcase classname="src/test-scenarios/__tests__/retry-logic.test.tsx" name="Retry Logic Comprehensive Tests &gt; Retry Success and Failure Scenarios &gt; handles errors that become non-retryable during retry" time="0.035748153">
        </testcase>
        <testcase classname="src/test-scenarios/__tests__/retry-logic.test.tsx" name="Retry Logic Comprehensive Tests &gt; Advanced Retry Scenarios &gt; handles concurrent retry operations" time="0.023983108">
        </testcase>
        <testcase classname="src/test-scenarios/__tests__/retry-logic.test.tsx" name="Retry Logic Comprehensive Tests &gt; Advanced Retry Scenarios &gt; handles retry with custom delay calculation" time="0.013746336">
            <failure message="expected 1000 to be 10000 // Object.is equality" type="AssertionError">
AssertionError: expected 1000 to be 10000 // Object.is equality

- Expected
+ Received

- 10000
+ 1000

 ❯ src/test-scenarios/__tests__/retry-logic.test.tsx:659:22
            </failure>
        </testcase>
        <testcase classname="src/test-scenarios/__tests__/retry-logic.test.tsx" name="Retry Logic Comprehensive Tests &gt; Advanced Retry Scenarios &gt; handles retry with operation context preservation" time="0.001128628">
        </testcase>
        <testcase classname="src/test-scenarios/__tests__/retry-logic.test.tsx" name="Retry Logic Comprehensive Tests &gt; Advanced Retry Scenarios &gt; handles memory cleanup during long retry sequences" time="0.002219685">
            <failure message="expected &apos;UNKNOWN&apos; to be undefined // Object.is equality" type="AssertionError">
AssertionError: expected &apos;UNKNOWN&apos; to be undefined // Object.is equality

- Expected: 
undefined

+ Received: 
&quot;UNKNOWN&quot;

 ❯ src/test-scenarios/__tests__/retry-logic.test.tsx:701:30
            </failure>
        </testcase>
        <testcase classname="src/test-scenarios/__tests__/retry-logic.test.tsx" name="Retry Logic Comprehensive Tests &gt; Retry Limit Configuration &gt; respects custom max retry limits" time="0.00828153">
            <failure message="retryHandler1 is not defined" type="ReferenceError">
ReferenceError: retryHandler1 is not defined
 ❯ src/test-scenarios/__tests__/retry-logic.test.tsx:724:9
 ❯ node_modules/@testing-library/react/dist/act-compat.js:48:24
 ❯ process.env.NODE_ENV.exports.act node_modules/react/cjs/react.development.js:790:22
 ❯ node_modules/@testing-library/react/dist/act-compat.js:47:25
 ❯ src/test-scenarios/__tests__/retry-logic.test.tsx:723:13
            </failure>
        </testcase>
        <testcase classname="src/test-scenarios/__tests__/retry-logic.test.tsx" name="Retry Logic Comprehensive Tests &gt; Retry Limit Configuration &gt; handles edge cases with retry limits" time="0.004838503">
            <failure message="Hook result is null - check Redux Provider setup" type="Error">
Error: Hook result is null - check Redux Provider setup
 ❯ src/test-scenarios/__tests__/retry-logic.test.tsx:767:15
            </failure>
        </testcase>
        <testcase classname="src/test-scenarios/__tests__/retry-logic.test.tsx" name="Retry Logic Comprehensive Tests &gt; Retry Limit Configuration &gt; handles very large retry limits efficiently" time="0.004091955">
            <failure message="Hook result is null - check Redux Provider setup" type="Error">
Error: Hook result is null - check Redux Provider setup
 ❯ src/test-scenarios/__tests__/retry-logic.test.tsx:789:15
            </failure>
        </testcase>
    </testsuite>
    <testsuite name="src/tests/auth/cookie-auth.test.tsx" timestamp="2025-08-22T07:42:59.473Z" hostname="ifedotovNB" tests="14" failures="0" errors="0" skipped="0" time="0.037527273">
        <testcase classname="src/tests/auth/cookie-auth.test.tsx" name="Frontend Cookie Authentication &gt; API Service Configuration &gt; should configure axios with withCredentials when cookie auth is enabled" time="0.005223264">
        </testcase>
        <testcase classname="src/tests/auth/cookie-auth.test.tsx" name="Frontend Cookie Authentication &gt; API Service Configuration &gt; should fetch CSRF token on initialization" time="0.003477255">
        </testcase>
        <testcase classname="src/tests/auth/cookie-auth.test.tsx" name="Frontend Cookie Authentication &gt; API Service Configuration &gt; should add CSRF token to state-changing requests" time="0.001537008">
        </testcase>
        <testcase classname="src/tests/auth/cookie-auth.test.tsx" name="Frontend Cookie Authentication &gt; API Service Configuration &gt; should handle CSRF token refresh on 403 errors" time="0.000967213">
        </testcase>
        <testcase classname="src/tests/auth/cookie-auth.test.tsx" name="Frontend Cookie Authentication &gt; Auth Service with Cookies &gt; should not store tokens in localStorage on login" time="0.001192482">
        </testcase>
        <testcase classname="src/tests/auth/cookie-auth.test.tsx" name="Frontend Cookie Authentication &gt; Auth Service with Cookies &gt; should clear user info on logout" time="0.001589638">
        </testcase>
        <testcase classname="src/tests/auth/cookie-auth.test.tsx" name="Frontend Cookie Authentication &gt; Auth Service with Cookies &gt; should handle auth state without tokens" time="0.001376615">
        </testcase>
        <testcase classname="src/tests/auth/cookie-auth.test.tsx" name="Frontend Cookie Authentication &gt; Auth Service with Cookies &gt; should not perform client-side token refresh timing checks" time="0.0038896">
        </testcase>
        <testcase classname="src/tests/auth/cookie-auth.test.tsx" name="Frontend Cookie Authentication &gt; Error Handling &gt; should handle 401 error appropriately" time="0.002944845">
        </testcase>
        <testcase classname="src/tests/auth/cookie-auth.test.tsx" name="Frontend Cookie Authentication &gt; Error Handling &gt; should handle CSRF token refresh on 403 error" time="0.00198871">
        </testcase>
        <testcase classname="src/tests/auth/cookie-auth.test.tsx" name="Frontend Cookie Authentication &gt; Feature Flag Behavior &gt; should identify cookie auth mode correctly" time="0.002049208">
        </testcase>
        <testcase classname="src/tests/auth/cookie-auth.test.tsx" name="Frontend Cookie Authentication &gt; Feature Flag Behavior &gt; should not setup token refresh timer in cookie mode" time="0.002867653">
        </testcase>
        <testcase classname="src/tests/auth/cookie-auth.test.tsx" name="Frontend Cookie Authentication &gt; Storage Behavior &gt; should prefer sessionStorage over localStorage for user data" time="0.002959128">
        </testcase>
        <testcase classname="src/tests/auth/cookie-auth.test.tsx" name="Frontend Cookie Authentication &gt; Storage Behavior &gt; should handle CSRF token management" time="0.002519628">
        </testcase>
    </testsuite>
    <testsuite name="src/store/slices/authSlice.test.ts" timestamp="2025-08-22T07:42:59.475Z" hostname="ifedotovNB" tests="21" failures="0" errors="0" skipped="0" time="0.06356935">
        <testcase classname="src/store/slices/authSlice.test.ts" name="authSlice &gt; initial state &gt; should have correct initial state" time="0.005640685">
        </testcase>
        <testcase classname="src/store/slices/authSlice.test.ts" name="authSlice &gt; synchronous actions &gt; should handle initializeAuth from localStorage" time="0.002690853">
        </testcase>
        <testcase classname="src/store/slices/authSlice.test.ts" name="authSlice &gt; synchronous actions &gt; should handle clearAuth" time="0.001550304">
        </testcase>
        <testcase classname="src/store/slices/authSlice.test.ts" name="authSlice &gt; synchronous actions &gt; should handle setError" time="0.001218388">
        </testcase>
        <testcase classname="src/store/slices/authSlice.test.ts" name="authSlice &gt; synchronous actions &gt; should handle clearError" time="0.001064905">
        </testcase>
        <testcase classname="src/store/slices/authSlice.test.ts" name="authSlice &gt; synchronous actions &gt; should handle updateUser" time="0.002832083">
        </testcase>
        <testcase classname="src/store/slices/authSlice.test.ts" name="authSlice &gt; selectors &gt; should select auth state" time="0.003879943">
        </testcase>
        <testcase classname="src/store/slices/authSlice.test.ts" name="authSlice &gt; selectors &gt; should select user" time="0.001084295">
        </testcase>
        <testcase classname="src/store/slices/authSlice.test.ts" name="authSlice &gt; selectors &gt; should select isAuthenticated" time="0.000957641">
        </testcase>
        <testcase classname="src/store/slices/authSlice.test.ts" name="authSlice &gt; selectors &gt; should select loading state" time="0.001008043">
        </testcase>
        <testcase classname="src/store/slices/authSlice.test.ts" name="authSlice &gt; selectors &gt; should select error" time="0.001740598">
        </testcase>
        <testcase classname="src/store/slices/authSlice.test.ts" name="authSlice &gt; selectors &gt; should select user permissions" time="0.001008768">
        </testcase>
        <testcase classname="src/store/slices/authSlice.test.ts" name="authSlice &gt; selectors &gt; should select user roles" time="0.001230471">
        </testcase>
        <testcase classname="src/store/slices/authSlice.test.ts" name="authSlice &gt; selectors &gt; should identify admin user" time="0.000873424">
        </testcase>
        <testcase classname="src/store/slices/authSlice.test.ts" name="authSlice &gt; selectors &gt; should identify non-admin user" time="0.000899123">
        </testcase>
        <testcase classname="src/store/slices/authSlice.test.ts" name="authSlice &gt; async actions (integration) &gt; should handle loginAsync pending state" time="0.004105004">
        </testcase>
        <testcase classname="src/store/slices/authSlice.test.ts" name="authSlice &gt; async actions (integration) &gt; should handle loginAsync fulfilled state" time="0.002025379">
        </testcase>
        <testcase classname="src/store/slices/authSlice.test.ts" name="authSlice &gt; async actions (integration) &gt; should handle loginAsync rejected state" time="0.0180934">
        </testcase>
        <testcase classname="src/store/slices/authSlice.test.ts" name="authSlice &gt; async actions (integration) &gt; should handle logoutAsync fulfilled state" time="0.0022809">
        </testcase>
        <testcase classname="src/store/slices/authSlice.test.ts" name="authSlice &gt; async actions (integration) &gt; should handle refreshTokenAsync fulfilled state" time="0.00263032">
        </testcase>
        <testcase classname="src/store/slices/authSlice.test.ts" name="authSlice &gt; async actions (integration) &gt; should handle getProfileAsync fulfilled state" time="0.00189334">
        </testcase>
    </testsuite>
    <testsuite name="src/store/slices/reportsSlice.test.ts" timestamp="2025-08-22T07:42:59.478Z" hostname="ifedotovNB" tests="22" failures="0" errors="0" skipped="0" time="0.055524046">
        <testcase classname="src/store/slices/reportsSlice.test.ts" name="reportsSlice &gt; initial state &gt; should have correct initial state" time="0.007184412">
        </testcase>
        <testcase classname="src/store/slices/reportsSlice.test.ts" name="reportsSlice &gt; synchronous actions &gt; should handle clearCurrentResult" time="0.005552648">
        </testcase>
        <testcase classname="src/store/slices/reportsSlice.test.ts" name="reportsSlice &gt; synchronous actions &gt; should handle setExecutionError" time="0.001322713">
        </testcase>
        <testcase classname="src/store/slices/reportsSlice.test.ts" name="reportsSlice &gt; synchronous actions &gt; should handle clearFilters" time="0.002066931">
        </testcase>
        <testcase classname="src/store/slices/reportsSlice.test.ts" name="reportsSlice &gt; synchronous actions &gt; should handle setFilters" time="0.001289314">
        </testcase>
        <testcase classname="src/store/slices/reportsSlice.test.ts" name="reportsSlice &gt; synchronous actions &gt; should handle updateReportBuilder" time="0.002630589">
        </testcase>
        <testcase classname="src/store/slices/reportsSlice.test.ts" name="reportsSlice &gt; synchronous actions &gt; should handle resetReportBuilder" time="0.001950867">
        </testcase>
        <testcase classname="src/store/slices/reportsSlice.test.ts" name="reportsSlice &gt; async actions - templates &gt; should handle fetchReportTemplatesAsync pending" time="0.001512217">
        </testcase>
        <testcase classname="src/store/slices/reportsSlice.test.ts" name="reportsSlice &gt; async actions - templates &gt; should handle fetchReportTemplatesAsync fulfilled" time="0.003066673">
        </testcase>
        <testcase classname="src/store/slices/reportsSlice.test.ts" name="reportsSlice &gt; async actions - templates &gt; should handle fetchReportTemplatesAsync rejected" time="0.008595783">
        </testcase>
        <testcase classname="src/store/slices/reportsSlice.test.ts" name="reportsSlice &gt; async actions - fields &gt; should handle fetchAvailableFieldsAsync pending" time="0.000729116">
        </testcase>
        <testcase classname="src/store/slices/reportsSlice.test.ts" name="reportsSlice &gt; async actions - fields &gt; should handle fetchAvailableFieldsAsync fulfilled" time="0.000738554">
        </testcase>
        <testcase classname="src/store/slices/reportsSlice.test.ts" name="reportsSlice &gt; async actions - execution &gt; should handle executeReportAsync pending" time="0.001131523">
        </testcase>
        <testcase classname="src/store/slices/reportsSlice.test.ts" name="reportsSlice &gt; async actions - execution &gt; should handle executeReportAsync fulfilled" time="0.001804467">
        </testcase>
        <testcase classname="src/store/slices/reportsSlice.test.ts" name="reportsSlice &gt; async actions - execution &gt; should handle executeReportAsync rejected" time="0.001432079">
        </testcase>
        <testcase classname="src/store/slices/reportsSlice.test.ts" name="reportsSlice &gt; selectors &gt; should select reports state" time="0.000849737">
        </testcase>
        <testcase classname="src/store/slices/reportsSlice.test.ts" name="reportsSlice &gt; selectors &gt; should select templates" time="0.000897721">
        </testcase>
        <testcase classname="src/store/slices/reportsSlice.test.ts" name="reportsSlice &gt; selectors &gt; should select custom reports" time="0.000666581">
        </testcase>
        <testcase classname="src/store/slices/reportsSlice.test.ts" name="reportsSlice &gt; selectors &gt; should select current result" time="0.000570906">
        </testcase>
        <testcase classname="src/store/slices/reportsSlice.test.ts" name="reportsSlice &gt; selectors &gt; should select available fields" time="0.000591312">
        </testcase>
        <testcase classname="src/store/slices/reportsSlice.test.ts" name="reportsSlice &gt; selectors &gt; should select report history" time="0.00239703">
        </testcase>
        <testcase classname="src/store/slices/reportsSlice.test.ts" name="reportsSlice &gt; selectors &gt; should select loading states" time="0.001210848">
        </testcase>
    </testsuite>
    <testsuite name="src/store/slices/uiSlice.test.ts" timestamp="2025-08-22T07:42:59.481Z" hostname="ifedotovNB" tests="28" failures="0" errors="0" skipped="0" time="0.055723009">
        <testcase classname="src/store/slices/uiSlice.test.ts" name="uiSlice &gt; initial state &gt; should have correct initial state" time="0.009994562">
        </testcase>
        <testcase classname="src/store/slices/uiSlice.test.ts" name="uiSlice &gt; sidebar actions &gt; should toggle sidebar collapsed state" time="0.003892026">
        </testcase>
        <testcase classname="src/store/slices/uiSlice.test.ts" name="uiSlice &gt; sidebar actions &gt; should set sidebar collapsed state" time="0.001343583">
        </testcase>
        <testcase classname="src/store/slices/uiSlice.test.ts" name="uiSlice &gt; sidebar actions &gt; should set sidebar visibility" time="0.001074665">
        </testcase>
        <testcase classname="src/store/slices/uiSlice.test.ts" name="uiSlice &gt; modal actions &gt; should open specific modal" time="0.001151842">
        </testcase>
        <testcase classname="src/store/slices/uiSlice.test.ts" name="uiSlice &gt; modal actions &gt; should close specific modal" time="0.000906073">
        </testcase>
        <testcase classname="src/store/slices/uiSlice.test.ts" name="uiSlice &gt; modal actions &gt; should close all modals" time="0.002814627">
        </testcase>
        <testcase classname="src/store/slices/uiSlice.test.ts" name="uiSlice &gt; loading actions &gt; should set global loading with message" time="0.001459129">
        </testcase>
        <testcase classname="src/store/slices/uiSlice.test.ts" name="uiSlice &gt; loading actions &gt; should clear global loading" time="0.002189743">
        </testcase>
        <testcase classname="src/store/slices/uiSlice.test.ts" name="uiSlice &gt; notification actions &gt; should add notification with timestamp" time="0.006975473">
        </testcase>
        <testcase classname="src/store/slices/uiSlice.test.ts" name="uiSlice &gt; notification actions &gt; should remove notification by id" time="0.001773899">
        </testcase>
        <testcase classname="src/store/slices/uiSlice.test.ts" name="uiSlice &gt; notification actions &gt; should clear all notifications" time="0.002130698">
        </testcase>
        <testcase classname="src/store/slices/uiSlice.test.ts" name="uiSlice &gt; navigation actions &gt; should set breadcrumbs" time="0.000609782">
        </testcase>
        <testcase classname="src/store/slices/uiSlice.test.ts" name="uiSlice &gt; navigation actions &gt; should set current page" time="0.002711474">
        </testcase>
        <testcase classname="src/store/slices/uiSlice.test.ts" name="uiSlice &gt; table state actions &gt; should update table state" time="0.000868101">
        </testcase>
        <testcase classname="src/store/slices/uiSlice.test.ts" name="uiSlice &gt; table state actions &gt; should update partial table state" time="0.001699225">
        </testcase>
        <testcase classname="src/store/slices/uiSlice.test.ts" name="uiSlice &gt; theme actions &gt; should set theme" time="0.000649749">
        </testcase>
        <testcase classname="src/store/slices/uiSlice.test.ts" name="uiSlice &gt; theme actions &gt; should toggle dark mode" time="0.000699534">
        </testcase>
        <testcase classname="src/store/slices/uiSlice.test.ts" name="uiSlice &gt; confirm dialog actions &gt; should show confirm dialog" time="0.000665981">
        </testcase>
        <testcase classname="src/store/slices/uiSlice.test.ts" name="uiSlice &gt; confirm dialog actions &gt; should hide confirm dialog" time="0.00060191">
        </testcase>
        <testcase classname="src/store/slices/uiSlice.test.ts" name="uiSlice &gt; selectors &gt; should select UI state" time="0.001602642">
        </testcase>
        <testcase classname="src/store/slices/uiSlice.test.ts" name="uiSlice &gt; selectors &gt; should select theme" time="0.001534554">
        </testcase>
        <testcase classname="src/store/slices/uiSlice.test.ts" name="uiSlice &gt; selectors &gt; should select sidebar state" time="0.001262108">
        </testcase>
        <testcase classname="src/store/slices/uiSlice.test.ts" name="uiSlice &gt; selectors &gt; should select global loading state" time="0.00086154">
        </testcase>
        <testcase classname="src/store/slices/uiSlice.test.ts" name="uiSlice &gt; selectors &gt; should select notifications" time="0.000775159">
        </testcase>
        <testcase classname="src/store/slices/uiSlice.test.ts" name="uiSlice &gt; selectors &gt; should select breadcrumbs" time="0.000812181">
        </testcase>
        <testcase classname="src/store/slices/uiSlice.test.ts" name="uiSlice &gt; selectors &gt; should select table state" time="0.00091211">
        </testcase>
        <testcase classname="src/store/slices/uiSlice.test.ts" name="uiSlice &gt; selectors &gt; should return default table state when not found" time="0.00076673">
        </testcase>
    </testsuite>
    <testsuite name="src/components/auth/__tests__/ProtectedRoute.test.tsx" timestamp="2025-08-22T07:42:59.486Z" hostname="ifedotovNB" tests="28" failures="0" errors="0" skipped="0" time="0.673561154">
        <testcase classname="src/components/auth/__tests__/ProtectedRoute.test.tsx" name="ProtectedRoute &gt; authenticated user scenarios &gt; should render children when user is authenticated" time="0.085724068">
        </testcase>
        <testcase classname="src/components/auth/__tests__/ProtectedRoute.test.tsx" name="ProtectedRoute &gt; authenticated user scenarios &gt; should fetch profile when token exists but no user data" time="0.111206765">
        </testcase>
        <testcase classname="src/components/auth/__tests__/ProtectedRoute.test.tsx" name="ProtectedRoute &gt; authenticated user scenarios &gt; should not fetch profile when user already exists" time="0.031963235">
        </testcase>
        <testcase classname="src/components/auth/__tests__/ProtectedRoute.test.tsx" name="ProtectedRoute &gt; authenticated user scenarios &gt; should show loading spinner when loading user data" time="0.033557109">
        </testcase>
        <testcase classname="src/components/auth/__tests__/ProtectedRoute.test.tsx" name="ProtectedRoute &gt; authenticated user scenarios &gt; should show loading spinner when token exists but no user" time="0.036808822">
        </testcase>
        <testcase classname="src/components/auth/__tests__/ProtectedRoute.test.tsx" name="ProtectedRoute &gt; unauthenticated user scenarios &gt; should redirect to login when not authenticated" time="0.017395619">
        </testcase>
        <testcase classname="src/components/auth/__tests__/ProtectedRoute.test.tsx" name="ProtectedRoute &gt; unauthenticated user scenarios &gt; should handle token expiration by redirecting to login" time="0.016050018">
        </testcase>
        <testcase classname="src/components/auth/__tests__/ProtectedRoute.test.tsx" name="ProtectedRoute &gt; unauthenticated user scenarios &gt; should redirect to login when not authenticated" time="0.01596147">
        </testcase>
        <testcase classname="src/components/auth/__tests__/ProtectedRoute.test.tsx" name="ProtectedRoute &gt; permission-based access control &gt; should render children when user has required permissions" time="0.015336312">
        </testcase>
        <testcase classname="src/components/auth/__tests__/ProtectedRoute.test.tsx" name="ProtectedRoute &gt; permission-based access control &gt; should render children when user has all required permissions" time="0.016371025">
        </testcase>
        <testcase classname="src/components/auth/__tests__/ProtectedRoute.test.tsx" name="ProtectedRoute &gt; permission-based access control &gt; should show access denied when user lacks required permissions" time="0.019600417">
        </testcase>
        <testcase classname="src/components/auth/__tests__/ProtectedRoute.test.tsx" name="ProtectedRoute &gt; permission-based access control &gt; should show access denied when user has only some required permissions" time="0.010962463">
        </testcase>
        <testcase classname="src/components/auth/__tests__/ProtectedRoute.test.tsx" name="ProtectedRoute &gt; permission-based access control &gt; should handle user with no permissions array" time="0.013222202">
        </testcase>
        <testcase classname="src/components/auth/__tests__/ProtectedRoute.test.tsx" name="ProtectedRoute &gt; role-based access control &gt; should render children when user has required role" time="0.014869466">
        </testcase>
        <testcase classname="src/components/auth/__tests__/ProtectedRoute.test.tsx" name="ProtectedRoute &gt; role-based access control &gt; should render children when user has any of the required roles" time="0.011847898">
        </testcase>
        <testcase classname="src/components/auth/__tests__/ProtectedRoute.test.tsx" name="ProtectedRoute &gt; role-based access control &gt; should show access denied when user lacks required roles" time="0.017740532">
        </testcase>
        <testcase classname="src/components/auth/__tests__/ProtectedRoute.test.tsx" name="ProtectedRoute &gt; role-based access control &gt; should handle user with no roles array" time="0.021225196">
        </testcase>
        <testcase classname="src/components/auth/__tests__/ProtectedRoute.test.tsx" name="ProtectedRoute &gt; combined permissions and roles &gt; should render children when user has both required permissions and roles" time="0.010757813">
        </testcase>
        <testcase classname="src/components/auth/__tests__/ProtectedRoute.test.tsx" name="ProtectedRoute &gt; combined permissions and roles &gt; should show access denied when user has permissions but not roles" time="0.010020072">
        </testcase>
        <testcase classname="src/components/auth/__tests__/ProtectedRoute.test.tsx" name="ProtectedRoute &gt; combined permissions and roles &gt; should show access denied when user has roles but not permissions" time="0.014334429">
        </testcase>
        <testcase classname="src/components/auth/__tests__/ProtectedRoute.test.tsx" name="ProtectedRoute &gt; loading states and edge cases &gt; should handle null user during loading" time="0.029782262">
        </testcase>
        <testcase classname="src/components/auth/__tests__/ProtectedRoute.test.tsx" name="ProtectedRoute &gt; loading states and edge cases &gt; should skip permission checks when no permissions required" time="0.009858671">
        </testcase>
        <testcase classname="src/components/auth/__tests__/ProtectedRoute.test.tsx" name="ProtectedRoute &gt; loading states and edge cases &gt; should skip role checks when no roles required" time="0.014524497">
        </testcase>
        <testcase classname="src/components/auth/__tests__/ProtectedRoute.test.tsx" name="ProtectedRoute &gt; loading states and edge cases &gt; should handle user being null for permission checks" time="0.023270981">
        </testcase>
        <testcase classname="src/components/auth/__tests__/ProtectedRoute.test.tsx" name="ProtectedRoute &gt; loading states and edge cases &gt; should handle logout errors gracefully" time="0.015744332">
        </testcase>
        <testcase classname="src/components/auth/__tests__/ProtectedRoute.test.tsx" name="ProtectedRoute &gt; component props and defaults &gt; should accept children as React nodes" time="0.021453855">
        </testcase>
        <testcase classname="src/components/auth/__tests__/ProtectedRoute.test.tsx" name="ProtectedRoute &gt; component props and defaults &gt; should use empty arrays as default for permissions and roles" time="0.014246929">
        </testcase>
        <testcase classname="src/components/auth/__tests__/ProtectedRoute.test.tsx" name="ProtectedRoute &gt; navigation state preservation &gt; should preserve location state when redirecting to login" time="0.016474966">
        </testcase>
    </testsuite>
    <testsuite name="src/components/query/__tests__/QueryBuilderModal.integration.test.tsx" timestamp="2025-08-22T07:42:59.489Z" hostname="ifedotovNB" tests="21" failures="21" errors="0" skipped="0" time="0.044363488">
        <testcase classname="src/components/query/__tests__/QueryBuilderModal.integration.test.tsx" name="QueryBuilderModal Integration Tests &gt; Error Boundary Integration &gt; renders QueryPreviewErrorBoundary with correct props in results step" time="0.015432963">
            <failure message="Cannot read properties of undefined (reading &apos;reducer&apos;)" type="TypeError">
TypeError: Cannot read properties of undefined (reading &apos;reducer&apos;)
 ❯ createMockStore src/components/query/__tests__/QueryBuilderModal.integration.test.tsx:137:19
 ❯ src/components/query/__tests__/QueryBuilderModal.integration.test.tsx:164:17
            </failure>
        </testcase>
        <testcase classname="src/components/query/__tests__/QueryBuilderModal.integration.test.tsx" name="QueryBuilderModal Integration Tests &gt; Error Boundary Integration &gt; passes retry handler to error boundary that retries preview execution" time="0.001152645">
            <failure message="Cannot read properties of undefined (reading &apos;reducer&apos;)" type="TypeError">
TypeError: Cannot read properties of undefined (reading &apos;reducer&apos;)
 ❯ createMockStore src/components/query/__tests__/QueryBuilderModal.integration.test.tsx:137:19
 ❯ src/components/query/__tests__/QueryBuilderModal.integration.test.tsx:164:17
            </failure>
        </testcase>
        <testcase classname="src/components/query/__tests__/QueryBuilderModal.integration.test.tsx" name="QueryBuilderModal Integration Tests &gt; Error Boundary Integration &gt; passes go back handler to error boundary that navigates to config step" time="0.000830564">
            <failure message="Cannot read properties of undefined (reading &apos;reducer&apos;)" type="TypeError">
TypeError: Cannot read properties of undefined (reading &apos;reducer&apos;)
 ❯ createMockStore src/components/query/__tests__/QueryBuilderModal.integration.test.tsx:137:19
 ❯ src/components/query/__tests__/QueryBuilderModal.integration.test.tsx:164:17
            </failure>
        </testcase>
        <testcase classname="src/components/query/__tests__/QueryBuilderModal.integration.test.tsx" name="QueryBuilderModal Integration Tests &gt; Preview Error Handling Integration &gt; integrates with useErrorHandler for preview operations" time="0.0010402">
            <failure message="Cannot read properties of undefined (reading &apos;reducer&apos;)" type="TypeError">
TypeError: Cannot read properties of undefined (reading &apos;reducer&apos;)
 ❯ createMockStore src/components/query/__tests__/QueryBuilderModal.integration.test.tsx:137:19
 ❯ src/components/query/__tests__/QueryBuilderModal.integration.test.tsx:164:17
            </failure>
        </testcase>
        <testcase classname="src/components/query/__tests__/QueryBuilderModal.integration.test.tsx" name="QueryBuilderModal Integration Tests &gt; Preview Error Handling Integration &gt; handles preview success and navigates to results step" time="0.000830381">
            <failure message="Cannot read properties of undefined (reading &apos;reducer&apos;)" type="TypeError">
TypeError: Cannot read properties of undefined (reading &apos;reducer&apos;)
 ❯ createMockStore src/components/query/__tests__/QueryBuilderModal.integration.test.tsx:137:19
 ❯ src/components/query/__tests__/QueryBuilderModal.integration.test.tsx:164:17
            </failure>
        </testcase>
        <testcase classname="src/components/query/__tests__/QueryBuilderModal.integration.test.tsx" name="QueryBuilderModal Integration Tests &gt; Preview Error Handling Integration &gt; handles preview errors and shows error state" time="0.000825804">
            <failure message="Cannot read properties of undefined (reading &apos;reducer&apos;)" type="TypeError">
TypeError: Cannot read properties of undefined (reading &apos;reducer&apos;)
 ❯ createMockStore src/components/query/__tests__/QueryBuilderModal.integration.test.tsx:137:19
 ❯ src/components/query/__tests__/QueryBuilderModal.integration.test.tsx:164:17
            </failure>
        </testcase>
        <testcase classname="src/components/query/__tests__/QueryBuilderModal.integration.test.tsx" name="QueryBuilderModal Integration Tests &gt; Retry Logic Integration &gt; implements retry logic with exponential backoff for preview" time="0.000905663">
            <failure message="Cannot read properties of undefined (reading &apos;reducer&apos;)" type="TypeError">
TypeError: Cannot read properties of undefined (reading &apos;reducer&apos;)
 ❯ createMockStore src/components/query/__tests__/QueryBuilderModal.integration.test.tsx:137:19
 ❯ src/components/query/__tests__/QueryBuilderModal.integration.test.tsx:164:17
            </failure>
        </testcase>
        <testcase classname="src/components/query/__tests__/QueryBuilderModal.integration.test.tsx" name="QueryBuilderModal Integration Tests &gt; Retry Logic Integration &gt; tracks retry count and shows retry indicators" time="0.002459073">
            <failure message="Cannot read properties of undefined (reading &apos;reducer&apos;)" type="TypeError">
TypeError: Cannot read properties of undefined (reading &apos;reducer&apos;)
 ❯ createMockStore src/components/query/__tests__/QueryBuilderModal.integration.test.tsx:137:19
 ❯ src/components/query/__tests__/QueryBuilderModal.integration.test.tsx:164:17
            </failure>
        </testcase>
        <testcase classname="src/components/query/__tests__/QueryBuilderModal.integration.test.tsx" name="QueryBuilderModal Integration Tests &gt; Retry Logic Integration &gt; prevents retry when max retries exceeded" time="0.000988338">
            <failure message="Cannot read properties of undefined (reading &apos;reducer&apos;)" type="TypeError">
TypeError: Cannot read properties of undefined (reading &apos;reducer&apos;)
 ❯ createMockStore src/components/query/__tests__/QueryBuilderModal.integration.test.tsx:137:19
 ❯ src/components/query/__tests__/QueryBuilderModal.integration.test.tsx:164:17
            </failure>
        </testcase>
        <testcase classname="src/components/query/__tests__/QueryBuilderModal.integration.test.tsx" name="QueryBuilderModal Integration Tests &gt; ReportViewer Error Integration &gt; passes error state to ReportViewer component" time="0.000811149">
            <failure message="Cannot read properties of undefined (reading &apos;reducer&apos;)" type="TypeError">
TypeError: Cannot read properties of undefined (reading &apos;reducer&apos;)
 ❯ createMockStore src/components/query/__tests__/QueryBuilderModal.integration.test.tsx:137:19
 ❯ src/components/query/__tests__/QueryBuilderModal.integration.test.tsx:164:17
            </failure>
        </testcase>
        <testcase classname="src/components/query/__tests__/QueryBuilderModal.integration.test.tsx" name="QueryBuilderModal Integration Tests &gt; ReportViewer Error Integration &gt; passes retry handler to ReportViewer" time="0.000697359">
            <failure message="Cannot read properties of undefined (reading &apos;reducer&apos;)" type="TypeError">
TypeError: Cannot read properties of undefined (reading &apos;reducer&apos;)
 ❯ createMockStore src/components/query/__tests__/QueryBuilderModal.integration.test.tsx:137:19
 ❯ src/components/query/__tests__/QueryBuilderModal.integration.test.tsx:164:17
            </failure>
        </testcase>
        <testcase classname="src/components/query/__tests__/QueryBuilderModal.integration.test.tsx" name="QueryBuilderModal Integration Tests &gt; ReportViewer Error Integration &gt; passes go back handler to ReportViewer" time="0.000880934">
            <failure message="Cannot read properties of undefined (reading &apos;reducer&apos;)" type="TypeError">
TypeError: Cannot read properties of undefined (reading &apos;reducer&apos;)
 ❯ createMockStore src/components/query/__tests__/QueryBuilderModal.integration.test.tsx:137:19
 ❯ src/components/query/__tests__/QueryBuilderModal.integration.test.tsx:164:17
            </failure>
        </testcase>
        <testcase classname="src/components/query/__tests__/QueryBuilderModal.integration.test.tsx" name="QueryBuilderModal Integration Tests &gt; ReportViewer Error Integration &gt; enables recovery features in ReportViewer" time="0.001358364">
            <failure message="Cannot read properties of undefined (reading &apos;reducer&apos;)" type="TypeError">
TypeError: Cannot read properties of undefined (reading &apos;reducer&apos;)
 ❯ createMockStore src/components/query/__tests__/QueryBuilderModal.integration.test.tsx:137:19
 ❯ src/components/query/__tests__/QueryBuilderModal.integration.test.tsx:164:17
            </failure>
        </testcase>
        <testcase classname="src/components/query/__tests__/QueryBuilderModal.integration.test.tsx" name="QueryBuilderModal Integration Tests &gt; Field Discovery Error Handling &gt; handles field discovery errors gracefully" time="0.003250626">
            <failure message="Cannot read properties of undefined (reading &apos;reducer&apos;)" type="TypeError">
TypeError: Cannot read properties of undefined (reading &apos;reducer&apos;)
 ❯ createMockStore src/components/query/__tests__/QueryBuilderModal.integration.test.tsx:137:19
 ❯ src/components/query/__tests__/QueryBuilderModal.integration.test.tsx:164:17
            </failure>
        </testcase>
        <testcase classname="src/components/query/__tests__/QueryBuilderModal.integration.test.tsx" name="QueryBuilderModal Integration Tests &gt; Field Discovery Error Handling &gt; shows loading state during field discovery" time="0.001536313">
            <failure message="Cannot read properties of undefined (reading &apos;reducer&apos;)" type="TypeError">
TypeError: Cannot read properties of undefined (reading &apos;reducer&apos;)
 ❯ createMockStore src/components/query/__tests__/QueryBuilderModal.integration.test.tsx:137:19
 ❯ src/components/query/__tests__/QueryBuilderModal.integration.test.tsx:164:17
            </failure>
        </testcase>
        <testcase classname="src/components/query/__tests__/QueryBuilderModal.integration.test.tsx" name="QueryBuilderModal Integration Tests &gt; Field Discovery Error Handling &gt; shows schema discovery state for AD" time="0.001078914">
            <failure message="Cannot read properties of undefined (reading &apos;reducer&apos;)" type="TypeError">
TypeError: Cannot read properties of undefined (reading &apos;reducer&apos;)
 ❯ createMockStore src/components/query/__tests__/QueryBuilderModal.integration.test.tsx:137:19
 ❯ src/components/query/__tests__/QueryBuilderModal.integration.test.tsx:164:17
            </failure>
        </testcase>
        <testcase classname="src/components/query/__tests__/QueryBuilderModal.integration.test.tsx" name="QueryBuilderModal Integration Tests &gt; Credentials Error Handling &gt; handles credentials loading errors" time="0.001105552">
            <failure message="Cannot read properties of undefined (reading &apos;reducer&apos;)" type="TypeError">
TypeError: Cannot read properties of undefined (reading &apos;reducer&apos;)
 ❯ createMockStore src/components/query/__tests__/QueryBuilderModal.integration.test.tsx:137:19
 ❯ src/components/query/__tests__/QueryBuilderModal.integration.test.tsx:164:17
            </failure>
        </testcase>
        <testcase classname="src/components/query/__tests__/QueryBuilderModal.integration.test.tsx" name="QueryBuilderModal Integration Tests &gt; Credentials Error Handling &gt; shows empty state when no credentials available" time="0.002136127">
            <failure message="Cannot read properties of undefined (reading &apos;reducer&apos;)" type="TypeError">
TypeError: Cannot read properties of undefined (reading &apos;reducer&apos;)
 ❯ createMockStore src/components/query/__tests__/QueryBuilderModal.integration.test.tsx:137:19
 ❯ src/components/query/__tests__/QueryBuilderModal.integration.test.tsx:164:17
            </failure>
        </testcase>
        <testcase classname="src/components/query/__tests__/QueryBuilderModal.integration.test.tsx" name="QueryBuilderModal Integration Tests &gt; Error Recovery Workflows &gt; supports full error recovery workflow from field selection to preview" time="0.001063593">
            <failure message="Cannot read properties of undefined (reading &apos;reducer&apos;)" type="TypeError">
TypeError: Cannot read properties of undefined (reading &apos;reducer&apos;)
 ❯ createMockStore src/components/query/__tests__/QueryBuilderModal.integration.test.tsx:137:19
 ❯ src/components/query/__tests__/QueryBuilderModal.integration.test.tsx:164:17
            </failure>
        </testcase>
        <testcase classname="src/components/query/__tests__/QueryBuilderModal.integration.test.tsx" name="QueryBuilderModal Integration Tests &gt; Error Recovery Workflows &gt; maintains query state during error recovery" time="0.00108523">
            <failure message="Cannot read properties of undefined (reading &apos;reducer&apos;)" type="TypeError">
TypeError: Cannot read properties of undefined (reading &apos;reducer&apos;)
 ❯ createMockStore src/components/query/__tests__/QueryBuilderModal.integration.test.tsx:137:19
 ❯ src/components/query/__tests__/QueryBuilderModal.integration.test.tsx:164:17
            </failure>
        </testcase>
        <testcase classname="src/components/query/__tests__/QueryBuilderModal.integration.test.tsx" name="QueryBuilderModal Integration Tests &gt; Error Recovery Workflows &gt; provides contextual error messages based on current step" time="0.001086249">
            <failure message="Cannot read properties of undefined (reading &apos;reducer&apos;)" type="TypeError">
TypeError: Cannot read properties of undefined (reading &apos;reducer&apos;)
 ❯ createMockStore src/components/query/__tests__/QueryBuilderModal.integration.test.tsx:137:19
 ❯ src/components/query/__tests__/QueryBuilderModal.integration.test.tsx:164:17
            </failure>
        </testcase>
    </testsuite>
    <testsuite name="src/components/query/__tests__/QueryPreviewErrorBoundary.test.tsx" timestamp="2025-08-22T07:42:59.501Z" hostname="ifedotovNB" tests="36" failures="36" errors="0" skipped="0" time="7.285986762">
        <testcase classname="src/components/query/__tests__/QueryPreviewErrorBoundary.test.tsx" name="QueryPreviewErrorBoundary &gt; Basic Error Boundary Functionality &gt; renders children when there is no error" time="0.027783776">
            <failure message="Cannot delete property &apos;gtag&apos; of #&lt;Object&gt;" type="TypeError">
TypeError: Cannot delete property &apos;gtag&apos; of #&lt;Object&gt;
 ❯ src/components/query/__tests__/QueryPreviewErrorBoundary.test.tsx:49:3
            </failure>
        </testcase>
        <testcase classname="src/components/query/__tests__/QueryPreviewErrorBoundary.test.tsx" name="QueryPreviewErrorBoundary &gt; Basic Error Boundary Functionality &gt; catches and displays AppError with proper fallback UI" time="0.275267512">
            <failure message="Cannot delete property &apos;gtag&apos; of #&lt;Object&gt;" type="TypeError">
TypeError: Cannot delete property &apos;gtag&apos; of #&lt;Object&gt;
 ❯ src/components/query/__tests__/QueryPreviewErrorBoundary.test.tsx:49:3
            </failure>
        </testcase>
        <testcase classname="src/components/query/__tests__/QueryPreviewErrorBoundary.test.tsx" name="QueryPreviewErrorBoundary &gt; Basic Error Boundary Functionality &gt; catches and displays standard JavaScript errors" time="0.088555361">
            <failure message="Cannot delete property &apos;gtag&apos; of #&lt;Object&gt;" type="TypeError">
TypeError: Cannot delete property &apos;gtag&apos; of #&lt;Object&gt;
 ❯ src/components/query/__tests__/QueryPreviewErrorBoundary.test.tsx:49:3
            </failure>
        </testcase>
        <testcase classname="src/components/query/__tests__/QueryPreviewErrorBoundary.test.tsx" name="QueryPreviewErrorBoundary &gt; Basic Error Boundary Functionality &gt; calls onError callback when provided" time="0.165260249">
            <failure message="Cannot delete property &apos;gtag&apos; of #&lt;Object&gt;" type="TypeError">
TypeError: Cannot delete property &apos;gtag&apos; of #&lt;Object&gt;
 ❯ src/components/query/__tests__/QueryPreviewErrorBoundary.test.tsx:49:3
            </failure>
        </testcase>
        <testcase classname="src/components/query/__tests__/QueryPreviewErrorBoundary.test.tsx" name="QueryPreviewErrorBoundary &gt; Error Persistence and Analytics &gt; stores error count in localStorage" time="0.145069213">
            <failure message="Cannot delete property &apos;gtag&apos; of #&lt;Object&gt;" type="TypeError">
TypeError: Cannot delete property &apos;gtag&apos; of #&lt;Object&gt;
 ❯ src/components/query/__tests__/QueryPreviewErrorBoundary.test.tsx:49:3
            </failure>
        </testcase>
        <testcase classname="src/components/query/__tests__/QueryPreviewErrorBoundary.test.tsx" name="QueryPreviewErrorBoundary &gt; Error Persistence and Analytics &gt; increments error count on subsequent errors" time="0.192214661">
            <failure message="Cannot delete property &apos;gtag&apos; of #&lt;Object&gt;" type="TypeError">
TypeError: Cannot delete property &apos;gtag&apos; of #&lt;Object&gt;
 ❯ src/components/query/__tests__/QueryPreviewErrorBoundary.test.tsx:49:3
            </failure>
        </testcase>
        <testcase classname="src/components/query/__tests__/QueryPreviewErrorBoundary.test.tsx" name="QueryPreviewErrorBoundary &gt; Error Persistence and Analytics &gt; tracks errors in Google Analytics when gtag is available" time="0.116591853">
            <failure message="Cannot delete property &apos;gtag&apos; of #&lt;Object&gt;" type="TypeError">
TypeError: Cannot delete property &apos;gtag&apos; of #&lt;Object&gt;
 ❯ src/components/query/__tests__/QueryPreviewErrorBoundary.test.tsx:49:3
            </failure>
        </testcase>
        <testcase classname="src/components/query/__tests__/QueryPreviewErrorBoundary.test.tsx" name="QueryPreviewErrorBoundary &gt; Error Persistence and Analytics &gt; clears error persistence on successful reset" time="0.141506364">
            <failure message="expected &quot;spy&quot; to be called with arguments: [ &apos;queryPreviewErrorCount&apos; ][90m

Number of calls: [1m0[22m
[39m" type="AssertionError">
AssertionError: expected &quot;spy&quot; to be called with arguments: [ &apos;queryPreviewErrorCount&apos; ]

Number of calls: 0

 ❯ src/components/query/__tests__/QueryPreviewErrorBoundary.test.tsx:192:39
            </failure>
            <failure message="Cannot delete property &apos;gtag&apos; of #&lt;Object&gt;" type="TypeError">
TypeError: Cannot delete property &apos;gtag&apos; of #&lt;Object&gt;
 ❯ src/components/query/__tests__/QueryPreviewErrorBoundary.test.tsx:49:3
            </failure>
        </testcase>
        <testcase classname="src/components/query/__tests__/QueryPreviewErrorBoundary.test.tsx" name="QueryPreviewErrorBoundary &gt; Error Type-Specific Handling &gt; handles NETWORK error type correctly" time="0.227735765">
            <failure message="Found multiple elements with the text: Network Connection Issue

Here are the matching elements:

Ignored nodes: comments, script, style
[36m&lt;h3[39m
  [33mstyle[39m=[32m&quot;font-size: 20px; font-weight: bold; margin-bottom: 8px; color: rgb(31, 41, 55);&quot;[39m
[36m&gt;[39m
  [0mNetwork Connection Issue[0m
[36m&lt;/h3&gt;[39m

Ignored nodes: comments, script, style
[36m&lt;h3[39m
  [33mstyle[39m=[32m&quot;font-size: 20px; font-weight: bold; margin-bottom: 8px; color: rgb(31, 41, 55);&quot;[39m
[36m&gt;[39m
  [0mNetwork Connection Issue[0m
[36m&lt;/h3&gt;[39m

Ignored nodes: comments, script, style
[36m&lt;h3[39m
  [33mstyle[39m=[32m&quot;font-size: 20px; font-weight: bold; margin-bottom: 8px; color: rgb(31, 41, 55);&quot;[39m
[36m&gt;[39m
  [0mNetwork Connection Issue[0m
[36m&lt;/h3&gt;[39m

Ignored nodes: comments, script, style
[36m&lt;h3[39m
  [33mstyle[39m=[32m&quot;font-size: 20px; font-weight: bold; margin-bottom: 8px; color: rgb(31, 41, 55);&quot;[39m
[36m&gt;[39m
  [0mNetwork Connection Issue[0m
[36m&lt;/h3&gt;[39m

Ignored nodes: comments, script, style
[36m&lt;h3[39m
  [33mstyle[39m=[32m&quot;font-size: 20px; font-weight: bold; margin-bottom: 8px; color: rgb(31, 41, 55);&quot;[39m
[36m&gt;[39m
  [0mNetwork Connection Issue[0m
[36m&lt;/h3&gt;[39m

Ignored nodes: comments, script, style
[36m&lt;h3[39m
  [33mstyle[39m=[32m&quot;font-size: 20px; font-weight: bold; margin-bottom: 8px; color: rgb(31, 41, 55);&quot;[39m
[36m&gt;[39m
  [0mNetwork Connection Issue[0m
[36m&lt;/h3&gt;[39m

Ignored nodes: comments, script, style
[36m&lt;h3[39m
  [33mstyle[39m=[32m&quot;font-size: 20px; font-weight: bold; margin-bottom: 8px; color: rgb(31, 41, 55);&quot;[39m
[36m&gt;[39m
  [0mNetwork Connection Issue[0m
[36m&lt;/h3&gt;[39m

(If this is intentional, then use the `*AllBy*` variant of the query (like `queryAllByText`, `getAllByText`, or `findAllByText`)).

Ignored nodes: comments, script, style
[36m&lt;body&gt;[39m
  [36m&lt;div&gt;[39m
    [36m&lt;div[39m
      [33mdata-testid[39m=[32m&quot;test-content&quot;[39m
    [36m&gt;[39m
      [0mTest content[0m
    [36m&lt;/div&gt;[39m
  [36m&lt;/div&gt;[39m
  [36m&lt;div&gt;[39m
    [36m&lt;div[39m
      [33mstyle[39m=[32m&quot;min-height: 400px; background: rgb(245, 245, 245); display: flex; align-items: center; justify-content: center; padding: 32px; border-radius: 8px;&quot;[39m
    [36m&gt;[39m
      [36m&lt;div[39m
        [33mstyle[39m=[32m&quot;max-width: 600px; width: 100%; text-align: center; background: rgba(255, 255, 255, 0.9); border-radius: 16px; padding: 32px; border: 1px solid rgb(229, 231, 235); box-shadow: 0 4px 6px rgba(0, 0, 0, 0.1);&quot;[39m
      [36m&gt;[39m
        [36m&lt;svg[39m
          [33maria-hidden[39m=[32m&quot;true&quot;[39m
          [33mclass[39m=[32m&quot;lucide lucide-circle-alert&quot;[39m
          [33mfill[39m=[32m&quot;none&quot;[39m
          [33mheight[39m=[32m&quot;48&quot;[39m
          [33mstroke[39m=[32m&quot;currentColor&quot;[39m
          [33mstroke-linecap[39m=[32m&quot;round&quot;[39m
          [33mstroke-linejoin[39m=[32m&quot;round&quot;[39m
          [33mstroke-width[39m=[32m&quot;2&quot;[39m
          [33mstyle[39m=[32m&quot;color: rgb(239, 68, 68); margin-bottom: 16px;&quot;[39m
          [33mviewBox[39m=[32m&quot;0 0 24 24&quot;[39m
          [33mwidth[39m=[32m&quot;48&quot;[39m
          [33mxmlns[39m=[32m&quot;http://www.w3.org/2000/svg&quot;[39m
        [36m&gt;[39m
          [36m&lt;circle[39m
            [33mcx[39m=[32m&quot;12&quot;[39m
            [33mcy[39m=[32m&quot;12&quot;[39m
            [33mr[39m=[32m&quot;10&quot;[39m
          [36m/&gt;[39m
          [36m&lt;line[39m
            [33mx1[39m=[32m&quot;12&quot;[39m
            [33mx2[39m=[32m&quot;12&quot;[39m
            [33my1[39m=[32m&quot;8&quot;[39m
            [33my2[39m=[32m&quot;12&quot;[39m
          [36m/&gt;[39m
          [36m&lt;line[39m
            [33mx1[39m=[32m&quot;12&quot;[39m
            [33mx2[39m=[32m&quot;12.01&quot;[39m
            [33my1[39m=[32m&quot;16&quot;[39m
            [33my2[39m=[32m&quot;16&quot;[39m
          [36m/&gt;[39m
        [36m&lt;/svg&gt;[39m
        [36m&lt;h3[39m
          [33mstyle[39m=[32m&quot;font-size: 20px; font-weight: bold; margin-bottom: 8px; color: rgb(31, 41, 55);&quot;[39m
        [36m&gt;[39m
          [0mNetwork Connection Issue[0m
        [36m&lt;/h3&gt;[39m
        [36m&lt;p[39m
          [33mstyle[39m=[32m&quot;font-size: 14px; margin-bottom: 20px; color: rgb(107, 114, 128); line-height: 1.5;&quot;[39m
        [36m&gt;[39m
          [0mCheck your internet connection and try again. If the problem persists, contact your network administrator.[0m
        [36m&lt;/p&gt;[39m
        [36m&lt;details[39m
          [33mstyle[39m=[32m&quot;text-align: left; margin-bottom: 20px; background: rgba(0, 0, 0, 0.05); padding: 12px; border-radius: 6px; font-size: 12px;&quot;[39m
        [36m&gt;[39m
          [36m&lt;summary[39m
            [33mstyle[39m=[32m&quot;cursor: pointer; margin-bottom: 8px; color: rgb(107, 114, 128); font-size: 12px;&quot;[39m
          [36m&gt;[39m
            [36m&lt;svg[39m
              [33maria-hidden[39m=[32m&quot;true&quot;[39m
              [33mclass[39m=[32m&quot;lucide lucide-bug&quot;[39m
              [33mfill[39m=[32m&quot;none&quot;[39m
              [33mheight[39m=[32m&quot;14&quot;[39m
              [33mstroke[39m=[32m&quot;currentColor&quot;[39m
              [33mstroke-linecap[39m=[32m&quot;round&quot;[39m
              [33mstroke-linejoin[39m=[32m&quot;round&quot;[39m
              [33mstroke-width[39m=[32m&quot;2&quot;[39m
              [33mstyle[39m=[32m&quot;margin-right: 6px; vertical-align: middle;&quot;[39m
              [33mviewBox[39m=[32m&quot;0 0 24 24&quot;[39m
              [33mwidth[39m=[32m&quot;14&quot;[39m
              [33mxmlns[39m=[32m&quot;http://www.w3.org/2000/svg&quot;[39m
            [36m&gt;[39m
              [36m&lt;path[39m
                [33md[39m=[32m&quot;m8 2 1.88 1.88&quot;[39m
              [36m/&gt;[39m
              [36m&lt;path[39m
                [33md[39m=[32m&quot;M14.12 3.88 16 2&quot;[39m
              [36m/&gt;[39m
              [36m&lt;path[39m
                [33md[39m=[32m&quot;M9 7.13v-1a3.003 3.003 0 1 1 6 0v1&quot;[39m
              [36m/&gt;[39m
              [36m&lt;path[39m
                [33md[39m=[32m&quot;M12 20c-3.3 0-6-2.7-6-6v-3a4 4 0 0 1 4-4h4a4 4 0 0 1 4 4v3c0 3.3-2.7 6-6 6&quot;[39m
              [36m/&gt;[39m
              [36m&lt;path[39m
                [33md[39m=[32m&quot;M12 20v-9&quot;[39m
              [36m/&gt;[39m
              [36m&lt;path[39m
                [33md[39m=[32m&quot;M6.53 9C4.6 8.8 3 7.1 3 5&quot;[39m
              [36m/&gt;[39m
              [36m&lt;path[39m
                [33md[39m=[32m&quot;M6 13H2&quot;[39m
              [36m/&gt;[39m
              [36m&lt;path[39m
                [33md[39m=[32m&quot;M3 21c0-2.1 1.7-3.9 3.8-4&quot;[39m
              [36m/&gt;[39m
              [36m&lt;path[39m
                [33md[39m=[32m&quot;M20.97 5c0 2.1-1.6 3.8-3.5 4&quot;[39m
              [36m/&gt;[39m
              [36m&lt;path[39m
                [33md[39m=[32m&quot;M22 13h-4&quot;[39m
              [36m/&gt;[39m
              [36m&lt;path[39m
                [33md[39m=[32m&quot;M17.2 17c2.1.1 3.8 1.9 3.8 4&quot;[39m
              [36m/&gt;[39m
            [36m&lt;/svg&gt;[39m
            [0mError Details (Development Only)[0m
          [36m&lt;/summary&gt;[39m
          [36m&lt;div[39m
            [33mstyle[39m=[32m&quot;font-family: monospace; color: rgb(75, 85, 99); word-break: break-word;&quot;[39m
          [36m&gt;[39m
            [36m&lt;strong&gt;[39m
              [0mType:[0m
            [36m&lt;/strong&gt;[39m
            [0m [0m
            [0mNETWORK[0m
            [36m&lt;br /&gt;[39m
            [36m&lt;strong&gt;[39m
              [0mCode:[0m
            [36m&lt;/strong&gt;[39m
            [0m [0m
            [0mNETWORK_ERROR[0m
            [36m&lt;br /&gt;[39m
            [36m&lt;strong&gt;[39m
              [0mMessage:[0m
            [36m&lt;/strong&gt;[39m
            [0m [0m
            [0mTest error message[0m
            [36m&lt;br /&gt;[39m
            [36m&lt;strong&gt;[39m
              [0mStack:[0m
            [36m&lt;/strong&gt;[39m
            [36m&lt;pre[39m
              [33mstyle[39m=[32m&quot;white-space: pre-wrap; word-break: break-word; margin: 4px 0px 0px 0px; font-size: 10px;&quot;[39m
            [36m&gt;[39m
              [0mAppError: Test error message
    at ThrowErrorComponent (/home/ilya/projects/SimpleAdminReporter/frontend/src/components/query/__tests__/QueryPreviewErrorBoundary.test.tsx:59:19)
    at Object.react_stack_bottom_frame (/home/ilya/projects/SimpleAdminReporter/frontend/node_modules/react-dom/cjs/react-dom-client.development.js:23863:20)
    at renderWithHooks (/home/ilya/projects/SimpleAdminReporter/frontend/node_modules/react-dom/cjs/react-dom-client.development.js:5529:22)
    at updateFunctionComponent (/home/ilya/projects/SimpleAdminReporter/frontend/node_modules/react-dom/cjs/react-dom-client.development.js:8897:19)
    at beginWork (/home/ilya/projects/SimpleAdminReporter/frontend/node_modules/react-dom/cjs/react-dom-client.development.js:10522:18)
    at runWithFiberInDEV (/home/ilya/projects/SimpleAdminReporter/frontend/node_modules/react-dom/cjs/react-dom-client.development.js:1522:13..." type="TestingLibraryElementError">
TestingLibraryElementError: Found multiple elements with the text: Network Connection Issue

Here are the matching elements:

Ignored nodes: comments, script, style
&lt;h3
  style=&quot;font-size: 20px; font-weight: bold; margin-bottom: 8px; color: rgb(31, 41, 55);&quot;
&gt;
  Network Connection Issue
&lt;/h3&gt;

Ignored nodes: comments, script, style
&lt;h3
  style=&quot;font-size: 20px; font-weight: bold; margin-bottom: 8px; color: rgb(31, 41, 55);&quot;
&gt;
  Network Connection Issue
&lt;/h3&gt;

Ignored nodes: comments, script, style
&lt;h3
  style=&quot;font-size: 20px; font-weight: bold; margin-bottom: 8px; color: rgb(31, 41, 55);&quot;
&gt;
  Network Connection Issue
&lt;/h3&gt;

Ignored nodes: comments, script, style
&lt;h3
  style=&quot;font-size: 20px; font-weight: bold; margin-bottom: 8px; color: rgb(31, 41, 55);&quot;
&gt;
  Network Connection Issue
&lt;/h3&gt;

Ignored nodes: comments, script, style
&lt;h3
  style=&quot;font-size: 20px; font-weight: bold; margin-bottom: 8px; color: rgb(31, 41, 55);&quot;
&gt;
  Network Connection Issue
&lt;/h3&gt;

Ignored nodes: comments, script, style
&lt;h3
  style=&quot;font-size: 20px; font-weight: bold; margin-bottom: 8px; color: rgb(31, 41, 55);&quot;
&gt;
  Network Connection Issue
&lt;/h3&gt;

Ignored nodes: comments, script, style
&lt;h3
  style=&quot;font-size: 20px; font-weight: bold; margin-bottom: 8px; color: rgb(31, 41, 55);&quot;
&gt;
  Network Connection Issue
&lt;/h3&gt;

(If this is intentional, then use the `*AllBy*` variant of the query (like `queryAllByText`, `getAllByText`, or `findAllByText`)).

Ignored nodes: comments, script, style
&lt;body&gt;
  &lt;div&gt;
    &lt;div
      data-testid=&quot;test-content&quot;
    &gt;
      Test content
    &lt;/div&gt;
  &lt;/div&gt;
  &lt;div&gt;
    &lt;div
      style=&quot;min-height: 400px; background: rgb(245, 245, 245); display: flex; align-items: center; justify-content: center; padding: 32px; border-radius: 8px;&quot;
    &gt;
      &lt;div
        style=&quot;max-width: 600px; width: 100%; text-align: center; background: rgba(255, 255, 255, 0.9); border-radius: 16px; padding: 32px; border: 1px solid rgb(229, 231, 235); box-shadow: 0 4px 6px rgba(0, 0, 0, 0.1);&quot;
      &gt;
        &lt;svg
          aria-hidden=&quot;true&quot;
          class=&quot;lucide lucide-circle-alert&quot;
          fill=&quot;none&quot;
          height=&quot;48&quot;
          stroke=&quot;currentColor&quot;
          stroke-linecap=&quot;round&quot;
          stroke-linejoin=&quot;round&quot;
          stroke-width=&quot;2&quot;
          style=&quot;color: rgb(239, 68, 68); margin-bottom: 16px;&quot;
          viewBox=&quot;0 0 24 24&quot;
          width=&quot;48&quot;
          xmlns=&quot;http://www.w3.org/2000/svg&quot;
        &gt;
          &lt;circle
            cx=&quot;12&quot;
            cy=&quot;12&quot;
            r=&quot;10&quot;
          /&gt;
          &lt;line
            x1=&quot;12&quot;
            x2=&quot;12&quot;
            y1=&quot;8&quot;
            y2=&quot;12&quot;
          /&gt;
          &lt;line
            x1=&quot;12&quot;
            x2=&quot;12.01&quot;
            y1=&quot;16&quot;
            y2=&quot;16&quot;
          /&gt;
        &lt;/svg&gt;
        &lt;h3
          style=&quot;font-size: 20px; font-weight: bold; margin-bottom: 8px; color: rgb(31, 41, 55);&quot;
        &gt;
          Network Connection Issue
        &lt;/h3&gt;
        &lt;p
          style=&quot;font-size: 14px; margin-bottom: 20px; color: rgb(107, 114, 128); line-height: 1.5;&quot;
        &gt;
          Check your internet connection and try again. If the problem persists, contact your network administrator.
        &lt;/p&gt;
        &lt;details
          style=&quot;text-align: left; margin-bottom: 20px; background: rgba(0, 0, 0, 0.05); padding: 12px; border-radius: 6px; font-size: 12px;&quot;
        &gt;
          &lt;summary
            style=&quot;cursor: pointer; margin-bottom: 8px; color: rgb(107, 114, 128); font-size: 12px;&quot;
          &gt;
            &lt;svg
              aria-hidden=&quot;true&quot;
              class=&quot;lucide lucide-bug&quot;
              fill=&quot;none&quot;
              height=&quot;14&quot;
              stroke=&quot;currentColor&quot;
              stroke-linecap=&quot;round&quot;
              stroke-linejoin=&quot;round&quot;
              stroke-width=&quot;2&quot;
              style=&quot;margin-right: 6px; vertical-align: middle;&quot;
              viewBox=&quot;0 0 24 24&quot;
              width=&quot;14&quot;
              xmlns=&quot;http://www.w3.org/2000/svg&quot;
            &gt;
              &lt;path
                d=&quot;m8 2 1.88 1.88&quot;
              /&gt;
              &lt;path
                d=&quot;M14.12 3.88 16 2&quot;
              /&gt;
              &lt;path
                d=&quot;M9 7.13v-1a3.003 3.003 0 1 1 6 0v1&quot;
              /&gt;
              &lt;path
                d=&quot;M12 20c-3.3 0-6-2.7-6-6v-3a4 4 0 0 1 4-4h4a4 4 0 0 1 4 4v3c0 3.3-2.7 6-6 6&quot;
              /&gt;
              &lt;path
                d=&quot;M12 20v-9&quot;
              /&gt;
              &lt;path
                d=&quot;M6.53 9C4.6 8.8 3 7.1 3 5&quot;
              /&gt;
              &lt;path
                d=&quot;M6 13H2&quot;
              /&gt;
              &lt;path
                d=&quot;M3 21c0-2.1 1.7-3.9 3.8-4&quot;
              /&gt;
              &lt;path
                d=&quot;M20.97 5c0 2.1-1.6 3.8-3.5 4&quot;
              /&gt;
              &lt;path
                d=&quot;M22 13h-4&quot;
              /&gt;
              &lt;path
                d=&quot;M17.2 17c2.1.1 3.8 1.9 3.8 4&quot;
              /&gt;
            &lt;/svg&gt;
            Error Details (Development Only)
          &lt;/summary&gt;
          &lt;div
            style=&quot;font-family: monospace; color: rgb(75, 85, 99); word-break: break-word;&quot;
          &gt;
            &lt;strong&gt;
              Type:
            &lt;/strong&gt;
             
            NETWORK
            &lt;br /&gt;
            &lt;strong&gt;
              Code:
            &lt;/strong&gt;
             
            NETWORK_ERROR
            &lt;br /&gt;
            &lt;strong&gt;
              Message:
            &lt;/strong&gt;
             
            Test error message
            &lt;br /&gt;
            &lt;strong&gt;
              Stack:
            &lt;/strong&gt;
            &lt;pre
              style=&quot;white-space: pre-wrap; word-break: break-word; margin: 4px 0px 0px 0px; font-size: 10px;&quot;
            &gt;
              AppError: Test error message
    at ThrowErrorComponent (/home/ilya/projects/SimpleAdminReporter/frontend/src/components/query/__tests__/QueryPreviewErrorBoundary.test.tsx:59:19)
    at Object.react_stack_bottom_frame (/home/ilya/projects/SimpleAdminReporter/frontend/node_modules/react-dom/cjs/react-dom-client.development.js:23863:20)
    at renderWithHooks (/home/ilya/projects/SimpleAdminReporter/frontend/node_modules/react-dom/cjs/react-dom-client.development.js:5529:22)
    at updateFunctionComponent (/home/ilya/projects/SimpleAdminReporter/frontend/node_modules/react-dom/cjs/react-dom-client.development.js:8897:19)
    at beginWork (/home/ilya/projects/SimpleAdminReporter/frontend/node_modules/react-dom/cjs/react-dom-client.development.js:10522:18)
    at runWithFiberInDEV (/home/ilya/projects/SimpleAdminReporter/frontend/node_modules/react-dom/cjs/react-dom-client.development.js:1522:13...
 ❯ ThrowErrorComponent src/components/query/__tests__/QueryPreviewErrorBoundary.test.tsx:59:19
 ❯ Object.react_stack_bottom_frame node_modules/react-dom/cjs/react-dom-client.development.js:23863:20
 ❯ renderWithHooks node_modules/react-dom/cjs/react-dom-client.development.js:5529:22
 ❯ updateFunctionComponent node_modules/react-dom/cjs/react-dom-client.development.js:8897:19
 ❯ beginWork node_modules/react-dom/cjs/react-dom-client.development.js:10522:18
 ❯ Object.getElementError node_modules/@testing-library/dom/dist/config.js:37:19
 ❯ getElementError node_modules/@testing-library/dom/dist/query-helpers.js:20:35
 ❯ getMultipleElementsFoundError node_modules/@testing-library/dom/dist/query-helpers.js:23:10
 ❯ node_modules/@testing-library/dom/dist/query-helpers.js:55:13
 ❯ node_modules/@testing-library/dom/dist/query-helpers.js:95:19
 ❯ src/components/query/__tests__/QueryPreviewErrorBoundary.test.tsx:251:23
            </failure>
            <failure message="Cannot delete property &apos;gtag&apos; of #&lt;Object&gt;" type="TypeError">
TypeError: Cannot delete property &apos;gtag&apos; of #&lt;Object&gt;
 ❯ src/components/query/__tests__/QueryPreviewErrorBoundary.test.tsx:49:3
            </failure>
        </testcase>
        <testcase classname="src/components/query/__tests__/QueryPreviewErrorBoundary.test.tsx" name="QueryPreviewErrorBoundary &gt; Error Type-Specific Handling &gt; handles TIMEOUT error type correctly" time="0.240612286">
            <failure message="Found multiple elements with the text: Try Again

Here are the matching elements:

Ignored nodes: comments, script, style
[36m&lt;span&gt;[39m
  [0mTry Again[0m
[36m&lt;/span&gt;[39m

Ignored nodes: comments, script, style
[36m&lt;span&gt;[39m
  [0mTry Again[0m
[36m&lt;/span&gt;[39m

Ignored nodes: comments, script, style
[36m&lt;span&gt;[39m
  [0mTry Again[0m
[36m&lt;/span&gt;[39m

Ignored nodes: comments, script, style
[36m&lt;span&gt;[39m
  [0mTry Again[0m
[36m&lt;/span&gt;[39m

Ignored nodes: comments, script, style
[36m&lt;span&gt;[39m
  [0mTry Again[0m
[36m&lt;/span&gt;[39m

Ignored nodes: comments, script, style
[36m&lt;span&gt;[39m
  [0mTry Again[0m
[36m&lt;/span&gt;[39m

Ignored nodes: comments, script, style
[36m&lt;span&gt;[39m
  [0mTry Again[0m
[36m&lt;/span&gt;[39m

Ignored nodes: comments, script, style
[36m&lt;span&gt;[39m
  [0mTry Again[0m
[36m&lt;/span&gt;[39m

(If this is intentional, then use the `*AllBy*` variant of the query (like `queryAllByText`, `getAllByText`, or `findAllByText`)).

Ignored nodes: comments, script, style
[36m&lt;body&gt;[39m
  [36m&lt;div&gt;[39m
    [36m&lt;div[39m
      [33mdata-testid[39m=[32m&quot;test-content&quot;[39m
    [36m&gt;[39m
      [0mTest content[0m
    [36m&lt;/div&gt;[39m
  [36m&lt;/div&gt;[39m
  [36m&lt;div&gt;[39m
    [36m&lt;div[39m
      [33mstyle[39m=[32m&quot;min-height: 400px; background: rgb(245, 245, 245); display: flex; align-items: center; justify-content: center; padding: 32px; border-radius: 8px;&quot;[39m
    [36m&gt;[39m
      [36m&lt;div[39m
        [33mstyle[39m=[32m&quot;max-width: 600px; width: 100%; text-align: center; background: rgba(255, 255, 255, 0.9); border-radius: 16px; padding: 32px; border: 1px solid rgb(229, 231, 235); box-shadow: 0 4px 6px rgba(0, 0, 0, 0.1);&quot;[39m
      [36m&gt;[39m
        [36m&lt;svg[39m
          [33maria-hidden[39m=[32m&quot;true&quot;[39m
          [33mclass[39m=[32m&quot;lucide lucide-circle-alert&quot;[39m
          [33mfill[39m=[32m&quot;none&quot;[39m
          [33mheight[39m=[32m&quot;48&quot;[39m
          [33mstroke[39m=[32m&quot;currentColor&quot;[39m
          [33mstroke-linecap[39m=[32m&quot;round&quot;[39m
          [33mstroke-linejoin[39m=[32m&quot;round&quot;[39m
          [33mstroke-width[39m=[32m&quot;2&quot;[39m
          [33mstyle[39m=[32m&quot;color: rgb(239, 68, 68); margin-bottom: 16px;&quot;[39m
          [33mviewBox[39m=[32m&quot;0 0 24 24&quot;[39m
          [33mwidth[39m=[32m&quot;48&quot;[39m
          [33mxmlns[39m=[32m&quot;http://www.w3.org/2000/svg&quot;[39m
        [36m&gt;[39m
          [36m&lt;circle[39m
            [33mcx[39m=[32m&quot;12&quot;[39m
            [33mcy[39m=[32m&quot;12&quot;[39m
            [33mr[39m=[32m&quot;10&quot;[39m
          [36m/&gt;[39m
          [36m&lt;line[39m
            [33mx1[39m=[32m&quot;12&quot;[39m
            [33mx2[39m=[32m&quot;12&quot;[39m
            [33my1[39m=[32m&quot;8&quot;[39m
            [33my2[39m=[32m&quot;12&quot;[39m
          [36m/&gt;[39m
          [36m&lt;line[39m
            [33mx1[39m=[32m&quot;12&quot;[39m
            [33mx2[39m=[32m&quot;12.01&quot;[39m
            [33my1[39m=[32m&quot;16&quot;[39m
            [33my2[39m=[32m&quot;16&quot;[39m
          [36m/&gt;[39m
        [36m&lt;/svg&gt;[39m
        [36m&lt;h3[39m
          [33mstyle[39m=[32m&quot;font-size: 20px; font-weight: bold; margin-bottom: 8px; color: rgb(31, 41, 55);&quot;[39m
        [36m&gt;[39m
          [0mNetwork Connection Issue[0m
        [36m&lt;/h3&gt;[39m
        [36m&lt;p[39m
          [33mstyle[39m=[32m&quot;font-size: 14px; margin-bottom: 20px; color: rgb(107, 114, 128); line-height: 1.5;&quot;[39m
        [36m&gt;[39m
          [0mCheck your internet connection and try again. If the problem persists, contact your network administrator.[0m
        [36m&lt;/p&gt;[39m
        [36m&lt;details[39m
          [33mstyle[39m=[32m&quot;text-align: left; margin-bottom: 20px; background: rgba(0, 0, 0, 0.05); padding: 12px; border-radius: 6px; font-size: 12px;&quot;[39m
        [36m&gt;[39m
          [36m&lt;summary[39m
            [33mstyle[39m=[32m&quot;cursor: pointer; margin-bottom: 8px; color: rgb(107, 114, 128); font-size: 12px;&quot;[39m
          [36m&gt;[39m
            [36m&lt;svg[39m
              [33maria-hidden[39m=[32m&quot;true&quot;[39m
              [33mclass[39m=[32m&quot;lucide lucide-bug&quot;[39m
              [33mfill[39m=[32m&quot;none&quot;[39m
              [33mheight[39m=[32m&quot;14&quot;[39m
              [33mstroke[39m=[32m&quot;currentColor&quot;[39m
              [33mstroke-linecap[39m=[32m&quot;round&quot;[39m
              [33mstroke-linejoin[39m=[32m&quot;round&quot;[39m
              [33mstroke-width[39m=[32m&quot;2&quot;[39m
              [33mstyle[39m=[32m&quot;margin-right: 6px; vertical-align: middle;&quot;[39m
              [33mviewBox[39m=[32m&quot;0 0 24 24&quot;[39m
              [33mwidth[39m=[32m&quot;14&quot;[39m
              [33mxmlns[39m=[32m&quot;http://www.w3.org/2000/svg&quot;[39m
            [36m&gt;[39m
              [36m&lt;path[39m
                [33md[39m=[32m&quot;m8 2 1.88 1.88&quot;[39m
              [36m/&gt;[39m
              [36m&lt;path[39m
                [33md[39m=[32m&quot;M14.12 3.88 16 2&quot;[39m
              [36m/&gt;[39m
              [36m&lt;path[39m
                [33md[39m=[32m&quot;M9 7.13v-1a3.003 3.003 0 1 1 6 0v1&quot;[39m
              [36m/&gt;[39m
              [36m&lt;path[39m
                [33md[39m=[32m&quot;M12 20c-3.3 0-6-2.7-6-6v-3a4 4 0 0 1 4-4h4a4 4 0 0 1 4 4v3c0 3.3-2.7 6-6 6&quot;[39m
              [36m/&gt;[39m
              [36m&lt;path[39m
                [33md[39m=[32m&quot;M12 20v-9&quot;[39m
              [36m/&gt;[39m
              [36m&lt;path[39m
                [33md[39m=[32m&quot;M6.53 9C4.6 8.8 3 7.1 3 5&quot;[39m
              [36m/&gt;[39m
              [36m&lt;path[39m
                [33md[39m=[32m&quot;M6 13H2&quot;[39m
              [36m/&gt;[39m
              [36m&lt;path[39m
                [33md[39m=[32m&quot;M3 21c0-2.1 1.7-3.9 3.8-4&quot;[39m
              [36m/&gt;[39m
              [36m&lt;path[39m
                [33md[39m=[32m&quot;M20.97 5c0 2.1-1.6 3.8-3.5 4&quot;[39m
              [36m/&gt;[39m
              [36m&lt;path[39m
                [33md[39m=[32m&quot;M22 13h-4&quot;[39m
              [36m/&gt;[39m
              [36m&lt;path[39m
                [33md[39m=[32m&quot;M17.2 17c2.1.1 3.8 1.9 3.8 4&quot;[39m
              [36m/&gt;[39m
            [36m&lt;/svg&gt;[39m
            [0mError Details (Development Only)[0m
          [36m&lt;/summary&gt;[39m
          [36m&lt;div[39m
            [33mstyle[39m=[32m&quot;font-family: monospace; color: rgb(75, 85, 99); word-break: break-word;&quot;[39m
          [36m&gt;[39m
            [36m&lt;strong&gt;[39m
              [0mType:[0m
            [36m&lt;/strong&gt;[39m
            [0m [0m
            [0mNETWORK[0m
            [36m&lt;br /&gt;[39m
            [36m&lt;strong&gt;[39m
              [0mCode:[0m
            [36m&lt;/strong&gt;[39m
            [0m [0m
            [0mNETWORK_ERROR[0m
            [36m&lt;br /&gt;[39m
            [36m&lt;strong&gt;[39m
              [0mMessage:[0m
            [36m&lt;/strong&gt;[39m
            [0m [0m
            [0mTest error message[0m
            [36m&lt;br /&gt;[39m
            [36m&lt;strong&gt;[39m
              [0mStack:[0m
            [36m&lt;/strong&gt;[39m
            [36m&lt;pre[39m
              [33mstyle[39m=[32m&quot;white-space: pre-wrap; word-break: break-word; margin: 4px 0px 0px 0px; font-size: 10px;&quot;[39m
            [36m&gt;[39m
              [0mAppError: Test error message
    at ThrowErrorComponent (/home/ilya/projects/SimpleAdminReporter/frontend/src/components/query/__tests__/QueryPreviewErrorBoundary.test.tsx:59:19)
    at Object.react_stack_bottom_frame (/home/ilya/projects/SimpleAdminReporter/frontend/node_modules/react-dom/cjs/react-dom-client.development.js:23863:20)
    at renderWithHooks (/home/ilya/projects/SimpleAdminReporter/frontend/node_modules/react-dom/cjs/react-dom-client.development.js:5529:22)
    at updateFunctionComponent (/home/ilya/projects/SimpleAdminReporter/frontend/node_modules/react-dom/cjs/react-dom-client.development.js:8897:19)
    at beginWork (/home/ilya/projects/SimpleAdminReporter/frontend/node_modules/react-dom/cjs/react-dom-client.development.js:10522:18)
    at runWithFiberInDEV (/home/ilya/projects/SimpleAdminReporter/frontend/node_modules/react-dom/cjs/react-dom-client.development.js:1522:13..." type="TestingLibraryElementError">
TestingLibraryElementError: Found multiple elements with the text: Try Again

Here are the matching elements:

Ignored nodes: comments, script, style
&lt;span&gt;
  Try Again
&lt;/span&gt;

Ignored nodes: comments, script, style
&lt;span&gt;
  Try Again
&lt;/span&gt;

Ignored nodes: comments, script, style
&lt;span&gt;
  Try Again
&lt;/span&gt;

Ignored nodes: comments, script, style
&lt;span&gt;
  Try Again
&lt;/span&gt;

Ignored nodes: comments, script, style
&lt;span&gt;
  Try Again
&lt;/span&gt;

Ignored nodes: comments, script, style
&lt;span&gt;
  Try Again
&lt;/span&gt;

Ignored nodes: comments, script, style
&lt;span&gt;
  Try Again
&lt;/span&gt;

Ignored nodes: comments, script, style
&lt;span&gt;
  Try Again
&lt;/span&gt;

(If this is intentional, then use the `*AllBy*` variant of the query (like `queryAllByText`, `getAllByText`, or `findAllByText`)).

Ignored nodes: comments, script, style
&lt;body&gt;
  &lt;div&gt;
    &lt;div
      data-testid=&quot;test-content&quot;
    &gt;
      Test content
    &lt;/div&gt;
  &lt;/div&gt;
  &lt;div&gt;
    &lt;div
      style=&quot;min-height: 400px; background: rgb(245, 245, 245); display: flex; align-items: center; justify-content: center; padding: 32px; border-radius: 8px;&quot;
    &gt;
      &lt;div
        style=&quot;max-width: 600px; width: 100%; text-align: center; background: rgba(255, 255, 255, 0.9); border-radius: 16px; padding: 32px; border: 1px solid rgb(229, 231, 235); box-shadow: 0 4px 6px rgba(0, 0, 0, 0.1);&quot;
      &gt;
        &lt;svg
          aria-hidden=&quot;true&quot;
          class=&quot;lucide lucide-circle-alert&quot;
          fill=&quot;none&quot;
          height=&quot;48&quot;
          stroke=&quot;currentColor&quot;
          stroke-linecap=&quot;round&quot;
          stroke-linejoin=&quot;round&quot;
          stroke-width=&quot;2&quot;
          style=&quot;color: rgb(239, 68, 68); margin-bottom: 16px;&quot;
          viewBox=&quot;0 0 24 24&quot;
          width=&quot;48&quot;
          xmlns=&quot;http://www.w3.org/2000/svg&quot;
        &gt;
          &lt;circle
            cx=&quot;12&quot;
            cy=&quot;12&quot;
            r=&quot;10&quot;
          /&gt;
          &lt;line
            x1=&quot;12&quot;
            x2=&quot;12&quot;
            y1=&quot;8&quot;
            y2=&quot;12&quot;
          /&gt;
          &lt;line
            x1=&quot;12&quot;
            x2=&quot;12.01&quot;
            y1=&quot;16&quot;
            y2=&quot;16&quot;
          /&gt;
        &lt;/svg&gt;
        &lt;h3
          style=&quot;font-size: 20px; font-weight: bold; margin-bottom: 8px; color: rgb(31, 41, 55);&quot;
        &gt;
          Network Connection Issue
        &lt;/h3&gt;
        &lt;p
          style=&quot;font-size: 14px; margin-bottom: 20px; color: rgb(107, 114, 128); line-height: 1.5;&quot;
        &gt;
          Check your internet connection and try again. If the problem persists, contact your network administrator.
        &lt;/p&gt;
        &lt;details
          style=&quot;text-align: left; margin-bottom: 20px; background: rgba(0, 0, 0, 0.05); padding: 12px; border-radius: 6px; font-size: 12px;&quot;
        &gt;
          &lt;summary
            style=&quot;cursor: pointer; margin-bottom: 8px; color: rgb(107, 114, 128); font-size: 12px;&quot;
          &gt;
            &lt;svg
              aria-hidden=&quot;true&quot;
              class=&quot;lucide lucide-bug&quot;
              fill=&quot;none&quot;
              height=&quot;14&quot;
              stroke=&quot;currentColor&quot;
              stroke-linecap=&quot;round&quot;
              stroke-linejoin=&quot;round&quot;
              stroke-width=&quot;2&quot;
              style=&quot;margin-right: 6px; vertical-align: middle;&quot;
              viewBox=&quot;0 0 24 24&quot;
              width=&quot;14&quot;
              xmlns=&quot;http://www.w3.org/2000/svg&quot;
            &gt;
              &lt;path
                d=&quot;m8 2 1.88 1.88&quot;
              /&gt;
              &lt;path
                d=&quot;M14.12 3.88 16 2&quot;
              /&gt;
              &lt;path
                d=&quot;M9 7.13v-1a3.003 3.003 0 1 1 6 0v1&quot;
              /&gt;
              &lt;path
                d=&quot;M12 20c-3.3 0-6-2.7-6-6v-3a4 4 0 0 1 4-4h4a4 4 0 0 1 4 4v3c0 3.3-2.7 6-6 6&quot;
              /&gt;
              &lt;path
                d=&quot;M12 20v-9&quot;
              /&gt;
              &lt;path
                d=&quot;M6.53 9C4.6 8.8 3 7.1 3 5&quot;
              /&gt;
              &lt;path
                d=&quot;M6 13H2&quot;
              /&gt;
              &lt;path
                d=&quot;M3 21c0-2.1 1.7-3.9 3.8-4&quot;
              /&gt;
              &lt;path
                d=&quot;M20.97 5c0 2.1-1.6 3.8-3.5 4&quot;
              /&gt;
              &lt;path
                d=&quot;M22 13h-4&quot;
              /&gt;
              &lt;path
                d=&quot;M17.2 17c2.1.1 3.8 1.9 3.8 4&quot;
              /&gt;
            &lt;/svg&gt;
            Error Details (Development Only)
          &lt;/summary&gt;
          &lt;div
            style=&quot;font-family: monospace; color: rgb(75, 85, 99); word-break: break-word;&quot;
          &gt;
            &lt;strong&gt;
              Type:
            &lt;/strong&gt;
             
            NETWORK
            &lt;br /&gt;
            &lt;strong&gt;
              Code:
            &lt;/strong&gt;
             
            NETWORK_ERROR
            &lt;br /&gt;
            &lt;strong&gt;
              Message:
            &lt;/strong&gt;
             
            Test error message
            &lt;br /&gt;
            &lt;strong&gt;
              Stack:
            &lt;/strong&gt;
            &lt;pre
              style=&quot;white-space: pre-wrap; word-break: break-word; margin: 4px 0px 0px 0px; font-size: 10px;&quot;
            &gt;
              AppError: Test error message
    at ThrowErrorComponent (/home/ilya/projects/SimpleAdminReporter/frontend/src/components/query/__tests__/QueryPreviewErrorBoundary.test.tsx:59:19)
    at Object.react_stack_bottom_frame (/home/ilya/projects/SimpleAdminReporter/frontend/node_modules/react-dom/cjs/react-dom-client.development.js:23863:20)
    at renderWithHooks (/home/ilya/projects/SimpleAdminReporter/frontend/node_modules/react-dom/cjs/react-dom-client.development.js:5529:22)
    at updateFunctionComponent (/home/ilya/projects/SimpleAdminReporter/frontend/node_modules/react-dom/cjs/react-dom-client.development.js:8897:19)
    at beginWork (/home/ilya/projects/SimpleAdminReporter/frontend/node_modules/react-dom/cjs/react-dom-client.development.js:10522:18)
    at runWithFiberInDEV (/home/ilya/projects/SimpleAdminReporter/frontend/node_modules/react-dom/cjs/react-dom-client.development.js:1522:13...
 ❯ ThrowErrorComponent src/components/query/__tests__/QueryPreviewErrorBoundary.test.tsx:59:19
 ❯ Object.react_stack_bottom_frame node_modules/react-dom/cjs/react-dom-client.development.js:23863:20
 ❯ renderWithHooks node_modules/react-dom/cjs/react-dom-client.development.js:5529:22
 ❯ updateFunctionComponent node_modules/react-dom/cjs/react-dom-client.development.js:8897:19
 ❯ beginWork node_modules/react-dom/cjs/react-dom-client.development.js:10522:18
 ❯ Object.getElementError node_modules/@testing-library/dom/dist/config.js:37:19
 ❯ getElementError node_modules/@testing-library/dom/dist/query-helpers.js:20:35
 ❯ getMultipleElementsFoundError node_modules/@testing-library/dom/dist/query-helpers.js:23:10
 ❯ node_modules/@testing-library/dom/dist/query-helpers.js:55:13
 ❯ node_modules/@testing-library/dom/dist/query-helpers.js:95:19
 ❯ src/components/query/__tests__/QueryPreviewErrorBoundary.test.tsx:255:25
            </failure>
            <failure message="Cannot delete property &apos;gtag&apos; of #&lt;Object&gt;" type="TypeError">
TypeError: Cannot delete property &apos;gtag&apos; of #&lt;Object&gt;
 ❯ src/components/query/__tests__/QueryPreviewErrorBoundary.test.tsx:49:3
            </failure>
        </testcase>
        <testcase classname="src/components/query/__tests__/QueryPreviewErrorBoundary.test.tsx" name="QueryPreviewErrorBoundary &gt; Error Type-Specific Handling &gt; handles VALIDATION error type correctly" time="0.244028822">
            <failure message="Found multiple elements with the text: Try Again

Here are the matching elements:

Ignored nodes: comments, script, style
[36m&lt;span&gt;[39m
  [0mTry Again[0m
[36m&lt;/span&gt;[39m

Ignored nodes: comments, script, style
[36m&lt;span&gt;[39m
  [0mTry Again[0m
[36m&lt;/span&gt;[39m

Ignored nodes: comments, script, style
[36m&lt;span&gt;[39m
  [0mTry Again[0m
[36m&lt;/span&gt;[39m

Ignored nodes: comments, script, style
[36m&lt;span&gt;[39m
  [0mTry Again[0m
[36m&lt;/span&gt;[39m

Ignored nodes: comments, script, style
[36m&lt;span&gt;[39m
  [0mTry Again[0m
[36m&lt;/span&gt;[39m

Ignored nodes: comments, script, style
[36m&lt;span&gt;[39m
  [0mTry Again[0m
[36m&lt;/span&gt;[39m

Ignored nodes: comments, script, style
[36m&lt;span&gt;[39m
  [0mTry Again[0m
[36m&lt;/span&gt;[39m

Ignored nodes: comments, script, style
[36m&lt;span&gt;[39m
  [0mTry Again[0m
[36m&lt;/span&gt;[39m

(If this is intentional, then use the `*AllBy*` variant of the query (like `queryAllByText`, `getAllByText`, or `findAllByText`)).

Ignored nodes: comments, script, style
[36m&lt;body&gt;[39m
  [36m&lt;div&gt;[39m
    [36m&lt;div[39m
      [33mdata-testid[39m=[32m&quot;test-content&quot;[39m
    [36m&gt;[39m
      [0mTest content[0m
    [36m&lt;/div&gt;[39m
  [36m&lt;/div&gt;[39m
  [36m&lt;div&gt;[39m
    [36m&lt;div[39m
      [33mstyle[39m=[32m&quot;min-height: 400px; background: rgb(245, 245, 245); display: flex; align-items: center; justify-content: center; padding: 32px; border-radius: 8px;&quot;[39m
    [36m&gt;[39m
      [36m&lt;div[39m
        [33mstyle[39m=[32m&quot;max-width: 600px; width: 100%; text-align: center; background: rgba(255, 255, 255, 0.9); border-radius: 16px; padding: 32px; border: 1px solid rgb(229, 231, 235); box-shadow: 0 4px 6px rgba(0, 0, 0, 0.1);&quot;[39m
      [36m&gt;[39m
        [36m&lt;svg[39m
          [33maria-hidden[39m=[32m&quot;true&quot;[39m
          [33mclass[39m=[32m&quot;lucide lucide-circle-alert&quot;[39m
          [33mfill[39m=[32m&quot;none&quot;[39m
          [33mheight[39m=[32m&quot;48&quot;[39m
          [33mstroke[39m=[32m&quot;currentColor&quot;[39m
          [33mstroke-linecap[39m=[32m&quot;round&quot;[39m
          [33mstroke-linejoin[39m=[32m&quot;round&quot;[39m
          [33mstroke-width[39m=[32m&quot;2&quot;[39m
          [33mstyle[39m=[32m&quot;color: rgb(239, 68, 68); margin-bottom: 16px;&quot;[39m
          [33mviewBox[39m=[32m&quot;0 0 24 24&quot;[39m
          [33mwidth[39m=[32m&quot;48&quot;[39m
          [33mxmlns[39m=[32m&quot;http://www.w3.org/2000/svg&quot;[39m
        [36m&gt;[39m
          [36m&lt;circle[39m
            [33mcx[39m=[32m&quot;12&quot;[39m
            [33mcy[39m=[32m&quot;12&quot;[39m
            [33mr[39m=[32m&quot;10&quot;[39m
          [36m/&gt;[39m
          [36m&lt;line[39m
            [33mx1[39m=[32m&quot;12&quot;[39m
            [33mx2[39m=[32m&quot;12&quot;[39m
            [33my1[39m=[32m&quot;8&quot;[39m
            [33my2[39m=[32m&quot;12&quot;[39m
          [36m/&gt;[39m
          [36m&lt;line[39m
            [33mx1[39m=[32m&quot;12&quot;[39m
            [33mx2[39m=[32m&quot;12.01&quot;[39m
            [33my1[39m=[32m&quot;16&quot;[39m
            [33my2[39m=[32m&quot;16&quot;[39m
          [36m/&gt;[39m
        [36m&lt;/svg&gt;[39m
        [36m&lt;h3[39m
          [33mstyle[39m=[32m&quot;font-size: 20px; font-weight: bold; margin-bottom: 8px; color: rgb(31, 41, 55);&quot;[39m
        [36m&gt;[39m
          [0mNetwork Connection Issue[0m
        [36m&lt;/h3&gt;[39m
        [36m&lt;p[39m
          [33mstyle[39m=[32m&quot;font-size: 14px; margin-bottom: 20px; color: rgb(107, 114, 128); line-height: 1.5;&quot;[39m
        [36m&gt;[39m
          [0mCheck your internet connection and try again. If the problem persists, contact your network administrator.[0m
        [36m&lt;/p&gt;[39m
        [36m&lt;details[39m
          [33mstyle[39m=[32m&quot;text-align: left; margin-bottom: 20px; background: rgba(0, 0, 0, 0.05); padding: 12px; border-radius: 6px; font-size: 12px;&quot;[39m
        [36m&gt;[39m
          [36m&lt;summary[39m
            [33mstyle[39m=[32m&quot;cursor: pointer; margin-bottom: 8px; color: rgb(107, 114, 128); font-size: 12px;&quot;[39m
          [36m&gt;[39m
            [36m&lt;svg[39m
              [33maria-hidden[39m=[32m&quot;true&quot;[39m
              [33mclass[39m=[32m&quot;lucide lucide-bug&quot;[39m
              [33mfill[39m=[32m&quot;none&quot;[39m
              [33mheight[39m=[32m&quot;14&quot;[39m
              [33mstroke[39m=[32m&quot;currentColor&quot;[39m
              [33mstroke-linecap[39m=[32m&quot;round&quot;[39m
              [33mstroke-linejoin[39m=[32m&quot;round&quot;[39m
              [33mstroke-width[39m=[32m&quot;2&quot;[39m
              [33mstyle[39m=[32m&quot;margin-right: 6px; vertical-align: middle;&quot;[39m
              [33mviewBox[39m=[32m&quot;0 0 24 24&quot;[39m
              [33mwidth[39m=[32m&quot;14&quot;[39m
              [33mxmlns[39m=[32m&quot;http://www.w3.org/2000/svg&quot;[39m
            [36m&gt;[39m
              [36m&lt;path[39m
                [33md[39m=[32m&quot;m8 2 1.88 1.88&quot;[39m
              [36m/&gt;[39m
              [36m&lt;path[39m
                [33md[39m=[32m&quot;M14.12 3.88 16 2&quot;[39m
              [36m/&gt;[39m
              [36m&lt;path[39m
                [33md[39m=[32m&quot;M9 7.13v-1a3.003 3.003 0 1 1 6 0v1&quot;[39m
              [36m/&gt;[39m
              [36m&lt;path[39m
                [33md[39m=[32m&quot;M12 20c-3.3 0-6-2.7-6-6v-3a4 4 0 0 1 4-4h4a4 4 0 0 1 4 4v3c0 3.3-2.7 6-6 6&quot;[39m
              [36m/&gt;[39m
              [36m&lt;path[39m
                [33md[39m=[32m&quot;M12 20v-9&quot;[39m
              [36m/&gt;[39m
              [36m&lt;path[39m
                [33md[39m=[32m&quot;M6.53 9C4.6 8.8 3 7.1 3 5&quot;[39m
              [36m/&gt;[39m
              [36m&lt;path[39m
                [33md[39m=[32m&quot;M6 13H2&quot;[39m
              [36m/&gt;[39m
              [36m&lt;path[39m
                [33md[39m=[32m&quot;M3 21c0-2.1 1.7-3.9 3.8-4&quot;[39m
              [36m/&gt;[39m
              [36m&lt;path[39m
                [33md[39m=[32m&quot;M20.97 5c0 2.1-1.6 3.8-3.5 4&quot;[39m
              [36m/&gt;[39m
              [36m&lt;path[39m
                [33md[39m=[32m&quot;M22 13h-4&quot;[39m
              [36m/&gt;[39m
              [36m&lt;path[39m
                [33md[39m=[32m&quot;M17.2 17c2.1.1 3.8 1.9 3.8 4&quot;[39m
              [36m/&gt;[39m
            [36m&lt;/svg&gt;[39m
            [0mError Details (Development Only)[0m
          [36m&lt;/summary&gt;[39m
          [36m&lt;div[39m
            [33mstyle[39m=[32m&quot;font-family: monospace; color: rgb(75, 85, 99); word-break: break-word;&quot;[39m
          [36m&gt;[39m
            [36m&lt;strong&gt;[39m
              [0mType:[0m
            [36m&lt;/strong&gt;[39m
            [0m [0m
            [0mNETWORK[0m
            [36m&lt;br /&gt;[39m
            [36m&lt;strong&gt;[39m
              [0mCode:[0m
            [36m&lt;/strong&gt;[39m
            [0m [0m
            [0mNETWORK_ERROR[0m
            [36m&lt;br /&gt;[39m
            [36m&lt;strong&gt;[39m
              [0mMessage:[0m
            [36m&lt;/strong&gt;[39m
            [0m [0m
            [0mTest error message[0m
            [36m&lt;br /&gt;[39m
            [36m&lt;strong&gt;[39m
              [0mStack:[0m
            [36m&lt;/strong&gt;[39m
            [36m&lt;pre[39m
              [33mstyle[39m=[32m&quot;white-space: pre-wrap; word-break: break-word; margin: 4px 0px 0px 0px; font-size: 10px;&quot;[39m
            [36m&gt;[39m
              [0mAppError: Test error message
    at ThrowErrorComponent (/home/ilya/projects/SimpleAdminReporter/frontend/src/components/query/__tests__/QueryPreviewErrorBoundary.test.tsx:59:19)
    at Object.react_stack_bottom_frame (/home/ilya/projects/SimpleAdminReporter/frontend/node_modules/react-dom/cjs/react-dom-client.development.js:23863:20)
    at renderWithHooks (/home/ilya/projects/SimpleAdminReporter/frontend/node_modules/react-dom/cjs/react-dom-client.development.js:5529:22)
    at updateFunctionComponent (/home/ilya/projects/SimpleAdminReporter/frontend/node_modules/react-dom/cjs/react-dom-client.development.js:8897:19)
    at beginWork (/home/ilya/projects/SimpleAdminReporter/frontend/node_modules/react-dom/cjs/react-dom-client.development.js:10522:18)
    at runWithFiberInDEV (/home/ilya/projects/SimpleAdminReporter/frontend/node_modules/react-dom/cjs/react-dom-client.development.js:1522:13..." type="TestingLibraryElementError">
TestingLibraryElementError: Found multiple elements with the text: Try Again

Here are the matching elements:

Ignored nodes: comments, script, style
&lt;span&gt;
  Try Again
&lt;/span&gt;

Ignored nodes: comments, script, style
&lt;span&gt;
  Try Again
&lt;/span&gt;

Ignored nodes: comments, script, style
&lt;span&gt;
  Try Again
&lt;/span&gt;

Ignored nodes: comments, script, style
&lt;span&gt;
  Try Again
&lt;/span&gt;

Ignored nodes: comments, script, style
&lt;span&gt;
  Try Again
&lt;/span&gt;

Ignored nodes: comments, script, style
&lt;span&gt;
  Try Again
&lt;/span&gt;

Ignored nodes: comments, script, style
&lt;span&gt;
  Try Again
&lt;/span&gt;

Ignored nodes: comments, script, style
&lt;span&gt;
  Try Again
&lt;/span&gt;

(If this is intentional, then use the `*AllBy*` variant of the query (like `queryAllByText`, `getAllByText`, or `findAllByText`)).

Ignored nodes: comments, script, style
&lt;body&gt;
  &lt;div&gt;
    &lt;div
      data-testid=&quot;test-content&quot;
    &gt;
      Test content
    &lt;/div&gt;
  &lt;/div&gt;
  &lt;div&gt;
    &lt;div
      style=&quot;min-height: 400px; background: rgb(245, 245, 245); display: flex; align-items: center; justify-content: center; padding: 32px; border-radius: 8px;&quot;
    &gt;
      &lt;div
        style=&quot;max-width: 600px; width: 100%; text-align: center; background: rgba(255, 255, 255, 0.9); border-radius: 16px; padding: 32px; border: 1px solid rgb(229, 231, 235); box-shadow: 0 4px 6px rgba(0, 0, 0, 0.1);&quot;
      &gt;
        &lt;svg
          aria-hidden=&quot;true&quot;
          class=&quot;lucide lucide-circle-alert&quot;
          fill=&quot;none&quot;
          height=&quot;48&quot;
          stroke=&quot;currentColor&quot;
          stroke-linecap=&quot;round&quot;
          stroke-linejoin=&quot;round&quot;
          stroke-width=&quot;2&quot;
          style=&quot;color: rgb(239, 68, 68); margin-bottom: 16px;&quot;
          viewBox=&quot;0 0 24 24&quot;
          width=&quot;48&quot;
          xmlns=&quot;http://www.w3.org/2000/svg&quot;
        &gt;
          &lt;circle
            cx=&quot;12&quot;
            cy=&quot;12&quot;
            r=&quot;10&quot;
          /&gt;
          &lt;line
            x1=&quot;12&quot;
            x2=&quot;12&quot;
            y1=&quot;8&quot;
            y2=&quot;12&quot;
          /&gt;
          &lt;line
            x1=&quot;12&quot;
            x2=&quot;12.01&quot;
            y1=&quot;16&quot;
            y2=&quot;16&quot;
          /&gt;
        &lt;/svg&gt;
        &lt;h3
          style=&quot;font-size: 20px; font-weight: bold; margin-bottom: 8px; color: rgb(31, 41, 55);&quot;
        &gt;
          Network Connection Issue
        &lt;/h3&gt;
        &lt;p
          style=&quot;font-size: 14px; margin-bottom: 20px; color: rgb(107, 114, 128); line-height: 1.5;&quot;
        &gt;
          Check your internet connection and try again. If the problem persists, contact your network administrator.
        &lt;/p&gt;
        &lt;details
          style=&quot;text-align: left; margin-bottom: 20px; background: rgba(0, 0, 0, 0.05); padding: 12px; border-radius: 6px; font-size: 12px;&quot;
        &gt;
          &lt;summary
            style=&quot;cursor: pointer; margin-bottom: 8px; color: rgb(107, 114, 128); font-size: 12px;&quot;
          &gt;
            &lt;svg
              aria-hidden=&quot;true&quot;
              class=&quot;lucide lucide-bug&quot;
              fill=&quot;none&quot;
              height=&quot;14&quot;
              stroke=&quot;currentColor&quot;
              stroke-linecap=&quot;round&quot;
              stroke-linejoin=&quot;round&quot;
              stroke-width=&quot;2&quot;
              style=&quot;margin-right: 6px; vertical-align: middle;&quot;
              viewBox=&quot;0 0 24 24&quot;
              width=&quot;14&quot;
              xmlns=&quot;http://www.w3.org/2000/svg&quot;
            &gt;
              &lt;path
                d=&quot;m8 2 1.88 1.88&quot;
              /&gt;
              &lt;path
                d=&quot;M14.12 3.88 16 2&quot;
              /&gt;
              &lt;path
                d=&quot;M9 7.13v-1a3.003 3.003 0 1 1 6 0v1&quot;
              /&gt;
              &lt;path
                d=&quot;M12 20c-3.3 0-6-2.7-6-6v-3a4 4 0 0 1 4-4h4a4 4 0 0 1 4 4v3c0 3.3-2.7 6-6 6&quot;
              /&gt;
              &lt;path
                d=&quot;M12 20v-9&quot;
              /&gt;
              &lt;path
                d=&quot;M6.53 9C4.6 8.8 3 7.1 3 5&quot;
              /&gt;
              &lt;path
                d=&quot;M6 13H2&quot;
              /&gt;
              &lt;path
                d=&quot;M3 21c0-2.1 1.7-3.9 3.8-4&quot;
              /&gt;
              &lt;path
                d=&quot;M20.97 5c0 2.1-1.6 3.8-3.5 4&quot;
              /&gt;
              &lt;path
                d=&quot;M22 13h-4&quot;
              /&gt;
              &lt;path
                d=&quot;M17.2 17c2.1.1 3.8 1.9 3.8 4&quot;
              /&gt;
            &lt;/svg&gt;
            Error Details (Development Only)
          &lt;/summary&gt;
          &lt;div
            style=&quot;font-family: monospace; color: rgb(75, 85, 99); word-break: break-word;&quot;
          &gt;
            &lt;strong&gt;
              Type:
            &lt;/strong&gt;
             
            NETWORK
            &lt;br /&gt;
            &lt;strong&gt;
              Code:
            &lt;/strong&gt;
             
            NETWORK_ERROR
            &lt;br /&gt;
            &lt;strong&gt;
              Message:
            &lt;/strong&gt;
             
            Test error message
            &lt;br /&gt;
            &lt;strong&gt;
              Stack:
            &lt;/strong&gt;
            &lt;pre
              style=&quot;white-space: pre-wrap; word-break: break-word; margin: 4px 0px 0px 0px; font-size: 10px;&quot;
            &gt;
              AppError: Test error message
    at ThrowErrorComponent (/home/ilya/projects/SimpleAdminReporter/frontend/src/components/query/__tests__/QueryPreviewErrorBoundary.test.tsx:59:19)
    at Object.react_stack_bottom_frame (/home/ilya/projects/SimpleAdminReporter/frontend/node_modules/react-dom/cjs/react-dom-client.development.js:23863:20)
    at renderWithHooks (/home/ilya/projects/SimpleAdminReporter/frontend/node_modules/react-dom/cjs/react-dom-client.development.js:5529:22)
    at updateFunctionComponent (/home/ilya/projects/SimpleAdminReporter/frontend/node_modules/react-dom/cjs/react-dom-client.development.js:8897:19)
    at beginWork (/home/ilya/projects/SimpleAdminReporter/frontend/node_modules/react-dom/cjs/react-dom-client.development.js:10522:18)
    at runWithFiberInDEV (/home/ilya/projects/SimpleAdminReporter/frontend/node_modules/react-dom/cjs/react-dom-client.development.js:1522:13...
 ❯ ThrowErrorComponent src/components/query/__tests__/QueryPreviewErrorBoundary.test.tsx:59:19
 ❯ Object.react_stack_bottom_frame node_modules/react-dom/cjs/react-dom-client.development.js:23863:20
 ❯ renderWithHooks node_modules/react-dom/cjs/react-dom-client.development.js:5529:22
 ❯ updateFunctionComponent node_modules/react-dom/cjs/react-dom-client.development.js:8897:19
 ❯ beginWork node_modules/react-dom/cjs/react-dom-client.development.js:10522:18
 ❯ Object.getElementError node_modules/@testing-library/dom/dist/config.js:37:19
 ❯ getElementError node_modules/@testing-library/dom/dist/query-helpers.js:20:35
 ❯ getMultipleElementsFoundError node_modules/@testing-library/dom/dist/query-helpers.js:23:10
 ❯ node_modules/@testing-library/dom/dist/query-helpers.js:55:13
 ❯ node_modules/@testing-library/dom/dist/query-helpers.js:95:19
 ❯ src/components/query/__tests__/QueryPreviewErrorBoundary.test.tsx:255:25
            </failure>
            <failure message="Cannot delete property &apos;gtag&apos; of #&lt;Object&gt;" type="TypeError">
TypeError: Cannot delete property &apos;gtag&apos; of #&lt;Object&gt;
 ❯ src/components/query/__tests__/QueryPreviewErrorBoundary.test.tsx:49:3
            </failure>
        </testcase>
        <testcase classname="src/components/query/__tests__/QueryPreviewErrorBoundary.test.tsx" name="QueryPreviewErrorBoundary &gt; Error Type-Specific Handling &gt; handles AUTHENTICATION error type correctly" time="0.293831105">
            <failure message="Found multiple elements with the text: Try Again

Here are the matching elements:

Ignored nodes: comments, script, style
[36m&lt;span&gt;[39m
  [0mTry Again[0m
[36m&lt;/span&gt;[39m

Ignored nodes: comments, script, style
[36m&lt;span&gt;[39m
  [0mTry Again[0m
[36m&lt;/span&gt;[39m

Ignored nodes: comments, script, style
[36m&lt;span&gt;[39m
  [0mTry Again[0m
[36m&lt;/span&gt;[39m

Ignored nodes: comments, script, style
[36m&lt;span&gt;[39m
  [0mTry Again[0m
[36m&lt;/span&gt;[39m

Ignored nodes: comments, script, style
[36m&lt;span&gt;[39m
  [0mTry Again[0m
[36m&lt;/span&gt;[39m

Ignored nodes: comments, script, style
[36m&lt;span&gt;[39m
  [0mTry Again[0m
[36m&lt;/span&gt;[39m

Ignored nodes: comments, script, style
[36m&lt;span&gt;[39m
  [0mTry Again[0m
[36m&lt;/span&gt;[39m

Ignored nodes: comments, script, style
[36m&lt;span&gt;[39m
  [0mTry Again[0m
[36m&lt;/span&gt;[39m

(If this is intentional, then use the `*AllBy*` variant of the query (like `queryAllByText`, `getAllByText`, or `findAllByText`)).

Ignored nodes: comments, script, style
[36m&lt;body&gt;[39m
  [36m&lt;div&gt;[39m
    [36m&lt;div[39m
      [33mdata-testid[39m=[32m&quot;test-content&quot;[39m
    [36m&gt;[39m
      [0mTest content[0m
    [36m&lt;/div&gt;[39m
  [36m&lt;/div&gt;[39m
  [36m&lt;div&gt;[39m
    [36m&lt;div[39m
      [33mstyle[39m=[32m&quot;min-height: 400px; background: rgb(245, 245, 245); display: flex; align-items: center; justify-content: center; padding: 32px; border-radius: 8px;&quot;[39m
    [36m&gt;[39m
      [36m&lt;div[39m
        [33mstyle[39m=[32m&quot;max-width: 600px; width: 100%; text-align: center; background: rgba(255, 255, 255, 0.9); border-radius: 16px; padding: 32px; border: 1px solid rgb(229, 231, 235); box-shadow: 0 4px 6px rgba(0, 0, 0, 0.1);&quot;[39m
      [36m&gt;[39m
        [36m&lt;svg[39m
          [33maria-hidden[39m=[32m&quot;true&quot;[39m
          [33mclass[39m=[32m&quot;lucide lucide-circle-alert&quot;[39m
          [33mfill[39m=[32m&quot;none&quot;[39m
          [33mheight[39m=[32m&quot;48&quot;[39m
          [33mstroke[39m=[32m&quot;currentColor&quot;[39m
          [33mstroke-linecap[39m=[32m&quot;round&quot;[39m
          [33mstroke-linejoin[39m=[32m&quot;round&quot;[39m
          [33mstroke-width[39m=[32m&quot;2&quot;[39m
          [33mstyle[39m=[32m&quot;color: rgb(239, 68, 68); margin-bottom: 16px;&quot;[39m
          [33mviewBox[39m=[32m&quot;0 0 24 24&quot;[39m
          [33mwidth[39m=[32m&quot;48&quot;[39m
          [33mxmlns[39m=[32m&quot;http://www.w3.org/2000/svg&quot;[39m
        [36m&gt;[39m
          [36m&lt;circle[39m
            [33mcx[39m=[32m&quot;12&quot;[39m
            [33mcy[39m=[32m&quot;12&quot;[39m
            [33mr[39m=[32m&quot;10&quot;[39m
          [36m/&gt;[39m
          [36m&lt;line[39m
            [33mx1[39m=[32m&quot;12&quot;[39m
            [33mx2[39m=[32m&quot;12&quot;[39m
            [33my1[39m=[32m&quot;8&quot;[39m
            [33my2[39m=[32m&quot;12&quot;[39m
          [36m/&gt;[39m
          [36m&lt;line[39m
            [33mx1[39m=[32m&quot;12&quot;[39m
            [33mx2[39m=[32m&quot;12.01&quot;[39m
            [33my1[39m=[32m&quot;16&quot;[39m
            [33my2[39m=[32m&quot;16&quot;[39m
          [36m/&gt;[39m
        [36m&lt;/svg&gt;[39m
        [36m&lt;h3[39m
          [33mstyle[39m=[32m&quot;font-size: 20px; font-weight: bold; margin-bottom: 8px; color: rgb(31, 41, 55);&quot;[39m
        [36m&gt;[39m
          [0mNetwork Connection Issue[0m
        [36m&lt;/h3&gt;[39m
        [36m&lt;p[39m
          [33mstyle[39m=[32m&quot;font-size: 14px; margin-bottom: 20px; color: rgb(107, 114, 128); line-height: 1.5;&quot;[39m
        [36m&gt;[39m
          [0mCheck your internet connection and try again. If the problem persists, contact your network administrator.[0m
        [36m&lt;/p&gt;[39m
        [36m&lt;details[39m
          [33mstyle[39m=[32m&quot;text-align: left; margin-bottom: 20px; background: rgba(0, 0, 0, 0.05); padding: 12px; border-radius: 6px; font-size: 12px;&quot;[39m
        [36m&gt;[39m
          [36m&lt;summary[39m
            [33mstyle[39m=[32m&quot;cursor: pointer; margin-bottom: 8px; color: rgb(107, 114, 128); font-size: 12px;&quot;[39m
          [36m&gt;[39m
            [36m&lt;svg[39m
              [33maria-hidden[39m=[32m&quot;true&quot;[39m
              [33mclass[39m=[32m&quot;lucide lucide-bug&quot;[39m
              [33mfill[39m=[32m&quot;none&quot;[39m
              [33mheight[39m=[32m&quot;14&quot;[39m
              [33mstroke[39m=[32m&quot;currentColor&quot;[39m
              [33mstroke-linecap[39m=[32m&quot;round&quot;[39m
              [33mstroke-linejoin[39m=[32m&quot;round&quot;[39m
              [33mstroke-width[39m=[32m&quot;2&quot;[39m
              [33mstyle[39m=[32m&quot;margin-right: 6px; vertical-align: middle;&quot;[39m
              [33mviewBox[39m=[32m&quot;0 0 24 24&quot;[39m
              [33mwidth[39m=[32m&quot;14&quot;[39m
              [33mxmlns[39m=[32m&quot;http://www.w3.org/2000/svg&quot;[39m
            [36m&gt;[39m
              [36m&lt;path[39m
                [33md[39m=[32m&quot;m8 2 1.88 1.88&quot;[39m
              [36m/&gt;[39m
              [36m&lt;path[39m
                [33md[39m=[32m&quot;M14.12 3.88 16 2&quot;[39m
              [36m/&gt;[39m
              [36m&lt;path[39m
                [33md[39m=[32m&quot;M9 7.13v-1a3.003 3.003 0 1 1 6 0v1&quot;[39m
              [36m/&gt;[39m
              [36m&lt;path[39m
                [33md[39m=[32m&quot;M12 20c-3.3 0-6-2.7-6-6v-3a4 4 0 0 1 4-4h4a4 4 0 0 1 4 4v3c0 3.3-2.7 6-6 6&quot;[39m
              [36m/&gt;[39m
              [36m&lt;path[39m
                [33md[39m=[32m&quot;M12 20v-9&quot;[39m
              [36m/&gt;[39m
              [36m&lt;path[39m
                [33md[39m=[32m&quot;M6.53 9C4.6 8.8 3 7.1 3 5&quot;[39m
              [36m/&gt;[39m
              [36m&lt;path[39m
                [33md[39m=[32m&quot;M6 13H2&quot;[39m
              [36m/&gt;[39m
              [36m&lt;path[39m
                [33md[39m=[32m&quot;M3 21c0-2.1 1.7-3.9 3.8-4&quot;[39m
              [36m/&gt;[39m
              [36m&lt;path[39m
                [33md[39m=[32m&quot;M20.97 5c0 2.1-1.6 3.8-3.5 4&quot;[39m
              [36m/&gt;[39m
              [36m&lt;path[39m
                [33md[39m=[32m&quot;M22 13h-4&quot;[39m
              [36m/&gt;[39m
              [36m&lt;path[39m
                [33md[39m=[32m&quot;M17.2 17c2.1.1 3.8 1.9 3.8 4&quot;[39m
              [36m/&gt;[39m
            [36m&lt;/svg&gt;[39m
            [0mError Details (Development Only)[0m
          [36m&lt;/summary&gt;[39m
          [36m&lt;div[39m
            [33mstyle[39m=[32m&quot;font-family: monospace; color: rgb(75, 85, 99); word-break: break-word;&quot;[39m
          [36m&gt;[39m
            [36m&lt;strong&gt;[39m
              [0mType:[0m
            [36m&lt;/strong&gt;[39m
            [0m [0m
            [0mNETWORK[0m
            [36m&lt;br /&gt;[39m
            [36m&lt;strong&gt;[39m
              [0mCode:[0m
            [36m&lt;/strong&gt;[39m
            [0m [0m
            [0mNETWORK_ERROR[0m
            [36m&lt;br /&gt;[39m
            [36m&lt;strong&gt;[39m
              [0mMessage:[0m
            [36m&lt;/strong&gt;[39m
            [0m [0m
            [0mTest error message[0m
            [36m&lt;br /&gt;[39m
            [36m&lt;strong&gt;[39m
              [0mStack:[0m
            [36m&lt;/strong&gt;[39m
            [36m&lt;pre[39m
              [33mstyle[39m=[32m&quot;white-space: pre-wrap; word-break: break-word; margin: 4px 0px 0px 0px; font-size: 10px;&quot;[39m
            [36m&gt;[39m
              [0mAppError: Test error message
    at ThrowErrorComponent (/home/ilya/projects/SimpleAdminReporter/frontend/src/components/query/__tests__/QueryPreviewErrorBoundary.test.tsx:59:19)
    at Object.react_stack_bottom_frame (/home/ilya/projects/SimpleAdminReporter/frontend/node_modules/react-dom/cjs/react-dom-client.development.js:23863:20)
    at renderWithHooks (/home/ilya/projects/SimpleAdminReporter/frontend/node_modules/react-dom/cjs/react-dom-client.development.js:5529:22)
    at updateFunctionComponent (/home/ilya/projects/SimpleAdminReporter/frontend/node_modules/react-dom/cjs/react-dom-client.development.js:8897:19)
    at beginWork (/home/ilya/projects/SimpleAdminReporter/frontend/node_modules/react-dom/cjs/react-dom-client.development.js:10522:18)
    at runWithFiberInDEV (/home/ilya/projects/SimpleAdminReporter/frontend/node_modules/react-dom/cjs/react-dom-client.development.js:1522:13..." type="TestingLibraryElementError">
TestingLibraryElementError: Found multiple elements with the text: Try Again

Here are the matching elements:

Ignored nodes: comments, script, style
&lt;span&gt;
  Try Again
&lt;/span&gt;

Ignored nodes: comments, script, style
&lt;span&gt;
  Try Again
&lt;/span&gt;

Ignored nodes: comments, script, style
&lt;span&gt;
  Try Again
&lt;/span&gt;

Ignored nodes: comments, script, style
&lt;span&gt;
  Try Again
&lt;/span&gt;

Ignored nodes: comments, script, style
&lt;span&gt;
  Try Again
&lt;/span&gt;

Ignored nodes: comments, script, style
&lt;span&gt;
  Try Again
&lt;/span&gt;

Ignored nodes: comments, script, style
&lt;span&gt;
  Try Again
&lt;/span&gt;

Ignored nodes: comments, script, style
&lt;span&gt;
  Try Again
&lt;/span&gt;

(If this is intentional, then use the `*AllBy*` variant of the query (like `queryAllByText`, `getAllByText`, or `findAllByText`)).

Ignored nodes: comments, script, style
&lt;body&gt;
  &lt;div&gt;
    &lt;div
      data-testid=&quot;test-content&quot;
    &gt;
      Test content
    &lt;/div&gt;
  &lt;/div&gt;
  &lt;div&gt;
    &lt;div
      style=&quot;min-height: 400px; background: rgb(245, 245, 245); display: flex; align-items: center; justify-content: center; padding: 32px; border-radius: 8px;&quot;
    &gt;
      &lt;div
        style=&quot;max-width: 600px; width: 100%; text-align: center; background: rgba(255, 255, 255, 0.9); border-radius: 16px; padding: 32px; border: 1px solid rgb(229, 231, 235); box-shadow: 0 4px 6px rgba(0, 0, 0, 0.1);&quot;
      &gt;
        &lt;svg
          aria-hidden=&quot;true&quot;
          class=&quot;lucide lucide-circle-alert&quot;
          fill=&quot;none&quot;
          height=&quot;48&quot;
          stroke=&quot;currentColor&quot;
          stroke-linecap=&quot;round&quot;
          stroke-linejoin=&quot;round&quot;
          stroke-width=&quot;2&quot;
          style=&quot;color: rgb(239, 68, 68); margin-bottom: 16px;&quot;
          viewBox=&quot;0 0 24 24&quot;
          width=&quot;48&quot;
          xmlns=&quot;http://www.w3.org/2000/svg&quot;
        &gt;
          &lt;circle
            cx=&quot;12&quot;
            cy=&quot;12&quot;
            r=&quot;10&quot;
          /&gt;
          &lt;line
            x1=&quot;12&quot;
            x2=&quot;12&quot;
            y1=&quot;8&quot;
            y2=&quot;12&quot;
          /&gt;
          &lt;line
            x1=&quot;12&quot;
            x2=&quot;12.01&quot;
            y1=&quot;16&quot;
            y2=&quot;16&quot;
          /&gt;
        &lt;/svg&gt;
        &lt;h3
          style=&quot;font-size: 20px; font-weight: bold; margin-bottom: 8px; color: rgb(31, 41, 55);&quot;
        &gt;
          Network Connection Issue
        &lt;/h3&gt;
        &lt;p
          style=&quot;font-size: 14px; margin-bottom: 20px; color: rgb(107, 114, 128); line-height: 1.5;&quot;
        &gt;
          Check your internet connection and try again. If the problem persists, contact your network administrator.
        &lt;/p&gt;
        &lt;details
          style=&quot;text-align: left; margin-bottom: 20px; background: rgba(0, 0, 0, 0.05); padding: 12px; border-radius: 6px; font-size: 12px;&quot;
        &gt;
          &lt;summary
            style=&quot;cursor: pointer; margin-bottom: 8px; color: rgb(107, 114, 128); font-size: 12px;&quot;
          &gt;
            &lt;svg
              aria-hidden=&quot;true&quot;
              class=&quot;lucide lucide-bug&quot;
              fill=&quot;none&quot;
              height=&quot;14&quot;
              stroke=&quot;currentColor&quot;
              stroke-linecap=&quot;round&quot;
              stroke-linejoin=&quot;round&quot;
              stroke-width=&quot;2&quot;
              style=&quot;margin-right: 6px; vertical-align: middle;&quot;
              viewBox=&quot;0 0 24 24&quot;
              width=&quot;14&quot;
              xmlns=&quot;http://www.w3.org/2000/svg&quot;
            &gt;
              &lt;path
                d=&quot;m8 2 1.88 1.88&quot;
              /&gt;
              &lt;path
                d=&quot;M14.12 3.88 16 2&quot;
              /&gt;
              &lt;path
                d=&quot;M9 7.13v-1a3.003 3.003 0 1 1 6 0v1&quot;
              /&gt;
              &lt;path
                d=&quot;M12 20c-3.3 0-6-2.7-6-6v-3a4 4 0 0 1 4-4h4a4 4 0 0 1 4 4v3c0 3.3-2.7 6-6 6&quot;
              /&gt;
              &lt;path
                d=&quot;M12 20v-9&quot;
              /&gt;
              &lt;path
                d=&quot;M6.53 9C4.6 8.8 3 7.1 3 5&quot;
              /&gt;
              &lt;path
                d=&quot;M6 13H2&quot;
              /&gt;
              &lt;path
                d=&quot;M3 21c0-2.1 1.7-3.9 3.8-4&quot;
              /&gt;
              &lt;path
                d=&quot;M20.97 5c0 2.1-1.6 3.8-3.5 4&quot;
              /&gt;
              &lt;path
                d=&quot;M22 13h-4&quot;
              /&gt;
              &lt;path
                d=&quot;M17.2 17c2.1.1 3.8 1.9 3.8 4&quot;
              /&gt;
            &lt;/svg&gt;
            Error Details (Development Only)
          &lt;/summary&gt;
          &lt;div
            style=&quot;font-family: monospace; color: rgb(75, 85, 99); word-break: break-word;&quot;
          &gt;
            &lt;strong&gt;
              Type:
            &lt;/strong&gt;
             
            NETWORK
            &lt;br /&gt;
            &lt;strong&gt;
              Code:
            &lt;/strong&gt;
             
            NETWORK_ERROR
            &lt;br /&gt;
            &lt;strong&gt;
              Message:
            &lt;/strong&gt;
             
            Test error message
            &lt;br /&gt;
            &lt;strong&gt;
              Stack:
            &lt;/strong&gt;
            &lt;pre
              style=&quot;white-space: pre-wrap; word-break: break-word; margin: 4px 0px 0px 0px; font-size: 10px;&quot;
            &gt;
              AppError: Test error message
    at ThrowErrorComponent (/home/ilya/projects/SimpleAdminReporter/frontend/src/components/query/__tests__/QueryPreviewErrorBoundary.test.tsx:59:19)
    at Object.react_stack_bottom_frame (/home/ilya/projects/SimpleAdminReporter/frontend/node_modules/react-dom/cjs/react-dom-client.development.js:23863:20)
    at renderWithHooks (/home/ilya/projects/SimpleAdminReporter/frontend/node_modules/react-dom/cjs/react-dom-client.development.js:5529:22)
    at updateFunctionComponent (/home/ilya/projects/SimpleAdminReporter/frontend/node_modules/react-dom/cjs/react-dom-client.development.js:8897:19)
    at beginWork (/home/ilya/projects/SimpleAdminReporter/frontend/node_modules/react-dom/cjs/react-dom-client.development.js:10522:18)
    at runWithFiberInDEV (/home/ilya/projects/SimpleAdminReporter/frontend/node_modules/react-dom/cjs/react-dom-client.development.js:1522:13...
 ❯ ThrowErrorComponent src/components/query/__tests__/QueryPreviewErrorBoundary.test.tsx:59:19
 ❯ Object.react_stack_bottom_frame node_modules/react-dom/cjs/react-dom-client.development.js:23863:20
 ❯ renderWithHooks node_modules/react-dom/cjs/react-dom-client.development.js:5529:22
 ❯ updateFunctionComponent node_modules/react-dom/cjs/react-dom-client.development.js:8897:19
 ❯ beginWork node_modules/react-dom/cjs/react-dom-client.development.js:10522:18
 ❯ Object.getElementError node_modules/@testing-library/dom/dist/config.js:37:19
 ❯ getElementError node_modules/@testing-library/dom/dist/query-helpers.js:20:35
 ❯ getMultipleElementsFoundError node_modules/@testing-library/dom/dist/query-helpers.js:23:10
 ❯ node_modules/@testing-library/dom/dist/query-helpers.js:55:13
 ❯ node_modules/@testing-library/dom/dist/query-helpers.js:95:19
 ❯ src/components/query/__tests__/QueryPreviewErrorBoundary.test.tsx:257:25
            </failure>
            <failure message="Cannot delete property &apos;gtag&apos; of #&lt;Object&gt;" type="TypeError">
TypeError: Cannot delete property &apos;gtag&apos; of #&lt;Object&gt;
 ❯ src/components/query/__tests__/QueryPreviewErrorBoundary.test.tsx:49:3
            </failure>
        </testcase>
        <testcase classname="src/components/query/__tests__/QueryPreviewErrorBoundary.test.tsx" name="QueryPreviewErrorBoundary &gt; Error Type-Specific Handling &gt; handles AUTHORIZATION error type correctly" time="0.190171521">
            <failure message="Found multiple elements with the text: Try Again

Here are the matching elements:

Ignored nodes: comments, script, style
[36m&lt;span&gt;[39m
  [0mTry Again[0m
[36m&lt;/span&gt;[39m

Ignored nodes: comments, script, style
[36m&lt;span&gt;[39m
  [0mTry Again[0m
[36m&lt;/span&gt;[39m

Ignored nodes: comments, script, style
[36m&lt;span&gt;[39m
  [0mTry Again[0m
[36m&lt;/span&gt;[39m

Ignored nodes: comments, script, style
[36m&lt;span&gt;[39m
  [0mTry Again[0m
[36m&lt;/span&gt;[39m

Ignored nodes: comments, script, style
[36m&lt;span&gt;[39m
  [0mTry Again[0m
[36m&lt;/span&gt;[39m

Ignored nodes: comments, script, style
[36m&lt;span&gt;[39m
  [0mTry Again[0m
[36m&lt;/span&gt;[39m

Ignored nodes: comments, script, style
[36m&lt;span&gt;[39m
  [0mTry Again[0m
[36m&lt;/span&gt;[39m

Ignored nodes: comments, script, style
[36m&lt;span&gt;[39m
  [0mTry Again[0m
[36m&lt;/span&gt;[39m

(If this is intentional, then use the `*AllBy*` variant of the query (like `queryAllByText`, `getAllByText`, or `findAllByText`)).

Ignored nodes: comments, script, style
[36m&lt;body&gt;[39m
  [36m&lt;div&gt;[39m
    [36m&lt;div[39m
      [33mdata-testid[39m=[32m&quot;test-content&quot;[39m
    [36m&gt;[39m
      [0mTest content[0m
    [36m&lt;/div&gt;[39m
  [36m&lt;/div&gt;[39m
  [36m&lt;div&gt;[39m
    [36m&lt;div[39m
      [33mstyle[39m=[32m&quot;min-height: 400px; background: rgb(245, 245, 245); display: flex; align-items: center; justify-content: center; padding: 32px; border-radius: 8px;&quot;[39m
    [36m&gt;[39m
      [36m&lt;div[39m
        [33mstyle[39m=[32m&quot;max-width: 600px; width: 100%; text-align: center; background: rgba(255, 255, 255, 0.9); border-radius: 16px; padding: 32px; border: 1px solid rgb(229, 231, 235); box-shadow: 0 4px 6px rgba(0, 0, 0, 0.1);&quot;[39m
      [36m&gt;[39m
        [36m&lt;svg[39m
          [33maria-hidden[39m=[32m&quot;true&quot;[39m
          [33mclass[39m=[32m&quot;lucide lucide-circle-alert&quot;[39m
          [33mfill[39m=[32m&quot;none&quot;[39m
          [33mheight[39m=[32m&quot;48&quot;[39m
          [33mstroke[39m=[32m&quot;currentColor&quot;[39m
          [33mstroke-linecap[39m=[32m&quot;round&quot;[39m
          [33mstroke-linejoin[39m=[32m&quot;round&quot;[39m
          [33mstroke-width[39m=[32m&quot;2&quot;[39m
          [33mstyle[39m=[32m&quot;color: rgb(239, 68, 68); margin-bottom: 16px;&quot;[39m
          [33mviewBox[39m=[32m&quot;0 0 24 24&quot;[39m
          [33mwidth[39m=[32m&quot;48&quot;[39m
          [33mxmlns[39m=[32m&quot;http://www.w3.org/2000/svg&quot;[39m
        [36m&gt;[39m
          [36m&lt;circle[39m
            [33mcx[39m=[32m&quot;12&quot;[39m
            [33mcy[39m=[32m&quot;12&quot;[39m
            [33mr[39m=[32m&quot;10&quot;[39m
          [36m/&gt;[39m
          [36m&lt;line[39m
            [33mx1[39m=[32m&quot;12&quot;[39m
            [33mx2[39m=[32m&quot;12&quot;[39m
            [33my1[39m=[32m&quot;8&quot;[39m
            [33my2[39m=[32m&quot;12&quot;[39m
          [36m/&gt;[39m
          [36m&lt;line[39m
            [33mx1[39m=[32m&quot;12&quot;[39m
            [33mx2[39m=[32m&quot;12.01&quot;[39m
            [33my1[39m=[32m&quot;16&quot;[39m
            [33my2[39m=[32m&quot;16&quot;[39m
          [36m/&gt;[39m
        [36m&lt;/svg&gt;[39m
        [36m&lt;h3[39m
          [33mstyle[39m=[32m&quot;font-size: 20px; font-weight: bold; margin-bottom: 8px; color: rgb(31, 41, 55);&quot;[39m
        [36m&gt;[39m
          [0mNetwork Connection Issue[0m
        [36m&lt;/h3&gt;[39m
        [36m&lt;p[39m
          [33mstyle[39m=[32m&quot;font-size: 14px; margin-bottom: 20px; color: rgb(107, 114, 128); line-height: 1.5;&quot;[39m
        [36m&gt;[39m
          [0mCheck your internet connection and try again. If the problem persists, contact your network administrator.[0m
        [36m&lt;/p&gt;[39m
        [36m&lt;details[39m
          [33mstyle[39m=[32m&quot;text-align: left; margin-bottom: 20px; background: rgba(0, 0, 0, 0.05); padding: 12px; border-radius: 6px; font-size: 12px;&quot;[39m
        [36m&gt;[39m
          [36m&lt;summary[39m
            [33mstyle[39m=[32m&quot;cursor: pointer; margin-bottom: 8px; color: rgb(107, 114, 128); font-size: 12px;&quot;[39m
          [36m&gt;[39m
            [36m&lt;svg[39m
              [33maria-hidden[39m=[32m&quot;true&quot;[39m
              [33mclass[39m=[32m&quot;lucide lucide-bug&quot;[39m
              [33mfill[39m=[32m&quot;none&quot;[39m
              [33mheight[39m=[32m&quot;14&quot;[39m
              [33mstroke[39m=[32m&quot;currentColor&quot;[39m
              [33mstroke-linecap[39m=[32m&quot;round&quot;[39m
              [33mstroke-linejoin[39m=[32m&quot;round&quot;[39m
              [33mstroke-width[39m=[32m&quot;2&quot;[39m
              [33mstyle[39m=[32m&quot;margin-right: 6px; vertical-align: middle;&quot;[39m
              [33mviewBox[39m=[32m&quot;0 0 24 24&quot;[39m
              [33mwidth[39m=[32m&quot;14&quot;[39m
              [33mxmlns[39m=[32m&quot;http://www.w3.org/2000/svg&quot;[39m
            [36m&gt;[39m
              [36m&lt;path[39m
                [33md[39m=[32m&quot;m8 2 1.88 1.88&quot;[39m
              [36m/&gt;[39m
              [36m&lt;path[39m
                [33md[39m=[32m&quot;M14.12 3.88 16 2&quot;[39m
              [36m/&gt;[39m
              [36m&lt;path[39m
                [33md[39m=[32m&quot;M9 7.13v-1a3.003 3.003 0 1 1 6 0v1&quot;[39m
              [36m/&gt;[39m
              [36m&lt;path[39m
                [33md[39m=[32m&quot;M12 20c-3.3 0-6-2.7-6-6v-3a4 4 0 0 1 4-4h4a4 4 0 0 1 4 4v3c0 3.3-2.7 6-6 6&quot;[39m
              [36m/&gt;[39m
              [36m&lt;path[39m
                [33md[39m=[32m&quot;M12 20v-9&quot;[39m
              [36m/&gt;[39m
              [36m&lt;path[39m
                [33md[39m=[32m&quot;M6.53 9C4.6 8.8 3 7.1 3 5&quot;[39m
              [36m/&gt;[39m
              [36m&lt;path[39m
                [33md[39m=[32m&quot;M6 13H2&quot;[39m
              [36m/&gt;[39m
              [36m&lt;path[39m
                [33md[39m=[32m&quot;M3 21c0-2.1 1.7-3.9 3.8-4&quot;[39m
              [36m/&gt;[39m
              [36m&lt;path[39m
                [33md[39m=[32m&quot;M20.97 5c0 2.1-1.6 3.8-3.5 4&quot;[39m
              [36m/&gt;[39m
              [36m&lt;path[39m
                [33md[39m=[32m&quot;M22 13h-4&quot;[39m
              [36m/&gt;[39m
              [36m&lt;path[39m
                [33md[39m=[32m&quot;M17.2 17c2.1.1 3.8 1.9 3.8 4&quot;[39m
              [36m/&gt;[39m
            [36m&lt;/svg&gt;[39m
            [0mError Details (Development Only)[0m
          [36m&lt;/summary&gt;[39m
          [36m&lt;div[39m
            [33mstyle[39m=[32m&quot;font-family: monospace; color: rgb(75, 85, 99); word-break: break-word;&quot;[39m
          [36m&gt;[39m
            [36m&lt;strong&gt;[39m
              [0mType:[0m
            [36m&lt;/strong&gt;[39m
            [0m [0m
            [0mNETWORK[0m
            [36m&lt;br /&gt;[39m
            [36m&lt;strong&gt;[39m
              [0mCode:[0m
            [36m&lt;/strong&gt;[39m
            [0m [0m
            [0mNETWORK_ERROR[0m
            [36m&lt;br /&gt;[39m
            [36m&lt;strong&gt;[39m
              [0mMessage:[0m
            [36m&lt;/strong&gt;[39m
            [0m [0m
            [0mTest error message[0m
            [36m&lt;br /&gt;[39m
            [36m&lt;strong&gt;[39m
              [0mStack:[0m
            [36m&lt;/strong&gt;[39m
            [36m&lt;pre[39m
              [33mstyle[39m=[32m&quot;white-space: pre-wrap; word-break: break-word; margin: 4px 0px 0px 0px; font-size: 10px;&quot;[39m
            [36m&gt;[39m
              [0mAppError: Test error message
    at ThrowErrorComponent (/home/ilya/projects/SimpleAdminReporter/frontend/src/components/query/__tests__/QueryPreviewErrorBoundary.test.tsx:59:19)
    at Object.react_stack_bottom_frame (/home/ilya/projects/SimpleAdminReporter/frontend/node_modules/react-dom/cjs/react-dom-client.development.js:23863:20)
    at renderWithHooks (/home/ilya/projects/SimpleAdminReporter/frontend/node_modules/react-dom/cjs/react-dom-client.development.js:5529:22)
    at updateFunctionComponent (/home/ilya/projects/SimpleAdminReporter/frontend/node_modules/react-dom/cjs/react-dom-client.development.js:8897:19)
    at beginWork (/home/ilya/projects/SimpleAdminReporter/frontend/node_modules/react-dom/cjs/react-dom-client.development.js:10522:18)
    at runWithFiberInDEV (/home/ilya/projects/SimpleAdminReporter/frontend/node_modules/react-dom/cjs/react-dom-client.development.js:1522:13..." type="TestingLibraryElementError">
TestingLibraryElementError: Found multiple elements with the text: Try Again

Here are the matching elements:

Ignored nodes: comments, script, style
&lt;span&gt;
  Try Again
&lt;/span&gt;

Ignored nodes: comments, script, style
&lt;span&gt;
  Try Again
&lt;/span&gt;

Ignored nodes: comments, script, style
&lt;span&gt;
  Try Again
&lt;/span&gt;

Ignored nodes: comments, script, style
&lt;span&gt;
  Try Again
&lt;/span&gt;

Ignored nodes: comments, script, style
&lt;span&gt;
  Try Again
&lt;/span&gt;

Ignored nodes: comments, script, style
&lt;span&gt;
  Try Again
&lt;/span&gt;

Ignored nodes: comments, script, style
&lt;span&gt;
  Try Again
&lt;/span&gt;

Ignored nodes: comments, script, style
&lt;span&gt;
  Try Again
&lt;/span&gt;

(If this is intentional, then use the `*AllBy*` variant of the query (like `queryAllByText`, `getAllByText`, or `findAllByText`)).

Ignored nodes: comments, script, style
&lt;body&gt;
  &lt;div&gt;
    &lt;div
      data-testid=&quot;test-content&quot;
    &gt;
      Test content
    &lt;/div&gt;
  &lt;/div&gt;
  &lt;div&gt;
    &lt;div
      style=&quot;min-height: 400px; background: rgb(245, 245, 245); display: flex; align-items: center; justify-content: center; padding: 32px; border-radius: 8px;&quot;
    &gt;
      &lt;div
        style=&quot;max-width: 600px; width: 100%; text-align: center; background: rgba(255, 255, 255, 0.9); border-radius: 16px; padding: 32px; border: 1px solid rgb(229, 231, 235); box-shadow: 0 4px 6px rgba(0, 0, 0, 0.1);&quot;
      &gt;
        &lt;svg
          aria-hidden=&quot;true&quot;
          class=&quot;lucide lucide-circle-alert&quot;
          fill=&quot;none&quot;
          height=&quot;48&quot;
          stroke=&quot;currentColor&quot;
          stroke-linecap=&quot;round&quot;
          stroke-linejoin=&quot;round&quot;
          stroke-width=&quot;2&quot;
          style=&quot;color: rgb(239, 68, 68); margin-bottom: 16px;&quot;
          viewBox=&quot;0 0 24 24&quot;
          width=&quot;48&quot;
          xmlns=&quot;http://www.w3.org/2000/svg&quot;
        &gt;
          &lt;circle
            cx=&quot;12&quot;
            cy=&quot;12&quot;
            r=&quot;10&quot;
          /&gt;
          &lt;line
            x1=&quot;12&quot;
            x2=&quot;12&quot;
            y1=&quot;8&quot;
            y2=&quot;12&quot;
          /&gt;
          &lt;line
            x1=&quot;12&quot;
            x2=&quot;12.01&quot;
            y1=&quot;16&quot;
            y2=&quot;16&quot;
          /&gt;
        &lt;/svg&gt;
        &lt;h3
          style=&quot;font-size: 20px; font-weight: bold; margin-bottom: 8px; color: rgb(31, 41, 55);&quot;
        &gt;
          Network Connection Issue
        &lt;/h3&gt;
        &lt;p
          style=&quot;font-size: 14px; margin-bottom: 20px; color: rgb(107, 114, 128); line-height: 1.5;&quot;
        &gt;
          Check your internet connection and try again. If the problem persists, contact your network administrator.
        &lt;/p&gt;
        &lt;details
          style=&quot;text-align: left; margin-bottom: 20px; background: rgba(0, 0, 0, 0.05); padding: 12px; border-radius: 6px; font-size: 12px;&quot;
        &gt;
          &lt;summary
            style=&quot;cursor: pointer; margin-bottom: 8px; color: rgb(107, 114, 128); font-size: 12px;&quot;
          &gt;
            &lt;svg
              aria-hidden=&quot;true&quot;
              class=&quot;lucide lucide-bug&quot;
              fill=&quot;none&quot;
              height=&quot;14&quot;
              stroke=&quot;currentColor&quot;
              stroke-linecap=&quot;round&quot;
              stroke-linejoin=&quot;round&quot;
              stroke-width=&quot;2&quot;
              style=&quot;margin-right: 6px; vertical-align: middle;&quot;
              viewBox=&quot;0 0 24 24&quot;
              width=&quot;14&quot;
              xmlns=&quot;http://www.w3.org/2000/svg&quot;
            &gt;
              &lt;path
                d=&quot;m8 2 1.88 1.88&quot;
              /&gt;
              &lt;path
                d=&quot;M14.12 3.88 16 2&quot;
              /&gt;
              &lt;path
                d=&quot;M9 7.13v-1a3.003 3.003 0 1 1 6 0v1&quot;
              /&gt;
              &lt;path
                d=&quot;M12 20c-3.3 0-6-2.7-6-6v-3a4 4 0 0 1 4-4h4a4 4 0 0 1 4 4v3c0 3.3-2.7 6-6 6&quot;
              /&gt;
              &lt;path
                d=&quot;M12 20v-9&quot;
              /&gt;
              &lt;path
                d=&quot;M6.53 9C4.6 8.8 3 7.1 3 5&quot;
              /&gt;
              &lt;path
                d=&quot;M6 13H2&quot;
              /&gt;
              &lt;path
                d=&quot;M3 21c0-2.1 1.7-3.9 3.8-4&quot;
              /&gt;
              &lt;path
                d=&quot;M20.97 5c0 2.1-1.6 3.8-3.5 4&quot;
              /&gt;
              &lt;path
                d=&quot;M22 13h-4&quot;
              /&gt;
              &lt;path
                d=&quot;M17.2 17c2.1.1 3.8 1.9 3.8 4&quot;
              /&gt;
            &lt;/svg&gt;
            Error Details (Development Only)
          &lt;/summary&gt;
          &lt;div
            style=&quot;font-family: monospace; color: rgb(75, 85, 99); word-break: break-word;&quot;
          &gt;
            &lt;strong&gt;
              Type:
            &lt;/strong&gt;
             
            NETWORK
            &lt;br /&gt;
            &lt;strong&gt;
              Code:
            &lt;/strong&gt;
             
            NETWORK_ERROR
            &lt;br /&gt;
            &lt;strong&gt;
              Message:
            &lt;/strong&gt;
             
            Test error message
            &lt;br /&gt;
            &lt;strong&gt;
              Stack:
            &lt;/strong&gt;
            &lt;pre
              style=&quot;white-space: pre-wrap; word-break: break-word; margin: 4px 0px 0px 0px; font-size: 10px;&quot;
            &gt;
              AppError: Test error message
    at ThrowErrorComponent (/home/ilya/projects/SimpleAdminReporter/frontend/src/components/query/__tests__/QueryPreviewErrorBoundary.test.tsx:59:19)
    at Object.react_stack_bottom_frame (/home/ilya/projects/SimpleAdminReporter/frontend/node_modules/react-dom/cjs/react-dom-client.development.js:23863:20)
    at renderWithHooks (/home/ilya/projects/SimpleAdminReporter/frontend/node_modules/react-dom/cjs/react-dom-client.development.js:5529:22)
    at updateFunctionComponent (/home/ilya/projects/SimpleAdminReporter/frontend/node_modules/react-dom/cjs/react-dom-client.development.js:8897:19)
    at beginWork (/home/ilya/projects/SimpleAdminReporter/frontend/node_modules/react-dom/cjs/react-dom-client.development.js:10522:18)
    at runWithFiberInDEV (/home/ilya/projects/SimpleAdminReporter/frontend/node_modules/react-dom/cjs/react-dom-client.development.js:1522:13...
 ❯ ThrowErrorComponent src/components/query/__tests__/QueryPreviewErrorBoundary.test.tsx:59:19
 ❯ Object.react_stack_bottom_frame node_modules/react-dom/cjs/react-dom-client.development.js:23863:20
 ❯ renderWithHooks node_modules/react-dom/cjs/react-dom-client.development.js:5529:22
 ❯ updateFunctionComponent node_modules/react-dom/cjs/react-dom-client.development.js:8897:19
 ❯ beginWork node_modules/react-dom/cjs/react-dom-client.development.js:10522:18
 ❯ Object.getElementError node_modules/@testing-library/dom/dist/config.js:37:19
 ❯ getElementError node_modules/@testing-library/dom/dist/query-helpers.js:20:35
 ❯ getMultipleElementsFoundError node_modules/@testing-library/dom/dist/query-helpers.js:23:10
 ❯ node_modules/@testing-library/dom/dist/query-helpers.js:55:13
 ❯ node_modules/@testing-library/dom/dist/query-helpers.js:95:19
 ❯ src/components/query/__tests__/QueryPreviewErrorBoundary.test.tsx:257:25
            </failure>
            <failure message="Cannot delete property &apos;gtag&apos; of #&lt;Object&gt;" type="TypeError">
TypeError: Cannot delete property &apos;gtag&apos; of #&lt;Object&gt;
 ❯ src/components/query/__tests__/QueryPreviewErrorBoundary.test.tsx:49:3
            </failure>
        </testcase>
        <testcase classname="src/components/query/__tests__/QueryPreviewErrorBoundary.test.tsx" name="QueryPreviewErrorBoundary &gt; Error Type-Specific Handling &gt; handles RATE_LIMIT error type correctly" time="0.212938692">
            <failure message="Found multiple elements with the text: Try Again

Here are the matching elements:

Ignored nodes: comments, script, style
[36m&lt;span&gt;[39m
  [0mTry Again[0m
[36m&lt;/span&gt;[39m

Ignored nodes: comments, script, style
[36m&lt;span&gt;[39m
  [0mTry Again[0m
[36m&lt;/span&gt;[39m

Ignored nodes: comments, script, style
[36m&lt;span&gt;[39m
  [0mTry Again[0m
[36m&lt;/span&gt;[39m

Ignored nodes: comments, script, style
[36m&lt;span&gt;[39m
  [0mTry Again[0m
[36m&lt;/span&gt;[39m

Ignored nodes: comments, script, style
[36m&lt;span&gt;[39m
  [0mTry Again[0m
[36m&lt;/span&gt;[39m

Ignored nodes: comments, script, style
[36m&lt;span&gt;[39m
  [0mTry Again[0m
[36m&lt;/span&gt;[39m

Ignored nodes: comments, script, style
[36m&lt;span&gt;[39m
  [0mTry Again[0m
[36m&lt;/span&gt;[39m

Ignored nodes: comments, script, style
[36m&lt;span&gt;[39m
  [0mTry Again[0m
[36m&lt;/span&gt;[39m

Ignored nodes: comments, script, style
[36m&lt;span&gt;[39m
  [0mTry Again[0m
[36m&lt;/span&gt;[39m

(If this is intentional, then use the `*AllBy*` variant of the query (like `queryAllByText`, `getAllByText`, or `findAllByText`)).

Ignored nodes: comments, script, style
[36m&lt;body&gt;[39m
  [36m&lt;div&gt;[39m
    [36m&lt;div[39m
      [33mdata-testid[39m=[32m&quot;test-content&quot;[39m
    [36m&gt;[39m
      [0mTest content[0m
    [36m&lt;/div&gt;[39m
  [36m&lt;/div&gt;[39m
  [36m&lt;div&gt;[39m
    [36m&lt;div[39m
      [33mstyle[39m=[32m&quot;min-height: 400px; background: rgb(245, 245, 245); display: flex; align-items: center; justify-content: center; padding: 32px; border-radius: 8px;&quot;[39m
    [36m&gt;[39m
      [36m&lt;div[39m
        [33mstyle[39m=[32m&quot;max-width: 600px; width: 100%; text-align: center; background: rgba(255, 255, 255, 0.9); border-radius: 16px; padding: 32px; border: 1px solid rgb(229, 231, 235); box-shadow: 0 4px 6px rgba(0, 0, 0, 0.1);&quot;[39m
      [36m&gt;[39m
        [36m&lt;svg[39m
          [33maria-hidden[39m=[32m&quot;true&quot;[39m
          [33mclass[39m=[32m&quot;lucide lucide-circle-alert&quot;[39m
          [33mfill[39m=[32m&quot;none&quot;[39m
          [33mheight[39m=[32m&quot;48&quot;[39m
          [33mstroke[39m=[32m&quot;currentColor&quot;[39m
          [33mstroke-linecap[39m=[32m&quot;round&quot;[39m
          [33mstroke-linejoin[39m=[32m&quot;round&quot;[39m
          [33mstroke-width[39m=[32m&quot;2&quot;[39m
          [33mstyle[39m=[32m&quot;color: rgb(239, 68, 68); margin-bottom: 16px;&quot;[39m
          [33mviewBox[39m=[32m&quot;0 0 24 24&quot;[39m
          [33mwidth[39m=[32m&quot;48&quot;[39m
          [33mxmlns[39m=[32m&quot;http://www.w3.org/2000/svg&quot;[39m
        [36m&gt;[39m
          [36m&lt;circle[39m
            [33mcx[39m=[32m&quot;12&quot;[39m
            [33mcy[39m=[32m&quot;12&quot;[39m
            [33mr[39m=[32m&quot;10&quot;[39m
          [36m/&gt;[39m
          [36m&lt;line[39m
            [33mx1[39m=[32m&quot;12&quot;[39m
            [33mx2[39m=[32m&quot;12&quot;[39m
            [33my1[39m=[32m&quot;8&quot;[39m
            [33my2[39m=[32m&quot;12&quot;[39m
          [36m/&gt;[39m
          [36m&lt;line[39m
            [33mx1[39m=[32m&quot;12&quot;[39m
            [33mx2[39m=[32m&quot;12.01&quot;[39m
            [33my1[39m=[32m&quot;16&quot;[39m
            [33my2[39m=[32m&quot;16&quot;[39m
          [36m/&gt;[39m
        [36m&lt;/svg&gt;[39m
        [36m&lt;h3[39m
          [33mstyle[39m=[32m&quot;font-size: 20px; font-weight: bold; margin-bottom: 8px; color: rgb(31, 41, 55);&quot;[39m
        [36m&gt;[39m
          [0mNetwork Connection Issue[0m
        [36m&lt;/h3&gt;[39m
        [36m&lt;p[39m
          [33mstyle[39m=[32m&quot;font-size: 14px; margin-bottom: 20px; color: rgb(107, 114, 128); line-height: 1.5;&quot;[39m
        [36m&gt;[39m
          [0mCheck your internet connection and try again. If the problem persists, contact your network administrator.[0m
        [36m&lt;/p&gt;[39m
        [36m&lt;details[39m
          [33mstyle[39m=[32m&quot;text-align: left; margin-bottom: 20px; background: rgba(0, 0, 0, 0.05); padding: 12px; border-radius: 6px; font-size: 12px;&quot;[39m
        [36m&gt;[39m
          [36m&lt;summary[39m
            [33mstyle[39m=[32m&quot;cursor: pointer; margin-bottom: 8px; color: rgb(107, 114, 128); font-size: 12px;&quot;[39m
          [36m&gt;[39m
            [36m&lt;svg[39m
              [33maria-hidden[39m=[32m&quot;true&quot;[39m
              [33mclass[39m=[32m&quot;lucide lucide-bug&quot;[39m
              [33mfill[39m=[32m&quot;none&quot;[39m
              [33mheight[39m=[32m&quot;14&quot;[39m
              [33mstroke[39m=[32m&quot;currentColor&quot;[39m
              [33mstroke-linecap[39m=[32m&quot;round&quot;[39m
              [33mstroke-linejoin[39m=[32m&quot;round&quot;[39m
              [33mstroke-width[39m=[32m&quot;2&quot;[39m
              [33mstyle[39m=[32m&quot;margin-right: 6px; vertical-align: middle;&quot;[39m
              [33mviewBox[39m=[32m&quot;0 0 24 24&quot;[39m
              [33mwidth[39m=[32m&quot;14&quot;[39m
              [33mxmlns[39m=[32m&quot;http://www.w3.org/2000/svg&quot;[39m
            [36m&gt;[39m
              [36m&lt;path[39m
                [33md[39m=[32m&quot;m8 2 1.88 1.88&quot;[39m
              [36m/&gt;[39m
              [36m&lt;path[39m
                [33md[39m=[32m&quot;M14.12 3.88 16 2&quot;[39m
              [36m/&gt;[39m
              [36m&lt;path[39m
                [33md[39m=[32m&quot;M9 7.13v-1a3.003 3.003 0 1 1 6 0v1&quot;[39m
              [36m/&gt;[39m
              [36m&lt;path[39m
                [33md[39m=[32m&quot;M12 20c-3.3 0-6-2.7-6-6v-3a4 4 0 0 1 4-4h4a4 4 0 0 1 4 4v3c0 3.3-2.7 6-6 6&quot;[39m
              [36m/&gt;[39m
              [36m&lt;path[39m
                [33md[39m=[32m&quot;M12 20v-9&quot;[39m
              [36m/&gt;[39m
              [36m&lt;path[39m
                [33md[39m=[32m&quot;M6.53 9C4.6 8.8 3 7.1 3 5&quot;[39m
              [36m/&gt;[39m
              [36m&lt;path[39m
                [33md[39m=[32m&quot;M6 13H2&quot;[39m
              [36m/&gt;[39m
              [36m&lt;path[39m
                [33md[39m=[32m&quot;M3 21c0-2.1 1.7-3.9 3.8-4&quot;[39m
              [36m/&gt;[39m
              [36m&lt;path[39m
                [33md[39m=[32m&quot;M20.97 5c0 2.1-1.6 3.8-3.5 4&quot;[39m
              [36m/&gt;[39m
              [36m&lt;path[39m
                [33md[39m=[32m&quot;M22 13h-4&quot;[39m
              [36m/&gt;[39m
              [36m&lt;path[39m
                [33md[39m=[32m&quot;M17.2 17c2.1.1 3.8 1.9 3.8 4&quot;[39m
              [36m/&gt;[39m
            [36m&lt;/svg&gt;[39m
            [0mError Details (Development Only)[0m
          [36m&lt;/summary&gt;[39m
          [36m&lt;div[39m
            [33mstyle[39m=[32m&quot;font-family: monospace; color: rgb(75, 85, 99); word-break: break-word;&quot;[39m
          [36m&gt;[39m
            [36m&lt;strong&gt;[39m
              [0mType:[0m
            [36m&lt;/strong&gt;[39m
            [0m [0m
            [0mNETWORK[0m
            [36m&lt;br /&gt;[39m
            [36m&lt;strong&gt;[39m
              [0mCode:[0m
            [36m&lt;/strong&gt;[39m
            [0m [0m
            [0mNETWORK_ERROR[0m
            [36m&lt;br /&gt;[39m
            [36m&lt;strong&gt;[39m
              [0mMessage:[0m
            [36m&lt;/strong&gt;[39m
            [0m [0m
            [0mTest error message[0m
            [36m&lt;br /&gt;[39m
            [36m&lt;strong&gt;[39m
              [0mStack:[0m
            [36m&lt;/strong&gt;[39m
            [36m&lt;pre[39m
              [33mstyle[39m=[32m&quot;white-space: pre-wrap; word-break: break-word; margin: 4px 0px 0px 0px; font-size: 10px;&quot;[39m
            [36m&gt;[39m
              [0mAppError: Test error message
    at ThrowErrorComponent (/home/ilya/projects/SimpleAdminReporter/frontend/src/components/query/__tests__/QueryPreviewErrorBoundary.test.tsx:59:19)
    at Object.react_stack_bottom_frame (/home/ilya/projects/SimpleAdminReporter/frontend/node_modules/react-dom/cjs/react-dom-client.development.js:23863:20)
    at renderWithHooks (/home/ilya/projects/SimpleAdminReporter/frontend/node_modules/react-dom/cjs/react-dom-client.development.js:5529:22)
    at updateFunctionComponent (/home/ilya/projects/SimpleAdminReporter/frontend/node_modules/react-dom/cjs/react-dom-client.development.js:8897:19)
    at beginWork (/home/ilya/projects/SimpleAdminReporter/frontend/node_modules/react-dom/cjs/react-dom-client.development.js:10522:18)
    at runWithFiberInDEV (/home/ilya/projects/SimpleAdminReporter/frontend/node_modules/react-dom/cjs/react-dom-client.development.js:1522:13..." type="TestingLibraryElementError">
TestingLibraryElementError: Found multiple elements with the text: Try Again

Here are the matching elements:

Ignored nodes: comments, script, style
&lt;span&gt;
  Try Again
&lt;/span&gt;

Ignored nodes: comments, script, style
&lt;span&gt;
  Try Again
&lt;/span&gt;

Ignored nodes: comments, script, style
&lt;span&gt;
  Try Again
&lt;/span&gt;

Ignored nodes: comments, script, style
&lt;span&gt;
  Try Again
&lt;/span&gt;

Ignored nodes: comments, script, style
&lt;span&gt;
  Try Again
&lt;/span&gt;

Ignored nodes: comments, script, style
&lt;span&gt;
  Try Again
&lt;/span&gt;

Ignored nodes: comments, script, style
&lt;span&gt;
  Try Again
&lt;/span&gt;

Ignored nodes: comments, script, style
&lt;span&gt;
  Try Again
&lt;/span&gt;

Ignored nodes: comments, script, style
&lt;span&gt;
  Try Again
&lt;/span&gt;

(If this is intentional, then use the `*AllBy*` variant of the query (like `queryAllByText`, `getAllByText`, or `findAllByText`)).

Ignored nodes: comments, script, style
&lt;body&gt;
  &lt;div&gt;
    &lt;div
      data-testid=&quot;test-content&quot;
    &gt;
      Test content
    &lt;/div&gt;
  &lt;/div&gt;
  &lt;div&gt;
    &lt;div
      style=&quot;min-height: 400px; background: rgb(245, 245, 245); display: flex; align-items: center; justify-content: center; padding: 32px; border-radius: 8px;&quot;
    &gt;
      &lt;div
        style=&quot;max-width: 600px; width: 100%; text-align: center; background: rgba(255, 255, 255, 0.9); border-radius: 16px; padding: 32px; border: 1px solid rgb(229, 231, 235); box-shadow: 0 4px 6px rgba(0, 0, 0, 0.1);&quot;
      &gt;
        &lt;svg
          aria-hidden=&quot;true&quot;
          class=&quot;lucide lucide-circle-alert&quot;
          fill=&quot;none&quot;
          height=&quot;48&quot;
          stroke=&quot;currentColor&quot;
          stroke-linecap=&quot;round&quot;
          stroke-linejoin=&quot;round&quot;
          stroke-width=&quot;2&quot;
          style=&quot;color: rgb(239, 68, 68); margin-bottom: 16px;&quot;
          viewBox=&quot;0 0 24 24&quot;
          width=&quot;48&quot;
          xmlns=&quot;http://www.w3.org/2000/svg&quot;
        &gt;
          &lt;circle
            cx=&quot;12&quot;
            cy=&quot;12&quot;
            r=&quot;10&quot;
          /&gt;
          &lt;line
            x1=&quot;12&quot;
            x2=&quot;12&quot;
            y1=&quot;8&quot;
            y2=&quot;12&quot;
          /&gt;
          &lt;line
            x1=&quot;12&quot;
            x2=&quot;12.01&quot;
            y1=&quot;16&quot;
            y2=&quot;16&quot;
          /&gt;
        &lt;/svg&gt;
        &lt;h3
          style=&quot;font-size: 20px; font-weight: bold; margin-bottom: 8px; color: rgb(31, 41, 55);&quot;
        &gt;
          Network Connection Issue
        &lt;/h3&gt;
        &lt;p
          style=&quot;font-size: 14px; margin-bottom: 20px; color: rgb(107, 114, 128); line-height: 1.5;&quot;
        &gt;
          Check your internet connection and try again. If the problem persists, contact your network administrator.
        &lt;/p&gt;
        &lt;details
          style=&quot;text-align: left; margin-bottom: 20px; background: rgba(0, 0, 0, 0.05); padding: 12px; border-radius: 6px; font-size: 12px;&quot;
        &gt;
          &lt;summary
            style=&quot;cursor: pointer; margin-bottom: 8px; color: rgb(107, 114, 128); font-size: 12px;&quot;
          &gt;
            &lt;svg
              aria-hidden=&quot;true&quot;
              class=&quot;lucide lucide-bug&quot;
              fill=&quot;none&quot;
              height=&quot;14&quot;
              stroke=&quot;currentColor&quot;
              stroke-linecap=&quot;round&quot;
              stroke-linejoin=&quot;round&quot;
              stroke-width=&quot;2&quot;
              style=&quot;margin-right: 6px; vertical-align: middle;&quot;
              viewBox=&quot;0 0 24 24&quot;
              width=&quot;14&quot;
              xmlns=&quot;http://www.w3.org/2000/svg&quot;
            &gt;
              &lt;path
                d=&quot;m8 2 1.88 1.88&quot;
              /&gt;
              &lt;path
                d=&quot;M14.12 3.88 16 2&quot;
              /&gt;
              &lt;path
                d=&quot;M9 7.13v-1a3.003 3.003 0 1 1 6 0v1&quot;
              /&gt;
              &lt;path
                d=&quot;M12 20c-3.3 0-6-2.7-6-6v-3a4 4 0 0 1 4-4h4a4 4 0 0 1 4 4v3c0 3.3-2.7 6-6 6&quot;
              /&gt;
              &lt;path
                d=&quot;M12 20v-9&quot;
              /&gt;
              &lt;path
                d=&quot;M6.53 9C4.6 8.8 3 7.1 3 5&quot;
              /&gt;
              &lt;path
                d=&quot;M6 13H2&quot;
              /&gt;
              &lt;path
                d=&quot;M3 21c0-2.1 1.7-3.9 3.8-4&quot;
              /&gt;
              &lt;path
                d=&quot;M20.97 5c0 2.1-1.6 3.8-3.5 4&quot;
              /&gt;
              &lt;path
                d=&quot;M22 13h-4&quot;
              /&gt;
              &lt;path
                d=&quot;M17.2 17c2.1.1 3.8 1.9 3.8 4&quot;
              /&gt;
            &lt;/svg&gt;
            Error Details (Development Only)
          &lt;/summary&gt;
          &lt;div
            style=&quot;font-family: monospace; color: rgb(75, 85, 99); word-break: break-word;&quot;
          &gt;
            &lt;strong&gt;
              Type:
            &lt;/strong&gt;
             
            NETWORK
            &lt;br /&gt;
            &lt;strong&gt;
              Code:
            &lt;/strong&gt;
             
            NETWORK_ERROR
            &lt;br /&gt;
            &lt;strong&gt;
              Message:
            &lt;/strong&gt;
             
            Test error message
            &lt;br /&gt;
            &lt;strong&gt;
              Stack:
            &lt;/strong&gt;
            &lt;pre
              style=&quot;white-space: pre-wrap; word-break: break-word; margin: 4px 0px 0px 0px; font-size: 10px;&quot;
            &gt;
              AppError: Test error message
    at ThrowErrorComponent (/home/ilya/projects/SimpleAdminReporter/frontend/src/components/query/__tests__/QueryPreviewErrorBoundary.test.tsx:59:19)
    at Object.react_stack_bottom_frame (/home/ilya/projects/SimpleAdminReporter/frontend/node_modules/react-dom/cjs/react-dom-client.development.js:23863:20)
    at renderWithHooks (/home/ilya/projects/SimpleAdminReporter/frontend/node_modules/react-dom/cjs/react-dom-client.development.js:5529:22)
    at updateFunctionComponent (/home/ilya/projects/SimpleAdminReporter/frontend/node_modules/react-dom/cjs/react-dom-client.development.js:8897:19)
    at beginWork (/home/ilya/projects/SimpleAdminReporter/frontend/node_modules/react-dom/cjs/react-dom-client.development.js:10522:18)
    at runWithFiberInDEV (/home/ilya/projects/SimpleAdminReporter/frontend/node_modules/react-dom/cjs/react-dom-client.development.js:1522:13...
 ❯ ThrowErrorComponent src/components/query/__tests__/QueryPreviewErrorBoundary.test.tsx:59:19
 ❯ Object.react_stack_bottom_frame node_modules/react-dom/cjs/react-dom-client.development.js:23863:20
 ❯ renderWithHooks node_modules/react-dom/cjs/react-dom-client.development.js:5529:22
 ❯ updateFunctionComponent node_modules/react-dom/cjs/react-dom-client.development.js:8897:19
 ❯ beginWork node_modules/react-dom/cjs/react-dom-client.development.js:10522:18
 ❯ Object.getElementError node_modules/@testing-library/dom/dist/config.js:37:19
 ❯ getElementError node_modules/@testing-library/dom/dist/query-helpers.js:20:35
 ❯ getMultipleElementsFoundError node_modules/@testing-library/dom/dist/query-helpers.js:23:10
 ❯ node_modules/@testing-library/dom/dist/query-helpers.js:55:13
 ❯ node_modules/@testing-library/dom/dist/query-helpers.js:95:19
 ❯ src/components/query/__tests__/QueryPreviewErrorBoundary.test.tsx:255:25
            </failure>
            <failure message="Cannot delete property &apos;gtag&apos; of #&lt;Object&gt;" type="TypeError">
TypeError: Cannot delete property &apos;gtag&apos; of #&lt;Object&gt;
 ❯ src/components/query/__tests__/QueryPreviewErrorBoundary.test.tsx:49:3
            </failure>
        </testcase>
        <testcase classname="src/components/query/__tests__/QueryPreviewErrorBoundary.test.tsx" name="QueryPreviewErrorBoundary &gt; Error Type-Specific Handling &gt; handles SERVER error type correctly" time="0.287504116">
            <failure message="Found multiple elements with the text: Try Again

Here are the matching elements:

Ignored nodes: comments, script, style
[36m&lt;span&gt;[39m
  [0mTry Again[0m
[36m&lt;/span&gt;[39m

Ignored nodes: comments, script, style
[36m&lt;span&gt;[39m
  [0mTry Again[0m
[36m&lt;/span&gt;[39m

Ignored nodes: comments, script, style
[36m&lt;span&gt;[39m
  [0mTry Again[0m
[36m&lt;/span&gt;[39m

Ignored nodes: comments, script, style
[36m&lt;span&gt;[39m
  [0mTry Again[0m
[36m&lt;/span&gt;[39m

Ignored nodes: comments, script, style
[36m&lt;span&gt;[39m
  [0mTry Again[0m
[36m&lt;/span&gt;[39m

Ignored nodes: comments, script, style
[36m&lt;span&gt;[39m
  [0mTry Again[0m
[36m&lt;/span&gt;[39m

Ignored nodes: comments, script, style
[36m&lt;span&gt;[39m
  [0mTry Again[0m
[36m&lt;/span&gt;[39m

Ignored nodes: comments, script, style
[36m&lt;span&gt;[39m
  [0mTry Again[0m
[36m&lt;/span&gt;[39m

Ignored nodes: comments, script, style
[36m&lt;span&gt;[39m
  [0mTry Again[0m
[36m&lt;/span&gt;[39m

Ignored nodes: comments, script, style
[36m&lt;span&gt;[39m
  [0mTry Again[0m
[36m&lt;/span&gt;[39m

(If this is intentional, then use the `*AllBy*` variant of the query (like `queryAllByText`, `getAllByText`, or `findAllByText`)).

Ignored nodes: comments, script, style
[36m&lt;body&gt;[39m
  [36m&lt;div&gt;[39m
    [36m&lt;div[39m
      [33mdata-testid[39m=[32m&quot;test-content&quot;[39m
    [36m&gt;[39m
      [0mTest content[0m
    [36m&lt;/div&gt;[39m
  [36m&lt;/div&gt;[39m
  [36m&lt;div&gt;[39m
    [36m&lt;div[39m
      [33mstyle[39m=[32m&quot;min-height: 400px; background: rgb(245, 245, 245); display: flex; align-items: center; justify-content: center; padding: 32px; border-radius: 8px;&quot;[39m
    [36m&gt;[39m
      [36m&lt;div[39m
        [33mstyle[39m=[32m&quot;max-width: 600px; width: 100%; text-align: center; background: rgba(255, 255, 255, 0.9); border-radius: 16px; padding: 32px; border: 1px solid rgb(229, 231, 235); box-shadow: 0 4px 6px rgba(0, 0, 0, 0.1);&quot;[39m
      [36m&gt;[39m
        [36m&lt;svg[39m
          [33maria-hidden[39m=[32m&quot;true&quot;[39m
          [33mclass[39m=[32m&quot;lucide lucide-circle-alert&quot;[39m
          [33mfill[39m=[32m&quot;none&quot;[39m
          [33mheight[39m=[32m&quot;48&quot;[39m
          [33mstroke[39m=[32m&quot;currentColor&quot;[39m
          [33mstroke-linecap[39m=[32m&quot;round&quot;[39m
          [33mstroke-linejoin[39m=[32m&quot;round&quot;[39m
          [33mstroke-width[39m=[32m&quot;2&quot;[39m
          [33mstyle[39m=[32m&quot;color: rgb(239, 68, 68); margin-bottom: 16px;&quot;[39m
          [33mviewBox[39m=[32m&quot;0 0 24 24&quot;[39m
          [33mwidth[39m=[32m&quot;48&quot;[39m
          [33mxmlns[39m=[32m&quot;http://www.w3.org/2000/svg&quot;[39m
        [36m&gt;[39m
          [36m&lt;circle[39m
            [33mcx[39m=[32m&quot;12&quot;[39m
            [33mcy[39m=[32m&quot;12&quot;[39m
            [33mr[39m=[32m&quot;10&quot;[39m
          [36m/&gt;[39m
          [36m&lt;line[39m
            [33mx1[39m=[32m&quot;12&quot;[39m
            [33mx2[39m=[32m&quot;12&quot;[39m
            [33my1[39m=[32m&quot;8&quot;[39m
            [33my2[39m=[32m&quot;12&quot;[39m
          [36m/&gt;[39m
          [36m&lt;line[39m
            [33mx1[39m=[32m&quot;12&quot;[39m
            [33mx2[39m=[32m&quot;12.01&quot;[39m
            [33my1[39m=[32m&quot;16&quot;[39m
            [33my2[39m=[32m&quot;16&quot;[39m
          [36m/&gt;[39m
        [36m&lt;/svg&gt;[39m
        [36m&lt;h3[39m
          [33mstyle[39m=[32m&quot;font-size: 20px; font-weight: bold; margin-bottom: 8px; color: rgb(31, 41, 55);&quot;[39m
        [36m&gt;[39m
          [0mNetwork Connection Issue[0m
        [36m&lt;/h3&gt;[39m
        [36m&lt;p[39m
          [33mstyle[39m=[32m&quot;font-size: 14px; margin-bottom: 20px; color: rgb(107, 114, 128); line-height: 1.5;&quot;[39m
        [36m&gt;[39m
          [0mCheck your internet connection and try again. If the problem persists, contact your network administrator.[0m
        [36m&lt;/p&gt;[39m
        [36m&lt;details[39m
          [33mstyle[39m=[32m&quot;text-align: left; margin-bottom: 20px; background: rgba(0, 0, 0, 0.05); padding: 12px; border-radius: 6px; font-size: 12px;&quot;[39m
        [36m&gt;[39m
          [36m&lt;summary[39m
            [33mstyle[39m=[32m&quot;cursor: pointer; margin-bottom: 8px; color: rgb(107, 114, 128); font-size: 12px;&quot;[39m
          [36m&gt;[39m
            [36m&lt;svg[39m
              [33maria-hidden[39m=[32m&quot;true&quot;[39m
              [33mclass[39m=[32m&quot;lucide lucide-bug&quot;[39m
              [33mfill[39m=[32m&quot;none&quot;[39m
              [33mheight[39m=[32m&quot;14&quot;[39m
              [33mstroke[39m=[32m&quot;currentColor&quot;[39m
              [33mstroke-linecap[39m=[32m&quot;round&quot;[39m
              [33mstroke-linejoin[39m=[32m&quot;round&quot;[39m
              [33mstroke-width[39m=[32m&quot;2&quot;[39m
              [33mstyle[39m=[32m&quot;margin-right: 6px; vertical-align: middle;&quot;[39m
              [33mviewBox[39m=[32m&quot;0 0 24 24&quot;[39m
              [33mwidth[39m=[32m&quot;14&quot;[39m
              [33mxmlns[39m=[32m&quot;http://www.w3.org/2000/svg&quot;[39m
            [36m&gt;[39m
              [36m&lt;path[39m
                [33md[39m=[32m&quot;m8 2 1.88 1.88&quot;[39m
              [36m/&gt;[39m
              [36m&lt;path[39m
                [33md[39m=[32m&quot;M14.12 3.88 16 2&quot;[39m
              [36m/&gt;[39m
              [36m&lt;path[39m
                [33md[39m=[32m&quot;M9 7.13v-1a3.003 3.003 0 1 1 6 0v1&quot;[39m
              [36m/&gt;[39m
              [36m&lt;path[39m
                [33md[39m=[32m&quot;M12 20c-3.3 0-6-2.7-6-6v-3a4 4 0 0 1 4-4h4a4 4 0 0 1 4 4v3c0 3.3-2.7 6-6 6&quot;[39m
              [36m/&gt;[39m
              [36m&lt;path[39m
                [33md[39m=[32m&quot;M12 20v-9&quot;[39m
              [36m/&gt;[39m
              [36m&lt;path[39m
                [33md[39m=[32m&quot;M6.53 9C4.6 8.8 3 7.1 3 5&quot;[39m
              [36m/&gt;[39m
              [36m&lt;path[39m
                [33md[39m=[32m&quot;M6 13H2&quot;[39m
              [36m/&gt;[39m
              [36m&lt;path[39m
                [33md[39m=[32m&quot;M3 21c0-2.1 1.7-3.9 3.8-4&quot;[39m
              [36m/&gt;[39m
              [36m&lt;path[39m
                [33md[39m=[32m&quot;M20.97 5c0 2.1-1.6 3.8-3.5 4&quot;[39m
              [36m/&gt;[39m
              [36m&lt;path[39m
                [33md[39m=[32m&quot;M22 13h-4&quot;[39m
              [36m/&gt;[39m
              [36m&lt;path[39m
                [33md[39m=[32m&quot;M17.2 17c2.1.1 3.8 1.9 3.8 4&quot;[39m
              [36m/&gt;[39m
            [36m&lt;/svg&gt;[39m
            [0mError Details (Development Only)[0m
          [36m&lt;/summary&gt;[39m
          [36m&lt;div[39m
            [33mstyle[39m=[32m&quot;font-family: monospace; color: rgb(75, 85, 99); word-break: break-word;&quot;[39m
          [36m&gt;[39m
            [36m&lt;strong&gt;[39m
              [0mType:[0m
            [36m&lt;/strong&gt;[39m
            [0m [0m
            [0mNETWORK[0m
            [36m&lt;br /&gt;[39m
            [36m&lt;strong&gt;[39m
              [0mCode:[0m
            [36m&lt;/strong&gt;[39m
            [0m [0m
            [0mNETWORK_ERROR[0m
            [36m&lt;br /&gt;[39m
            [36m&lt;strong&gt;[39m
              [0mMessage:[0m
            [36m&lt;/strong&gt;[39m
            [0m [0m
            [0mTest error message[0m
            [36m&lt;br /&gt;[39m
            [36m&lt;strong&gt;[39m
              [0mStack:[0m
            [36m&lt;/strong&gt;[39m
            [36m&lt;pre[39m
              [33mstyle[39m=[32m&quot;white-space: pre-wrap; word-break: break-word; margin: 4px 0px 0px 0px; font-size: 10px;&quot;[39m
            [36m&gt;[39m
              [0mAppError: Test error message
    at ThrowErrorComponent (/home/ilya/projects/SimpleAdminReporter/frontend/src/components/query/__tests__/QueryPreviewErrorBoundary.test.tsx:59:19)
    at Object.react_stack_bottom_frame (/home/ilya/projects/SimpleAdminReporter/frontend/node_modules/react-dom/cjs/react-dom-client.development.js:23863:20)
    at renderWithHooks (/home/ilya/projects/SimpleAdminReporter/frontend/node_modules/react-dom/cjs/react-dom-client.development.js:5529:22)
    at updateFunctionComponent (/home/ilya/projects/SimpleAdminReporter/frontend/node_modules/react-dom/cjs/react-dom-client.development.js:8897:19)
    at beginWork (/home/ilya/projects/SimpleAdminReporter/frontend/node_modules/react-dom/cjs/react-dom-client.development.js:10522:18)
    at runWithFiberInDEV (/home/ilya/projects/SimpleAdminReporter/frontend/node_modules/react-dom/cjs/react-dom-client.development.js:1522:13..." type="TestingLibraryElementError">
TestingLibraryElementError: Found multiple elements with the text: Try Again

Here are the matching elements:

Ignored nodes: comments, script, style
&lt;span&gt;
  Try Again
&lt;/span&gt;

Ignored nodes: comments, script, style
&lt;span&gt;
  Try Again
&lt;/span&gt;

Ignored nodes: comments, script, style
&lt;span&gt;
  Try Again
&lt;/span&gt;

Ignored nodes: comments, script, style
&lt;span&gt;
  Try Again
&lt;/span&gt;

Ignored nodes: comments, script, style
&lt;span&gt;
  Try Again
&lt;/span&gt;

Ignored nodes: comments, script, style
&lt;span&gt;
  Try Again
&lt;/span&gt;

Ignored nodes: comments, script, style
&lt;span&gt;
  Try Again
&lt;/span&gt;

Ignored nodes: comments, script, style
&lt;span&gt;
  Try Again
&lt;/span&gt;

Ignored nodes: comments, script, style
&lt;span&gt;
  Try Again
&lt;/span&gt;

Ignored nodes: comments, script, style
&lt;span&gt;
  Try Again
&lt;/span&gt;

(If this is intentional, then use the `*AllBy*` variant of the query (like `queryAllByText`, `getAllByText`, or `findAllByText`)).

Ignored nodes: comments, script, style
&lt;body&gt;
  &lt;div&gt;
    &lt;div
      data-testid=&quot;test-content&quot;
    &gt;
      Test content
    &lt;/div&gt;
  &lt;/div&gt;
  &lt;div&gt;
    &lt;div
      style=&quot;min-height: 400px; background: rgb(245, 245, 245); display: flex; align-items: center; justify-content: center; padding: 32px; border-radius: 8px;&quot;
    &gt;
      &lt;div
        style=&quot;max-width: 600px; width: 100%; text-align: center; background: rgba(255, 255, 255, 0.9); border-radius: 16px; padding: 32px; border: 1px solid rgb(229, 231, 235); box-shadow: 0 4px 6px rgba(0, 0, 0, 0.1);&quot;
      &gt;
        &lt;svg
          aria-hidden=&quot;true&quot;
          class=&quot;lucide lucide-circle-alert&quot;
          fill=&quot;none&quot;
          height=&quot;48&quot;
          stroke=&quot;currentColor&quot;
          stroke-linecap=&quot;round&quot;
          stroke-linejoin=&quot;round&quot;
          stroke-width=&quot;2&quot;
          style=&quot;color: rgb(239, 68, 68); margin-bottom: 16px;&quot;
          viewBox=&quot;0 0 24 24&quot;
          width=&quot;48&quot;
          xmlns=&quot;http://www.w3.org/2000/svg&quot;
        &gt;
          &lt;circle
            cx=&quot;12&quot;
            cy=&quot;12&quot;
            r=&quot;10&quot;
          /&gt;
          &lt;line
            x1=&quot;12&quot;
            x2=&quot;12&quot;
            y1=&quot;8&quot;
            y2=&quot;12&quot;
          /&gt;
          &lt;line
            x1=&quot;12&quot;
            x2=&quot;12.01&quot;
            y1=&quot;16&quot;
            y2=&quot;16&quot;
          /&gt;
        &lt;/svg&gt;
        &lt;h3
          style=&quot;font-size: 20px; font-weight: bold; margin-bottom: 8px; color: rgb(31, 41, 55);&quot;
        &gt;
          Network Connection Issue
        &lt;/h3&gt;
        &lt;p
          style=&quot;font-size: 14px; margin-bottom: 20px; color: rgb(107, 114, 128); line-height: 1.5;&quot;
        &gt;
          Check your internet connection and try again. If the problem persists, contact your network administrator.
        &lt;/p&gt;
        &lt;details
          style=&quot;text-align: left; margin-bottom: 20px; background: rgba(0, 0, 0, 0.05); padding: 12px; border-radius: 6px; font-size: 12px;&quot;
        &gt;
          &lt;summary
            style=&quot;cursor: pointer; margin-bottom: 8px; color: rgb(107, 114, 128); font-size: 12px;&quot;
          &gt;
            &lt;svg
              aria-hidden=&quot;true&quot;
              class=&quot;lucide lucide-bug&quot;
              fill=&quot;none&quot;
              height=&quot;14&quot;
              stroke=&quot;currentColor&quot;
              stroke-linecap=&quot;round&quot;
              stroke-linejoin=&quot;round&quot;
              stroke-width=&quot;2&quot;
              style=&quot;margin-right: 6px; vertical-align: middle;&quot;
              viewBox=&quot;0 0 24 24&quot;
              width=&quot;14&quot;
              xmlns=&quot;http://www.w3.org/2000/svg&quot;
            &gt;
              &lt;path
                d=&quot;m8 2 1.88 1.88&quot;
              /&gt;
              &lt;path
                d=&quot;M14.12 3.88 16 2&quot;
              /&gt;
              &lt;path
                d=&quot;M9 7.13v-1a3.003 3.003 0 1 1 6 0v1&quot;
              /&gt;
              &lt;path
                d=&quot;M12 20c-3.3 0-6-2.7-6-6v-3a4 4 0 0 1 4-4h4a4 4 0 0 1 4 4v3c0 3.3-2.7 6-6 6&quot;
              /&gt;
              &lt;path
                d=&quot;M12 20v-9&quot;
              /&gt;
              &lt;path
                d=&quot;M6.53 9C4.6 8.8 3 7.1 3 5&quot;
              /&gt;
              &lt;path
                d=&quot;M6 13H2&quot;
              /&gt;
              &lt;path
                d=&quot;M3 21c0-2.1 1.7-3.9 3.8-4&quot;
              /&gt;
              &lt;path
                d=&quot;M20.97 5c0 2.1-1.6 3.8-3.5 4&quot;
              /&gt;
              &lt;path
                d=&quot;M22 13h-4&quot;
              /&gt;
              &lt;path
                d=&quot;M17.2 17c2.1.1 3.8 1.9 3.8 4&quot;
              /&gt;
            &lt;/svg&gt;
            Error Details (Development Only)
          &lt;/summary&gt;
          &lt;div
            style=&quot;font-family: monospace; color: rgb(75, 85, 99); word-break: break-word;&quot;
          &gt;
            &lt;strong&gt;
              Type:
            &lt;/strong&gt;
             
            NETWORK
            &lt;br /&gt;
            &lt;strong&gt;
              Code:
            &lt;/strong&gt;
             
            NETWORK_ERROR
            &lt;br /&gt;
            &lt;strong&gt;
              Message:
            &lt;/strong&gt;
             
            Test error message
            &lt;br /&gt;
            &lt;strong&gt;
              Stack:
            &lt;/strong&gt;
            &lt;pre
              style=&quot;white-space: pre-wrap; word-break: break-word; margin: 4px 0px 0px 0px; font-size: 10px;&quot;
            &gt;
              AppError: Test error message
    at ThrowErrorComponent (/home/ilya/projects/SimpleAdminReporter/frontend/src/components/query/__tests__/QueryPreviewErrorBoundary.test.tsx:59:19)
    at Object.react_stack_bottom_frame (/home/ilya/projects/SimpleAdminReporter/frontend/node_modules/react-dom/cjs/react-dom-client.development.js:23863:20)
    at renderWithHooks (/home/ilya/projects/SimpleAdminReporter/frontend/node_modules/react-dom/cjs/react-dom-client.development.js:5529:22)
    at updateFunctionComponent (/home/ilya/projects/SimpleAdminReporter/frontend/node_modules/react-dom/cjs/react-dom-client.development.js:8897:19)
    at beginWork (/home/ilya/projects/SimpleAdminReporter/frontend/node_modules/react-dom/cjs/react-dom-client.development.js:10522:18)
    at runWithFiberInDEV (/home/ilya/projects/SimpleAdminReporter/frontend/node_modules/react-dom/cjs/react-dom-client.development.js:1522:13...
 ❯ ThrowErrorComponent src/components/query/__tests__/QueryPreviewErrorBoundary.test.tsx:59:19
 ❯ Object.react_stack_bottom_frame node_modules/react-dom/cjs/react-dom-client.development.js:23863:20
 ❯ renderWithHooks node_modules/react-dom/cjs/react-dom-client.development.js:5529:22
 ❯ updateFunctionComponent node_modules/react-dom/cjs/react-dom-client.development.js:8897:19
 ❯ beginWork node_modules/react-dom/cjs/react-dom-client.development.js:10522:18
 ❯ Object.getElementError node_modules/@testing-library/dom/dist/config.js:37:19
 ❯ getElementError node_modules/@testing-library/dom/dist/query-helpers.js:20:35
 ❯ getMultipleElementsFoundError node_modules/@testing-library/dom/dist/query-helpers.js:23:10
 ❯ node_modules/@testing-library/dom/dist/query-helpers.js:55:13
 ❯ node_modules/@testing-library/dom/dist/query-helpers.js:95:19
 ❯ src/components/query/__tests__/QueryPreviewErrorBoundary.test.tsx:255:25
            </failure>
            <failure message="Cannot delete property &apos;gtag&apos; of #&lt;Object&gt;" type="TypeError">
TypeError: Cannot delete property &apos;gtag&apos; of #&lt;Object&gt;
 ❯ src/components/query/__tests__/QueryPreviewErrorBoundary.test.tsx:49:3
            </failure>
        </testcase>
        <testcase classname="src/components/query/__tests__/QueryPreviewErrorBoundary.test.tsx" name="QueryPreviewErrorBoundary &gt; Retry Logic and Exponential Backoff &gt; enables retry for retryable errors" time="0.258461821">
            <failure message="Found multiple elements with the text: Try Again

Here are the matching elements:

Ignored nodes: comments, script, style
[36m&lt;span&gt;[39m
  [0mTry Again[0m
[36m&lt;/span&gt;[39m

Ignored nodes: comments, script, style
[36m&lt;span&gt;[39m
  [0mTry Again[0m
[36m&lt;/span&gt;[39m

Ignored nodes: comments, script, style
[36m&lt;span&gt;[39m
  [0mTry Again[0m
[36m&lt;/span&gt;[39m

Ignored nodes: comments, script, style
[36m&lt;span&gt;[39m
  [0mTry Again[0m
[36m&lt;/span&gt;[39m

Ignored nodes: comments, script, style
[36m&lt;span&gt;[39m
  [0mTry Again[0m
[36m&lt;/span&gt;[39m

Ignored nodes: comments, script, style
[36m&lt;span&gt;[39m
  [0mTry Again[0m
[36m&lt;/span&gt;[39m

Ignored nodes: comments, script, style
[36m&lt;span&gt;[39m
  [0mTry Again[0m
[36m&lt;/span&gt;[39m

Ignored nodes: comments, script, style
[36m&lt;span&gt;[39m
  [0mTry Again[0m
[36m&lt;/span&gt;[39m

Ignored nodes: comments, script, style
[36m&lt;span&gt;[39m
  [0mTry Again[0m
[36m&lt;/span&gt;[39m

Ignored nodes: comments, script, style
[36m&lt;span&gt;[39m
  [0mTry Again[0m
[36m&lt;/span&gt;[39m

Ignored nodes: comments, script, style
[36m&lt;span&gt;[39m
  [0mTry Again[0m
[36m&lt;/span&gt;[39m

(If this is intentional, then use the `*AllBy*` variant of the query (like `queryAllByText`, `getAllByText`, or `findAllByText`)).

Ignored nodes: comments, script, style
[36m&lt;body&gt;[39m
  [36m&lt;div&gt;[39m
    [36m&lt;div[39m
      [33mdata-testid[39m=[32m&quot;test-content&quot;[39m
    [36m&gt;[39m
      [0mTest content[0m
    [36m&lt;/div&gt;[39m
  [36m&lt;/div&gt;[39m
  [36m&lt;div&gt;[39m
    [36m&lt;div[39m
      [33mstyle[39m=[32m&quot;min-height: 400px; background: rgb(245, 245, 245); display: flex; align-items: center; justify-content: center; padding: 32px; border-radius: 8px;&quot;[39m
    [36m&gt;[39m
      [36m&lt;div[39m
        [33mstyle[39m=[32m&quot;max-width: 600px; width: 100%; text-align: center; background: rgba(255, 255, 255, 0.9); border-radius: 16px; padding: 32px; border: 1px solid rgb(229, 231, 235); box-shadow: 0 4px 6px rgba(0, 0, 0, 0.1);&quot;[39m
      [36m&gt;[39m
        [36m&lt;svg[39m
          [33maria-hidden[39m=[32m&quot;true&quot;[39m
          [33mclass[39m=[32m&quot;lucide lucide-circle-alert&quot;[39m
          [33mfill[39m=[32m&quot;none&quot;[39m
          [33mheight[39m=[32m&quot;48&quot;[39m
          [33mstroke[39m=[32m&quot;currentColor&quot;[39m
          [33mstroke-linecap[39m=[32m&quot;round&quot;[39m
          [33mstroke-linejoin[39m=[32m&quot;round&quot;[39m
          [33mstroke-width[39m=[32m&quot;2&quot;[39m
          [33mstyle[39m=[32m&quot;color: rgb(239, 68, 68); margin-bottom: 16px;&quot;[39m
          [33mviewBox[39m=[32m&quot;0 0 24 24&quot;[39m
          [33mwidth[39m=[32m&quot;48&quot;[39m
          [33mxmlns[39m=[32m&quot;http://www.w3.org/2000/svg&quot;[39m
        [36m&gt;[39m
          [36m&lt;circle[39m
            [33mcx[39m=[32m&quot;12&quot;[39m
            [33mcy[39m=[32m&quot;12&quot;[39m
            [33mr[39m=[32m&quot;10&quot;[39m
          [36m/&gt;[39m
          [36m&lt;line[39m
            [33mx1[39m=[32m&quot;12&quot;[39m
            [33mx2[39m=[32m&quot;12&quot;[39m
            [33my1[39m=[32m&quot;8&quot;[39m
            [33my2[39m=[32m&quot;12&quot;[39m
          [36m/&gt;[39m
          [36m&lt;line[39m
            [33mx1[39m=[32m&quot;12&quot;[39m
            [33mx2[39m=[32m&quot;12.01&quot;[39m
            [33my1[39m=[32m&quot;16&quot;[39m
            [33my2[39m=[32m&quot;16&quot;[39m
          [36m/&gt;[39m
        [36m&lt;/svg&gt;[39m
        [36m&lt;h3[39m
          [33mstyle[39m=[32m&quot;font-size: 20px; font-weight: bold; margin-bottom: 8px; color: rgb(31, 41, 55);&quot;[39m
        [36m&gt;[39m
          [0mNetwork Connection Issue[0m
        [36m&lt;/h3&gt;[39m
        [36m&lt;p[39m
          [33mstyle[39m=[32m&quot;font-size: 14px; margin-bottom: 20px; color: rgb(107, 114, 128); line-height: 1.5;&quot;[39m
        [36m&gt;[39m
          [0mCheck your internet connection and try again. If the problem persists, contact your network administrator.[0m
        [36m&lt;/p&gt;[39m
        [36m&lt;details[39m
          [33mstyle[39m=[32m&quot;text-align: left; margin-bottom: 20px; background: rgba(0, 0, 0, 0.05); padding: 12px; border-radius: 6px; font-size: 12px;&quot;[39m
        [36m&gt;[39m
          [36m&lt;summary[39m
            [33mstyle[39m=[32m&quot;cursor: pointer; margin-bottom: 8px; color: rgb(107, 114, 128); font-size: 12px;&quot;[39m
          [36m&gt;[39m
            [36m&lt;svg[39m
              [33maria-hidden[39m=[32m&quot;true&quot;[39m
              [33mclass[39m=[32m&quot;lucide lucide-bug&quot;[39m
              [33mfill[39m=[32m&quot;none&quot;[39m
              [33mheight[39m=[32m&quot;14&quot;[39m
              [33mstroke[39m=[32m&quot;currentColor&quot;[39m
              [33mstroke-linecap[39m=[32m&quot;round&quot;[39m
              [33mstroke-linejoin[39m=[32m&quot;round&quot;[39m
              [33mstroke-width[39m=[32m&quot;2&quot;[39m
              [33mstyle[39m=[32m&quot;margin-right: 6px; vertical-align: middle;&quot;[39m
              [33mviewBox[39m=[32m&quot;0 0 24 24&quot;[39m
              [33mwidth[39m=[32m&quot;14&quot;[39m
              [33mxmlns[39m=[32m&quot;http://www.w3.org/2000/svg&quot;[39m
            [36m&gt;[39m
              [36m&lt;path[39m
                [33md[39m=[32m&quot;m8 2 1.88 1.88&quot;[39m
              [36m/&gt;[39m
              [36m&lt;path[39m
                [33md[39m=[32m&quot;M14.12 3.88 16 2&quot;[39m
              [36m/&gt;[39m
              [36m&lt;path[39m
                [33md[39m=[32m&quot;M9 7.13v-1a3.003 3.003 0 1 1 6 0v1&quot;[39m
              [36m/&gt;[39m
              [36m&lt;path[39m
                [33md[39m=[32m&quot;M12 20c-3.3 0-6-2.7-6-6v-3a4 4 0 0 1 4-4h4a4 4 0 0 1 4 4v3c0 3.3-2.7 6-6 6&quot;[39m
              [36m/&gt;[39m
              [36m&lt;path[39m
                [33md[39m=[32m&quot;M12 20v-9&quot;[39m
              [36m/&gt;[39m
              [36m&lt;path[39m
                [33md[39m=[32m&quot;M6.53 9C4.6 8.8 3 7.1 3 5&quot;[39m
              [36m/&gt;[39m
              [36m&lt;path[39m
                [33md[39m=[32m&quot;M6 13H2&quot;[39m
              [36m/&gt;[39m
              [36m&lt;path[39m
                [33md[39m=[32m&quot;M3 21c0-2.1 1.7-3.9 3.8-4&quot;[39m
              [36m/&gt;[39m
              [36m&lt;path[39m
                [33md[39m=[32m&quot;M20.97 5c0 2.1-1.6 3.8-3.5 4&quot;[39m
              [36m/&gt;[39m
              [36m&lt;path[39m
                [33md[39m=[32m&quot;M22 13h-4&quot;[39m
              [36m/&gt;[39m
              [36m&lt;path[39m
                [33md[39m=[32m&quot;M17.2 17c2.1.1 3.8 1.9 3.8 4&quot;[39m
              [36m/&gt;[39m
            [36m&lt;/svg&gt;[39m
            [0mError Details (Development Only)[0m
          [36m&lt;/summary&gt;[39m
          [36m&lt;div[39m
            [33mstyle[39m=[32m&quot;font-family: monospace; color: rgb(75, 85, 99); word-break: break-word;&quot;[39m
          [36m&gt;[39m
            [36m&lt;strong&gt;[39m
              [0mType:[0m
            [36m&lt;/strong&gt;[39m
            [0m [0m
            [0mNETWORK[0m
            [36m&lt;br /&gt;[39m
            [36m&lt;strong&gt;[39m
              [0mCode:[0m
            [36m&lt;/strong&gt;[39m
            [0m [0m
            [0mNETWORK_ERROR[0m
            [36m&lt;br /&gt;[39m
            [36m&lt;strong&gt;[39m
              [0mMessage:[0m
            [36m&lt;/strong&gt;[39m
            [0m [0m
            [0mTest error message[0m
            [36m&lt;br /&gt;[39m
            [36m&lt;strong&gt;[39m
              [0mStack:[0m
            [36m&lt;/strong&gt;[39m
            [36m&lt;pre[39m
              [33mstyle[39m=[32m&quot;white-space: pre-wrap; word-break: break-word; margin: 4px 0px 0px 0px; font-size: 10px;&quot;[39m
            [36m&gt;[39m
              [0mAppError: Test error message
    at ThrowErrorComponent (/home/ilya/projects/SimpleAdminReporter/frontend/src/components/query/__tests__/QueryPreviewErrorBoundary.test.tsx:59:19)
    at Object.react_stack_bottom_frame (/home/ilya/projects/SimpleAdminReporter/frontend/node_modules/react-dom/cjs/react-dom-client.development.js:23863:20)
    at renderWithHooks (/home/ilya/projects/SimpleAdminReporter/frontend/node_modules/react-dom/cjs/react-dom-client.development.js:5529:22)
    at updateFunctionComponent (/home/ilya/projects/SimpleAdminReporter/frontend/node_modules/react-dom/cjs/react-dom-client.development.js:8897:19)
    at beginWork (/home/ilya/projects/SimpleAdminReporter/frontend/node_modules/react-dom/cjs/react-dom-client.development.js:10522:18)
    at runWithFiberInDEV (/home/ilya/projects/SimpleAdminReporter/frontend/node_modules/react-dom/cjs/react-dom-client.development.js:1522:13..." type="TestingLibraryElementError">
TestingLibraryElementError: Found multiple elements with the text: Try Again

Here are the matching elements:

Ignored nodes: comments, script, style
&lt;span&gt;
  Try Again
&lt;/span&gt;

Ignored nodes: comments, script, style
&lt;span&gt;
  Try Again
&lt;/span&gt;

Ignored nodes: comments, script, style
&lt;span&gt;
  Try Again
&lt;/span&gt;

Ignored nodes: comments, script, style
&lt;span&gt;
  Try Again
&lt;/span&gt;

Ignored nodes: comments, script, style
&lt;span&gt;
  Try Again
&lt;/span&gt;

Ignored nodes: comments, script, style
&lt;span&gt;
  Try Again
&lt;/span&gt;

Ignored nodes: comments, script, style
&lt;span&gt;
  Try Again
&lt;/span&gt;

Ignored nodes: comments, script, style
&lt;span&gt;
  Try Again
&lt;/span&gt;

Ignored nodes: comments, script, style
&lt;span&gt;
  Try Again
&lt;/span&gt;

Ignored nodes: comments, script, style
&lt;span&gt;
  Try Again
&lt;/span&gt;

Ignored nodes: comments, script, style
&lt;span&gt;
  Try Again
&lt;/span&gt;

(If this is intentional, then use the `*AllBy*` variant of the query (like `queryAllByText`, `getAllByText`, or `findAllByText`)).

Ignored nodes: comments, script, style
&lt;body&gt;
  &lt;div&gt;
    &lt;div
      data-testid=&quot;test-content&quot;
    &gt;
      Test content
    &lt;/div&gt;
  &lt;/div&gt;
  &lt;div&gt;
    &lt;div
      style=&quot;min-height: 400px; background: rgb(245, 245, 245); display: flex; align-items: center; justify-content: center; padding: 32px; border-radius: 8px;&quot;
    &gt;
      &lt;div
        style=&quot;max-width: 600px; width: 100%; text-align: center; background: rgba(255, 255, 255, 0.9); border-radius: 16px; padding: 32px; border: 1px solid rgb(229, 231, 235); box-shadow: 0 4px 6px rgba(0, 0, 0, 0.1);&quot;
      &gt;
        &lt;svg
          aria-hidden=&quot;true&quot;
          class=&quot;lucide lucide-circle-alert&quot;
          fill=&quot;none&quot;
          height=&quot;48&quot;
          stroke=&quot;currentColor&quot;
          stroke-linecap=&quot;round&quot;
          stroke-linejoin=&quot;round&quot;
          stroke-width=&quot;2&quot;
          style=&quot;color: rgb(239, 68, 68); margin-bottom: 16px;&quot;
          viewBox=&quot;0 0 24 24&quot;
          width=&quot;48&quot;
          xmlns=&quot;http://www.w3.org/2000/svg&quot;
        &gt;
          &lt;circle
            cx=&quot;12&quot;
            cy=&quot;12&quot;
            r=&quot;10&quot;
          /&gt;
          &lt;line
            x1=&quot;12&quot;
            x2=&quot;12&quot;
            y1=&quot;8&quot;
            y2=&quot;12&quot;
          /&gt;
          &lt;line
            x1=&quot;12&quot;
            x2=&quot;12.01&quot;
            y1=&quot;16&quot;
            y2=&quot;16&quot;
          /&gt;
        &lt;/svg&gt;
        &lt;h3
          style=&quot;font-size: 20px; font-weight: bold; margin-bottom: 8px; color: rgb(31, 41, 55);&quot;
        &gt;
          Network Connection Issue
        &lt;/h3&gt;
        &lt;p
          style=&quot;font-size: 14px; margin-bottom: 20px; color: rgb(107, 114, 128); line-height: 1.5;&quot;
        &gt;
          Check your internet connection and try again. If the problem persists, contact your network administrator.
        &lt;/p&gt;
        &lt;details
          style=&quot;text-align: left; margin-bottom: 20px; background: rgba(0, 0, 0, 0.05); padding: 12px; border-radius: 6px; font-size: 12px;&quot;
        &gt;
          &lt;summary
            style=&quot;cursor: pointer; margin-bottom: 8px; color: rgb(107, 114, 128); font-size: 12px;&quot;
          &gt;
            &lt;svg
              aria-hidden=&quot;true&quot;
              class=&quot;lucide lucide-bug&quot;
              fill=&quot;none&quot;
              height=&quot;14&quot;
              stroke=&quot;currentColor&quot;
              stroke-linecap=&quot;round&quot;
              stroke-linejoin=&quot;round&quot;
              stroke-width=&quot;2&quot;
              style=&quot;margin-right: 6px; vertical-align: middle;&quot;
              viewBox=&quot;0 0 24 24&quot;
              width=&quot;14&quot;
              xmlns=&quot;http://www.w3.org/2000/svg&quot;
            &gt;
              &lt;path
                d=&quot;m8 2 1.88 1.88&quot;
              /&gt;
              &lt;path
                d=&quot;M14.12 3.88 16 2&quot;
              /&gt;
              &lt;path
                d=&quot;M9 7.13v-1a3.003 3.003 0 1 1 6 0v1&quot;
              /&gt;
              &lt;path
                d=&quot;M12 20c-3.3 0-6-2.7-6-6v-3a4 4 0 0 1 4-4h4a4 4 0 0 1 4 4v3c0 3.3-2.7 6-6 6&quot;
              /&gt;
              &lt;path
                d=&quot;M12 20v-9&quot;
              /&gt;
              &lt;path
                d=&quot;M6.53 9C4.6 8.8 3 7.1 3 5&quot;
              /&gt;
              &lt;path
                d=&quot;M6 13H2&quot;
              /&gt;
              &lt;path
                d=&quot;M3 21c0-2.1 1.7-3.9 3.8-4&quot;
              /&gt;
              &lt;path
                d=&quot;M20.97 5c0 2.1-1.6 3.8-3.5 4&quot;
              /&gt;
              &lt;path
                d=&quot;M22 13h-4&quot;
              /&gt;
              &lt;path
                d=&quot;M17.2 17c2.1.1 3.8 1.9 3.8 4&quot;
              /&gt;
            &lt;/svg&gt;
            Error Details (Development Only)
          &lt;/summary&gt;
          &lt;div
            style=&quot;font-family: monospace; color: rgb(75, 85, 99); word-break: break-word;&quot;
          &gt;
            &lt;strong&gt;
              Type:
            &lt;/strong&gt;
             
            NETWORK
            &lt;br /&gt;
            &lt;strong&gt;
              Code:
            &lt;/strong&gt;
             
            NETWORK_ERROR
            &lt;br /&gt;
            &lt;strong&gt;
              Message:
            &lt;/strong&gt;
             
            Test error message
            &lt;br /&gt;
            &lt;strong&gt;
              Stack:
            &lt;/strong&gt;
            &lt;pre
              style=&quot;white-space: pre-wrap; word-break: break-word; margin: 4px 0px 0px 0px; font-size: 10px;&quot;
            &gt;
              AppError: Test error message
    at ThrowErrorComponent (/home/ilya/projects/SimpleAdminReporter/frontend/src/components/query/__tests__/QueryPreviewErrorBoundary.test.tsx:59:19)
    at Object.react_stack_bottom_frame (/home/ilya/projects/SimpleAdminReporter/frontend/node_modules/react-dom/cjs/react-dom-client.development.js:23863:20)
    at renderWithHooks (/home/ilya/projects/SimpleAdminReporter/frontend/node_modules/react-dom/cjs/react-dom-client.development.js:5529:22)
    at updateFunctionComponent (/home/ilya/projects/SimpleAdminReporter/frontend/node_modules/react-dom/cjs/react-dom-client.development.js:8897:19)
    at beginWork (/home/ilya/projects/SimpleAdminReporter/frontend/node_modules/react-dom/cjs/react-dom-client.development.js:10522:18)
    at runWithFiberInDEV (/home/ilya/projects/SimpleAdminReporter/frontend/node_modules/react-dom/cjs/react-dom-client.development.js:1522:13...
 ❯ ThrowErrorComponent src/components/query/__tests__/QueryPreviewErrorBoundary.test.tsx:59:19
 ❯ Object.react_stack_bottom_frame node_modules/react-dom/cjs/react-dom-client.development.js:23863:20
 ❯ renderWithHooks node_modules/react-dom/cjs/react-dom-client.development.js:5529:22
 ❯ updateFunctionComponent node_modules/react-dom/cjs/react-dom-client.development.js:8897:19
 ❯ beginWork node_modules/react-dom/cjs/react-dom-client.development.js:10522:18
 ❯ Object.getElementError node_modules/@testing-library/dom/dist/config.js:37:19
 ❯ getElementError node_modules/@testing-library/dom/dist/query-helpers.js:20:35
 ❯ getMultipleElementsFoundError node_modules/@testing-library/dom/dist/query-helpers.js:23:10
 ❯ node_modules/@testing-library/dom/dist/query-helpers.js:55:13
 ❯ node_modules/@testing-library/dom/dist/query-helpers.js:95:19
 ❯ src/components/query/__tests__/QueryPreviewErrorBoundary.test.tsx:278:34
            </failure>
            <failure message="Cannot delete property &apos;gtag&apos; of #&lt;Object&gt;" type="TypeError">
TypeError: Cannot delete property &apos;gtag&apos; of #&lt;Object&gt;
 ❯ src/components/query/__tests__/QueryPreviewErrorBoundary.test.tsx:49:3
            </failure>
        </testcase>
        <testcase classname="src/components/query/__tests__/QueryPreviewErrorBoundary.test.tsx" name="QueryPreviewErrorBoundary &gt; Retry Logic and Exponential Backoff &gt; disables retry for non-retryable errors" time="0.269767021">
            <failure message="Found multiple elements with the text: Try Again

Here are the matching elements:

Ignored nodes: comments, script, style
[36m&lt;span&gt;[39m
  [0mTry Again[0m
[36m&lt;/span&gt;[39m

Ignored nodes: comments, script, style
[36m&lt;span&gt;[39m
  [0mTry Again[0m
[36m&lt;/span&gt;[39m

Ignored nodes: comments, script, style
[36m&lt;span&gt;[39m
  [0mTry Again[0m
[36m&lt;/span&gt;[39m

Ignored nodes: comments, script, style
[36m&lt;span&gt;[39m
  [0mTry Again[0m
[36m&lt;/span&gt;[39m

Ignored nodes: comments, script, style
[36m&lt;span&gt;[39m
  [0mTry Again[0m
[36m&lt;/span&gt;[39m

Ignored nodes: comments, script, style
[36m&lt;span&gt;[39m
  [0mTry Again[0m
[36m&lt;/span&gt;[39m

Ignored nodes: comments, script, style
[36m&lt;span&gt;[39m
  [0mTry Again[0m
[36m&lt;/span&gt;[39m

Ignored nodes: comments, script, style
[36m&lt;span&gt;[39m
  [0mTry Again[0m
[36m&lt;/span&gt;[39m

Ignored nodes: comments, script, style
[36m&lt;span&gt;[39m
  [0mTry Again[0m
[36m&lt;/span&gt;[39m

Ignored nodes: comments, script, style
[36m&lt;span&gt;[39m
  [0mTry Again[0m
[36m&lt;/span&gt;[39m

Ignored nodes: comments, script, style
[36m&lt;span&gt;[39m
  [0mTry Again[0m
[36m&lt;/span&gt;[39m

(If this is intentional, then use the `*AllBy*` variant of the query (like `queryAllByText`, `getAllByText`, or `findAllByText`)).

Ignored nodes: comments, script, style
[36m&lt;body&gt;[39m
  [36m&lt;div&gt;[39m
    [36m&lt;div[39m
      [33mdata-testid[39m=[32m&quot;test-content&quot;[39m
    [36m&gt;[39m
      [0mTest content[0m
    [36m&lt;/div&gt;[39m
  [36m&lt;/div&gt;[39m
  [36m&lt;div&gt;[39m
    [36m&lt;div[39m
      [33mstyle[39m=[32m&quot;min-height: 400px; background: rgb(245, 245, 245); display: flex; align-items: center; justify-content: center; padding: 32px; border-radius: 8px;&quot;[39m
    [36m&gt;[39m
      [36m&lt;div[39m
        [33mstyle[39m=[32m&quot;max-width: 600px; width: 100%; text-align: center; background: rgba(255, 255, 255, 0.9); border-radius: 16px; padding: 32px; border: 1px solid rgb(229, 231, 235); box-shadow: 0 4px 6px rgba(0, 0, 0, 0.1);&quot;[39m
      [36m&gt;[39m
        [36m&lt;svg[39m
          [33maria-hidden[39m=[32m&quot;true&quot;[39m
          [33mclass[39m=[32m&quot;lucide lucide-circle-alert&quot;[39m
          [33mfill[39m=[32m&quot;none&quot;[39m
          [33mheight[39m=[32m&quot;48&quot;[39m
          [33mstroke[39m=[32m&quot;currentColor&quot;[39m
          [33mstroke-linecap[39m=[32m&quot;round&quot;[39m
          [33mstroke-linejoin[39m=[32m&quot;round&quot;[39m
          [33mstroke-width[39m=[32m&quot;2&quot;[39m
          [33mstyle[39m=[32m&quot;color: rgb(239, 68, 68); margin-bottom: 16px;&quot;[39m
          [33mviewBox[39m=[32m&quot;0 0 24 24&quot;[39m
          [33mwidth[39m=[32m&quot;48&quot;[39m
          [33mxmlns[39m=[32m&quot;http://www.w3.org/2000/svg&quot;[39m
        [36m&gt;[39m
          [36m&lt;circle[39m
            [33mcx[39m=[32m&quot;12&quot;[39m
            [33mcy[39m=[32m&quot;12&quot;[39m
            [33mr[39m=[32m&quot;10&quot;[39m
          [36m/&gt;[39m
          [36m&lt;line[39m
            [33mx1[39m=[32m&quot;12&quot;[39m
            [33mx2[39m=[32m&quot;12&quot;[39m
            [33my1[39m=[32m&quot;8&quot;[39m
            [33my2[39m=[32m&quot;12&quot;[39m
          [36m/&gt;[39m
          [36m&lt;line[39m
            [33mx1[39m=[32m&quot;12&quot;[39m
            [33mx2[39m=[32m&quot;12.01&quot;[39m
            [33my1[39m=[32m&quot;16&quot;[39m
            [33my2[39m=[32m&quot;16&quot;[39m
          [36m/&gt;[39m
        [36m&lt;/svg&gt;[39m
        [36m&lt;h3[39m
          [33mstyle[39m=[32m&quot;font-size: 20px; font-weight: bold; margin-bottom: 8px; color: rgb(31, 41, 55);&quot;[39m
        [36m&gt;[39m
          [0mNetwork Connection Issue[0m
        [36m&lt;/h3&gt;[39m
        [36m&lt;p[39m
          [33mstyle[39m=[32m&quot;font-size: 14px; margin-bottom: 20px; color: rgb(107, 114, 128); line-height: 1.5;&quot;[39m
        [36m&gt;[39m
          [0mCheck your internet connection and try again. If the problem persists, contact your network administrator.[0m
        [36m&lt;/p&gt;[39m
        [36m&lt;details[39m
          [33mstyle[39m=[32m&quot;text-align: left; margin-bottom: 20px; background: rgba(0, 0, 0, 0.05); padding: 12px; border-radius: 6px; font-size: 12px;&quot;[39m
        [36m&gt;[39m
          [36m&lt;summary[39m
            [33mstyle[39m=[32m&quot;cursor: pointer; margin-bottom: 8px; color: rgb(107, 114, 128); font-size: 12px;&quot;[39m
          [36m&gt;[39m
            [36m&lt;svg[39m
              [33maria-hidden[39m=[32m&quot;true&quot;[39m
              [33mclass[39m=[32m&quot;lucide lucide-bug&quot;[39m
              [33mfill[39m=[32m&quot;none&quot;[39m
              [33mheight[39m=[32m&quot;14&quot;[39m
              [33mstroke[39m=[32m&quot;currentColor&quot;[39m
              [33mstroke-linecap[39m=[32m&quot;round&quot;[39m
              [33mstroke-linejoin[39m=[32m&quot;round&quot;[39m
              [33mstroke-width[39m=[32m&quot;2&quot;[39m
              [33mstyle[39m=[32m&quot;margin-right: 6px; vertical-align: middle;&quot;[39m
              [33mviewBox[39m=[32m&quot;0 0 24 24&quot;[39m
              [33mwidth[39m=[32m&quot;14&quot;[39m
              [33mxmlns[39m=[32m&quot;http://www.w3.org/2000/svg&quot;[39m
            [36m&gt;[39m
              [36m&lt;path[39m
                [33md[39m=[32m&quot;m8 2 1.88 1.88&quot;[39m
              [36m/&gt;[39m
              [36m&lt;path[39m
                [33md[39m=[32m&quot;M14.12 3.88 16 2&quot;[39m
              [36m/&gt;[39m
              [36m&lt;path[39m
                [33md[39m=[32m&quot;M9 7.13v-1a3.003 3.003 0 1 1 6 0v1&quot;[39m
              [36m/&gt;[39m
              [36m&lt;path[39m
                [33md[39m=[32m&quot;M12 20c-3.3 0-6-2.7-6-6v-3a4 4 0 0 1 4-4h4a4 4 0 0 1 4 4v3c0 3.3-2.7 6-6 6&quot;[39m
              [36m/&gt;[39m
              [36m&lt;path[39m
                [33md[39m=[32m&quot;M12 20v-9&quot;[39m
              [36m/&gt;[39m
              [36m&lt;path[39m
                [33md[39m=[32m&quot;M6.53 9C4.6 8.8 3 7.1 3 5&quot;[39m
              [36m/&gt;[39m
              [36m&lt;path[39m
                [33md[39m=[32m&quot;M6 13H2&quot;[39m
              [36m/&gt;[39m
              [36m&lt;path[39m
                [33md[39m=[32m&quot;M3 21c0-2.1 1.7-3.9 3.8-4&quot;[39m
              [36m/&gt;[39m
              [36m&lt;path[39m
                [33md[39m=[32m&quot;M20.97 5c0 2.1-1.6 3.8-3.5 4&quot;[39m
              [36m/&gt;[39m
              [36m&lt;path[39m
                [33md[39m=[32m&quot;M22 13h-4&quot;[39m
              [36m/&gt;[39m
              [36m&lt;path[39m
                [33md[39m=[32m&quot;M17.2 17c2.1.1 3.8 1.9 3.8 4&quot;[39m
              [36m/&gt;[39m
            [36m&lt;/svg&gt;[39m
            [0mError Details (Development Only)[0m
          [36m&lt;/summary&gt;[39m
          [36m&lt;div[39m
            [33mstyle[39m=[32m&quot;font-family: monospace; color: rgb(75, 85, 99); word-break: break-word;&quot;[39m
          [36m&gt;[39m
            [36m&lt;strong&gt;[39m
              [0mType:[0m
            [36m&lt;/strong&gt;[39m
            [0m [0m
            [0mNETWORK[0m
            [36m&lt;br /&gt;[39m
            [36m&lt;strong&gt;[39m
              [0mCode:[0m
            [36m&lt;/strong&gt;[39m
            [0m [0m
            [0mNETWORK_ERROR[0m
            [36m&lt;br /&gt;[39m
            [36m&lt;strong&gt;[39m
              [0mMessage:[0m
            [36m&lt;/strong&gt;[39m
            [0m [0m
            [0mTest error message[0m
            [36m&lt;br /&gt;[39m
            [36m&lt;strong&gt;[39m
              [0mStack:[0m
            [36m&lt;/strong&gt;[39m
            [36m&lt;pre[39m
              [33mstyle[39m=[32m&quot;white-space: pre-wrap; word-break: break-word; margin: 4px 0px 0px 0px; font-size: 10px;&quot;[39m
            [36m&gt;[39m
              [0mAppError: Test error message
    at ThrowErrorComponent (/home/ilya/projects/SimpleAdminReporter/frontend/src/components/query/__tests__/QueryPreviewErrorBoundary.test.tsx:59:19)
    at Object.react_stack_bottom_frame (/home/ilya/projects/SimpleAdminReporter/frontend/node_modules/react-dom/cjs/react-dom-client.development.js:23863:20)
    at renderWithHooks (/home/ilya/projects/SimpleAdminReporter/frontend/node_modules/react-dom/cjs/react-dom-client.development.js:5529:22)
    at updateFunctionComponent (/home/ilya/projects/SimpleAdminReporter/frontend/node_modules/react-dom/cjs/react-dom-client.development.js:8897:19)
    at beginWork (/home/ilya/projects/SimpleAdminReporter/frontend/node_modules/react-dom/cjs/react-dom-client.development.js:10522:18)
    at runWithFiberInDEV (/home/ilya/projects/SimpleAdminReporter/frontend/node_modules/react-dom/cjs/react-dom-client.development.js:1522:13..." type="TestingLibraryElementError">
TestingLibraryElementError: Found multiple elements with the text: Try Again

Here are the matching elements:

Ignored nodes: comments, script, style
&lt;span&gt;
  Try Again
&lt;/span&gt;

Ignored nodes: comments, script, style
&lt;span&gt;
  Try Again
&lt;/span&gt;

Ignored nodes: comments, script, style
&lt;span&gt;
  Try Again
&lt;/span&gt;

Ignored nodes: comments, script, style
&lt;span&gt;
  Try Again
&lt;/span&gt;

Ignored nodes: comments, script, style
&lt;span&gt;
  Try Again
&lt;/span&gt;

Ignored nodes: comments, script, style
&lt;span&gt;
  Try Again
&lt;/span&gt;

Ignored nodes: comments, script, style
&lt;span&gt;
  Try Again
&lt;/span&gt;

Ignored nodes: comments, script, style
&lt;span&gt;
  Try Again
&lt;/span&gt;

Ignored nodes: comments, script, style
&lt;span&gt;
  Try Again
&lt;/span&gt;

Ignored nodes: comments, script, style
&lt;span&gt;
  Try Again
&lt;/span&gt;

Ignored nodes: comments, script, style
&lt;span&gt;
  Try Again
&lt;/span&gt;

(If this is intentional, then use the `*AllBy*` variant of the query (like `queryAllByText`, `getAllByText`, or `findAllByText`)).

Ignored nodes: comments, script, style
&lt;body&gt;
  &lt;div&gt;
    &lt;div
      data-testid=&quot;test-content&quot;
    &gt;
      Test content
    &lt;/div&gt;
  &lt;/div&gt;
  &lt;div&gt;
    &lt;div
      style=&quot;min-height: 400px; background: rgb(245, 245, 245); display: flex; align-items: center; justify-content: center; padding: 32px; border-radius: 8px;&quot;
    &gt;
      &lt;div
        style=&quot;max-width: 600px; width: 100%; text-align: center; background: rgba(255, 255, 255, 0.9); border-radius: 16px; padding: 32px; border: 1px solid rgb(229, 231, 235); box-shadow: 0 4px 6px rgba(0, 0, 0, 0.1);&quot;
      &gt;
        &lt;svg
          aria-hidden=&quot;true&quot;
          class=&quot;lucide lucide-circle-alert&quot;
          fill=&quot;none&quot;
          height=&quot;48&quot;
          stroke=&quot;currentColor&quot;
          stroke-linecap=&quot;round&quot;
          stroke-linejoin=&quot;round&quot;
          stroke-width=&quot;2&quot;
          style=&quot;color: rgb(239, 68, 68); margin-bottom: 16px;&quot;
          viewBox=&quot;0 0 24 24&quot;
          width=&quot;48&quot;
          xmlns=&quot;http://www.w3.org/2000/svg&quot;
        &gt;
          &lt;circle
            cx=&quot;12&quot;
            cy=&quot;12&quot;
            r=&quot;10&quot;
          /&gt;
          &lt;line
            x1=&quot;12&quot;
            x2=&quot;12&quot;
            y1=&quot;8&quot;
            y2=&quot;12&quot;
          /&gt;
          &lt;line
            x1=&quot;12&quot;
            x2=&quot;12.01&quot;
            y1=&quot;16&quot;
            y2=&quot;16&quot;
          /&gt;
        &lt;/svg&gt;
        &lt;h3
          style=&quot;font-size: 20px; font-weight: bold; margin-bottom: 8px; color: rgb(31, 41, 55);&quot;
        &gt;
          Network Connection Issue
        &lt;/h3&gt;
        &lt;p
          style=&quot;font-size: 14px; margin-bottom: 20px; color: rgb(107, 114, 128); line-height: 1.5;&quot;
        &gt;
          Check your internet connection and try again. If the problem persists, contact your network administrator.
        &lt;/p&gt;
        &lt;details
          style=&quot;text-align: left; margin-bottom: 20px; background: rgba(0, 0, 0, 0.05); padding: 12px; border-radius: 6px; font-size: 12px;&quot;
        &gt;
          &lt;summary
            style=&quot;cursor: pointer; margin-bottom: 8px; color: rgb(107, 114, 128); font-size: 12px;&quot;
          &gt;
            &lt;svg
              aria-hidden=&quot;true&quot;
              class=&quot;lucide lucide-bug&quot;
              fill=&quot;none&quot;
              height=&quot;14&quot;
              stroke=&quot;currentColor&quot;
              stroke-linecap=&quot;round&quot;
              stroke-linejoin=&quot;round&quot;
              stroke-width=&quot;2&quot;
              style=&quot;margin-right: 6px; vertical-align: middle;&quot;
              viewBox=&quot;0 0 24 24&quot;
              width=&quot;14&quot;
              xmlns=&quot;http://www.w3.org/2000/svg&quot;
            &gt;
              &lt;path
                d=&quot;m8 2 1.88 1.88&quot;
              /&gt;
              &lt;path
                d=&quot;M14.12 3.88 16 2&quot;
              /&gt;
              &lt;path
                d=&quot;M9 7.13v-1a3.003 3.003 0 1 1 6 0v1&quot;
              /&gt;
              &lt;path
                d=&quot;M12 20c-3.3 0-6-2.7-6-6v-3a4 4 0 0 1 4-4h4a4 4 0 0 1 4 4v3c0 3.3-2.7 6-6 6&quot;
              /&gt;
              &lt;path
                d=&quot;M12 20v-9&quot;
              /&gt;
              &lt;path
                d=&quot;M6.53 9C4.6 8.8 3 7.1 3 5&quot;
              /&gt;
              &lt;path
                d=&quot;M6 13H2&quot;
              /&gt;
              &lt;path
                d=&quot;M3 21c0-2.1 1.7-3.9 3.8-4&quot;
              /&gt;
              &lt;path
                d=&quot;M20.97 5c0 2.1-1.6 3.8-3.5 4&quot;
              /&gt;
              &lt;path
                d=&quot;M22 13h-4&quot;
              /&gt;
              &lt;path
                d=&quot;M17.2 17c2.1.1 3.8 1.9 3.8 4&quot;
              /&gt;
            &lt;/svg&gt;
            Error Details (Development Only)
          &lt;/summary&gt;
          &lt;div
            style=&quot;font-family: monospace; color: rgb(75, 85, 99); word-break: break-word;&quot;
          &gt;
            &lt;strong&gt;
              Type:
            &lt;/strong&gt;
             
            NETWORK
            &lt;br /&gt;
            &lt;strong&gt;
              Code:
            &lt;/strong&gt;
             
            NETWORK_ERROR
            &lt;br /&gt;
            &lt;strong&gt;
              Message:
            &lt;/strong&gt;
             
            Test error message
            &lt;br /&gt;
            &lt;strong&gt;
              Stack:
            &lt;/strong&gt;
            &lt;pre
              style=&quot;white-space: pre-wrap; word-break: break-word; margin: 4px 0px 0px 0px; font-size: 10px;&quot;
            &gt;
              AppError: Test error message
    at ThrowErrorComponent (/home/ilya/projects/SimpleAdminReporter/frontend/src/components/query/__tests__/QueryPreviewErrorBoundary.test.tsx:59:19)
    at Object.react_stack_bottom_frame (/home/ilya/projects/SimpleAdminReporter/frontend/node_modules/react-dom/cjs/react-dom-client.development.js:23863:20)
    at renderWithHooks (/home/ilya/projects/SimpleAdminReporter/frontend/node_modules/react-dom/cjs/react-dom-client.development.js:5529:22)
    at updateFunctionComponent (/home/ilya/projects/SimpleAdminReporter/frontend/node_modules/react-dom/cjs/react-dom-client.development.js:8897:19)
    at beginWork (/home/ilya/projects/SimpleAdminReporter/frontend/node_modules/react-dom/cjs/react-dom-client.development.js:10522:18)
    at runWithFiberInDEV (/home/ilya/projects/SimpleAdminReporter/frontend/node_modules/react-dom/cjs/react-dom-client.development.js:1522:13...
 ❯ ThrowErrorComponent src/components/query/__tests__/QueryPreviewErrorBoundary.test.tsx:59:19
 ❯ Object.react_stack_bottom_frame node_modules/react-dom/cjs/react-dom-client.development.js:23863:20
 ❯ renderWithHooks node_modules/react-dom/cjs/react-dom-client.development.js:5529:22
 ❯ updateFunctionComponent node_modules/react-dom/cjs/react-dom-client.development.js:8897:19
 ❯ beginWork node_modules/react-dom/cjs/react-dom-client.development.js:10522:18
 ❯ Object.getElementError node_modules/@testing-library/dom/dist/config.js:37:19
 ❯ getElementError node_modules/@testing-library/dom/dist/query-helpers.js:20:35
 ❯ getMultipleElementsFoundError node_modules/@testing-library/dom/dist/query-helpers.js:23:10
 ❯ node_modules/@testing-library/dom/dist/query-helpers.js:55:13
 ❯ node_modules/@testing-library/dom/dist/query-helpers.js:95:19
 ❯ src/components/query/__tests__/QueryPreviewErrorBoundary.test.tsx:294:21
            </failure>
            <failure message="Cannot delete property &apos;gtag&apos; of #&lt;Object&gt;" type="TypeError">
TypeError: Cannot delete property &apos;gtag&apos; of #&lt;Object&gt;
 ❯ src/components/query/__tests__/QueryPreviewErrorBoundary.test.tsx:49:3
            </failure>
        </testcase>
        <testcase classname="src/components/query/__tests__/QueryPreviewErrorBoundary.test.tsx" name="QueryPreviewErrorBoundary &gt; Retry Logic and Exponential Backoff &gt; implements exponential backoff delay on retry" time="0.24159961">
            <failure message="Found multiple elements with the text: Try Again

Here are the matching elements:

Ignored nodes: comments, script, style
[36m&lt;span&gt;[39m
  [0mTry Again[0m
[36m&lt;/span&gt;[39m

Ignored nodes: comments, script, style
[36m&lt;span&gt;[39m
  [0mTry Again[0m
[36m&lt;/span&gt;[39m

Ignored nodes: comments, script, style
[36m&lt;span&gt;[39m
  [0mTry Again[0m
[36m&lt;/span&gt;[39m

Ignored nodes: comments, script, style
[36m&lt;span&gt;[39m
  [0mTry Again[0m
[36m&lt;/span&gt;[39m

Ignored nodes: comments, script, style
[36m&lt;span&gt;[39m
  [0mTry Again[0m
[36m&lt;/span&gt;[39m

Ignored nodes: comments, script, style
[36m&lt;span&gt;[39m
  [0mTry Again[0m
[36m&lt;/span&gt;[39m

Ignored nodes: comments, script, style
[36m&lt;span&gt;[39m
  [0mTry Again[0m
[36m&lt;/span&gt;[39m

Ignored nodes: comments, script, style
[36m&lt;span&gt;[39m
  [0mTry Again[0m
[36m&lt;/span&gt;[39m

Ignored nodes: comments, script, style
[36m&lt;span&gt;[39m
  [0mTry Again[0m
[36m&lt;/span&gt;[39m

Ignored nodes: comments, script, style
[36m&lt;span&gt;[39m
  [0mTry Again[0m
[36m&lt;/span&gt;[39m

Ignored nodes: comments, script, style
[36m&lt;span&gt;[39m
  [0mTry Again[0m
[36m&lt;/span&gt;[39m

Ignored nodes: comments, script, style
[36m&lt;span&gt;[39m
  [0mTry Again[0m
[36m&lt;/span&gt;[39m

(If this is intentional, then use the `*AllBy*` variant of the query (like `queryAllByText`, `getAllByText`, or `findAllByText`)).

Ignored nodes: comments, script, style
[36m&lt;body&gt;[39m
  [36m&lt;div&gt;[39m
    [36m&lt;div[39m
      [33mdata-testid[39m=[32m&quot;test-content&quot;[39m
    [36m&gt;[39m
      [0mTest content[0m
    [36m&lt;/div&gt;[39m
  [36m&lt;/div&gt;[39m
  [36m&lt;div&gt;[39m
    [36m&lt;div[39m
      [33mstyle[39m=[32m&quot;min-height: 400px; background: rgb(245, 245, 245); display: flex; align-items: center; justify-content: center; padding: 32px; border-radius: 8px;&quot;[39m
    [36m&gt;[39m
      [36m&lt;div[39m
        [33mstyle[39m=[32m&quot;max-width: 600px; width: 100%; text-align: center; background: rgba(255, 255, 255, 0.9); border-radius: 16px; padding: 32px; border: 1px solid rgb(229, 231, 235); box-shadow: 0 4px 6px rgba(0, 0, 0, 0.1);&quot;[39m
      [36m&gt;[39m
        [36m&lt;svg[39m
          [33maria-hidden[39m=[32m&quot;true&quot;[39m
          [33mclass[39m=[32m&quot;lucide lucide-circle-alert&quot;[39m
          [33mfill[39m=[32m&quot;none&quot;[39m
          [33mheight[39m=[32m&quot;48&quot;[39m
          [33mstroke[39m=[32m&quot;currentColor&quot;[39m
          [33mstroke-linecap[39m=[32m&quot;round&quot;[39m
          [33mstroke-linejoin[39m=[32m&quot;round&quot;[39m
          [33mstroke-width[39m=[32m&quot;2&quot;[39m
          [33mstyle[39m=[32m&quot;color: rgb(239, 68, 68); margin-bottom: 16px;&quot;[39m
          [33mviewBox[39m=[32m&quot;0 0 24 24&quot;[39m
          [33mwidth[39m=[32m&quot;48&quot;[39m
          [33mxmlns[39m=[32m&quot;http://www.w3.org/2000/svg&quot;[39m
        [36m&gt;[39m
          [36m&lt;circle[39m
            [33mcx[39m=[32m&quot;12&quot;[39m
            [33mcy[39m=[32m&quot;12&quot;[39m
            [33mr[39m=[32m&quot;10&quot;[39m
          [36m/&gt;[39m
          [36m&lt;line[39m
            [33mx1[39m=[32m&quot;12&quot;[39m
            [33mx2[39m=[32m&quot;12&quot;[39m
            [33my1[39m=[32m&quot;8&quot;[39m
            [33my2[39m=[32m&quot;12&quot;[39m
          [36m/&gt;[39m
          [36m&lt;line[39m
            [33mx1[39m=[32m&quot;12&quot;[39m
            [33mx2[39m=[32m&quot;12.01&quot;[39m
            [33my1[39m=[32m&quot;16&quot;[39m
            [33my2[39m=[32m&quot;16&quot;[39m
          [36m/&gt;[39m
        [36m&lt;/svg&gt;[39m
        [36m&lt;h3[39m
          [33mstyle[39m=[32m&quot;font-size: 20px; font-weight: bold; margin-bottom: 8px; color: rgb(31, 41, 55);&quot;[39m
        [36m&gt;[39m
          [0mNetwork Connection Issue[0m
        [36m&lt;/h3&gt;[39m
        [36m&lt;p[39m
          [33mstyle[39m=[32m&quot;font-size: 14px; margin-bottom: 20px; color: rgb(107, 114, 128); line-height: 1.5;&quot;[39m
        [36m&gt;[39m
          [0mCheck your internet connection and try again. If the problem persists, contact your network administrator.[0m
        [36m&lt;/p&gt;[39m
        [36m&lt;details[39m
          [33mstyle[39m=[32m&quot;text-align: left; margin-bottom: 20px; background: rgba(0, 0, 0, 0.05); padding: 12px; border-radius: 6px; font-size: 12px;&quot;[39m
        [36m&gt;[39m
          [36m&lt;summary[39m
            [33mstyle[39m=[32m&quot;cursor: pointer; margin-bottom: 8px; color: rgb(107, 114, 128); font-size: 12px;&quot;[39m
          [36m&gt;[39m
            [36m&lt;svg[39m
              [33maria-hidden[39m=[32m&quot;true&quot;[39m
              [33mclass[39m=[32m&quot;lucide lucide-bug&quot;[39m
              [33mfill[39m=[32m&quot;none&quot;[39m
              [33mheight[39m=[32m&quot;14&quot;[39m
              [33mstroke[39m=[32m&quot;currentColor&quot;[39m
              [33mstroke-linecap[39m=[32m&quot;round&quot;[39m
              [33mstroke-linejoin[39m=[32m&quot;round&quot;[39m
              [33mstroke-width[39m=[32m&quot;2&quot;[39m
              [33mstyle[39m=[32m&quot;margin-right: 6px; vertical-align: middle;&quot;[39m
              [33mviewBox[39m=[32m&quot;0 0 24 24&quot;[39m
              [33mwidth[39m=[32m&quot;14&quot;[39m
              [33mxmlns[39m=[32m&quot;http://www.w3.org/2000/svg&quot;[39m
            [36m&gt;[39m
              [36m&lt;path[39m
                [33md[39m=[32m&quot;m8 2 1.88 1.88&quot;[39m
              [36m/&gt;[39m
              [36m&lt;path[39m
                [33md[39m=[32m&quot;M14.12 3.88 16 2&quot;[39m
              [36m/&gt;[39m
              [36m&lt;path[39m
                [33md[39m=[32m&quot;M9 7.13v-1a3.003 3.003 0 1 1 6 0v1&quot;[39m
              [36m/&gt;[39m
              [36m&lt;path[39m
                [33md[39m=[32m&quot;M12 20c-3.3 0-6-2.7-6-6v-3a4 4 0 0 1 4-4h4a4 4 0 0 1 4 4v3c0 3.3-2.7 6-6 6&quot;[39m
              [36m/&gt;[39m
              [36m&lt;path[39m
                [33md[39m=[32m&quot;M12 20v-9&quot;[39m
              [36m/&gt;[39m
              [36m&lt;path[39m
                [33md[39m=[32m&quot;M6.53 9C4.6 8.8 3 7.1 3 5&quot;[39m
              [36m/&gt;[39m
              [36m&lt;path[39m
                [33md[39m=[32m&quot;M6 13H2&quot;[39m
              [36m/&gt;[39m
              [36m&lt;path[39m
                [33md[39m=[32m&quot;M3 21c0-2.1 1.7-3.9 3.8-4&quot;[39m
              [36m/&gt;[39m
              [36m&lt;path[39m
                [33md[39m=[32m&quot;M20.97 5c0 2.1-1.6 3.8-3.5 4&quot;[39m
              [36m/&gt;[39m
              [36m&lt;path[39m
                [33md[39m=[32m&quot;M22 13h-4&quot;[39m
              [36m/&gt;[39m
              [36m&lt;path[39m
                [33md[39m=[32m&quot;M17.2 17c2.1.1 3.8 1.9 3.8 4&quot;[39m
              [36m/&gt;[39m
            [36m&lt;/svg&gt;[39m
            [0mError Details (Development Only)[0m
          [36m&lt;/summary&gt;[39m
          [36m&lt;div[39m
            [33mstyle[39m=[32m&quot;font-family: monospace; color: rgb(75, 85, 99); word-break: break-word;&quot;[39m
          [36m&gt;[39m
            [36m&lt;strong&gt;[39m
              [0mType:[0m
            [36m&lt;/strong&gt;[39m
            [0m [0m
            [0mNETWORK[0m
            [36m&lt;br /&gt;[39m
            [36m&lt;strong&gt;[39m
              [0mCode:[0m
            [36m&lt;/strong&gt;[39m
            [0m [0m
            [0mNETWORK_ERROR[0m
            [36m&lt;br /&gt;[39m
            [36m&lt;strong&gt;[39m
              [0mMessage:[0m
            [36m&lt;/strong&gt;[39m
            [0m [0m
            [0mTest error message[0m
            [36m&lt;br /&gt;[39m
            [36m&lt;strong&gt;[39m
              [0mStack:[0m
            [36m&lt;/strong&gt;[39m
            [36m&lt;pre[39m
              [33mstyle[39m=[32m&quot;white-space: pre-wrap; word-break: break-word; margin: 4px 0px 0px 0px; font-size: 10px;&quot;[39m
            [36m&gt;[39m
              [0mAppError: Test error message
    at ThrowErrorComponent (/home/ilya/projects/SimpleAdminReporter/frontend/src/components/query/__tests__/QueryPreviewErrorBoundary.test.tsx:59:19)
    at Object.react_stack_bottom_frame (/home/ilya/projects/SimpleAdminReporter/frontend/node_modules/react-dom/cjs/react-dom-client.development.js:23863:20)
    at renderWithHooks (/home/ilya/projects/SimpleAdminReporter/frontend/node_modules/react-dom/cjs/react-dom-client.development.js:5529:22)
    at updateFunctionComponent (/home/ilya/projects/SimpleAdminReporter/frontend/node_modules/react-dom/cjs/react-dom-client.development.js:8897:19)
    at beginWork (/home/ilya/projects/SimpleAdminReporter/frontend/node_modules/react-dom/cjs/react-dom-client.development.js:10522:18)
    at runWithFiberInDEV (/home/ilya/projects/SimpleAdminReporter/frontend/node_modules/react-dom/cjs/react-dom-client.development.js:1522:13..." type="TestingLibraryElementError">
TestingLibraryElementError: Found multiple elements with the text: Try Again

Here are the matching elements:

Ignored nodes: comments, script, style
&lt;span&gt;
  Try Again
&lt;/span&gt;

Ignored nodes: comments, script, style
&lt;span&gt;
  Try Again
&lt;/span&gt;

Ignored nodes: comments, script, style
&lt;span&gt;
  Try Again
&lt;/span&gt;

Ignored nodes: comments, script, style
&lt;span&gt;
  Try Again
&lt;/span&gt;

Ignored nodes: comments, script, style
&lt;span&gt;
  Try Again
&lt;/span&gt;

Ignored nodes: comments, script, style
&lt;span&gt;
  Try Again
&lt;/span&gt;

Ignored nodes: comments, script, style
&lt;span&gt;
  Try Again
&lt;/span&gt;

Ignored nodes: comments, script, style
&lt;span&gt;
  Try Again
&lt;/span&gt;

Ignored nodes: comments, script, style
&lt;span&gt;
  Try Again
&lt;/span&gt;

Ignored nodes: comments, script, style
&lt;span&gt;
  Try Again
&lt;/span&gt;

Ignored nodes: comments, script, style
&lt;span&gt;
  Try Again
&lt;/span&gt;

Ignored nodes: comments, script, style
&lt;span&gt;
  Try Again
&lt;/span&gt;

(If this is intentional, then use the `*AllBy*` variant of the query (like `queryAllByText`, `getAllByText`, or `findAllByText`)).

Ignored nodes: comments, script, style
&lt;body&gt;
  &lt;div&gt;
    &lt;div
      data-testid=&quot;test-content&quot;
    &gt;
      Test content
    &lt;/div&gt;
  &lt;/div&gt;
  &lt;div&gt;
    &lt;div
      style=&quot;min-height: 400px; background: rgb(245, 245, 245); display: flex; align-items: center; justify-content: center; padding: 32px; border-radius: 8px;&quot;
    &gt;
      &lt;div
        style=&quot;max-width: 600px; width: 100%; text-align: center; background: rgba(255, 255, 255, 0.9); border-radius: 16px; padding: 32px; border: 1px solid rgb(229, 231, 235); box-shadow: 0 4px 6px rgba(0, 0, 0, 0.1);&quot;
      &gt;
        &lt;svg
          aria-hidden=&quot;true&quot;
          class=&quot;lucide lucide-circle-alert&quot;
          fill=&quot;none&quot;
          height=&quot;48&quot;
          stroke=&quot;currentColor&quot;
          stroke-linecap=&quot;round&quot;
          stroke-linejoin=&quot;round&quot;
          stroke-width=&quot;2&quot;
          style=&quot;color: rgb(239, 68, 68); margin-bottom: 16px;&quot;
          viewBox=&quot;0 0 24 24&quot;
          width=&quot;48&quot;
          xmlns=&quot;http://www.w3.org/2000/svg&quot;
        &gt;
          &lt;circle
            cx=&quot;12&quot;
            cy=&quot;12&quot;
            r=&quot;10&quot;
          /&gt;
          &lt;line
            x1=&quot;12&quot;
            x2=&quot;12&quot;
            y1=&quot;8&quot;
            y2=&quot;12&quot;
          /&gt;
          &lt;line
            x1=&quot;12&quot;
            x2=&quot;12.01&quot;
            y1=&quot;16&quot;
            y2=&quot;16&quot;
          /&gt;
        &lt;/svg&gt;
        &lt;h3
          style=&quot;font-size: 20px; font-weight: bold; margin-bottom: 8px; color: rgb(31, 41, 55);&quot;
        &gt;
          Network Connection Issue
        &lt;/h3&gt;
        &lt;p
          style=&quot;font-size: 14px; margin-bottom: 20px; color: rgb(107, 114, 128); line-height: 1.5;&quot;
        &gt;
          Check your internet connection and try again. If the problem persists, contact your network administrator.
        &lt;/p&gt;
        &lt;details
          style=&quot;text-align: left; margin-bottom: 20px; background: rgba(0, 0, 0, 0.05); padding: 12px; border-radius: 6px; font-size: 12px;&quot;
        &gt;
          &lt;summary
            style=&quot;cursor: pointer; margin-bottom: 8px; color: rgb(107, 114, 128); font-size: 12px;&quot;
          &gt;
            &lt;svg
              aria-hidden=&quot;true&quot;
              class=&quot;lucide lucide-bug&quot;
              fill=&quot;none&quot;
              height=&quot;14&quot;
              stroke=&quot;currentColor&quot;
              stroke-linecap=&quot;round&quot;
              stroke-linejoin=&quot;round&quot;
              stroke-width=&quot;2&quot;
              style=&quot;margin-right: 6px; vertical-align: middle;&quot;
              viewBox=&quot;0 0 24 24&quot;
              width=&quot;14&quot;
              xmlns=&quot;http://www.w3.org/2000/svg&quot;
            &gt;
              &lt;path
                d=&quot;m8 2 1.88 1.88&quot;
              /&gt;
              &lt;path
                d=&quot;M14.12 3.88 16 2&quot;
              /&gt;
              &lt;path
                d=&quot;M9 7.13v-1a3.003 3.003 0 1 1 6 0v1&quot;
              /&gt;
              &lt;path
                d=&quot;M12 20c-3.3 0-6-2.7-6-6v-3a4 4 0 0 1 4-4h4a4 4 0 0 1 4 4v3c0 3.3-2.7 6-6 6&quot;
              /&gt;
              &lt;path
                d=&quot;M12 20v-9&quot;
              /&gt;
              &lt;path
                d=&quot;M6.53 9C4.6 8.8 3 7.1 3 5&quot;
              /&gt;
              &lt;path
                d=&quot;M6 13H2&quot;
              /&gt;
              &lt;path
                d=&quot;M3 21c0-2.1 1.7-3.9 3.8-4&quot;
              /&gt;
              &lt;path
                d=&quot;M20.97 5c0 2.1-1.6 3.8-3.5 4&quot;
              /&gt;
              &lt;path
                d=&quot;M22 13h-4&quot;
              /&gt;
              &lt;path
                d=&quot;M17.2 17c2.1.1 3.8 1.9 3.8 4&quot;
              /&gt;
            &lt;/svg&gt;
            Error Details (Development Only)
          &lt;/summary&gt;
          &lt;div
            style=&quot;font-family: monospace; color: rgb(75, 85, 99); word-break: break-word;&quot;
          &gt;
            &lt;strong&gt;
              Type:
            &lt;/strong&gt;
             
            NETWORK
            &lt;br /&gt;
            &lt;strong&gt;
              Code:
            &lt;/strong&gt;
             
            NETWORK_ERROR
            &lt;br /&gt;
            &lt;strong&gt;
              Message:
            &lt;/strong&gt;
             
            Test error message
            &lt;br /&gt;
            &lt;strong&gt;
              Stack:
            &lt;/strong&gt;
            &lt;pre
              style=&quot;white-space: pre-wrap; word-break: break-word; margin: 4px 0px 0px 0px; font-size: 10px;&quot;
            &gt;
              AppError: Test error message
    at ThrowErrorComponent (/home/ilya/projects/SimpleAdminReporter/frontend/src/components/query/__tests__/QueryPreviewErrorBoundary.test.tsx:59:19)
    at Object.react_stack_bottom_frame (/home/ilya/projects/SimpleAdminReporter/frontend/node_modules/react-dom/cjs/react-dom-client.development.js:23863:20)
    at renderWithHooks (/home/ilya/projects/SimpleAdminReporter/frontend/node_modules/react-dom/cjs/react-dom-client.development.js:5529:22)
    at updateFunctionComponent (/home/ilya/projects/SimpleAdminReporter/frontend/node_modules/react-dom/cjs/react-dom-client.development.js:8897:19)
    at beginWork (/home/ilya/projects/SimpleAdminReporter/frontend/node_modules/react-dom/cjs/react-dom-client.development.js:10522:18)
    at runWithFiberInDEV (/home/ilya/projects/SimpleAdminReporter/frontend/node_modules/react-dom/cjs/react-dom-client.development.js:1522:13...
 ❯ ThrowErrorComponent src/components/query/__tests__/QueryPreviewErrorBoundary.test.tsx:59:19
 ❯ Object.react_stack_bottom_frame node_modules/react-dom/cjs/react-dom-client.development.js:23863:20
 ❯ renderWithHooks node_modules/react-dom/cjs/react-dom-client.development.js:5529:22
 ❯ updateFunctionComponent node_modules/react-dom/cjs/react-dom-client.development.js:8897:19
 ❯ beginWork node_modules/react-dom/cjs/react-dom-client.development.js:10522:18
 ❯ Object.getElementError node_modules/@testing-library/dom/dist/config.js:37:19
 ❯ getElementError node_modules/@testing-library/dom/dist/query-helpers.js:20:35
 ❯ getMultipleElementsFoundError node_modules/@testing-library/dom/dist/query-helpers.js:23:10
 ❯ node_modules/@testing-library/dom/dist/query-helpers.js:55:13
 ❯ node_modules/@testing-library/dom/dist/query-helpers.js:95:19
 ❯ src/components/query/__tests__/QueryPreviewErrorBoundary.test.tsx:311:34
            </failure>
            <failure message="Cannot delete property &apos;gtag&apos; of #&lt;Object&gt;" type="TypeError">
TypeError: Cannot delete property &apos;gtag&apos; of #&lt;Object&gt;
 ❯ src/components/query/__tests__/QueryPreviewErrorBoundary.test.tsx:49:3
            </failure>
        </testcase>
        <testcase classname="src/components/query/__tests__/QueryPreviewErrorBoundary.test.tsx" name="QueryPreviewErrorBoundary &gt; Retry Logic and Exponential Backoff &gt; shows retry attempt counter" time="0.229864726">
            <failure message="Unable to find an element with the text: Attempt 1 of 3. This could be because the text is broken up by multiple elements. In this case, you can provide a function for your text matcher to make your matcher more flexible.

Ignored nodes: comments, script, style
[36m&lt;body&gt;[39m
  [36m&lt;div&gt;[39m
    [36m&lt;div[39m
      [33mdata-testid[39m=[32m&quot;test-content&quot;[39m
    [36m&gt;[39m
      [0mTest content[0m
    [36m&lt;/div&gt;[39m
  [36m&lt;/div&gt;[39m
  [36m&lt;div&gt;[39m
    [36m&lt;div[39m
      [33mstyle[39m=[32m&quot;min-height: 400px; background: rgb(245, 245, 245); display: flex; align-items: center; justify-content: center; padding: 32px; border-radius: 8px;&quot;[39m
    [36m&gt;[39m
      [36m&lt;div[39m
        [33mstyle[39m=[32m&quot;max-width: 600px; width: 100%; text-align: center; background: rgba(255, 255, 255, 0.9); border-radius: 16px; padding: 32px; border: 1px solid rgb(229, 231, 235); box-shadow: 0 4px 6px rgba(0, 0, 0, 0.1);&quot;[39m
      [36m&gt;[39m
        [36m&lt;svg[39m
          [33maria-hidden[39m=[32m&quot;true&quot;[39m
          [33mclass[39m=[32m&quot;lucide lucide-circle-alert&quot;[39m
          [33mfill[39m=[32m&quot;none&quot;[39m
          [33mheight[39m=[32m&quot;48&quot;[39m
          [33mstroke[39m=[32m&quot;currentColor&quot;[39m
          [33mstroke-linecap[39m=[32m&quot;round&quot;[39m
          [33mstroke-linejoin[39m=[32m&quot;round&quot;[39m
          [33mstroke-width[39m=[32m&quot;2&quot;[39m
          [33mstyle[39m=[32m&quot;color: rgb(239, 68, 68); margin-bottom: 16px;&quot;[39m
          [33mviewBox[39m=[32m&quot;0 0 24 24&quot;[39m
          [33mwidth[39m=[32m&quot;48&quot;[39m
          [33mxmlns[39m=[32m&quot;http://www.w3.org/2000/svg&quot;[39m
        [36m&gt;[39m
          [36m&lt;circle[39m
            [33mcx[39m=[32m&quot;12&quot;[39m
            [33mcy[39m=[32m&quot;12&quot;[39m
            [33mr[39m=[32m&quot;10&quot;[39m
          [36m/&gt;[39m
          [36m&lt;line[39m
            [33mx1[39m=[32m&quot;12&quot;[39m
            [33mx2[39m=[32m&quot;12&quot;[39m
            [33my1[39m=[32m&quot;8&quot;[39m
            [33my2[39m=[32m&quot;12&quot;[39m
          [36m/&gt;[39m
          [36m&lt;line[39m
            [33mx1[39m=[32m&quot;12&quot;[39m
            [33mx2[39m=[32m&quot;12.01&quot;[39m
            [33my1[39m=[32m&quot;16&quot;[39m
            [33my2[39m=[32m&quot;16&quot;[39m
          [36m/&gt;[39m
        [36m&lt;/svg&gt;[39m
        [36m&lt;h3[39m
          [33mstyle[39m=[32m&quot;font-size: 20px; font-weight: bold; margin-bottom: 8px; color: rgb(31, 41, 55);&quot;[39m
        [36m&gt;[39m
          [0mNetwork Connection Issue[0m
        [36m&lt;/h3&gt;[39m
        [36m&lt;p[39m
          [33mstyle[39m=[32m&quot;font-size: 14px; margin-bottom: 20px; color: rgb(107, 114, 128); line-height: 1.5;&quot;[39m
        [36m&gt;[39m
          [0mCheck your internet connection and try again. If the problem persists, contact your network administrator.[0m
        [36m&lt;/p&gt;[39m
        [36m&lt;details[39m
          [33mstyle[39m=[32m&quot;text-align: left; margin-bottom: 20px; background: rgba(0, 0, 0, 0.05); padding: 12px; border-radius: 6px; font-size: 12px;&quot;[39m
        [36m&gt;[39m
          [36m&lt;summary[39m
            [33mstyle[39m=[32m&quot;cursor: pointer; margin-bottom: 8px; color: rgb(107, 114, 128); font-size: 12px;&quot;[39m
          [36m&gt;[39m
            [36m&lt;svg[39m
              [33maria-hidden[39m=[32m&quot;true&quot;[39m
              [33mclass[39m=[32m&quot;lucide lucide-bug&quot;[39m
              [33mfill[39m=[32m&quot;none&quot;[39m
              [33mheight[39m=[32m&quot;14&quot;[39m
              [33mstroke[39m=[32m&quot;currentColor&quot;[39m
              [33mstroke-linecap[39m=[32m&quot;round&quot;[39m
              [33mstroke-linejoin[39m=[32m&quot;round&quot;[39m
              [33mstroke-width[39m=[32m&quot;2&quot;[39m
              [33mstyle[39m=[32m&quot;margin-right: 6px; vertical-align: middle;&quot;[39m
              [33mviewBox[39m=[32m&quot;0 0 24 24&quot;[39m
              [33mwidth[39m=[32m&quot;14&quot;[39m
              [33mxmlns[39m=[32m&quot;http://www.w3.org/2000/svg&quot;[39m
            [36m&gt;[39m
              [36m&lt;path[39m
                [33md[39m=[32m&quot;m8 2 1.88 1.88&quot;[39m
              [36m/&gt;[39m
              [36m&lt;path[39m
                [33md[39m=[32m&quot;M14.12 3.88 16 2&quot;[39m
              [36m/&gt;[39m
              [36m&lt;path[39m
                [33md[39m=[32m&quot;M9 7.13v-1a3.003 3.003 0 1 1 6 0v1&quot;[39m
              [36m/&gt;[39m
              [36m&lt;path[39m
                [33md[39m=[32m&quot;M12 20c-3.3 0-6-2.7-6-6v-3a4 4 0 0 1 4-4h4a4 4 0 0 1 4 4v3c0 3.3-2.7 6-6 6&quot;[39m
              [36m/&gt;[39m
              [36m&lt;path[39m
                [33md[39m=[32m&quot;M12 20v-9&quot;[39m
              [36m/&gt;[39m
              [36m&lt;path[39m
                [33md[39m=[32m&quot;M6.53 9C4.6 8.8 3 7.1 3 5&quot;[39m
              [36m/&gt;[39m
              [36m&lt;path[39m
                [33md[39m=[32m&quot;M6 13H2&quot;[39m
              [36m/&gt;[39m
              [36m&lt;path[39m
                [33md[39m=[32m&quot;M3 21c0-2.1 1.7-3.9 3.8-4&quot;[39m
              [36m/&gt;[39m
              [36m&lt;path[39m
                [33md[39m=[32m&quot;M20.97 5c0 2.1-1.6 3.8-3.5 4&quot;[39m
              [36m/&gt;[39m
              [36m&lt;path[39m
                [33md[39m=[32m&quot;M22 13h-4&quot;[39m
              [36m/&gt;[39m
              [36m&lt;path[39m
                [33md[39m=[32m&quot;M17.2 17c2.1.1 3.8 1.9 3.8 4&quot;[39m
              [36m/&gt;[39m
            [36m&lt;/svg&gt;[39m
            [0mError Details (Development Only)[0m
          [36m&lt;/summary&gt;[39m
          [36m&lt;div[39m
            [33mstyle[39m=[32m&quot;font-family: monospace; color: rgb(75, 85, 99); word-break: break-word;&quot;[39m
          [36m&gt;[39m
            [36m&lt;strong&gt;[39m
              [0mType:[0m
            [36m&lt;/strong&gt;[39m
            [0m [0m
            [0mNETWORK[0m
            [36m&lt;br /&gt;[39m
            [36m&lt;strong&gt;[39m
              [0mCode:[0m
            [36m&lt;/strong&gt;[39m
            [0m [0m
            [0mNETWORK_ERROR[0m
            [36m&lt;br /&gt;[39m
            [36m&lt;strong&gt;[39m
              [0mMessage:[0m
            [36m&lt;/strong&gt;[39m
            [0m [0m
            [0mTest error message[0m
            [36m&lt;br /&gt;[39m
            [36m&lt;strong&gt;[39m
              [0mStack:[0m
            [36m&lt;/strong&gt;[39m
            [36m&lt;pre[39m
              [33mstyle[39m=[32m&quot;white-space: pre-wrap; word-break: break-word; margin: 4px 0px 0px 0px; font-size: 10px;&quot;[39m
            [36m&gt;[39m
              [0mAppError: Test error message
    at ThrowErrorComponent (/home/ilya/projects/SimpleAdminReporter/frontend/src/components/query/__tests__/QueryPreviewErrorBoundary.test.tsx:59:19)
    at Object.react_stack_bottom_frame (/home/ilya/projects/SimpleAdminReporter/frontend/node_modules/react-dom/cjs/react-dom-client.development.js:23863:20)
    at renderWithHooks (/home/ilya/projects/SimpleAdminReporter/frontend/node_modules/react-dom/cjs/react-dom-client.development.js:5529:22)
    at updateFunctionComponent (/home/ilya/projects/SimpleAdminReporter/frontend/node_modules/react-dom/cjs/react-dom-client.development.js:8897:19)
    at beginWork (/home/ilya/projects/SimpleAdminReporter/frontend/node_modules/react-dom/cjs/react-dom-client.development.js:10522:18)
    at runWithFiberInDEV (/home/ilya/projects/SimpleAdminReporter/frontend/node_modules/react-dom/cjs/react-dom-client.development.js:1522:13..." type="TestingLibraryElementError">
TestingLibraryElementError: Unable to find an element with the text: Attempt 1 of 3. This could be because the text is broken up by multiple elements. In this case, you can provide a function for your text matcher to make your matcher more flexible.

Ignored nodes: comments, script, style
&lt;body&gt;
  &lt;div&gt;
    &lt;div
      data-testid=&quot;test-content&quot;
    &gt;
      Test content
    &lt;/div&gt;
  &lt;/div&gt;
  &lt;div&gt;
    &lt;div
      style=&quot;min-height: 400px; background: rgb(245, 245, 245); display: flex; align-items: center; justify-content: center; padding: 32px; border-radius: 8px;&quot;
    &gt;
      &lt;div
        style=&quot;max-width: 600px; width: 100%; text-align: center; background: rgba(255, 255, 255, 0.9); border-radius: 16px; padding: 32px; border: 1px solid rgb(229, 231, 235); box-shadow: 0 4px 6px rgba(0, 0, 0, 0.1);&quot;
      &gt;
        &lt;svg
          aria-hidden=&quot;true&quot;
          class=&quot;lucide lucide-circle-alert&quot;
          fill=&quot;none&quot;
          height=&quot;48&quot;
          stroke=&quot;currentColor&quot;
          stroke-linecap=&quot;round&quot;
          stroke-linejoin=&quot;round&quot;
          stroke-width=&quot;2&quot;
          style=&quot;color: rgb(239, 68, 68); margin-bottom: 16px;&quot;
          viewBox=&quot;0 0 24 24&quot;
          width=&quot;48&quot;
          xmlns=&quot;http://www.w3.org/2000/svg&quot;
        &gt;
          &lt;circle
            cx=&quot;12&quot;
            cy=&quot;12&quot;
            r=&quot;10&quot;
          /&gt;
          &lt;line
            x1=&quot;12&quot;
            x2=&quot;12&quot;
            y1=&quot;8&quot;
            y2=&quot;12&quot;
          /&gt;
          &lt;line
            x1=&quot;12&quot;
            x2=&quot;12.01&quot;
            y1=&quot;16&quot;
            y2=&quot;16&quot;
          /&gt;
        &lt;/svg&gt;
        &lt;h3
          style=&quot;font-size: 20px; font-weight: bold; margin-bottom: 8px; color: rgb(31, 41, 55);&quot;
        &gt;
          Network Connection Issue
        &lt;/h3&gt;
        &lt;p
          style=&quot;font-size: 14px; margin-bottom: 20px; color: rgb(107, 114, 128); line-height: 1.5;&quot;
        &gt;
          Check your internet connection and try again. If the problem persists, contact your network administrator.
        &lt;/p&gt;
        &lt;details
          style=&quot;text-align: left; margin-bottom: 20px; background: rgba(0, 0, 0, 0.05); padding: 12px; border-radius: 6px; font-size: 12px;&quot;
        &gt;
          &lt;summary
            style=&quot;cursor: pointer; margin-bottom: 8px; color: rgb(107, 114, 128); font-size: 12px;&quot;
          &gt;
            &lt;svg
              aria-hidden=&quot;true&quot;
              class=&quot;lucide lucide-bug&quot;
              fill=&quot;none&quot;
              height=&quot;14&quot;
              stroke=&quot;currentColor&quot;
              stroke-linecap=&quot;round&quot;
              stroke-linejoin=&quot;round&quot;
              stroke-width=&quot;2&quot;
              style=&quot;margin-right: 6px; vertical-align: middle;&quot;
              viewBox=&quot;0 0 24 24&quot;
              width=&quot;14&quot;
              xmlns=&quot;http://www.w3.org/2000/svg&quot;
            &gt;
              &lt;path
                d=&quot;m8 2 1.88 1.88&quot;
              /&gt;
              &lt;path
                d=&quot;M14.12 3.88 16 2&quot;
              /&gt;
              &lt;path
                d=&quot;M9 7.13v-1a3.003 3.003 0 1 1 6 0v1&quot;
              /&gt;
              &lt;path
                d=&quot;M12 20c-3.3 0-6-2.7-6-6v-3a4 4 0 0 1 4-4h4a4 4 0 0 1 4 4v3c0 3.3-2.7 6-6 6&quot;
              /&gt;
              &lt;path
                d=&quot;M12 20v-9&quot;
              /&gt;
              &lt;path
                d=&quot;M6.53 9C4.6 8.8 3 7.1 3 5&quot;
              /&gt;
              &lt;path
                d=&quot;M6 13H2&quot;
              /&gt;
              &lt;path
                d=&quot;M3 21c0-2.1 1.7-3.9 3.8-4&quot;
              /&gt;
              &lt;path
                d=&quot;M20.97 5c0 2.1-1.6 3.8-3.5 4&quot;
              /&gt;
              &lt;path
                d=&quot;M22 13h-4&quot;
              /&gt;
              &lt;path
                d=&quot;M17.2 17c2.1.1 3.8 1.9 3.8 4&quot;
              /&gt;
            &lt;/svg&gt;
            Error Details (Development Only)
          &lt;/summary&gt;
          &lt;div
            style=&quot;font-family: monospace; color: rgb(75, 85, 99); word-break: break-word;&quot;
          &gt;
            &lt;strong&gt;
              Type:
            &lt;/strong&gt;
             
            NETWORK
            &lt;br /&gt;
            &lt;strong&gt;
              Code:
            &lt;/strong&gt;
             
            NETWORK_ERROR
            &lt;br /&gt;
            &lt;strong&gt;
              Message:
            &lt;/strong&gt;
             
            Test error message
            &lt;br /&gt;
            &lt;strong&gt;
              Stack:
            &lt;/strong&gt;
            &lt;pre
              style=&quot;white-space: pre-wrap; word-break: break-word; margin: 4px 0px 0px 0px; font-size: 10px;&quot;
            &gt;
              AppError: Test error message
    at ThrowErrorComponent (/home/ilya/projects/SimpleAdminReporter/frontend/src/components/query/__tests__/QueryPreviewErrorBoundary.test.tsx:59:19)
    at Object.react_stack_bottom_frame (/home/ilya/projects/SimpleAdminReporter/frontend/node_modules/react-dom/cjs/react-dom-client.development.js:23863:20)
    at renderWithHooks (/home/ilya/projects/SimpleAdminReporter/frontend/node_modules/react-dom/cjs/react-dom-client.development.js:5529:22)
    at updateFunctionComponent (/home/ilya/projects/SimpleAdminReporter/frontend/node_modules/react-dom/cjs/react-dom-client.development.js:8897:19)
    at beginWork (/home/ilya/projects/SimpleAdminReporter/frontend/node_modules/react-dom/cjs/react-dom-client.development.js:10522:18)
    at runWithFiberInDEV (/home/ilya/projects/SimpleAdminReporter/frontend/node_modules/react-dom/cjs/react-dom-client.development.js:1522:13...
 ❯ ThrowErrorComponent src/components/query/__tests__/QueryPreviewErrorBoundary.test.tsx:59:19
 ❯ Object.react_stack_bottom_frame node_modules/react-dom/cjs/react-dom-client.development.js:23863:20
 ❯ renderWithHooks node_modules/react-dom/cjs/react-dom-client.development.js:5529:22
 ❯ updateFunctionComponent node_modules/react-dom/cjs/react-dom-client.development.js:8897:19
 ❯ beginWork node_modules/react-dom/cjs/react-dom-client.development.js:10522:18
 ❯ Object.getElementError node_modules/@testing-library/dom/dist/config.js:37:19
 ❯ node_modules/@testing-library/dom/dist/query-helpers.js:76:38
 ❯ node_modules/@testing-library/dom/dist/query-helpers.js:52:17
 ❯ node_modules/@testing-library/dom/dist/query-helpers.js:95:19
 ❯ src/components/query/__tests__/QueryPreviewErrorBoundary.test.tsx:337:21
            </failure>
            <failure message="Cannot delete property &apos;gtag&apos; of #&lt;Object&gt;" type="TypeError">
TypeError: Cannot delete property &apos;gtag&apos; of #&lt;Object&gt;
 ❯ src/components/query/__tests__/QueryPreviewErrorBoundary.test.tsx:49:3
            </failure>
        </testcase>
        <testcase classname="src/components/query/__tests__/QueryPreviewErrorBoundary.test.tsx" name="QueryPreviewErrorBoundary &gt; Retry Logic and Exponential Backoff &gt; prevents retry when max attempts reached" time="0.222134423">
            <failure message="Found multiple elements with the text: Try Again

Here are the matching elements:

Ignored nodes: comments, script, style
[36m&lt;span&gt;[39m
  [0mTry Again[0m
[36m&lt;/span&gt;[39m

Ignored nodes: comments, script, style
[36m&lt;span&gt;[39m
  [0mTry Again[0m
[36m&lt;/span&gt;[39m

Ignored nodes: comments, script, style
[36m&lt;span&gt;[39m
  [0mTry Again[0m
[36m&lt;/span&gt;[39m

Ignored nodes: comments, script, style
[36m&lt;span&gt;[39m
  [0mTry Again[0m
[36m&lt;/span&gt;[39m

Ignored nodes: comments, script, style
[36m&lt;span&gt;[39m
  [0mTry Again[0m
[36m&lt;/span&gt;[39m

Ignored nodes: comments, script, style
[36m&lt;span&gt;[39m
  [0mTry Again[0m
[36m&lt;/span&gt;[39m

Ignored nodes: comments, script, style
[36m&lt;span&gt;[39m
  [0mTry Again[0m
[36m&lt;/span&gt;[39m

Ignored nodes: comments, script, style
[36m&lt;span&gt;[39m
  [0mTry Again[0m
[36m&lt;/span&gt;[39m

Ignored nodes: comments, script, style
[36m&lt;span&gt;[39m
  [0mTry Again[0m
[36m&lt;/span&gt;[39m

Ignored nodes: comments, script, style
[36m&lt;span&gt;[39m
  [0mTry Again[0m
[36m&lt;/span&gt;[39m

Ignored nodes: comments, script, style
[36m&lt;span&gt;[39m
  [0mTry Again[0m
[36m&lt;/span&gt;[39m

Ignored nodes: comments, script, style
[36m&lt;span&gt;[39m
  [0mTry Again[0m
[36m&lt;/span&gt;[39m

Ignored nodes: comments, script, style
[36m&lt;span&gt;[39m
  [0mTry Again[0m
[36m&lt;/span&gt;[39m

Ignored nodes: comments, script, style
[36m&lt;span&gt;[39m
  [0mTry Again[0m
[36m&lt;/span&gt;[39m

(If this is intentional, then use the `*AllBy*` variant of the query (like `queryAllByText`, `getAllByText`, or `findAllByText`)).

Ignored nodes: comments, script, style
[36m&lt;body&gt;[39m
  [36m&lt;div&gt;[39m
    [36m&lt;div[39m
      [33mdata-testid[39m=[32m&quot;test-content&quot;[39m
    [36m&gt;[39m
      [0mTest content[0m
    [36m&lt;/div&gt;[39m
  [36m&lt;/div&gt;[39m
  [36m&lt;div&gt;[39m
    [36m&lt;div[39m
      [33mstyle[39m=[32m&quot;min-height: 400px; background: rgb(245, 245, 245); display: flex; align-items: center; justify-content: center; padding: 32px; border-radius: 8px;&quot;[39m
    [36m&gt;[39m
      [36m&lt;div[39m
        [33mstyle[39m=[32m&quot;max-width: 600px; width: 100%; text-align: center; background: rgba(255, 255, 255, 0.9); border-radius: 16px; padding: 32px; border: 1px solid rgb(229, 231, 235); box-shadow: 0 4px 6px rgba(0, 0, 0, 0.1);&quot;[39m
      [36m&gt;[39m
        [36m&lt;svg[39m
          [33maria-hidden[39m=[32m&quot;true&quot;[39m
          [33mclass[39m=[32m&quot;lucide lucide-circle-alert&quot;[39m
          [33mfill[39m=[32m&quot;none&quot;[39m
          [33mheight[39m=[32m&quot;48&quot;[39m
          [33mstroke[39m=[32m&quot;currentColor&quot;[39m
          [33mstroke-linecap[39m=[32m&quot;round&quot;[39m
          [33mstroke-linejoin[39m=[32m&quot;round&quot;[39m
          [33mstroke-width[39m=[32m&quot;2&quot;[39m
          [33mstyle[39m=[32m&quot;color: rgb(239, 68, 68); margin-bottom: 16px;&quot;[39m
          [33mviewBox[39m=[32m&quot;0 0 24 24&quot;[39m
          [33mwidth[39m=[32m&quot;48&quot;[39m
          [33mxmlns[39m=[32m&quot;http://www.w3.org/2000/svg&quot;[39m
        [36m&gt;[39m
          [36m&lt;circle[39m
            [33mcx[39m=[32m&quot;12&quot;[39m
            [33mcy[39m=[32m&quot;12&quot;[39m
            [33mr[39m=[32m&quot;10&quot;[39m
          [36m/&gt;[39m
          [36m&lt;line[39m
            [33mx1[39m=[32m&quot;12&quot;[39m
            [33mx2[39m=[32m&quot;12&quot;[39m
            [33my1[39m=[32m&quot;8&quot;[39m
            [33my2[39m=[32m&quot;12&quot;[39m
          [36m/&gt;[39m
          [36m&lt;line[39m
            [33mx1[39m=[32m&quot;12&quot;[39m
            [33mx2[39m=[32m&quot;12.01&quot;[39m
            [33my1[39m=[32m&quot;16&quot;[39m
            [33my2[39m=[32m&quot;16&quot;[39m
          [36m/&gt;[39m
        [36m&lt;/svg&gt;[39m
        [36m&lt;h3[39m
          [33mstyle[39m=[32m&quot;font-size: 20px; font-weight: bold; margin-bottom: 8px; color: rgb(31, 41, 55);&quot;[39m
        [36m&gt;[39m
          [0mNetwork Connection Issue[0m
        [36m&lt;/h3&gt;[39m
        [36m&lt;p[39m
          [33mstyle[39m=[32m&quot;font-size: 14px; margin-bottom: 20px; color: rgb(107, 114, 128); line-height: 1.5;&quot;[39m
        [36m&gt;[39m
          [0mCheck your internet connection and try again. If the problem persists, contact your network administrator.[0m
        [36m&lt;/p&gt;[39m
        [36m&lt;details[39m
          [33mstyle[39m=[32m&quot;text-align: left; margin-bottom: 20px; background: rgba(0, 0, 0, 0.05); padding: 12px; border-radius: 6px; font-size: 12px;&quot;[39m
        [36m&gt;[39m
          [36m&lt;summary[39m
            [33mstyle[39m=[32m&quot;cursor: pointer; margin-bottom: 8px; color: rgb(107, 114, 128); font-size: 12px;&quot;[39m
          [36m&gt;[39m
            [36m&lt;svg[39m
              [33maria-hidden[39m=[32m&quot;true&quot;[39m
              [33mclass[39m=[32m&quot;lucide lucide-bug&quot;[39m
              [33mfill[39m=[32m&quot;none&quot;[39m
              [33mheight[39m=[32m&quot;14&quot;[39m
              [33mstroke[39m=[32m&quot;currentColor&quot;[39m
              [33mstroke-linecap[39m=[32m&quot;round&quot;[39m
              [33mstroke-linejoin[39m=[32m&quot;round&quot;[39m
              [33mstroke-width[39m=[32m&quot;2&quot;[39m
              [33mstyle[39m=[32m&quot;margin-right: 6px; vertical-align: middle;&quot;[39m
              [33mviewBox[39m=[32m&quot;0 0 24 24&quot;[39m
              [33mwidth[39m=[32m&quot;14&quot;[39m
              [33mxmlns[39m=[32m&quot;http://www.w3.org/2000/svg&quot;[39m
            [36m&gt;[39m
              [36m&lt;path[39m
                [33md[39m=[32m&quot;m8 2 1.88 1.88&quot;[39m
              [36m/&gt;[39m
              [36m&lt;path[39m
                [33md[39m=[32m&quot;M14.12 3.88 16 2&quot;[39m
              [36m/&gt;[39m
              [36m&lt;path[39m
                [33md[39m=[32m&quot;M9 7.13v-1a3.003 3.003 0 1 1 6 0v1&quot;[39m
              [36m/&gt;[39m
              [36m&lt;path[39m
                [33md[39m=[32m&quot;M12 20c-3.3 0-6-2.7-6-6v-3a4 4 0 0 1 4-4h4a4 4 0 0 1 4 4v3c0 3.3-2.7 6-6 6&quot;[39m
              [36m/&gt;[39m
              [36m&lt;path[39m
                [33md[39m=[32m&quot;M12 20v-9&quot;[39m
              [36m/&gt;[39m
              [36m&lt;path[39m
                [33md[39m=[32m&quot;M6.53 9C4.6 8.8 3 7.1 3 5&quot;[39m
              [36m/&gt;[39m
              [36m&lt;path[39m
                [33md[39m=[32m&quot;M6 13H2&quot;[39m
              [36m/&gt;[39m
              [36m&lt;path[39m
                [33md[39m=[32m&quot;M3 21c0-2.1 1.7-3.9 3.8-4&quot;[39m
              [36m/&gt;[39m
              [36m&lt;path[39m
                [33md[39m=[32m&quot;M20.97 5c0 2.1-1.6 3.8-3.5 4&quot;[39m
              [36m/&gt;[39m
              [36m&lt;path[39m
                [33md[39m=[32m&quot;M22 13h-4&quot;[39m
              [36m/&gt;[39m
              [36m&lt;path[39m
                [33md[39m=[32m&quot;M17.2 17c2.1.1 3.8 1.9 3.8 4&quot;[39m
              [36m/&gt;[39m
            [36m&lt;/svg&gt;[39m
            [0mError Details (Development Only)[0m
          [36m&lt;/summary&gt;[39m
          [36m&lt;div[39m
            [33mstyle[39m=[32m&quot;font-family: monospace; color: rgb(75, 85, 99); word-break: break-word;&quot;[39m
          [36m&gt;[39m
            [36m&lt;strong&gt;[39m
              [0mType:[0m
            [36m&lt;/strong&gt;[39m
            [0m [0m
            [0mNETWORK[0m
            [36m&lt;br /&gt;[39m
            [36m&lt;strong&gt;[39m
              [0mCode:[0m
            [36m&lt;/strong&gt;[39m
            [0m [0m
            [0mNETWORK_ERROR[0m
            [36m&lt;br /&gt;[39m
            [36m&lt;strong&gt;[39m
              [0mMessage:[0m
            [36m&lt;/strong&gt;[39m
            [0m [0m
            [0mTest error message[0m
            [36m&lt;br /&gt;[39m
            [36m&lt;strong&gt;[39m
              [0mStack:[0m
            [36m&lt;/strong&gt;[39m
            [36m&lt;pre[39m
              [33mstyle[39m=[32m&quot;white-space: pre-wrap; word-break: break-word; margin: 4px 0px 0px 0px; font-size: 10px;&quot;[39m
            [36m&gt;[39m
              [0mAppError: Test error message
    at ThrowErrorComponent (/home/ilya/projects/SimpleAdminReporter/frontend/src/components/query/__tests__/QueryPreviewErrorBoundary.test.tsx:59:19)
    at Object.react_stack_bottom_frame (/home/ilya/projects/SimpleAdminReporter/frontend/node_modules/react-dom/cjs/react-dom-client.development.js:23863:20)
    at renderWithHooks (/home/ilya/projects/SimpleAdminReporter/frontend/node_modules/react-dom/cjs/react-dom-client.development.js:5529:22)
    at updateFunctionComponent (/home/ilya/projects/SimpleAdminReporter/frontend/node_modules/react-dom/cjs/react-dom-client.development.js:8897:19)
    at beginWork (/home/ilya/projects/SimpleAdminReporter/frontend/node_modules/react-dom/cjs/react-dom-client.development.js:10522:18)
    at runWithFiberInDEV (/home/ilya/projects/SimpleAdminReporter/frontend/node_modules/react-dom/cjs/react-dom-client.development.js:1522:13..." type="TestingLibraryElementError">
TestingLibraryElementError: Found multiple elements with the text: Try Again

Here are the matching elements:

Ignored nodes: comments, script, style
&lt;span&gt;
  Try Again
&lt;/span&gt;

Ignored nodes: comments, script, style
&lt;span&gt;
  Try Again
&lt;/span&gt;

Ignored nodes: comments, script, style
&lt;span&gt;
  Try Again
&lt;/span&gt;

Ignored nodes: comments, script, style
&lt;span&gt;
  Try Again
&lt;/span&gt;

Ignored nodes: comments, script, style
&lt;span&gt;
  Try Again
&lt;/span&gt;

Ignored nodes: comments, script, style
&lt;span&gt;
  Try Again
&lt;/span&gt;

Ignored nodes: comments, script, style
&lt;span&gt;
  Try Again
&lt;/span&gt;

Ignored nodes: comments, script, style
&lt;span&gt;
  Try Again
&lt;/span&gt;

Ignored nodes: comments, script, style
&lt;span&gt;
  Try Again
&lt;/span&gt;

Ignored nodes: comments, script, style
&lt;span&gt;
  Try Again
&lt;/span&gt;

Ignored nodes: comments, script, style
&lt;span&gt;
  Try Again
&lt;/span&gt;

Ignored nodes: comments, script, style
&lt;span&gt;
  Try Again
&lt;/span&gt;

Ignored nodes: comments, script, style
&lt;span&gt;
  Try Again
&lt;/span&gt;

Ignored nodes: comments, script, style
&lt;span&gt;
  Try Again
&lt;/span&gt;

(If this is intentional, then use the `*AllBy*` variant of the query (like `queryAllByText`, `getAllByText`, or `findAllByText`)).

Ignored nodes: comments, script, style
&lt;body&gt;
  &lt;div&gt;
    &lt;div
      data-testid=&quot;test-content&quot;
    &gt;
      Test content
    &lt;/div&gt;
  &lt;/div&gt;
  &lt;div&gt;
    &lt;div
      style=&quot;min-height: 400px; background: rgb(245, 245, 245); display: flex; align-items: center; justify-content: center; padding: 32px; border-radius: 8px;&quot;
    &gt;
      &lt;div
        style=&quot;max-width: 600px; width: 100%; text-align: center; background: rgba(255, 255, 255, 0.9); border-radius: 16px; padding: 32px; border: 1px solid rgb(229, 231, 235); box-shadow: 0 4px 6px rgba(0, 0, 0, 0.1);&quot;
      &gt;
        &lt;svg
          aria-hidden=&quot;true&quot;
          class=&quot;lucide lucide-circle-alert&quot;
          fill=&quot;none&quot;
          height=&quot;48&quot;
          stroke=&quot;currentColor&quot;
          stroke-linecap=&quot;round&quot;
          stroke-linejoin=&quot;round&quot;
          stroke-width=&quot;2&quot;
          style=&quot;color: rgb(239, 68, 68); margin-bottom: 16px;&quot;
          viewBox=&quot;0 0 24 24&quot;
          width=&quot;48&quot;
          xmlns=&quot;http://www.w3.org/2000/svg&quot;
        &gt;
          &lt;circle
            cx=&quot;12&quot;
            cy=&quot;12&quot;
            r=&quot;10&quot;
          /&gt;
          &lt;line
            x1=&quot;12&quot;
            x2=&quot;12&quot;
            y1=&quot;8&quot;
            y2=&quot;12&quot;
          /&gt;
          &lt;line
            x1=&quot;12&quot;
            x2=&quot;12.01&quot;
            y1=&quot;16&quot;
            y2=&quot;16&quot;
          /&gt;
        &lt;/svg&gt;
        &lt;h3
          style=&quot;font-size: 20px; font-weight: bold; margin-bottom: 8px; color: rgb(31, 41, 55);&quot;
        &gt;
          Network Connection Issue
        &lt;/h3&gt;
        &lt;p
          style=&quot;font-size: 14px; margin-bottom: 20px; color: rgb(107, 114, 128); line-height: 1.5;&quot;
        &gt;
          Check your internet connection and try again. If the problem persists, contact your network administrator.
        &lt;/p&gt;
        &lt;details
          style=&quot;text-align: left; margin-bottom: 20px; background: rgba(0, 0, 0, 0.05); padding: 12px; border-radius: 6px; font-size: 12px;&quot;
        &gt;
          &lt;summary
            style=&quot;cursor: pointer; margin-bottom: 8px; color: rgb(107, 114, 128); font-size: 12px;&quot;
          &gt;
            &lt;svg
              aria-hidden=&quot;true&quot;
              class=&quot;lucide lucide-bug&quot;
              fill=&quot;none&quot;
              height=&quot;14&quot;
              stroke=&quot;currentColor&quot;
              stroke-linecap=&quot;round&quot;
              stroke-linejoin=&quot;round&quot;
              stroke-width=&quot;2&quot;
              style=&quot;margin-right: 6px; vertical-align: middle;&quot;
              viewBox=&quot;0 0 24 24&quot;
              width=&quot;14&quot;
              xmlns=&quot;http://www.w3.org/2000/svg&quot;
            &gt;
              &lt;path
                d=&quot;m8 2 1.88 1.88&quot;
              /&gt;
              &lt;path
                d=&quot;M14.12 3.88 16 2&quot;
              /&gt;
              &lt;path
                d=&quot;M9 7.13v-1a3.003 3.003 0 1 1 6 0v1&quot;
              /&gt;
              &lt;path
                d=&quot;M12 20c-3.3 0-6-2.7-6-6v-3a4 4 0 0 1 4-4h4a4 4 0 0 1 4 4v3c0 3.3-2.7 6-6 6&quot;
              /&gt;
              &lt;path
                d=&quot;M12 20v-9&quot;
              /&gt;
              &lt;path
                d=&quot;M6.53 9C4.6 8.8 3 7.1 3 5&quot;
              /&gt;
              &lt;path
                d=&quot;M6 13H2&quot;
              /&gt;
              &lt;path
                d=&quot;M3 21c0-2.1 1.7-3.9 3.8-4&quot;
              /&gt;
              &lt;path
                d=&quot;M20.97 5c0 2.1-1.6 3.8-3.5 4&quot;
              /&gt;
              &lt;path
                d=&quot;M22 13h-4&quot;
              /&gt;
              &lt;path
                d=&quot;M17.2 17c2.1.1 3.8 1.9 3.8 4&quot;
              /&gt;
            &lt;/svg&gt;
            Error Details (Development Only)
          &lt;/summary&gt;
          &lt;div
            style=&quot;font-family: monospace; color: rgb(75, 85, 99); word-break: break-word;&quot;
          &gt;
            &lt;strong&gt;
              Type:
            &lt;/strong&gt;
             
            NETWORK
            &lt;br /&gt;
            &lt;strong&gt;
              Code:
            &lt;/strong&gt;
             
            NETWORK_ERROR
            &lt;br /&gt;
            &lt;strong&gt;
              Message:
            &lt;/strong&gt;
             
            Test error message
            &lt;br /&gt;
            &lt;strong&gt;
              Stack:
            &lt;/strong&gt;
            &lt;pre
              style=&quot;white-space: pre-wrap; word-break: break-word; margin: 4px 0px 0px 0px; font-size: 10px;&quot;
            &gt;
              AppError: Test error message
    at ThrowErrorComponent (/home/ilya/projects/SimpleAdminReporter/frontend/src/components/query/__tests__/QueryPreviewErrorBoundary.test.tsx:59:19)
    at Object.react_stack_bottom_frame (/home/ilya/projects/SimpleAdminReporter/frontend/node_modules/react-dom/cjs/react-dom-client.development.js:23863:20)
    at renderWithHooks (/home/ilya/projects/SimpleAdminReporter/frontend/node_modules/react-dom/cjs/react-dom-client.development.js:5529:22)
    at updateFunctionComponent (/home/ilya/projects/SimpleAdminReporter/frontend/node_modules/react-dom/cjs/react-dom-client.development.js:8897:19)
    at beginWork (/home/ilya/projects/SimpleAdminReporter/frontend/node_modules/react-dom/cjs/react-dom-client.development.js:10522:18)
    at runWithFiberInDEV (/home/ilya/projects/SimpleAdminReporter/frontend/node_modules/react-dom/cjs/react-dom-client.development.js:1522:13...
 ❯ ThrowErrorComponent src/components/query/__tests__/QueryPreviewErrorBoundary.test.tsx:59:19
 ❯ Object.react_stack_bottom_frame node_modules/react-dom/cjs/react-dom-client.development.js:23863:20
 ❯ renderWithHooks node_modules/react-dom/cjs/react-dom-client.development.js:5529:22
 ❯ updateFunctionComponent node_modules/react-dom/cjs/react-dom-client.development.js:8897:19
 ❯ beginWork node_modules/react-dom/cjs/react-dom-client.development.js:10522:18
 ❯ Object.getElementError node_modules/@testing-library/dom/dist/config.js:37:19
 ❯ getElementError node_modules/@testing-library/dom/dist/query-helpers.js:20:35
 ❯ getMultipleElementsFoundError node_modules/@testing-library/dom/dist/query-helpers.js:23:10
 ❯ node_modules/@testing-library/dom/dist/query-helpers.js:55:13
 ❯ node_modules/@testing-library/dom/dist/query-helpers.js:95:19
 ❯ src/components/query/__tests__/QueryPreviewErrorBoundary.test.tsx:352:31
            </failure>
            <failure message="Cannot delete property &apos;gtag&apos; of #&lt;Object&gt;" type="TypeError">
TypeError: Cannot delete property &apos;gtag&apos; of #&lt;Object&gt;
 ❯ src/components/query/__tests__/QueryPreviewErrorBoundary.test.tsx:49:3
            </failure>
        </testcase>
        <testcase classname="src/components/query/__tests__/QueryPreviewErrorBoundary.test.tsx" name="QueryPreviewErrorBoundary &gt; Retry Logic and Exponential Backoff &gt; resets error state on successful retry" time="0.244039956">
            <failure message="Found multiple elements with the text: Try Again

Here are the matching elements:

Ignored nodes: comments, script, style
[36m&lt;span&gt;[39m
  [0mTry Again[0m
[36m&lt;/span&gt;[39m

Ignored nodes: comments, script, style
[36m&lt;span&gt;[39m
  [0mTry Again[0m
[36m&lt;/span&gt;[39m

Ignored nodes: comments, script, style
[36m&lt;span&gt;[39m
  [0mTry Again[0m
[36m&lt;/span&gt;[39m

Ignored nodes: comments, script, style
[36m&lt;span&gt;[39m
  [0mTry Again[0m
[36m&lt;/span&gt;[39m

Ignored nodes: comments, script, style
[36m&lt;span&gt;[39m
  [0mTry Again[0m
[36m&lt;/span&gt;[39m

Ignored nodes: comments, script, style
[36m&lt;span&gt;[39m
  [0mTry Again[0m
[36m&lt;/span&gt;[39m

Ignored nodes: comments, script, style
[36m&lt;span&gt;[39m
  [0mTry Again[0m
[36m&lt;/span&gt;[39m

Ignored nodes: comments, script, style
[36m&lt;span&gt;[39m
  [0mTry Again[0m
[36m&lt;/span&gt;[39m

Ignored nodes: comments, script, style
[36m&lt;span&gt;[39m
  [0mTry Again[0m
[36m&lt;/span&gt;[39m

Ignored nodes: comments, script, style
[36m&lt;span&gt;[39m
  [0mTry Again[0m
[36m&lt;/span&gt;[39m

Ignored nodes: comments, script, style
[36m&lt;span&gt;[39m
  [0mTry Again[0m
[36m&lt;/span&gt;[39m

Ignored nodes: comments, script, style
[36m&lt;span&gt;[39m
  [0mTry Again[0m
[36m&lt;/span&gt;[39m

Ignored nodes: comments, script, style
[36m&lt;span&gt;[39m
  [0mTry Again[0m
[36m&lt;/span&gt;[39m

Ignored nodes: comments, script, style
[36m&lt;span&gt;[39m
  [0mTry Again[0m
[36m&lt;/span&gt;[39m

Ignored nodes: comments, script, style
[36m&lt;span&gt;[39m
  [0mTry Again[0m
[36m&lt;/span&gt;[39m

(If this is intentional, then use the `*AllBy*` variant of the query (like `queryAllByText`, `getAllByText`, or `findAllByText`)).

Ignored nodes: comments, script, style
[36m&lt;body&gt;[39m
  [36m&lt;div&gt;[39m
    [36m&lt;div[39m
      [33mdata-testid[39m=[32m&quot;test-content&quot;[39m
    [36m&gt;[39m
      [0mTest content[0m
    [36m&lt;/div&gt;[39m
  [36m&lt;/div&gt;[39m
  [36m&lt;div&gt;[39m
    [36m&lt;div[39m
      [33mstyle[39m=[32m&quot;min-height: 400px; background: rgb(245, 245, 245); display: flex; align-items: center; justify-content: center; padding: 32px; border-radius: 8px;&quot;[39m
    [36m&gt;[39m
      [36m&lt;div[39m
        [33mstyle[39m=[32m&quot;max-width: 600px; width: 100%; text-align: center; background: rgba(255, 255, 255, 0.9); border-radius: 16px; padding: 32px; border: 1px solid rgb(229, 231, 235); box-shadow: 0 4px 6px rgba(0, 0, 0, 0.1);&quot;[39m
      [36m&gt;[39m
        [36m&lt;svg[39m
          [33maria-hidden[39m=[32m&quot;true&quot;[39m
          [33mclass[39m=[32m&quot;lucide lucide-circle-alert&quot;[39m
          [33mfill[39m=[32m&quot;none&quot;[39m
          [33mheight[39m=[32m&quot;48&quot;[39m
          [33mstroke[39m=[32m&quot;currentColor&quot;[39m
          [33mstroke-linecap[39m=[32m&quot;round&quot;[39m
          [33mstroke-linejoin[39m=[32m&quot;round&quot;[39m
          [33mstroke-width[39m=[32m&quot;2&quot;[39m
          [33mstyle[39m=[32m&quot;color: rgb(239, 68, 68); margin-bottom: 16px;&quot;[39m
          [33mviewBox[39m=[32m&quot;0 0 24 24&quot;[39m
          [33mwidth[39m=[32m&quot;48&quot;[39m
          [33mxmlns[39m=[32m&quot;http://www.w3.org/2000/svg&quot;[39m
        [36m&gt;[39m
          [36m&lt;circle[39m
            [33mcx[39m=[32m&quot;12&quot;[39m
            [33mcy[39m=[32m&quot;12&quot;[39m
            [33mr[39m=[32m&quot;10&quot;[39m
          [36m/&gt;[39m
          [36m&lt;line[39m
            [33mx1[39m=[32m&quot;12&quot;[39m
            [33mx2[39m=[32m&quot;12&quot;[39m
            [33my1[39m=[32m&quot;8&quot;[39m
            [33my2[39m=[32m&quot;12&quot;[39m
          [36m/&gt;[39m
          [36m&lt;line[39m
            [33mx1[39m=[32m&quot;12&quot;[39m
            [33mx2[39m=[32m&quot;12.01&quot;[39m
            [33my1[39m=[32m&quot;16&quot;[39m
            [33my2[39m=[32m&quot;16&quot;[39m
          [36m/&gt;[39m
        [36m&lt;/svg&gt;[39m
        [36m&lt;h3[39m
          [33mstyle[39m=[32m&quot;font-size: 20px; font-weight: bold; margin-bottom: 8px; color: rgb(31, 41, 55);&quot;[39m
        [36m&gt;[39m
          [0mNetwork Connection Issue[0m
        [36m&lt;/h3&gt;[39m
        [36m&lt;p[39m
          [33mstyle[39m=[32m&quot;font-size: 14px; margin-bottom: 20px; color: rgb(107, 114, 128); line-height: 1.5;&quot;[39m
        [36m&gt;[39m
          [0mCheck your internet connection and try again. If the problem persists, contact your network administrator.[0m
        [36m&lt;/p&gt;[39m
        [36m&lt;details[39m
          [33mstyle[39m=[32m&quot;text-align: left; margin-bottom: 20px; background: rgba(0, 0, 0, 0.05); padding: 12px; border-radius: 6px; font-size: 12px;&quot;[39m
        [36m&gt;[39m
          [36m&lt;summary[39m
            [33mstyle[39m=[32m&quot;cursor: pointer; margin-bottom: 8px; color: rgb(107, 114, 128); font-size: 12px;&quot;[39m
          [36m&gt;[39m
            [36m&lt;svg[39m
              [33maria-hidden[39m=[32m&quot;true&quot;[39m
              [33mclass[39m=[32m&quot;lucide lucide-bug&quot;[39m
              [33mfill[39m=[32m&quot;none&quot;[39m
              [33mheight[39m=[32m&quot;14&quot;[39m
              [33mstroke[39m=[32m&quot;currentColor&quot;[39m
              [33mstroke-linecap[39m=[32m&quot;round&quot;[39m
              [33mstroke-linejoin[39m=[32m&quot;round&quot;[39m
              [33mstroke-width[39m=[32m&quot;2&quot;[39m
              [33mstyle[39m=[32m&quot;margin-right: 6px; vertical-align: middle;&quot;[39m
              [33mviewBox[39m=[32m&quot;0 0 24 24&quot;[39m
              [33mwidth[39m=[32m&quot;14&quot;[39m
              [33mxmlns[39m=[32m&quot;http://www.w3.org/2000/svg&quot;[39m
            [36m&gt;[39m
              [36m&lt;path[39m
                [33md[39m=[32m&quot;m8 2 1.88 1.88&quot;[39m
              [36m/&gt;[39m
              [36m&lt;path[39m
                [33md[39m=[32m&quot;M14.12 3.88 16 2&quot;[39m
              [36m/&gt;[39m
              [36m&lt;path[39m
                [33md[39m=[32m&quot;M9 7.13v-1a3.003 3.003 0 1 1 6 0v1&quot;[39m
              [36m/&gt;[39m
              [36m&lt;path[39m
                [33md[39m=[32m&quot;M12 20c-3.3 0-6-2.7-6-6v-3a4 4 0 0 1 4-4h4a4 4 0 0 1 4 4v3c0 3.3-2.7 6-6 6&quot;[39m
              [36m/&gt;[39m
              [36m&lt;path[39m
                [33md[39m=[32m&quot;M12 20v-9&quot;[39m
              [36m/&gt;[39m
              [36m&lt;path[39m
                [33md[39m=[32m&quot;M6.53 9C4.6 8.8 3 7.1 3 5&quot;[39m
              [36m/&gt;[39m
              [36m&lt;path[39m
                [33md[39m=[32m&quot;M6 13H2&quot;[39m
              [36m/&gt;[39m
              [36m&lt;path[39m
                [33md[39m=[32m&quot;M3 21c0-2.1 1.7-3.9 3.8-4&quot;[39m
              [36m/&gt;[39m
              [36m&lt;path[39m
                [33md[39m=[32m&quot;M20.97 5c0 2.1-1.6 3.8-3.5 4&quot;[39m
              [36m/&gt;[39m
              [36m&lt;path[39m
                [33md[39m=[32m&quot;M22 13h-4&quot;[39m
              [36m/&gt;[39m
              [36m&lt;path[39m
                [33md[39m=[32m&quot;M17.2 17c2.1.1 3.8 1.9 3.8 4&quot;[39m
              [36m/&gt;[39m
            [36m&lt;/svg&gt;[39m
            [0mError Details (Development Only)[0m
          [36m&lt;/summary&gt;[39m
          [36m&lt;div[39m
            [33mstyle[39m=[32m&quot;font-family: monospace; color: rgb(75, 85, 99); word-break: break-word;&quot;[39m
          [36m&gt;[39m
            [36m&lt;strong&gt;[39m
              [0mType:[0m
            [36m&lt;/strong&gt;[39m
            [0m [0m
            [0mNETWORK[0m
            [36m&lt;br /&gt;[39m
            [36m&lt;strong&gt;[39m
              [0mCode:[0m
            [36m&lt;/strong&gt;[39m
            [0m [0m
            [0mNETWORK_ERROR[0m
            [36m&lt;br /&gt;[39m
            [36m&lt;strong&gt;[39m
              [0mMessage:[0m
            [36m&lt;/strong&gt;[39m
            [0m [0m
            [0mTest error message[0m
            [36m&lt;br /&gt;[39m
            [36m&lt;strong&gt;[39m
              [0mStack:[0m
            [36m&lt;/strong&gt;[39m
            [36m&lt;pre[39m
              [33mstyle[39m=[32m&quot;white-space: pre-wrap; word-break: break-word; margin: 4px 0px 0px 0px; font-size: 10px;&quot;[39m
            [36m&gt;[39m
              [0mAppError: Test error message
    at ThrowErrorComponent (/home/ilya/projects/SimpleAdminReporter/frontend/src/components/query/__tests__/QueryPreviewErrorBoundary.test.tsx:59:19)
    at Object.react_stack_bottom_frame (/home/ilya/projects/SimpleAdminReporter/frontend/node_modules/react-dom/cjs/react-dom-client.development.js:23863:20)
    at renderWithHooks (/home/ilya/projects/SimpleAdminReporter/frontend/node_modules/react-dom/cjs/react-dom-client.development.js:5529:22)
    at updateFunctionComponent (/home/ilya/projects/SimpleAdminReporter/frontend/node_modules/react-dom/cjs/react-dom-client.development.js:8897:19)
    at beginWork (/home/ilya/projects/SimpleAdminReporter/frontend/node_modules/react-dom/cjs/react-dom-client.development.js:10522:18)
    at runWithFiberInDEV (/home/ilya/projects/SimpleAdminReporter/frontend/node_modules/react-dom/cjs/react-dom-client.development.js:1522:13..." type="TestingLibraryElementError">
TestingLibraryElementError: Found multiple elements with the text: Try Again

Here are the matching elements:

Ignored nodes: comments, script, style
&lt;span&gt;
  Try Again
&lt;/span&gt;

Ignored nodes: comments, script, style
&lt;span&gt;
  Try Again
&lt;/span&gt;

Ignored nodes: comments, script, style
&lt;span&gt;
  Try Again
&lt;/span&gt;

Ignored nodes: comments, script, style
&lt;span&gt;
  Try Again
&lt;/span&gt;

Ignored nodes: comments, script, style
&lt;span&gt;
  Try Again
&lt;/span&gt;

Ignored nodes: comments, script, style
&lt;span&gt;
  Try Again
&lt;/span&gt;

Ignored nodes: comments, script, style
&lt;span&gt;
  Try Again
&lt;/span&gt;

Ignored nodes: comments, script, style
&lt;span&gt;
  Try Again
&lt;/span&gt;

Ignored nodes: comments, script, style
&lt;span&gt;
  Try Again
&lt;/span&gt;

Ignored nodes: comments, script, style
&lt;span&gt;
  Try Again
&lt;/span&gt;

Ignored nodes: comments, script, style
&lt;span&gt;
  Try Again
&lt;/span&gt;

Ignored nodes: comments, script, style
&lt;span&gt;
  Try Again
&lt;/span&gt;

Ignored nodes: comments, script, style
&lt;span&gt;
  Try Again
&lt;/span&gt;

Ignored nodes: comments, script, style
&lt;span&gt;
  Try Again
&lt;/span&gt;

Ignored nodes: comments, script, style
&lt;span&gt;
  Try Again
&lt;/span&gt;

(If this is intentional, then use the `*AllBy*` variant of the query (like `queryAllByText`, `getAllByText`, or `findAllByText`)).

Ignored nodes: comments, script, style
&lt;body&gt;
  &lt;div&gt;
    &lt;div
      data-testid=&quot;test-content&quot;
    &gt;
      Test content
    &lt;/div&gt;
  &lt;/div&gt;
  &lt;div&gt;
    &lt;div
      style=&quot;min-height: 400px; background: rgb(245, 245, 245); display: flex; align-items: center; justify-content: center; padding: 32px; border-radius: 8px;&quot;
    &gt;
      &lt;div
        style=&quot;max-width: 600px; width: 100%; text-align: center; background: rgba(255, 255, 255, 0.9); border-radius: 16px; padding: 32px; border: 1px solid rgb(229, 231, 235); box-shadow: 0 4px 6px rgba(0, 0, 0, 0.1);&quot;
      &gt;
        &lt;svg
          aria-hidden=&quot;true&quot;
          class=&quot;lucide lucide-circle-alert&quot;
          fill=&quot;none&quot;
          height=&quot;48&quot;
          stroke=&quot;currentColor&quot;
          stroke-linecap=&quot;round&quot;
          stroke-linejoin=&quot;round&quot;
          stroke-width=&quot;2&quot;
          style=&quot;color: rgb(239, 68, 68); margin-bottom: 16px;&quot;
          viewBox=&quot;0 0 24 24&quot;
          width=&quot;48&quot;
          xmlns=&quot;http://www.w3.org/2000/svg&quot;
        &gt;
          &lt;circle
            cx=&quot;12&quot;
            cy=&quot;12&quot;
            r=&quot;10&quot;
          /&gt;
          &lt;line
            x1=&quot;12&quot;
            x2=&quot;12&quot;
            y1=&quot;8&quot;
            y2=&quot;12&quot;
          /&gt;
          &lt;line
            x1=&quot;12&quot;
            x2=&quot;12.01&quot;
            y1=&quot;16&quot;
            y2=&quot;16&quot;
          /&gt;
        &lt;/svg&gt;
        &lt;h3
          style=&quot;font-size: 20px; font-weight: bold; margin-bottom: 8px; color: rgb(31, 41, 55);&quot;
        &gt;
          Network Connection Issue
        &lt;/h3&gt;
        &lt;p
          style=&quot;font-size: 14px; margin-bottom: 20px; color: rgb(107, 114, 128); line-height: 1.5;&quot;
        &gt;
          Check your internet connection and try again. If the problem persists, contact your network administrator.
        &lt;/p&gt;
        &lt;details
          style=&quot;text-align: left; margin-bottom: 20px; background: rgba(0, 0, 0, 0.05); padding: 12px; border-radius: 6px; font-size: 12px;&quot;
        &gt;
          &lt;summary
            style=&quot;cursor: pointer; margin-bottom: 8px; color: rgb(107, 114, 128); font-size: 12px;&quot;
          &gt;
            &lt;svg
              aria-hidden=&quot;true&quot;
              class=&quot;lucide lucide-bug&quot;
              fill=&quot;none&quot;
              height=&quot;14&quot;
              stroke=&quot;currentColor&quot;
              stroke-linecap=&quot;round&quot;
              stroke-linejoin=&quot;round&quot;
              stroke-width=&quot;2&quot;
              style=&quot;margin-right: 6px; vertical-align: middle;&quot;
              viewBox=&quot;0 0 24 24&quot;
              width=&quot;14&quot;
              xmlns=&quot;http://www.w3.org/2000/svg&quot;
            &gt;
              &lt;path
                d=&quot;m8 2 1.88 1.88&quot;
              /&gt;
              &lt;path
                d=&quot;M14.12 3.88 16 2&quot;
              /&gt;
              &lt;path
                d=&quot;M9 7.13v-1a3.003 3.003 0 1 1 6 0v1&quot;
              /&gt;
              &lt;path
                d=&quot;M12 20c-3.3 0-6-2.7-6-6v-3a4 4 0 0 1 4-4h4a4 4 0 0 1 4 4v3c0 3.3-2.7 6-6 6&quot;
              /&gt;
              &lt;path
                d=&quot;M12 20v-9&quot;
              /&gt;
              &lt;path
                d=&quot;M6.53 9C4.6 8.8 3 7.1 3 5&quot;
              /&gt;
              &lt;path
                d=&quot;M6 13H2&quot;
              /&gt;
              &lt;path
                d=&quot;M3 21c0-2.1 1.7-3.9 3.8-4&quot;
              /&gt;
              &lt;path
                d=&quot;M20.97 5c0 2.1-1.6 3.8-3.5 4&quot;
              /&gt;
              &lt;path
                d=&quot;M22 13h-4&quot;
              /&gt;
              &lt;path
                d=&quot;M17.2 17c2.1.1 3.8 1.9 3.8 4&quot;
              /&gt;
            &lt;/svg&gt;
            Error Details (Development Only)
          &lt;/summary&gt;
          &lt;div
            style=&quot;font-family: monospace; color: rgb(75, 85, 99); word-break: break-word;&quot;
          &gt;
            &lt;strong&gt;
              Type:
            &lt;/strong&gt;
             
            NETWORK
            &lt;br /&gt;
            &lt;strong&gt;
              Code:
            &lt;/strong&gt;
             
            NETWORK_ERROR
            &lt;br /&gt;
            &lt;strong&gt;
              Message:
            &lt;/strong&gt;
             
            Test error message
            &lt;br /&gt;
            &lt;strong&gt;
              Stack:
            &lt;/strong&gt;
            &lt;pre
              style=&quot;white-space: pre-wrap; word-break: break-word; margin: 4px 0px 0px 0px; font-size: 10px;&quot;
            &gt;
              AppError: Test error message
    at ThrowErrorComponent (/home/ilya/projects/SimpleAdminReporter/frontend/src/components/query/__tests__/QueryPreviewErrorBoundary.test.tsx:59:19)
    at Object.react_stack_bottom_frame (/home/ilya/projects/SimpleAdminReporter/frontend/node_modules/react-dom/cjs/react-dom-client.development.js:23863:20)
    at renderWithHooks (/home/ilya/projects/SimpleAdminReporter/frontend/node_modules/react-dom/cjs/react-dom-client.development.js:5529:22)
    at updateFunctionComponent (/home/ilya/projects/SimpleAdminReporter/frontend/node_modules/react-dom/cjs/react-dom-client.development.js:8897:19)
    at beginWork (/home/ilya/projects/SimpleAdminReporter/frontend/node_modules/react-dom/cjs/react-dom-client.development.js:10522:18)
    at runWithFiberInDEV (/home/ilya/projects/SimpleAdminReporter/frontend/node_modules/react-dom/cjs/react-dom-client.development.js:1522:13...
 ❯ ThrowErrorComponent src/components/query/__tests__/QueryPreviewErrorBoundary.test.tsx:59:19
 ❯ Object.react_stack_bottom_frame node_modules/react-dom/cjs/react-dom-client.development.js:23863:20
 ❯ renderWithHooks node_modules/react-dom/cjs/react-dom-client.development.js:5529:22
 ❯ updateFunctionComponent node_modules/react-dom/cjs/react-dom-client.development.js:8897:19
 ❯ beginWork node_modules/react-dom/cjs/react-dom-client.development.js:10522:18
 ❯ Object.getElementError node_modules/@testing-library/dom/dist/config.js:37:19
 ❯ getElementError node_modules/@testing-library/dom/dist/query-helpers.js:20:35
 ❯ getMultipleElementsFoundError node_modules/@testing-library/dom/dist/query-helpers.js:23:10
 ❯ node_modules/@testing-library/dom/dist/query-helpers.js:55:13
 ❯ node_modules/@testing-library/dom/dist/query-helpers.js:95:19
 ❯ src/components/query/__tests__/QueryPreviewErrorBoundary.test.tsx:373:34
            </failure>
            <failure message="Cannot delete property &apos;gtag&apos; of #&lt;Object&gt;" type="TypeError">
TypeError: Cannot delete property &apos;gtag&apos; of #&lt;Object&gt;
 ❯ src/components/query/__tests__/QueryPreviewErrorBoundary.test.tsx:49:3
            </failure>
        </testcase>
        <testcase classname="src/components/query/__tests__/QueryPreviewErrorBoundary.test.tsx" name="QueryPreviewErrorBoundary &gt; Retry Logic and Exponential Backoff &gt; handles retry failure gracefully" time="0.204999894">
            <failure message="Found multiple elements with the text: Try Again

Here are the matching elements:

Ignored nodes: comments, script, style
[36m&lt;span&gt;[39m
  [0mTry Again[0m
[36m&lt;/span&gt;[39m

Ignored nodes: comments, script, style
[36m&lt;span&gt;[39m
  [0mTry Again[0m
[36m&lt;/span&gt;[39m

Ignored nodes: comments, script, style
[36m&lt;span&gt;[39m
  [0mTry Again[0m
[36m&lt;/span&gt;[39m

Ignored nodes: comments, script, style
[36m&lt;span&gt;[39m
  [0mTry Again[0m
[36m&lt;/span&gt;[39m

Ignored nodes: comments, script, style
[36m&lt;span&gt;[39m
  [0mTry Again[0m
[36m&lt;/span&gt;[39m

Ignored nodes: comments, script, style
[36m&lt;span&gt;[39m
  [0mTry Again[0m
[36m&lt;/span&gt;[39m

Ignored nodes: comments, script, style
[36m&lt;span&gt;[39m
  [0mTry Again[0m
[36m&lt;/span&gt;[39m

Ignored nodes: comments, script, style
[36m&lt;span&gt;[39m
  [0mTry Again[0m
[36m&lt;/span&gt;[39m

Ignored nodes: comments, script, style
[36m&lt;span&gt;[39m
  [0mTry Again[0m
[36m&lt;/span&gt;[39m

Ignored nodes: comments, script, style
[36m&lt;span&gt;[39m
  [0mTry Again[0m
[36m&lt;/span&gt;[39m

Ignored nodes: comments, script, style
[36m&lt;span&gt;[39m
  [0mTry Again[0m
[36m&lt;/span&gt;[39m

Ignored nodes: comments, script, style
[36m&lt;span&gt;[39m
  [0mTry Again[0m
[36m&lt;/span&gt;[39m

Ignored nodes: comments, script, style
[36m&lt;span&gt;[39m
  [0mTry Again[0m
[36m&lt;/span&gt;[39m

Ignored nodes: comments, script, style
[36m&lt;span&gt;[39m
  [0mTry Again[0m
[36m&lt;/span&gt;[39m

Ignored nodes: comments, script, style
[36m&lt;span&gt;[39m
  [0mTry Again[0m
[36m&lt;/span&gt;[39m

Ignored nodes: comments, script, style
[36m&lt;span&gt;[39m
  [0mTry Again[0m
[36m&lt;/span&gt;[39m

(If this is intentional, then use the `*AllBy*` variant of the query (like `queryAllByText`, `getAllByText`, or `findAllByText`)).

Ignored nodes: comments, script, style
[36m&lt;body&gt;[39m
  [36m&lt;div&gt;[39m
    [36m&lt;div[39m
      [33mdata-testid[39m=[32m&quot;test-content&quot;[39m
    [36m&gt;[39m
      [0mTest content[0m
    [36m&lt;/div&gt;[39m
  [36m&lt;/div&gt;[39m
  [36m&lt;div&gt;[39m
    [36m&lt;div[39m
      [33mstyle[39m=[32m&quot;min-height: 400px; background: rgb(245, 245, 245); display: flex; align-items: center; justify-content: center; padding: 32px; border-radius: 8px;&quot;[39m
    [36m&gt;[39m
      [36m&lt;div[39m
        [33mstyle[39m=[32m&quot;max-width: 600px; width: 100%; text-align: center; background: rgba(255, 255, 255, 0.9); border-radius: 16px; padding: 32px; border: 1px solid rgb(229, 231, 235); box-shadow: 0 4px 6px rgba(0, 0, 0, 0.1);&quot;[39m
      [36m&gt;[39m
        [36m&lt;svg[39m
          [33maria-hidden[39m=[32m&quot;true&quot;[39m
          [33mclass[39m=[32m&quot;lucide lucide-circle-alert&quot;[39m
          [33mfill[39m=[32m&quot;none&quot;[39m
          [33mheight[39m=[32m&quot;48&quot;[39m
          [33mstroke[39m=[32m&quot;currentColor&quot;[39m
          [33mstroke-linecap[39m=[32m&quot;round&quot;[39m
          [33mstroke-linejoin[39m=[32m&quot;round&quot;[39m
          [33mstroke-width[39m=[32m&quot;2&quot;[39m
          [33mstyle[39m=[32m&quot;color: rgb(239, 68, 68); margin-bottom: 16px;&quot;[39m
          [33mviewBox[39m=[32m&quot;0 0 24 24&quot;[39m
          [33mwidth[39m=[32m&quot;48&quot;[39m
          [33mxmlns[39m=[32m&quot;http://www.w3.org/2000/svg&quot;[39m
        [36m&gt;[39m
          [36m&lt;circle[39m
            [33mcx[39m=[32m&quot;12&quot;[39m
            [33mcy[39m=[32m&quot;12&quot;[39m
            [33mr[39m=[32m&quot;10&quot;[39m
          [36m/&gt;[39m
          [36m&lt;line[39m
            [33mx1[39m=[32m&quot;12&quot;[39m
            [33mx2[39m=[32m&quot;12&quot;[39m
            [33my1[39m=[32m&quot;8&quot;[39m
            [33my2[39m=[32m&quot;12&quot;[39m
          [36m/&gt;[39m
          [36m&lt;line[39m
            [33mx1[39m=[32m&quot;12&quot;[39m
            [33mx2[39m=[32m&quot;12.01&quot;[39m
            [33my1[39m=[32m&quot;16&quot;[39m
            [33my2[39m=[32m&quot;16&quot;[39m
          [36m/&gt;[39m
        [36m&lt;/svg&gt;[39m
        [36m&lt;h3[39m
          [33mstyle[39m=[32m&quot;font-size: 20px; font-weight: bold; margin-bottom: 8px; color: rgb(31, 41, 55);&quot;[39m
        [36m&gt;[39m
          [0mNetwork Connection Issue[0m
        [36m&lt;/h3&gt;[39m
        [36m&lt;p[39m
          [33mstyle[39m=[32m&quot;font-size: 14px; margin-bottom: 20px; color: rgb(107, 114, 128); line-height: 1.5;&quot;[39m
        [36m&gt;[39m
          [0mCheck your internet connection and try again. If the problem persists, contact your network administrator.[0m
        [36m&lt;/p&gt;[39m
        [36m&lt;details[39m
          [33mstyle[39m=[32m&quot;text-align: left; margin-bottom: 20px; background: rgba(0, 0, 0, 0.05); padding: 12px; border-radius: 6px; font-size: 12px;&quot;[39m
        [36m&gt;[39m
          [36m&lt;summary[39m
            [33mstyle[39m=[32m&quot;cursor: pointer; margin-bottom: 8px; color: rgb(107, 114, 128); font-size: 12px;&quot;[39m
          [36m&gt;[39m
            [36m&lt;svg[39m
              [33maria-hidden[39m=[32m&quot;true&quot;[39m
              [33mclass[39m=[32m&quot;lucide lucide-bug&quot;[39m
              [33mfill[39m=[32m&quot;none&quot;[39m
              [33mheight[39m=[32m&quot;14&quot;[39m
              [33mstroke[39m=[32m&quot;currentColor&quot;[39m
              [33mstroke-linecap[39m=[32m&quot;round&quot;[39m
              [33mstroke-linejoin[39m=[32m&quot;round&quot;[39m
              [33mstroke-width[39m=[32m&quot;2&quot;[39m
              [33mstyle[39m=[32m&quot;margin-right: 6px; vertical-align: middle;&quot;[39m
              [33mviewBox[39m=[32m&quot;0 0 24 24&quot;[39m
              [33mwidth[39m=[32m&quot;14&quot;[39m
              [33mxmlns[39m=[32m&quot;http://www.w3.org/2000/svg&quot;[39m
            [36m&gt;[39m
              [36m&lt;path[39m
                [33md[39m=[32m&quot;m8 2 1.88 1.88&quot;[39m
              [36m/&gt;[39m
              [36m&lt;path[39m
                [33md[39m=[32m&quot;M14.12 3.88 16 2&quot;[39m
              [36m/&gt;[39m
              [36m&lt;path[39m
                [33md[39m=[32m&quot;M9 7.13v-1a3.003 3.003 0 1 1 6 0v1&quot;[39m
              [36m/&gt;[39m
              [36m&lt;path[39m
                [33md[39m=[32m&quot;M12 20c-3.3 0-6-2.7-6-6v-3a4 4 0 0 1 4-4h4a4 4 0 0 1 4 4v3c0 3.3-2.7 6-6 6&quot;[39m
              [36m/&gt;[39m
              [36m&lt;path[39m
                [33md[39m=[32m&quot;M12 20v-9&quot;[39m
              [36m/&gt;[39m
              [36m&lt;path[39m
                [33md[39m=[32m&quot;M6.53 9C4.6 8.8 3 7.1 3 5&quot;[39m
              [36m/&gt;[39m
              [36m&lt;path[39m
                [33md[39m=[32m&quot;M6 13H2&quot;[39m
              [36m/&gt;[39m
              [36m&lt;path[39m
                [33md[39m=[32m&quot;M3 21c0-2.1 1.7-3.9 3.8-4&quot;[39m
              [36m/&gt;[39m
              [36m&lt;path[39m
                [33md[39m=[32m&quot;M20.97 5c0 2.1-1.6 3.8-3.5 4&quot;[39m
              [36m/&gt;[39m
              [36m&lt;path[39m
                [33md[39m=[32m&quot;M22 13h-4&quot;[39m
              [36m/&gt;[39m
              [36m&lt;path[39m
                [33md[39m=[32m&quot;M17.2 17c2.1.1 3.8 1.9 3.8 4&quot;[39m
              [36m/&gt;[39m
            [36m&lt;/svg&gt;[39m
            [0mError Details (Development Only)[0m
          [36m&lt;/summary&gt;[39m
          [36m&lt;div[39m
            [33mstyle[39m=[32m&quot;font-family: monospace; color: rgb(75, 85, 99); word-break: break-word;&quot;[39m
          [36m&gt;[39m
            [36m&lt;strong&gt;[39m
              [0mType:[0m
            [36m&lt;/strong&gt;[39m
            [0m [0m
            [0mNETWORK[0m
            [36m&lt;br /&gt;[39m
            [36m&lt;strong&gt;[39m
              [0mCode:[0m
            [36m&lt;/strong&gt;[39m
            [0m [0m
            [0mNETWORK_ERROR[0m
            [36m&lt;br /&gt;[39m
            [36m&lt;strong&gt;[39m
              [0mMessage:[0m
            [36m&lt;/strong&gt;[39m
            [0m [0m
            [0mTest error message[0m
            [36m&lt;br /&gt;[39m
            [36m&lt;strong&gt;[39m
              [0mStack:[0m
            [36m&lt;/strong&gt;[39m
            [36m&lt;pre[39m
              [33mstyle[39m=[32m&quot;white-space: pre-wrap; word-break: break-word; margin: 4px 0px 0px 0px; font-size: 10px;&quot;[39m
            [36m&gt;[39m
              [0mAppError: Test error message
    at ThrowErrorComponent (/home/ilya/projects/SimpleAdminReporter/frontend/src/components/query/__tests__/QueryPreviewErrorBoundary.test.tsx:59:19)
    at Object.react_stack_bottom_frame (/home/ilya/projects/SimpleAdminReporter/frontend/node_modules/react-dom/cjs/react-dom-client.development.js:23863:20)
    at renderWithHooks (/home/ilya/projects/SimpleAdminReporter/frontend/node_modules/react-dom/cjs/react-dom-client.development.js:5529:22)
    at updateFunctionComponent (/home/ilya/projects/SimpleAdminReporter/frontend/node_modules/react-dom/cjs/react-dom-client.development.js:8897:19)
    at beginWork (/home/ilya/projects/SimpleAdminReporter/frontend/node_modules/react-dom/cjs/react-dom-client.development.js:10522:18)
    at runWithFiberInDEV (/home/ilya/projects/SimpleAdminReporter/frontend/node_modules/react-dom/cjs/react-dom-client.development.js:1522:13..." type="TestingLibraryElementError">
TestingLibraryElementError: Found multiple elements with the text: Try Again

Here are the matching elements:

Ignored nodes: comments, script, style
&lt;span&gt;
  Try Again
&lt;/span&gt;

Ignored nodes: comments, script, style
&lt;span&gt;
  Try Again
&lt;/span&gt;

Ignored nodes: comments, script, style
&lt;span&gt;
  Try Again
&lt;/span&gt;

Ignored nodes: comments, script, style
&lt;span&gt;
  Try Again
&lt;/span&gt;

Ignored nodes: comments, script, style
&lt;span&gt;
  Try Again
&lt;/span&gt;

Ignored nodes: comments, script, style
&lt;span&gt;
  Try Again
&lt;/span&gt;

Ignored nodes: comments, script, style
&lt;span&gt;
  Try Again
&lt;/span&gt;

Ignored nodes: comments, script, style
&lt;span&gt;
  Try Again
&lt;/span&gt;

Ignored nodes: comments, script, style
&lt;span&gt;
  Try Again
&lt;/span&gt;

Ignored nodes: comments, script, style
&lt;span&gt;
  Try Again
&lt;/span&gt;

Ignored nodes: comments, script, style
&lt;span&gt;
  Try Again
&lt;/span&gt;

Ignored nodes: comments, script, style
&lt;span&gt;
  Try Again
&lt;/span&gt;

Ignored nodes: comments, script, style
&lt;span&gt;
  Try Again
&lt;/span&gt;

Ignored nodes: comments, script, style
&lt;span&gt;
  Try Again
&lt;/span&gt;

Ignored nodes: comments, script, style
&lt;span&gt;
  Try Again
&lt;/span&gt;

Ignored nodes: comments, script, style
&lt;span&gt;
  Try Again
&lt;/span&gt;

(If this is intentional, then use the `*AllBy*` variant of the query (like `queryAllByText`, `getAllByText`, or `findAllByText`)).

Ignored nodes: comments, script, style
&lt;body&gt;
  &lt;div&gt;
    &lt;div
      data-testid=&quot;test-content&quot;
    &gt;
      Test content
    &lt;/div&gt;
  &lt;/div&gt;
  &lt;div&gt;
    &lt;div
      style=&quot;min-height: 400px; background: rgb(245, 245, 245); display: flex; align-items: center; justify-content: center; padding: 32px; border-radius: 8px;&quot;
    &gt;
      &lt;div
        style=&quot;max-width: 600px; width: 100%; text-align: center; background: rgba(255, 255, 255, 0.9); border-radius: 16px; padding: 32px; border: 1px solid rgb(229, 231, 235); box-shadow: 0 4px 6px rgba(0, 0, 0, 0.1);&quot;
      &gt;
        &lt;svg
          aria-hidden=&quot;true&quot;
          class=&quot;lucide lucide-circle-alert&quot;
          fill=&quot;none&quot;
          height=&quot;48&quot;
          stroke=&quot;currentColor&quot;
          stroke-linecap=&quot;round&quot;
          stroke-linejoin=&quot;round&quot;
          stroke-width=&quot;2&quot;
          style=&quot;color: rgb(239, 68, 68); margin-bottom: 16px;&quot;
          viewBox=&quot;0 0 24 24&quot;
          width=&quot;48&quot;
          xmlns=&quot;http://www.w3.org/2000/svg&quot;
        &gt;
          &lt;circle
            cx=&quot;12&quot;
            cy=&quot;12&quot;
            r=&quot;10&quot;
          /&gt;
          &lt;line
            x1=&quot;12&quot;
            x2=&quot;12&quot;
            y1=&quot;8&quot;
            y2=&quot;12&quot;
          /&gt;
          &lt;line
            x1=&quot;12&quot;
            x2=&quot;12.01&quot;
            y1=&quot;16&quot;
            y2=&quot;16&quot;
          /&gt;
        &lt;/svg&gt;
        &lt;h3
          style=&quot;font-size: 20px; font-weight: bold; margin-bottom: 8px; color: rgb(31, 41, 55);&quot;
        &gt;
          Network Connection Issue
        &lt;/h3&gt;
        &lt;p
          style=&quot;font-size: 14px; margin-bottom: 20px; color: rgb(107, 114, 128); line-height: 1.5;&quot;
        &gt;
          Check your internet connection and try again. If the problem persists, contact your network administrator.
        &lt;/p&gt;
        &lt;details
          style=&quot;text-align: left; margin-bottom: 20px; background: rgba(0, 0, 0, 0.05); padding: 12px; border-radius: 6px; font-size: 12px;&quot;
        &gt;
          &lt;summary
            style=&quot;cursor: pointer; margin-bottom: 8px; color: rgb(107, 114, 128); font-size: 12px;&quot;
          &gt;
            &lt;svg
              aria-hidden=&quot;true&quot;
              class=&quot;lucide lucide-bug&quot;
              fill=&quot;none&quot;
              height=&quot;14&quot;
              stroke=&quot;currentColor&quot;
              stroke-linecap=&quot;round&quot;
              stroke-linejoin=&quot;round&quot;
              stroke-width=&quot;2&quot;
              style=&quot;margin-right: 6px; vertical-align: middle;&quot;
              viewBox=&quot;0 0 24 24&quot;
              width=&quot;14&quot;
              xmlns=&quot;http://www.w3.org/2000/svg&quot;
            &gt;
              &lt;path
                d=&quot;m8 2 1.88 1.88&quot;
              /&gt;
              &lt;path
                d=&quot;M14.12 3.88 16 2&quot;
              /&gt;
              &lt;path
                d=&quot;M9 7.13v-1a3.003 3.003 0 1 1 6 0v1&quot;
              /&gt;
              &lt;path
                d=&quot;M12 20c-3.3 0-6-2.7-6-6v-3a4 4 0 0 1 4-4h4a4 4 0 0 1 4 4v3c0 3.3-2.7 6-6 6&quot;
              /&gt;
              &lt;path
                d=&quot;M12 20v-9&quot;
              /&gt;
              &lt;path
                d=&quot;M6.53 9C4.6 8.8 3 7.1 3 5&quot;
              /&gt;
              &lt;path
                d=&quot;M6 13H2&quot;
              /&gt;
              &lt;path
                d=&quot;M3 21c0-2.1 1.7-3.9 3.8-4&quot;
              /&gt;
              &lt;path
                d=&quot;M20.97 5c0 2.1-1.6 3.8-3.5 4&quot;
              /&gt;
              &lt;path
                d=&quot;M22 13h-4&quot;
              /&gt;
              &lt;path
                d=&quot;M17.2 17c2.1.1 3.8 1.9 3.8 4&quot;
              /&gt;
            &lt;/svg&gt;
            Error Details (Development Only)
          &lt;/summary&gt;
          &lt;div
            style=&quot;font-family: monospace; color: rgb(75, 85, 99); word-break: break-word;&quot;
          &gt;
            &lt;strong&gt;
              Type:
            &lt;/strong&gt;
             
            NETWORK
            &lt;br /&gt;
            &lt;strong&gt;
              Code:
            &lt;/strong&gt;
             
            NETWORK_ERROR
            &lt;br /&gt;
            &lt;strong&gt;
              Message:
            &lt;/strong&gt;
             
            Test error message
            &lt;br /&gt;
            &lt;strong&gt;
              Stack:
            &lt;/strong&gt;
            &lt;pre
              style=&quot;white-space: pre-wrap; word-break: break-word; margin: 4px 0px 0px 0px; font-size: 10px;&quot;
            &gt;
              AppError: Test error message
    at ThrowErrorComponent (/home/ilya/projects/SimpleAdminReporter/frontend/src/components/query/__tests__/QueryPreviewErrorBoundary.test.tsx:59:19)
    at Object.react_stack_bottom_frame (/home/ilya/projects/SimpleAdminReporter/frontend/node_modules/react-dom/cjs/react-dom-client.development.js:23863:20)
    at renderWithHooks (/home/ilya/projects/SimpleAdminReporter/frontend/node_modules/react-dom/cjs/react-dom-client.development.js:5529:22)
    at updateFunctionComponent (/home/ilya/projects/SimpleAdminReporter/frontend/node_modules/react-dom/cjs/react-dom-client.development.js:8897:19)
    at beginWork (/home/ilya/projects/SimpleAdminReporter/frontend/node_modules/react-dom/cjs/react-dom-client.development.js:10522:18)
    at runWithFiberInDEV (/home/ilya/projects/SimpleAdminReporter/frontend/node_modules/react-dom/cjs/react-dom-client.development.js:1522:13...
 ❯ ThrowErrorComponent src/components/query/__tests__/QueryPreviewErrorBoundary.test.tsx:59:19
 ❯ Object.react_stack_bottom_frame node_modules/react-dom/cjs/react-dom-client.development.js:23863:20
 ❯ renderWithHooks node_modules/react-dom/cjs/react-dom-client.development.js:5529:22
 ❯ updateFunctionComponent node_modules/react-dom/cjs/react-dom-client.development.js:8897:19
 ❯ beginWork node_modules/react-dom/cjs/react-dom-client.development.js:10522:18
 ❯ Object.getElementError node_modules/@testing-library/dom/dist/config.js:37:19
 ❯ getElementError node_modules/@testing-library/dom/dist/query-helpers.js:20:35
 ❯ getMultipleElementsFoundError node_modules/@testing-library/dom/dist/query-helpers.js:23:10
 ❯ node_modules/@testing-library/dom/dist/query-helpers.js:55:13
 ❯ node_modules/@testing-library/dom/dist/query-helpers.js:95:19
 ❯ src/components/query/__tests__/QueryPreviewErrorBoundary.test.tsx:409:34
            </failure>
            <failure message="Cannot delete property &apos;gtag&apos; of #&lt;Object&gt;" type="TypeError">
TypeError: Cannot delete property &apos;gtag&apos; of #&lt;Object&gt;
 ❯ src/components/query/__tests__/QueryPreviewErrorBoundary.test.tsx:49:3
            </failure>
        </testcase>
        <testcase classname="src/components/query/__tests__/QueryPreviewErrorBoundary.test.tsx" name="QueryPreviewErrorBoundary &gt; Recovery Actions and Navigation &gt; shows go back button when onGoBack is provided" time="0.244881721">
            <failure message="Found multiple elements with the text: Go Back

Here are the matching elements:

Ignored nodes: comments, script, style
[36m&lt;span&gt;[39m
  [0mGo Back[0m
[36m&lt;/span&gt;[39m

Ignored nodes: comments, script, style
[36m&lt;span&gt;[39m
  [0mGo Back[0m
[36m&lt;/span&gt;[39m

Ignored nodes: comments, script, style
[36m&lt;span&gt;[39m
  [0mGo Back[0m
[36m&lt;/span&gt;[39m

Ignored nodes: comments, script, style
[36m&lt;span&gt;[39m
  [0mGo Back[0m
[36m&lt;/span&gt;[39m

Ignored nodes: comments, script, style
[36m&lt;span&gt;[39m
  [0mGo Back[0m
[36m&lt;/span&gt;[39m

Ignored nodes: comments, script, style
[36m&lt;span&gt;[39m
  [0mGo Back[0m
[36m&lt;/span&gt;[39m

Ignored nodes: comments, script, style
[36m&lt;span&gt;[39m
  [0mGo Back[0m
[36m&lt;/span&gt;[39m

Ignored nodes: comments, script, style
[36m&lt;span&gt;[39m
  [0mGo Back[0m
[36m&lt;/span&gt;[39m

Ignored nodes: comments, script, style
[36m&lt;span&gt;[39m
  [0mGo Back[0m
[36m&lt;/span&gt;[39m

Ignored nodes: comments, script, style
[36m&lt;span&gt;[39m
  [0mGo Back[0m
[36m&lt;/span&gt;[39m

Ignored nodes: comments, script, style
[36m&lt;span&gt;[39m
  [0mGo Back[0m
[36m&lt;/span&gt;[39m

Ignored nodes: comments, script, style
[36m&lt;span&gt;[39m
  [0mGo Back[0m
[36m&lt;/span&gt;[39m

Ignored nodes: comments, script, style
[36m&lt;span&gt;[39m
  [0mGo Back[0m
[36m&lt;/span&gt;[39m

Ignored nodes: comments, script, style
[36m&lt;span&gt;[39m
  [0mGo Back[0m
[36m&lt;/span&gt;[39m

Ignored nodes: comments, script, style
[36m&lt;span&gt;[39m
  [0mGo Back[0m
[36m&lt;/span&gt;[39m

Ignored nodes: comments, script, style
[36m&lt;span&gt;[39m
  [0mGo Back[0m
[36m&lt;/span&gt;[39m

Ignored nodes: comments, script, style
[36m&lt;span&gt;[39m
  [0mGo Back[0m
[36m&lt;/span&gt;[39m

Ignored nodes: comments, script, style
[36m&lt;span&gt;[39m
  [0mGo Back[0m
[36m&lt;/span&gt;[39m

Ignored nodes: comments, script, style
[36m&lt;span&gt;[39m
  [0mGo Back[0m
[36m&lt;/span&gt;[39m

Ignored nodes: comments, script, style
[36m&lt;span&gt;[39m
  [0mGo Back[0m
[36m&lt;/span&gt;[39m

Ignored nodes: comments, script, style
[36m&lt;span&gt;[39m
  [0mGo Back[0m
[36m&lt;/span&gt;[39m

Ignored nodes: comments, script, style
[36m&lt;span&gt;[39m
  [0mGo Back[0m
[36m&lt;/span&gt;[39m

(If this is intentional, then use the `*AllBy*` variant of the query (like `queryAllByText`, `getAllByText`, or `findAllByText`)).

Ignored nodes: comments, script, style
[36m&lt;body&gt;[39m
  [36m&lt;div&gt;[39m
    [36m&lt;div[39m
      [33mdata-testid[39m=[32m&quot;test-content&quot;[39m
    [36m&gt;[39m
      [0mTest content[0m
    [36m&lt;/div&gt;[39m
  [36m&lt;/div&gt;[39m
  [36m&lt;div&gt;[39m
    [36m&lt;div[39m
      [33mstyle[39m=[32m&quot;min-height: 400px; background: rgb(245, 245, 245); display: flex; align-items: center; justify-content: center; padding: 32px; border-radius: 8px;&quot;[39m
    [36m&gt;[39m
      [36m&lt;div[39m
        [33mstyle[39m=[32m&quot;max-width: 600px; width: 100%; text-align: center; background: rgba(255, 255, 255, 0.9); border-radius: 16px; padding: 32px; border: 1px solid rgb(229, 231, 235); box-shadow: 0 4px 6px rgba(0, 0, 0, 0.1);&quot;[39m
      [36m&gt;[39m
        [36m&lt;svg[39m
          [33maria-hidden[39m=[32m&quot;true&quot;[39m
          [33mclass[39m=[32m&quot;lucide lucide-circle-alert&quot;[39m
          [33mfill[39m=[32m&quot;none&quot;[39m
          [33mheight[39m=[32m&quot;48&quot;[39m
          [33mstroke[39m=[32m&quot;currentColor&quot;[39m
          [33mstroke-linecap[39m=[32m&quot;round&quot;[39m
          [33mstroke-linejoin[39m=[32m&quot;round&quot;[39m
          [33mstroke-width[39m=[32m&quot;2&quot;[39m
          [33mstyle[39m=[32m&quot;color: rgb(239, 68, 68); margin-bottom: 16px;&quot;[39m
          [33mviewBox[39m=[32m&quot;0 0 24 24&quot;[39m
          [33mwidth[39m=[32m&quot;48&quot;[39m
          [33mxmlns[39m=[32m&quot;http://www.w3.org/2000/svg&quot;[39m
        [36m&gt;[39m
          [36m&lt;circle[39m
            [33mcx[39m=[32m&quot;12&quot;[39m
            [33mcy[39m=[32m&quot;12&quot;[39m
            [33mr[39m=[32m&quot;10&quot;[39m
          [36m/&gt;[39m
          [36m&lt;line[39m
            [33mx1[39m=[32m&quot;12&quot;[39m
            [33mx2[39m=[32m&quot;12&quot;[39m
            [33my1[39m=[32m&quot;8&quot;[39m
            [33my2[39m=[32m&quot;12&quot;[39m
          [36m/&gt;[39m
          [36m&lt;line[39m
            [33mx1[39m=[32m&quot;12&quot;[39m
            [33mx2[39m=[32m&quot;12.01&quot;[39m
            [33my1[39m=[32m&quot;16&quot;[39m
            [33my2[39m=[32m&quot;16&quot;[39m
          [36m/&gt;[39m
        [36m&lt;/svg&gt;[39m
        [36m&lt;h3[39m
          [33mstyle[39m=[32m&quot;font-size: 20px; font-weight: bold; margin-bottom: 8px; color: rgb(31, 41, 55);&quot;[39m
        [36m&gt;[39m
          [0mNetwork Connection Issue[0m
        [36m&lt;/h3&gt;[39m
        [36m&lt;p[39m
          [33mstyle[39m=[32m&quot;font-size: 14px; margin-bottom: 20px; color: rgb(107, 114, 128); line-height: 1.5;&quot;[39m
        [36m&gt;[39m
          [0mCheck your internet connection and try again. If the problem persists, contact your network administrator.[0m
        [36m&lt;/p&gt;[39m
        [36m&lt;details[39m
          [33mstyle[39m=[32m&quot;text-align: left; margin-bottom: 20px; background: rgba(0, 0, 0, 0.05); padding: 12px; border-radius: 6px; font-size: 12px;&quot;[39m
        [36m&gt;[39m
          [36m&lt;summary[39m
            [33mstyle[39m=[32m&quot;cursor: pointer; margin-bottom: 8px; color: rgb(107, 114, 128); font-size: 12px;&quot;[39m
          [36m&gt;[39m
            [36m&lt;svg[39m
              [33maria-hidden[39m=[32m&quot;true&quot;[39m
              [33mclass[39m=[32m&quot;lucide lucide-bug&quot;[39m
              [33mfill[39m=[32m&quot;none&quot;[39m
              [33mheight[39m=[32m&quot;14&quot;[39m
              [33mstroke[39m=[32m&quot;currentColor&quot;[39m
              [33mstroke-linecap[39m=[32m&quot;round&quot;[39m
              [33mstroke-linejoin[39m=[32m&quot;round&quot;[39m
              [33mstroke-width[39m=[32m&quot;2&quot;[39m
              [33mstyle[39m=[32m&quot;margin-right: 6px; vertical-align: middle;&quot;[39m
              [33mviewBox[39m=[32m&quot;0 0 24 24&quot;[39m
              [33mwidth[39m=[32m&quot;14&quot;[39m
              [33mxmlns[39m=[32m&quot;http://www.w3.org/2000/svg&quot;[39m
            [36m&gt;[39m
              [36m&lt;path[39m
                [33md[39m=[32m&quot;m8 2 1.88 1.88&quot;[39m
              [36m/&gt;[39m
              [36m&lt;path[39m
                [33md[39m=[32m&quot;M14.12 3.88 16 2&quot;[39m
              [36m/&gt;[39m
              [36m&lt;path[39m
                [33md[39m=[32m&quot;M9 7.13v-1a3.003 3.003 0 1 1 6 0v1&quot;[39m
              [36m/&gt;[39m
              [36m&lt;path[39m
                [33md[39m=[32m&quot;M12 20c-3.3 0-6-2.7-6-6v-3a4 4 0 0 1 4-4h4a4 4 0 0 1 4 4v3c0 3.3-2.7 6-6 6&quot;[39m
              [36m/&gt;[39m
              [36m&lt;path[39m
                [33md[39m=[32m&quot;M12 20v-9&quot;[39m
              [36m/&gt;[39m
              [36m&lt;path[39m
                [33md[39m=[32m&quot;M6.53 9C4.6 8.8 3 7.1 3 5&quot;[39m
              [36m/&gt;[39m
              [36m&lt;path[39m
                [33md[39m=[32m&quot;M6 13H2&quot;[39m
              [36m/&gt;[39m
              [36m&lt;path[39m
                [33md[39m=[32m&quot;M3 21c0-2.1 1.7-3.9 3.8-4&quot;[39m
              [36m/&gt;[39m
              [36m&lt;path[39m
                [33md[39m=[32m&quot;M20.97 5c0 2.1-1.6 3.8-3.5 4&quot;[39m
              [36m/&gt;[39m
              [36m&lt;path[39m
                [33md[39m=[32m&quot;M22 13h-4&quot;[39m
              [36m/&gt;[39m
              [36m&lt;path[39m
                [33md[39m=[32m&quot;M17.2 17c2.1.1 3.8 1.9 3.8 4&quot;[39m
              [36m/&gt;[39m
            [36m&lt;/svg&gt;[39m
            [0mError Details (Development Only)[0m
          [36m&lt;/summary&gt;[39m
          [36m&lt;div[39m
            [33mstyle[39m=[32m&quot;font-family: monospace; color: rgb(75, 85, 99); word-break: break-word;&quot;[39m
          [36m&gt;[39m
            [36m&lt;strong&gt;[39m
              [0mType:[0m
            [36m&lt;/strong&gt;[39m
            [0m [0m
            [0mNETWORK[0m
            [36m&lt;br /&gt;[39m
            [36m&lt;strong&gt;[39m
              [0mCode:[0m
            [36m&lt;/strong&gt;[39m
            [0m [0m
            [0mNETWORK_ERROR[0m
            [36m&lt;br /&gt;[39m
            [36m&lt;strong&gt;[39m
              [0mMessage:[0m
            [36m&lt;/strong&gt;[39m
            [0m [0m
            [0mTest error message[0m
            [36m&lt;br /&gt;[39m
            [36m&lt;strong&gt;[39m
              [0mStack:[0m
            [36m&lt;/strong&gt;[39m
            [36m&lt;pre[39m
              [33mstyle[39m=[32m&quot;white-space: pre-wrap; word-break: break-word; margin: 4px 0px 0px 0px; font-size: 10px;&quot;[39m
            [36m&gt;[39m
              [0mAppError: Test error message
    at ThrowErrorComponent (/home/ilya/projects/SimpleAdminReporter/frontend/src/components/query/__tests__/QueryPreviewErrorBoundary.test.tsx:59:19)
    at Object.react_stack_bottom_frame (/home/ilya/projects/SimpleAdminReporter/frontend/node_modules/react-dom/cjs/react-dom-client.development.js:23863:20)
    at renderWithHooks (/home/ilya/projects/SimpleAdminReporter/frontend/node_modules/react-dom/cjs/react-dom-client.development.js:5529:22)
    at updateFunctionComponent (/home/ilya/projects/SimpleAdminReporter/frontend/node_modules/react-dom/cjs/react-dom-client.development.js:8897:19)
    at beginWork (/home/ilya/projects/SimpleAdminReporter/frontend/node_modules/react-dom/cjs/react-dom-client.development.js:10522:18)
    at runWithFiberInDEV (/home/ilya/projects/SimpleAdminReporter/frontend/node_modules/react-dom/cjs/react-dom-client.development.js:1522:13..." type="TestingLibraryElementError">
TestingLibraryElementError: Found multiple elements with the text: Go Back

Here are the matching elements:

Ignored nodes: comments, script, style
&lt;span&gt;
  Go Back
&lt;/span&gt;

Ignored nodes: comments, script, style
&lt;span&gt;
  Go Back
&lt;/span&gt;

Ignored nodes: comments, script, style
&lt;span&gt;
  Go Back
&lt;/span&gt;

Ignored nodes: comments, script, style
&lt;span&gt;
  Go Back
&lt;/span&gt;

Ignored nodes: comments, script, style
&lt;span&gt;
  Go Back
&lt;/span&gt;

Ignored nodes: comments, script, style
&lt;span&gt;
  Go Back
&lt;/span&gt;

Ignored nodes: comments, script, style
&lt;span&gt;
  Go Back
&lt;/span&gt;

Ignored nodes: comments, script, style
&lt;span&gt;
  Go Back
&lt;/span&gt;

Ignored nodes: comments, script, style
&lt;span&gt;
  Go Back
&lt;/span&gt;

Ignored nodes: comments, script, style
&lt;span&gt;
  Go Back
&lt;/span&gt;

Ignored nodes: comments, script, style
&lt;span&gt;
  Go Back
&lt;/span&gt;

Ignored nodes: comments, script, style
&lt;span&gt;
  Go Back
&lt;/span&gt;

Ignored nodes: comments, script, style
&lt;span&gt;
  Go Back
&lt;/span&gt;

Ignored nodes: comments, script, style
&lt;span&gt;
  Go Back
&lt;/span&gt;

Ignored nodes: comments, script, style
&lt;span&gt;
  Go Back
&lt;/span&gt;

Ignored nodes: comments, script, style
&lt;span&gt;
  Go Back
&lt;/span&gt;

Ignored nodes: comments, script, style
&lt;span&gt;
  Go Back
&lt;/span&gt;

Ignored nodes: comments, script, style
&lt;span&gt;
  Go Back
&lt;/span&gt;

Ignored nodes: comments, script, style
&lt;span&gt;
  Go Back
&lt;/span&gt;

Ignored nodes: comments, script, style
&lt;span&gt;
  Go Back
&lt;/span&gt;

Ignored nodes: comments, script, style
&lt;span&gt;
  Go Back
&lt;/span&gt;

Ignored nodes: comments, script, style
&lt;span&gt;
  Go Back
&lt;/span&gt;

(If this is intentional, then use the `*AllBy*` variant of the query (like `queryAllByText`, `getAllByText`, or `findAllByText`)).

Ignored nodes: comments, script, style
&lt;body&gt;
  &lt;div&gt;
    &lt;div
      data-testid=&quot;test-content&quot;
    &gt;
      Test content
    &lt;/div&gt;
  &lt;/div&gt;
  &lt;div&gt;
    &lt;div
      style=&quot;min-height: 400px; background: rgb(245, 245, 245); display: flex; align-items: center; justify-content: center; padding: 32px; border-radius: 8px;&quot;
    &gt;
      &lt;div
        style=&quot;max-width: 600px; width: 100%; text-align: center; background: rgba(255, 255, 255, 0.9); border-radius: 16px; padding: 32px; border: 1px solid rgb(229, 231, 235); box-shadow: 0 4px 6px rgba(0, 0, 0, 0.1);&quot;
      &gt;
        &lt;svg
          aria-hidden=&quot;true&quot;
          class=&quot;lucide lucide-circle-alert&quot;
          fill=&quot;none&quot;
          height=&quot;48&quot;
          stroke=&quot;currentColor&quot;
          stroke-linecap=&quot;round&quot;
          stroke-linejoin=&quot;round&quot;
          stroke-width=&quot;2&quot;
          style=&quot;color: rgb(239, 68, 68); margin-bottom: 16px;&quot;
          viewBox=&quot;0 0 24 24&quot;
          width=&quot;48&quot;
          xmlns=&quot;http://www.w3.org/2000/svg&quot;
        &gt;
          &lt;circle
            cx=&quot;12&quot;
            cy=&quot;12&quot;
            r=&quot;10&quot;
          /&gt;
          &lt;line
            x1=&quot;12&quot;
            x2=&quot;12&quot;
            y1=&quot;8&quot;
            y2=&quot;12&quot;
          /&gt;
          &lt;line
            x1=&quot;12&quot;
            x2=&quot;12.01&quot;
            y1=&quot;16&quot;
            y2=&quot;16&quot;
          /&gt;
        &lt;/svg&gt;
        &lt;h3
          style=&quot;font-size: 20px; font-weight: bold; margin-bottom: 8px; color: rgb(31, 41, 55);&quot;
        &gt;
          Network Connection Issue
        &lt;/h3&gt;
        &lt;p
          style=&quot;font-size: 14px; margin-bottom: 20px; color: rgb(107, 114, 128); line-height: 1.5;&quot;
        &gt;
          Check your internet connection and try again. If the problem persists, contact your network administrator.
        &lt;/p&gt;
        &lt;details
          style=&quot;text-align: left; margin-bottom: 20px; background: rgba(0, 0, 0, 0.05); padding: 12px; border-radius: 6px; font-size: 12px;&quot;
        &gt;
          &lt;summary
            style=&quot;cursor: pointer; margin-bottom: 8px; color: rgb(107, 114, 128); font-size: 12px;&quot;
          &gt;
            &lt;svg
              aria-hidden=&quot;true&quot;
              class=&quot;lucide lucide-bug&quot;
              fill=&quot;none&quot;
              height=&quot;14&quot;
              stroke=&quot;currentColor&quot;
              stroke-linecap=&quot;round&quot;
              stroke-linejoin=&quot;round&quot;
              stroke-width=&quot;2&quot;
              style=&quot;margin-right: 6px; vertical-align: middle;&quot;
              viewBox=&quot;0 0 24 24&quot;
              width=&quot;14&quot;
              xmlns=&quot;http://www.w3.org/2000/svg&quot;
            &gt;
              &lt;path
                d=&quot;m8 2 1.88 1.88&quot;
              /&gt;
              &lt;path
                d=&quot;M14.12 3.88 16 2&quot;
              /&gt;
              &lt;path
                d=&quot;M9 7.13v-1a3.003 3.003 0 1 1 6 0v1&quot;
              /&gt;
              &lt;path
                d=&quot;M12 20c-3.3 0-6-2.7-6-6v-3a4 4 0 0 1 4-4h4a4 4 0 0 1 4 4v3c0 3.3-2.7 6-6 6&quot;
              /&gt;
              &lt;path
                d=&quot;M12 20v-9&quot;
              /&gt;
              &lt;path
                d=&quot;M6.53 9C4.6 8.8 3 7.1 3 5&quot;
              /&gt;
              &lt;path
                d=&quot;M6 13H2&quot;
              /&gt;
              &lt;path
                d=&quot;M3 21c0-2.1 1.7-3.9 3.8-4&quot;
              /&gt;
              &lt;path
                d=&quot;M20.97 5c0 2.1-1.6 3.8-3.5 4&quot;
              /&gt;
              &lt;path
                d=&quot;M22 13h-4&quot;
              /&gt;
              &lt;path
                d=&quot;M17.2 17c2.1.1 3.8 1.9 3.8 4&quot;
              /&gt;
            &lt;/svg&gt;
            Error Details (Development Only)
          &lt;/summary&gt;
          &lt;div
            style=&quot;font-family: monospace; color: rgb(75, 85, 99); word-break: break-word;&quot;
          &gt;
            &lt;strong&gt;
              Type:
            &lt;/strong&gt;
             
            NETWORK
            &lt;br /&gt;
            &lt;strong&gt;
              Code:
            &lt;/strong&gt;
             
            NETWORK_ERROR
            &lt;br /&gt;
            &lt;strong&gt;
              Message:
            &lt;/strong&gt;
             
            Test error message
            &lt;br /&gt;
            &lt;strong&gt;
              Stack:
            &lt;/strong&gt;
            &lt;pre
              style=&quot;white-space: pre-wrap; word-break: break-word; margin: 4px 0px 0px 0px; font-size: 10px;&quot;
            &gt;
              AppError: Test error message
    at ThrowErrorComponent (/home/ilya/projects/SimpleAdminReporter/frontend/src/components/query/__tests__/QueryPreviewErrorBoundary.test.tsx:59:19)
    at Object.react_stack_bottom_frame (/home/ilya/projects/SimpleAdminReporter/frontend/node_modules/react-dom/cjs/react-dom-client.development.js:23863:20)
    at renderWithHooks (/home/ilya/projects/SimpleAdminReporter/frontend/node_modules/react-dom/cjs/react-dom-client.development.js:5529:22)
    at updateFunctionComponent (/home/ilya/projects/SimpleAdminReporter/frontend/node_modules/react-dom/cjs/react-dom-client.development.js:8897:19)
    at beginWork (/home/ilya/projects/SimpleAdminReporter/frontend/node_modules/react-dom/cjs/react-dom-client.development.js:10522:18)
    at runWithFiberInDEV (/home/ilya/projects/SimpleAdminReporter/frontend/node_modules/react-dom/cjs/react-dom-client.development.js:1522:13...
 ❯ ThrowErrorComponent src/components/query/__tests__/QueryPreviewErrorBoundary.test.tsx:59:19
 ❯ Object.react_stack_bottom_frame node_modules/react-dom/cjs/react-dom-client.development.js:23863:20
 ❯ renderWithHooks node_modules/react-dom/cjs/react-dom-client.development.js:5529:22
 ❯ updateFunctionComponent node_modules/react-dom/cjs/react-dom-client.development.js:8897:19
 ❯ beginWork node_modules/react-dom/cjs/react-dom-client.development.js:10522:18
 ❯ Object.getElementError node_modules/@testing-library/dom/dist/config.js:37:19
 ❯ getElementError node_modules/@testing-library/dom/dist/query-helpers.js:20:35
 ❯ getMultipleElementsFoundError node_modules/@testing-library/dom/dist/query-helpers.js:23:10
 ❯ node_modules/@testing-library/dom/dist/query-helpers.js:55:13
 ❯ node_modules/@testing-library/dom/dist/query-helpers.js:95:19
 ❯ src/components/query/__tests__/QueryPreviewErrorBoundary.test.tsx:439:21
            </failure>
            <failure message="Cannot delete property &apos;gtag&apos; of #&lt;Object&gt;" type="TypeError">
TypeError: Cannot delete property &apos;gtag&apos; of #&lt;Object&gt;
 ❯ src/components/query/__tests__/QueryPreviewErrorBoundary.test.tsx:49:3
            </failure>
        </testcase>
        <testcase classname="src/components/query/__tests__/QueryPreviewErrorBoundary.test.tsx" name="QueryPreviewErrorBoundary &gt; Recovery Actions and Navigation &gt; calls onGoBack when go back button is clicked" time="0.236955045">
            <failure message="Found multiple elements with the text: Go Back

Here are the matching elements:

Ignored nodes: comments, script, style
[36m&lt;span&gt;[39m
  [0mGo Back[0m
[36m&lt;/span&gt;[39m

Ignored nodes: comments, script, style
[36m&lt;span&gt;[39m
  [0mGo Back[0m
[36m&lt;/span&gt;[39m

Ignored nodes: comments, script, style
[36m&lt;span&gt;[39m
  [0mGo Back[0m
[36m&lt;/span&gt;[39m

Ignored nodes: comments, script, style
[36m&lt;span&gt;[39m
  [0mGo Back[0m
[36m&lt;/span&gt;[39m

Ignored nodes: comments, script, style
[36m&lt;span&gt;[39m
  [0mGo Back[0m
[36m&lt;/span&gt;[39m

Ignored nodes: comments, script, style
[36m&lt;span&gt;[39m
  [0mGo Back[0m
[36m&lt;/span&gt;[39m

Ignored nodes: comments, script, style
[36m&lt;span&gt;[39m
  [0mGo Back[0m
[36m&lt;/span&gt;[39m

Ignored nodes: comments, script, style
[36m&lt;span&gt;[39m
  [0mGo Back[0m
[36m&lt;/span&gt;[39m

Ignored nodes: comments, script, style
[36m&lt;span&gt;[39m
  [0mGo Back[0m
[36m&lt;/span&gt;[39m

Ignored nodes: comments, script, style
[36m&lt;span&gt;[39m
  [0mGo Back[0m
[36m&lt;/span&gt;[39m

Ignored nodes: comments, script, style
[36m&lt;span&gt;[39m
  [0mGo Back[0m
[36m&lt;/span&gt;[39m

Ignored nodes: comments, script, style
[36m&lt;span&gt;[39m
  [0mGo Back[0m
[36m&lt;/span&gt;[39m

Ignored nodes: comments, script, style
[36m&lt;span&gt;[39m
  [0mGo Back[0m
[36m&lt;/span&gt;[39m

Ignored nodes: comments, script, style
[36m&lt;span&gt;[39m
  [0mGo Back[0m
[36m&lt;/span&gt;[39m

Ignored nodes: comments, script, style
[36m&lt;span&gt;[39m
  [0mGo Back[0m
[36m&lt;/span&gt;[39m

Ignored nodes: comments, script, style
[36m&lt;span&gt;[39m
  [0mGo Back[0m
[36m&lt;/span&gt;[39m

Ignored nodes: comments, script, style
[36m&lt;span&gt;[39m
  [0mGo Back[0m
[36m&lt;/span&gt;[39m

Ignored nodes: comments, script, style
[36m&lt;span&gt;[39m
  [0mGo Back[0m
[36m&lt;/span&gt;[39m

Ignored nodes: comments, script, style
[36m&lt;span&gt;[39m
  [0mGo Back[0m
[36m&lt;/span&gt;[39m

Ignored nodes: comments, script, style
[36m&lt;span&gt;[39m
  [0mGo Back[0m
[36m&lt;/span&gt;[39m

Ignored nodes: comments, script, style
[36m&lt;span&gt;[39m
  [0mGo Back[0m
[36m&lt;/span&gt;[39m

Ignored nodes: comments, script, style
[36m&lt;span&gt;[39m
  [0mGo Back[0m
[36m&lt;/span&gt;[39m

Ignored nodes: comments, script, style
[36m&lt;span&gt;[39m
  [0mGo Back[0m
[36m&lt;/span&gt;[39m

(If this is intentional, then use the `*AllBy*` variant of the query (like `queryAllByText`, `getAllByText`, or `findAllByText`)).

Ignored nodes: comments, script, style
[36m&lt;body&gt;[39m
  [36m&lt;div&gt;[39m
    [36m&lt;div[39m
      [33mdata-testid[39m=[32m&quot;test-content&quot;[39m
    [36m&gt;[39m
      [0mTest content[0m
    [36m&lt;/div&gt;[39m
  [36m&lt;/div&gt;[39m
  [36m&lt;div&gt;[39m
    [36m&lt;div[39m
      [33mstyle[39m=[32m&quot;min-height: 400px; background: rgb(245, 245, 245); display: flex; align-items: center; justify-content: center; padding: 32px; border-radius: 8px;&quot;[39m
    [36m&gt;[39m
      [36m&lt;div[39m
        [33mstyle[39m=[32m&quot;max-width: 600px; width: 100%; text-align: center; background: rgba(255, 255, 255, 0.9); border-radius: 16px; padding: 32px; border: 1px solid rgb(229, 231, 235); box-shadow: 0 4px 6px rgba(0, 0, 0, 0.1);&quot;[39m
      [36m&gt;[39m
        [36m&lt;svg[39m
          [33maria-hidden[39m=[32m&quot;true&quot;[39m
          [33mclass[39m=[32m&quot;lucide lucide-circle-alert&quot;[39m
          [33mfill[39m=[32m&quot;none&quot;[39m
          [33mheight[39m=[32m&quot;48&quot;[39m
          [33mstroke[39m=[32m&quot;currentColor&quot;[39m
          [33mstroke-linecap[39m=[32m&quot;round&quot;[39m
          [33mstroke-linejoin[39m=[32m&quot;round&quot;[39m
          [33mstroke-width[39m=[32m&quot;2&quot;[39m
          [33mstyle[39m=[32m&quot;color: rgb(239, 68, 68); margin-bottom: 16px;&quot;[39m
          [33mviewBox[39m=[32m&quot;0 0 24 24&quot;[39m
          [33mwidth[39m=[32m&quot;48&quot;[39m
          [33mxmlns[39m=[32m&quot;http://www.w3.org/2000/svg&quot;[39m
        [36m&gt;[39m
          [36m&lt;circle[39m
            [33mcx[39m=[32m&quot;12&quot;[39m
            [33mcy[39m=[32m&quot;12&quot;[39m
            [33mr[39m=[32m&quot;10&quot;[39m
          [36m/&gt;[39m
          [36m&lt;line[39m
            [33mx1[39m=[32m&quot;12&quot;[39m
            [33mx2[39m=[32m&quot;12&quot;[39m
            [33my1[39m=[32m&quot;8&quot;[39m
            [33my2[39m=[32m&quot;12&quot;[39m
          [36m/&gt;[39m
          [36m&lt;line[39m
            [33mx1[39m=[32m&quot;12&quot;[39m
            [33mx2[39m=[32m&quot;12.01&quot;[39m
            [33my1[39m=[32m&quot;16&quot;[39m
            [33my2[39m=[32m&quot;16&quot;[39m
          [36m/&gt;[39m
        [36m&lt;/svg&gt;[39m
        [36m&lt;h3[39m
          [33mstyle[39m=[32m&quot;font-size: 20px; font-weight: bold; margin-bottom: 8px; color: rgb(31, 41, 55);&quot;[39m
        [36m&gt;[39m
          [0mNetwork Connection Issue[0m
        [36m&lt;/h3&gt;[39m
        [36m&lt;p[39m
          [33mstyle[39m=[32m&quot;font-size: 14px; margin-bottom: 20px; color: rgb(107, 114, 128); line-height: 1.5;&quot;[39m
        [36m&gt;[39m
          [0mCheck your internet connection and try again. If the problem persists, contact your network administrator.[0m
        [36m&lt;/p&gt;[39m
        [36m&lt;details[39m
          [33mstyle[39m=[32m&quot;text-align: left; margin-bottom: 20px; background: rgba(0, 0, 0, 0.05); padding: 12px; border-radius: 6px; font-size: 12px;&quot;[39m
        [36m&gt;[39m
          [36m&lt;summary[39m
            [33mstyle[39m=[32m&quot;cursor: pointer; margin-bottom: 8px; color: rgb(107, 114, 128); font-size: 12px;&quot;[39m
          [36m&gt;[39m
            [36m&lt;svg[39m
              [33maria-hidden[39m=[32m&quot;true&quot;[39m
              [33mclass[39m=[32m&quot;lucide lucide-bug&quot;[39m
              [33mfill[39m=[32m&quot;none&quot;[39m
              [33mheight[39m=[32m&quot;14&quot;[39m
              [33mstroke[39m=[32m&quot;currentColor&quot;[39m
              [33mstroke-linecap[39m=[32m&quot;round&quot;[39m
              [33mstroke-linejoin[39m=[32m&quot;round&quot;[39m
              [33mstroke-width[39m=[32m&quot;2&quot;[39m
              [33mstyle[39m=[32m&quot;margin-right: 6px; vertical-align: middle;&quot;[39m
              [33mviewBox[39m=[32m&quot;0 0 24 24&quot;[39m
              [33mwidth[39m=[32m&quot;14&quot;[39m
              [33mxmlns[39m=[32m&quot;http://www.w3.org/2000/svg&quot;[39m
            [36m&gt;[39m
              [36m&lt;path[39m
                [33md[39m=[32m&quot;m8 2 1.88 1.88&quot;[39m
              [36m/&gt;[39m
              [36m&lt;path[39m
                [33md[39m=[32m&quot;M14.12 3.88 16 2&quot;[39m
              [36m/&gt;[39m
              [36m&lt;path[39m
                [33md[39m=[32m&quot;M9 7.13v-1a3.003 3.003 0 1 1 6 0v1&quot;[39m
              [36m/&gt;[39m
              [36m&lt;path[39m
                [33md[39m=[32m&quot;M12 20c-3.3 0-6-2.7-6-6v-3a4 4 0 0 1 4-4h4a4 4 0 0 1 4 4v3c0 3.3-2.7 6-6 6&quot;[39m
              [36m/&gt;[39m
              [36m&lt;path[39m
                [33md[39m=[32m&quot;M12 20v-9&quot;[39m
              [36m/&gt;[39m
              [36m&lt;path[39m
                [33md[39m=[32m&quot;M6.53 9C4.6 8.8 3 7.1 3 5&quot;[39m
              [36m/&gt;[39m
              [36m&lt;path[39m
                [33md[39m=[32m&quot;M6 13H2&quot;[39m
              [36m/&gt;[39m
              [36m&lt;path[39m
                [33md[39m=[32m&quot;M3 21c0-2.1 1.7-3.9 3.8-4&quot;[39m
              [36m/&gt;[39m
              [36m&lt;path[39m
                [33md[39m=[32m&quot;M20.97 5c0 2.1-1.6 3.8-3.5 4&quot;[39m
              [36m/&gt;[39m
              [36m&lt;path[39m
                [33md[39m=[32m&quot;M22 13h-4&quot;[39m
              [36m/&gt;[39m
              [36m&lt;path[39m
                [33md[39m=[32m&quot;M17.2 17c2.1.1 3.8 1.9 3.8 4&quot;[39m
              [36m/&gt;[39m
            [36m&lt;/svg&gt;[39m
            [0mError Details (Development Only)[0m
          [36m&lt;/summary&gt;[39m
          [36m&lt;div[39m
            [33mstyle[39m=[32m&quot;font-family: monospace; color: rgb(75, 85, 99); word-break: break-word;&quot;[39m
          [36m&gt;[39m
            [36m&lt;strong&gt;[39m
              [0mType:[0m
            [36m&lt;/strong&gt;[39m
            [0m [0m
            [0mNETWORK[0m
            [36m&lt;br /&gt;[39m
            [36m&lt;strong&gt;[39m
              [0mCode:[0m
            [36m&lt;/strong&gt;[39m
            [0m [0m
            [0mNETWORK_ERROR[0m
            [36m&lt;br /&gt;[39m
            [36m&lt;strong&gt;[39m
              [0mMessage:[0m
            [36m&lt;/strong&gt;[39m
            [0m [0m
            [0mTest error message[0m
            [36m&lt;br /&gt;[39m
            [36m&lt;strong&gt;[39m
              [0mStack:[0m
            [36m&lt;/strong&gt;[39m
            [36m&lt;pre[39m
              [33mstyle[39m=[32m&quot;white-space: pre-wrap; word-break: break-word; margin: 4px 0px 0px 0px; font-size: 10px;&quot;[39m
            [36m&gt;[39m
              [0mAppError: Test error message
    at ThrowErrorComponent (/home/ilya/projects/SimpleAdminReporter/frontend/src/components/query/__tests__/QueryPreviewErrorBoundary.test.tsx:59:19)
    at Object.react_stack_bottom_frame (/home/ilya/projects/SimpleAdminReporter/frontend/node_modules/react-dom/cjs/react-dom-client.development.js:23863:20)
    at renderWithHooks (/home/ilya/projects/SimpleAdminReporter/frontend/node_modules/react-dom/cjs/react-dom-client.development.js:5529:22)
    at updateFunctionComponent (/home/ilya/projects/SimpleAdminReporter/frontend/node_modules/react-dom/cjs/react-dom-client.development.js:8897:19)
    at beginWork (/home/ilya/projects/SimpleAdminReporter/frontend/node_modules/react-dom/cjs/react-dom-client.development.js:10522:18)
    at runWithFiberInDEV (/home/ilya/projects/SimpleAdminReporter/frontend/node_modules/react-dom/cjs/react-dom-client.development.js:1522:13..." type="TestingLibraryElementError">
TestingLibraryElementError: Found multiple elements with the text: Go Back

Here are the matching elements:

Ignored nodes: comments, script, style
&lt;span&gt;
  Go Back
&lt;/span&gt;

Ignored nodes: comments, script, style
&lt;span&gt;
  Go Back
&lt;/span&gt;

Ignored nodes: comments, script, style
&lt;span&gt;
  Go Back
&lt;/span&gt;

Ignored nodes: comments, script, style
&lt;span&gt;
  Go Back
&lt;/span&gt;

Ignored nodes: comments, script, style
&lt;span&gt;
  Go Back
&lt;/span&gt;

Ignored nodes: comments, script, style
&lt;span&gt;
  Go Back
&lt;/span&gt;

Ignored nodes: comments, script, style
&lt;span&gt;
  Go Back
&lt;/span&gt;

Ignored nodes: comments, script, style
&lt;span&gt;
  Go Back
&lt;/span&gt;

Ignored nodes: comments, script, style
&lt;span&gt;
  Go Back
&lt;/span&gt;

Ignored nodes: comments, script, style
&lt;span&gt;
  Go Back
&lt;/span&gt;

Ignored nodes: comments, script, style
&lt;span&gt;
  Go Back
&lt;/span&gt;

Ignored nodes: comments, script, style
&lt;span&gt;
  Go Back
&lt;/span&gt;

Ignored nodes: comments, script, style
&lt;span&gt;
  Go Back
&lt;/span&gt;

Ignored nodes: comments, script, style
&lt;span&gt;
  Go Back
&lt;/span&gt;

Ignored nodes: comments, script, style
&lt;span&gt;
  Go Back
&lt;/span&gt;

Ignored nodes: comments, script, style
&lt;span&gt;
  Go Back
&lt;/span&gt;

Ignored nodes: comments, script, style
&lt;span&gt;
  Go Back
&lt;/span&gt;

Ignored nodes: comments, script, style
&lt;span&gt;
  Go Back
&lt;/span&gt;

Ignored nodes: comments, script, style
&lt;span&gt;
  Go Back
&lt;/span&gt;

Ignored nodes: comments, script, style
&lt;span&gt;
  Go Back
&lt;/span&gt;

Ignored nodes: comments, script, style
&lt;span&gt;
  Go Back
&lt;/span&gt;

Ignored nodes: comments, script, style
&lt;span&gt;
  Go Back
&lt;/span&gt;

Ignored nodes: comments, script, style
&lt;span&gt;
  Go Back
&lt;/span&gt;

(If this is intentional, then use the `*AllBy*` variant of the query (like `queryAllByText`, `getAllByText`, or `findAllByText`)).

Ignored nodes: comments, script, style
&lt;body&gt;
  &lt;div&gt;
    &lt;div
      data-testid=&quot;test-content&quot;
    &gt;
      Test content
    &lt;/div&gt;
  &lt;/div&gt;
  &lt;div&gt;
    &lt;div
      style=&quot;min-height: 400px; background: rgb(245, 245, 245); display: flex; align-items: center; justify-content: center; padding: 32px; border-radius: 8px;&quot;
    &gt;
      &lt;div
        style=&quot;max-width: 600px; width: 100%; text-align: center; background: rgba(255, 255, 255, 0.9); border-radius: 16px; padding: 32px; border: 1px solid rgb(229, 231, 235); box-shadow: 0 4px 6px rgba(0, 0, 0, 0.1);&quot;
      &gt;
        &lt;svg
          aria-hidden=&quot;true&quot;
          class=&quot;lucide lucide-circle-alert&quot;
          fill=&quot;none&quot;
          height=&quot;48&quot;
          stroke=&quot;currentColor&quot;
          stroke-linecap=&quot;round&quot;
          stroke-linejoin=&quot;round&quot;
          stroke-width=&quot;2&quot;
          style=&quot;color: rgb(239, 68, 68); margin-bottom: 16px;&quot;
          viewBox=&quot;0 0 24 24&quot;
          width=&quot;48&quot;
          xmlns=&quot;http://www.w3.org/2000/svg&quot;
        &gt;
          &lt;circle
            cx=&quot;12&quot;
            cy=&quot;12&quot;
            r=&quot;10&quot;
          /&gt;
          &lt;line
            x1=&quot;12&quot;
            x2=&quot;12&quot;
            y1=&quot;8&quot;
            y2=&quot;12&quot;
          /&gt;
          &lt;line
            x1=&quot;12&quot;
            x2=&quot;12.01&quot;
            y1=&quot;16&quot;
            y2=&quot;16&quot;
          /&gt;
        &lt;/svg&gt;
        &lt;h3
          style=&quot;font-size: 20px; font-weight: bold; margin-bottom: 8px; color: rgb(31, 41, 55);&quot;
        &gt;
          Network Connection Issue
        &lt;/h3&gt;
        &lt;p
          style=&quot;font-size: 14px; margin-bottom: 20px; color: rgb(107, 114, 128); line-height: 1.5;&quot;
        &gt;
          Check your internet connection and try again. If the problem persists, contact your network administrator.
        &lt;/p&gt;
        &lt;details
          style=&quot;text-align: left; margin-bottom: 20px; background: rgba(0, 0, 0, 0.05); padding: 12px; border-radius: 6px; font-size: 12px;&quot;
        &gt;
          &lt;summary
            style=&quot;cursor: pointer; margin-bottom: 8px; color: rgb(107, 114, 128); font-size: 12px;&quot;
          &gt;
            &lt;svg
              aria-hidden=&quot;true&quot;
              class=&quot;lucide lucide-bug&quot;
              fill=&quot;none&quot;
              height=&quot;14&quot;
              stroke=&quot;currentColor&quot;
              stroke-linecap=&quot;round&quot;
              stroke-linejoin=&quot;round&quot;
              stroke-width=&quot;2&quot;
              style=&quot;margin-right: 6px; vertical-align: middle;&quot;
              viewBox=&quot;0 0 24 24&quot;
              width=&quot;14&quot;
              xmlns=&quot;http://www.w3.org/2000/svg&quot;
            &gt;
              &lt;path
                d=&quot;m8 2 1.88 1.88&quot;
              /&gt;
              &lt;path
                d=&quot;M14.12 3.88 16 2&quot;
              /&gt;
              &lt;path
                d=&quot;M9 7.13v-1a3.003 3.003 0 1 1 6 0v1&quot;
              /&gt;
              &lt;path
                d=&quot;M12 20c-3.3 0-6-2.7-6-6v-3a4 4 0 0 1 4-4h4a4 4 0 0 1 4 4v3c0 3.3-2.7 6-6 6&quot;
              /&gt;
              &lt;path
                d=&quot;M12 20v-9&quot;
              /&gt;
              &lt;path
                d=&quot;M6.53 9C4.6 8.8 3 7.1 3 5&quot;
              /&gt;
              &lt;path
                d=&quot;M6 13H2&quot;
              /&gt;
              &lt;path
                d=&quot;M3 21c0-2.1 1.7-3.9 3.8-4&quot;
              /&gt;
              &lt;path
                d=&quot;M20.97 5c0 2.1-1.6 3.8-3.5 4&quot;
              /&gt;
              &lt;path
                d=&quot;M22 13h-4&quot;
              /&gt;
              &lt;path
                d=&quot;M17.2 17c2.1.1 3.8 1.9 3.8 4&quot;
              /&gt;
            &lt;/svg&gt;
            Error Details (Development Only)
          &lt;/summary&gt;
          &lt;div
            style=&quot;font-family: monospace; color: rgb(75, 85, 99); word-break: break-word;&quot;
          &gt;
            &lt;strong&gt;
              Type:
            &lt;/strong&gt;
             
            NETWORK
            &lt;br /&gt;
            &lt;strong&gt;
              Code:
            &lt;/strong&gt;
             
            NETWORK_ERROR
            &lt;br /&gt;
            &lt;strong&gt;
              Message:
            &lt;/strong&gt;
             
            Test error message
            &lt;br /&gt;
            &lt;strong&gt;
              Stack:
            &lt;/strong&gt;
            &lt;pre
              style=&quot;white-space: pre-wrap; word-break: break-word; margin: 4px 0px 0px 0px; font-size: 10px;&quot;
            &gt;
              AppError: Test error message
    at ThrowErrorComponent (/home/ilya/projects/SimpleAdminReporter/frontend/src/components/query/__tests__/QueryPreviewErrorBoundary.test.tsx:59:19)
    at Object.react_stack_bottom_frame (/home/ilya/projects/SimpleAdminReporter/frontend/node_modules/react-dom/cjs/react-dom-client.development.js:23863:20)
    at renderWithHooks (/home/ilya/projects/SimpleAdminReporter/frontend/node_modules/react-dom/cjs/react-dom-client.development.js:5529:22)
    at updateFunctionComponent (/home/ilya/projects/SimpleAdminReporter/frontend/node_modules/react-dom/cjs/react-dom-client.development.js:8897:19)
    at beginWork (/home/ilya/projects/SimpleAdminReporter/frontend/node_modules/react-dom/cjs/react-dom-client.development.js:10522:18)
    at runWithFiberInDEV (/home/ilya/projects/SimpleAdminReporter/frontend/node_modules/react-dom/cjs/react-dom-client.development.js:1522:13...
 ❯ ThrowErrorComponent src/components/query/__tests__/QueryPreviewErrorBoundary.test.tsx:59:19
 ❯ Object.react_stack_bottom_frame node_modules/react-dom/cjs/react-dom-client.development.js:23863:20
 ❯ renderWithHooks node_modules/react-dom/cjs/react-dom-client.development.js:5529:22
 ❯ updateFunctionComponent node_modules/react-dom/cjs/react-dom-client.development.js:8897:19
 ❯ beginWork node_modules/react-dom/cjs/react-dom-client.development.js:10522:18
 ❯ Object.getElementError node_modules/@testing-library/dom/dist/config.js:37:19
 ❯ getElementError node_modules/@testing-library/dom/dist/query-helpers.js:20:35
 ❯ getMultipleElementsFoundError node_modules/@testing-library/dom/dist/query-helpers.js:23:10
 ❯ node_modules/@testing-library/dom/dist/query-helpers.js:55:13
 ❯ node_modules/@testing-library/dom/dist/query-helpers.js:95:19
 ❯ src/components/query/__tests__/QueryPreviewErrorBoundary.test.tsx:455:30
            </failure>
            <failure message="Cannot delete property &apos;gtag&apos; of #&lt;Object&gt;" type="TypeError">
TypeError: Cannot delete property &apos;gtag&apos; of #&lt;Object&gt;
 ❯ src/components/query/__tests__/QueryPreviewErrorBoundary.test.tsx:49:3
            </failure>
        </testcase>
        <testcase classname="src/components/query/__tests__/QueryPreviewErrorBoundary.test.tsx" name="QueryPreviewErrorBoundary &gt; Recovery Actions and Navigation &gt; shows reload page button" time="0.23430679">
            <failure message="Found multiple elements with the text: Reload Page

Here are the matching elements:

Ignored nodes: comments, script, style
[36m&lt;span&gt;[39m
  [0mReload Page[0m
[36m&lt;/span&gt;[39m

Ignored nodes: comments, script, style
[36m&lt;span&gt;[39m
  [0mReload Page[0m
[36m&lt;/span&gt;[39m

Ignored nodes: comments, script, style
[36m&lt;span&gt;[39m
  [0mReload Page[0m
[36m&lt;/span&gt;[39m

Ignored nodes: comments, script, style
[36m&lt;span&gt;[39m
  [0mReload Page[0m
[36m&lt;/span&gt;[39m

Ignored nodes: comments, script, style
[36m&lt;span&gt;[39m
  [0mReload Page[0m
[36m&lt;/span&gt;[39m

Ignored nodes: comments, script, style
[36m&lt;span&gt;[39m
  [0mReload Page[0m
[36m&lt;/span&gt;[39m

Ignored nodes: comments, script, style
[36m&lt;span&gt;[39m
  [0mReload Page[0m
[36m&lt;/span&gt;[39m

Ignored nodes: comments, script, style
[36m&lt;span&gt;[39m
  [0mReload Page[0m
[36m&lt;/span&gt;[39m

Ignored nodes: comments, script, style
[36m&lt;span&gt;[39m
  [0mReload Page[0m
[36m&lt;/span&gt;[39m

Ignored nodes: comments, script, style
[36m&lt;span&gt;[39m
  [0mReload Page[0m
[36m&lt;/span&gt;[39m

Ignored nodes: comments, script, style
[36m&lt;span&gt;[39m
  [0mReload Page[0m
[36m&lt;/span&gt;[39m

Ignored nodes: comments, script, style
[36m&lt;span&gt;[39m
  [0mReload Page[0m
[36m&lt;/span&gt;[39m

Ignored nodes: comments, script, style
[36m&lt;span&gt;[39m
  [0mReload Page[0m
[36m&lt;/span&gt;[39m

Ignored nodes: comments, script, style
[36m&lt;span&gt;[39m
  [0mReload Page[0m
[36m&lt;/span&gt;[39m

Ignored nodes: comments, script, style
[36m&lt;span&gt;[39m
  [0mReload Page[0m
[36m&lt;/span&gt;[39m

Ignored nodes: comments, script, style
[36m&lt;span&gt;[39m
  [0mReload Page[0m
[36m&lt;/span&gt;[39m

Ignored nodes: comments, script, style
[36m&lt;span&gt;[39m
  [0mReload Page[0m
[36m&lt;/span&gt;[39m

Ignored nodes: comments, script, style
[36m&lt;span&gt;[39m
  [0mReload Page[0m
[36m&lt;/span&gt;[39m

Ignored nodes: comments, script, style
[36m&lt;span&gt;[39m
  [0mReload Page[0m
[36m&lt;/span&gt;[39m

Ignored nodes: comments, script, style
[36m&lt;span&gt;[39m
  [0mReload Page[0m
[36m&lt;/span&gt;[39m

Ignored nodes: comments, script, style
[36m&lt;span&gt;[39m
  [0mReload Page[0m
[36m&lt;/span&gt;[39m

Ignored nodes: comments, script, style
[36m&lt;span&gt;[39m
  [0mReload Page[0m
[36m&lt;/span&gt;[39m

Ignored nodes: comments, script, style
[36m&lt;span&gt;[39m
  [0mReload Page[0m
[36m&lt;/span&gt;[39m

Ignored nodes: comments, script, style
[36m&lt;span&gt;[39m
  [0mReload Page[0m
[36m&lt;/span&gt;[39m

(If this is intentional, then use the `*AllBy*` variant of the query (like `queryAllByText`, `getAllByText`, or `findAllByText`)).

Ignored nodes: comments, script, style
[36m&lt;body&gt;[39m
  [36m&lt;div&gt;[39m
    [36m&lt;div[39m
      [33mdata-testid[39m=[32m&quot;test-content&quot;[39m
    [36m&gt;[39m
      [0mTest content[0m
    [36m&lt;/div&gt;[39m
  [36m&lt;/div&gt;[39m
  [36m&lt;div&gt;[39m
    [36m&lt;div[39m
      [33mstyle[39m=[32m&quot;min-height: 400px; background: rgb(245, 245, 245); display: flex; align-items: center; justify-content: center; padding: 32px; border-radius: 8px;&quot;[39m
    [36m&gt;[39m
      [36m&lt;div[39m
        [33mstyle[39m=[32m&quot;max-width: 600px; width: 100%; text-align: center; background: rgba(255, 255, 255, 0.9); border-radius: 16px; padding: 32px; border: 1px solid rgb(229, 231, 235); box-shadow: 0 4px 6px rgba(0, 0, 0, 0.1);&quot;[39m
      [36m&gt;[39m
        [36m&lt;svg[39m
          [33maria-hidden[39m=[32m&quot;true&quot;[39m
          [33mclass[39m=[32m&quot;lucide lucide-circle-alert&quot;[39m
          [33mfill[39m=[32m&quot;none&quot;[39m
          [33mheight[39m=[32m&quot;48&quot;[39m
          [33mstroke[39m=[32m&quot;currentColor&quot;[39m
          [33mstroke-linecap[39m=[32m&quot;round&quot;[39m
          [33mstroke-linejoin[39m=[32m&quot;round&quot;[39m
          [33mstroke-width[39m=[32m&quot;2&quot;[39m
          [33mstyle[39m=[32m&quot;color: rgb(239, 68, 68); margin-bottom: 16px;&quot;[39m
          [33mviewBox[39m=[32m&quot;0 0 24 24&quot;[39m
          [33mwidth[39m=[32m&quot;48&quot;[39m
          [33mxmlns[39m=[32m&quot;http://www.w3.org/2000/svg&quot;[39m
        [36m&gt;[39m
          [36m&lt;circle[39m
            [33mcx[39m=[32m&quot;12&quot;[39m
            [33mcy[39m=[32m&quot;12&quot;[39m
            [33mr[39m=[32m&quot;10&quot;[39m
          [36m/&gt;[39m
          [36m&lt;line[39m
            [33mx1[39m=[32m&quot;12&quot;[39m
            [33mx2[39m=[32m&quot;12&quot;[39m
            [33my1[39m=[32m&quot;8&quot;[39m
            [33my2[39m=[32m&quot;12&quot;[39m
          [36m/&gt;[39m
          [36m&lt;line[39m
            [33mx1[39m=[32m&quot;12&quot;[39m
            [33mx2[39m=[32m&quot;12.01&quot;[39m
            [33my1[39m=[32m&quot;16&quot;[39m
            [33my2[39m=[32m&quot;16&quot;[39m
          [36m/&gt;[39m
        [36m&lt;/svg&gt;[39m
        [36m&lt;h3[39m
          [33mstyle[39m=[32m&quot;font-size: 20px; font-weight: bold; margin-bottom: 8px; color: rgb(31, 41, 55);&quot;[39m
        [36m&gt;[39m
          [0mNetwork Connection Issue[0m
        [36m&lt;/h3&gt;[39m
        [36m&lt;p[39m
          [33mstyle[39m=[32m&quot;font-size: 14px; margin-bottom: 20px; color: rgb(107, 114, 128); line-height: 1.5;&quot;[39m
        [36m&gt;[39m
          [0mCheck your internet connection and try again. If the problem persists, contact your network administrator.[0m
        [36m&lt;/p&gt;[39m
        [36m&lt;details[39m
          [33mstyle[39m=[32m&quot;text-align: left; margin-bottom: 20px; background: rgba(0, 0, 0, 0.05); padding: 12px; border-radius: 6px; font-size: 12px;&quot;[39m
        [36m&gt;[39m
          [36m&lt;summary[39m
            [33mstyle[39m=[32m&quot;cursor: pointer; margin-bottom: 8px; color: rgb(107, 114, 128); font-size: 12px;&quot;[39m
          [36m&gt;[39m
            [36m&lt;svg[39m
              [33maria-hidden[39m=[32m&quot;true&quot;[39m
              [33mclass[39m=[32m&quot;lucide lucide-bug&quot;[39m
              [33mfill[39m=[32m&quot;none&quot;[39m
              [33mheight[39m=[32m&quot;14&quot;[39m
              [33mstroke[39m=[32m&quot;currentColor&quot;[39m
              [33mstroke-linecap[39m=[32m&quot;round&quot;[39m
              [33mstroke-linejoin[39m=[32m&quot;round&quot;[39m
              [33mstroke-width[39m=[32m&quot;2&quot;[39m
              [33mstyle[39m=[32m&quot;margin-right: 6px; vertical-align: middle;&quot;[39m
              [33mviewBox[39m=[32m&quot;0 0 24 24&quot;[39m
              [33mwidth[39m=[32m&quot;14&quot;[39m
              [33mxmlns[39m=[32m&quot;http://www.w3.org/2000/svg&quot;[39m
            [36m&gt;[39m
              [36m&lt;path[39m
                [33md[39m=[32m&quot;m8 2 1.88 1.88&quot;[39m
              [36m/&gt;[39m
              [36m&lt;path[39m
                [33md[39m=[32m&quot;M14.12 3.88 16 2&quot;[39m
              [36m/&gt;[39m
              [36m&lt;path[39m
                [33md[39m=[32m&quot;M9 7.13v-1a3.003 3.003 0 1 1 6 0v1&quot;[39m
              [36m/&gt;[39m
              [36m&lt;path[39m
                [33md[39m=[32m&quot;M12 20c-3.3 0-6-2.7-6-6v-3a4 4 0 0 1 4-4h4a4 4 0 0 1 4 4v3c0 3.3-2.7 6-6 6&quot;[39m
              [36m/&gt;[39m
              [36m&lt;path[39m
                [33md[39m=[32m&quot;M12 20v-9&quot;[39m
              [36m/&gt;[39m
              [36m&lt;path[39m
                [33md[39m=[32m&quot;M6.53 9C4.6 8.8 3 7.1 3 5&quot;[39m
              [36m/&gt;[39m
              [36m&lt;path[39m
                [33md[39m=[32m&quot;M6 13H2&quot;[39m
              [36m/&gt;[39m
              [36m&lt;path[39m
                [33md[39m=[32m&quot;M3 21c0-2.1 1.7-3.9 3.8-4&quot;[39m
              [36m/&gt;[39m
              [36m&lt;path[39m
                [33md[39m=[32m&quot;M20.97 5c0 2.1-1.6 3.8-3.5 4&quot;[39m
              [36m/&gt;[39m
              [36m&lt;path[39m
                [33md[39m=[32m&quot;M22 13h-4&quot;[39m
              [36m/&gt;[39m
              [36m&lt;path[39m
                [33md[39m=[32m&quot;M17.2 17c2.1.1 3.8 1.9 3.8 4&quot;[39m
              [36m/&gt;[39m
            [36m&lt;/svg&gt;[39m
            [0mError Details (Development Only)[0m
          [36m&lt;/summary&gt;[39m
          [36m&lt;div[39m
            [33mstyle[39m=[32m&quot;font-family: monospace; color: rgb(75, 85, 99); word-break: break-word;&quot;[39m
          [36m&gt;[39m
            [36m&lt;strong&gt;[39m
              [0mType:[0m
            [36m&lt;/strong&gt;[39m
            [0m [0m
            [0mNETWORK[0m
            [36m&lt;br /&gt;[39m
            [36m&lt;strong&gt;[39m
              [0mCode:[0m
            [36m&lt;/strong&gt;[39m
            [0m [0m
            [0mNETWORK_ERROR[0m
            [36m&lt;br /&gt;[39m
            [36m&lt;strong&gt;[39m
              [0mMessage:[0m
            [36m&lt;/strong&gt;[39m
            [0m [0m
            [0mTest error message[0m
            [36m&lt;br /&gt;[39m
            [36m&lt;strong&gt;[39m
              [0mStack:[0m
            [36m&lt;/strong&gt;[39m
            [36m&lt;pre[39m
              [33mstyle[39m=[32m&quot;white-space: pre-wrap; word-break: break-word; margin: 4px 0px 0px 0px; font-size: 10px;&quot;[39m
            [36m&gt;[39m
              [0mAppError: Test error message
    at ThrowErrorComponent (/home/ilya/projects/SimpleAdminReporter/frontend/src/components/query/__tests__/QueryPreviewErrorBoundary.test.tsx:59:19)
    at Object.react_stack_bottom_frame (/home/ilya/projects/SimpleAdminReporter/frontend/node_modules/react-dom/cjs/react-dom-client.development.js:23863:20)
    at renderWithHooks (/home/ilya/projects/SimpleAdminReporter/frontend/node_modules/react-dom/cjs/react-dom-client.development.js:5529:22)
    at updateFunctionComponent (/home/ilya/projects/SimpleAdminReporter/frontend/node_modules/react-dom/cjs/react-dom-client.development.js:8897:19)
    at beginWork (/home/ilya/projects/SimpleAdminReporter/frontend/node_modules/react-dom/cjs/react-dom-client.development.js:10522:18)
    at runWithFiberInDEV (/home/ilya/projects/SimpleAdminReporter/frontend/node_modules/react-dom/cjs/react-dom-client.development.js:1522:13..." type="TestingLibraryElementError">
TestingLibraryElementError: Found multiple elements with the text: Reload Page

Here are the matching elements:

Ignored nodes: comments, script, style
&lt;span&gt;
  Reload Page
&lt;/span&gt;

Ignored nodes: comments, script, style
&lt;span&gt;
  Reload Page
&lt;/span&gt;

Ignored nodes: comments, script, style
&lt;span&gt;
  Reload Page
&lt;/span&gt;

Ignored nodes: comments, script, style
&lt;span&gt;
  Reload Page
&lt;/span&gt;

Ignored nodes: comments, script, style
&lt;span&gt;
  Reload Page
&lt;/span&gt;

Ignored nodes: comments, script, style
&lt;span&gt;
  Reload Page
&lt;/span&gt;

Ignored nodes: comments, script, style
&lt;span&gt;
  Reload Page
&lt;/span&gt;

Ignored nodes: comments, script, style
&lt;span&gt;
  Reload Page
&lt;/span&gt;

Ignored nodes: comments, script, style
&lt;span&gt;
  Reload Page
&lt;/span&gt;

Ignored nodes: comments, script, style
&lt;span&gt;
  Reload Page
&lt;/span&gt;

Ignored nodes: comments, script, style
&lt;span&gt;
  Reload Page
&lt;/span&gt;

Ignored nodes: comments, script, style
&lt;span&gt;
  Reload Page
&lt;/span&gt;

Ignored nodes: comments, script, style
&lt;span&gt;
  Reload Page
&lt;/span&gt;

Ignored nodes: comments, script, style
&lt;span&gt;
  Reload Page
&lt;/span&gt;

Ignored nodes: comments, script, style
&lt;span&gt;
  Reload Page
&lt;/span&gt;

Ignored nodes: comments, script, style
&lt;span&gt;
  Reload Page
&lt;/span&gt;

Ignored nodes: comments, script, style
&lt;span&gt;
  Reload Page
&lt;/span&gt;

Ignored nodes: comments, script, style
&lt;span&gt;
  Reload Page
&lt;/span&gt;

Ignored nodes: comments, script, style
&lt;span&gt;
  Reload Page
&lt;/span&gt;

Ignored nodes: comments, script, style
&lt;span&gt;
  Reload Page
&lt;/span&gt;

Ignored nodes: comments, script, style
&lt;span&gt;
  Reload Page
&lt;/span&gt;

Ignored nodes: comments, script, style
&lt;span&gt;
  Reload Page
&lt;/span&gt;

Ignored nodes: comments, script, style
&lt;span&gt;
  Reload Page
&lt;/span&gt;

Ignored nodes: comments, script, style
&lt;span&gt;
  Reload Page
&lt;/span&gt;

(If this is intentional, then use the `*AllBy*` variant of the query (like `queryAllByText`, `getAllByText`, or `findAllByText`)).

Ignored nodes: comments, script, style
&lt;body&gt;
  &lt;div&gt;
    &lt;div
      data-testid=&quot;test-content&quot;
    &gt;
      Test content
    &lt;/div&gt;
  &lt;/div&gt;
  &lt;div&gt;
    &lt;div
      style=&quot;min-height: 400px; background: rgb(245, 245, 245); display: flex; align-items: center; justify-content: center; padding: 32px; border-radius: 8px;&quot;
    &gt;
      &lt;div
        style=&quot;max-width: 600px; width: 100%; text-align: center; background: rgba(255, 255, 255, 0.9); border-radius: 16px; padding: 32px; border: 1px solid rgb(229, 231, 235); box-shadow: 0 4px 6px rgba(0, 0, 0, 0.1);&quot;
      &gt;
        &lt;svg
          aria-hidden=&quot;true&quot;
          class=&quot;lucide lucide-circle-alert&quot;
          fill=&quot;none&quot;
          height=&quot;48&quot;
          stroke=&quot;currentColor&quot;
          stroke-linecap=&quot;round&quot;
          stroke-linejoin=&quot;round&quot;
          stroke-width=&quot;2&quot;
          style=&quot;color: rgb(239, 68, 68); margin-bottom: 16px;&quot;
          viewBox=&quot;0 0 24 24&quot;
          width=&quot;48&quot;
          xmlns=&quot;http://www.w3.org/2000/svg&quot;
        &gt;
          &lt;circle
            cx=&quot;12&quot;
            cy=&quot;12&quot;
            r=&quot;10&quot;
          /&gt;
          &lt;line
            x1=&quot;12&quot;
            x2=&quot;12&quot;
            y1=&quot;8&quot;
            y2=&quot;12&quot;
          /&gt;
          &lt;line
            x1=&quot;12&quot;
            x2=&quot;12.01&quot;
            y1=&quot;16&quot;
            y2=&quot;16&quot;
          /&gt;
        &lt;/svg&gt;
        &lt;h3
          style=&quot;font-size: 20px; font-weight: bold; margin-bottom: 8px; color: rgb(31, 41, 55);&quot;
        &gt;
          Network Connection Issue
        &lt;/h3&gt;
        &lt;p
          style=&quot;font-size: 14px; margin-bottom: 20px; color: rgb(107, 114, 128); line-height: 1.5;&quot;
        &gt;
          Check your internet connection and try again. If the problem persists, contact your network administrator.
        &lt;/p&gt;
        &lt;details
          style=&quot;text-align: left; margin-bottom: 20px; background: rgba(0, 0, 0, 0.05); padding: 12px; border-radius: 6px; font-size: 12px;&quot;
        &gt;
          &lt;summary
            style=&quot;cursor: pointer; margin-bottom: 8px; color: rgb(107, 114, 128); font-size: 12px;&quot;
          &gt;
            &lt;svg
              aria-hidden=&quot;true&quot;
              class=&quot;lucide lucide-bug&quot;
              fill=&quot;none&quot;
              height=&quot;14&quot;
              stroke=&quot;currentColor&quot;
              stroke-linecap=&quot;round&quot;
              stroke-linejoin=&quot;round&quot;
              stroke-width=&quot;2&quot;
              style=&quot;margin-right: 6px; vertical-align: middle;&quot;
              viewBox=&quot;0 0 24 24&quot;
              width=&quot;14&quot;
              xmlns=&quot;http://www.w3.org/2000/svg&quot;
            &gt;
              &lt;path
                d=&quot;m8 2 1.88 1.88&quot;
              /&gt;
              &lt;path
                d=&quot;M14.12 3.88 16 2&quot;
              /&gt;
              &lt;path
                d=&quot;M9 7.13v-1a3.003 3.003 0 1 1 6 0v1&quot;
              /&gt;
              &lt;path
                d=&quot;M12 20c-3.3 0-6-2.7-6-6v-3a4 4 0 0 1 4-4h4a4 4 0 0 1 4 4v3c0 3.3-2.7 6-6 6&quot;
              /&gt;
              &lt;path
                d=&quot;M12 20v-9&quot;
              /&gt;
              &lt;path
                d=&quot;M6.53 9C4.6 8.8 3 7.1 3 5&quot;
              /&gt;
              &lt;path
                d=&quot;M6 13H2&quot;
              /&gt;
              &lt;path
                d=&quot;M3 21c0-2.1 1.7-3.9 3.8-4&quot;
              /&gt;
              &lt;path
                d=&quot;M20.97 5c0 2.1-1.6 3.8-3.5 4&quot;
              /&gt;
              &lt;path
                d=&quot;M22 13h-4&quot;
              /&gt;
              &lt;path
                d=&quot;M17.2 17c2.1.1 3.8 1.9 3.8 4&quot;
              /&gt;
            &lt;/svg&gt;
            Error Details (Development Only)
          &lt;/summary&gt;
          &lt;div
            style=&quot;font-family: monospace; color: rgb(75, 85, 99); word-break: break-word;&quot;
          &gt;
            &lt;strong&gt;
              Type:
            &lt;/strong&gt;
             
            NETWORK
            &lt;br /&gt;
            &lt;strong&gt;
              Code:
            &lt;/strong&gt;
             
            NETWORK_ERROR
            &lt;br /&gt;
            &lt;strong&gt;
              Message:
            &lt;/strong&gt;
             
            Test error message
            &lt;br /&gt;
            &lt;strong&gt;
              Stack:
            &lt;/strong&gt;
            &lt;pre
              style=&quot;white-space: pre-wrap; word-break: break-word; margin: 4px 0px 0px 0px; font-size: 10px;&quot;
            &gt;
              AppError: Test error message
    at ThrowErrorComponent (/home/ilya/projects/SimpleAdminReporter/frontend/src/components/query/__tests__/QueryPreviewErrorBoundary.test.tsx:59:19)
    at Object.react_stack_bottom_frame (/home/ilya/projects/SimpleAdminReporter/frontend/node_modules/react-dom/cjs/react-dom-client.development.js:23863:20)
    at renderWithHooks (/home/ilya/projects/SimpleAdminReporter/frontend/node_modules/react-dom/cjs/react-dom-client.development.js:5529:22)
    at updateFunctionComponent (/home/ilya/projects/SimpleAdminReporter/frontend/node_modules/react-dom/cjs/react-dom-client.development.js:8897:19)
    at beginWork (/home/ilya/projects/SimpleAdminReporter/frontend/node_modules/react-dom/cjs/react-dom-client.development.js:10522:18)
    at runWithFiberInDEV (/home/ilya/projects/SimpleAdminReporter/frontend/node_modules/react-dom/cjs/react-dom-client.development.js:1522:13...
 ❯ ThrowErrorComponent src/components/query/__tests__/QueryPreviewErrorBoundary.test.tsx:59:19
 ❯ Object.react_stack_bottom_frame node_modules/react-dom/cjs/react-dom-client.development.js:23863:20
 ❯ renderWithHooks node_modules/react-dom/cjs/react-dom-client.development.js:5529:22
 ❯ updateFunctionComponent node_modules/react-dom/cjs/react-dom-client.development.js:8897:19
 ❯ beginWork node_modules/react-dom/cjs/react-dom-client.development.js:10522:18
 ❯ Object.getElementError node_modules/@testing-library/dom/dist/config.js:37:19
 ❯ getElementError node_modules/@testing-library/dom/dist/query-helpers.js:20:35
 ❯ getMultipleElementsFoundError node_modules/@testing-library/dom/dist/query-helpers.js:23:10
 ❯ node_modules/@testing-library/dom/dist/query-helpers.js:55:13
 ❯ node_modules/@testing-library/dom/dist/query-helpers.js:95:19
 ❯ src/components/query/__tests__/QueryPreviewErrorBoundary.test.tsx:469:21
            </failure>
            <failure message="Cannot delete property &apos;gtag&apos; of #&lt;Object&gt;" type="TypeError">
TypeError: Cannot delete property &apos;gtag&apos; of #&lt;Object&gt;
 ❯ src/components/query/__tests__/QueryPreviewErrorBoundary.test.tsx:49:3
            </failure>
        </testcase>
        <testcase classname="src/components/query/__tests__/QueryPreviewErrorBoundary.test.tsx" name="QueryPreviewErrorBoundary &gt; Recovery Actions and Navigation &gt; hides recovery actions when showRecoveryActions is false" time="0.170602176">
            <failure message="Found multiple elements with the text: Try Again

Here are the matching elements:

Ignored nodes: comments, script, style
[36m&lt;span&gt;[39m
  [0mTry Again[0m
[36m&lt;/span&gt;[39m

Ignored nodes: comments, script, style
[36m&lt;span&gt;[39m
  [0mTry Again[0m
[36m&lt;/span&gt;[39m

Ignored nodes: comments, script, style
[36m&lt;span&gt;[39m
  [0mTry Again[0m
[36m&lt;/span&gt;[39m

Ignored nodes: comments, script, style
[36m&lt;span&gt;[39m
  [0mTry Again[0m
[36m&lt;/span&gt;[39m

Ignored nodes: comments, script, style
[36m&lt;span&gt;[39m
  [0mTry Again[0m
[36m&lt;/span&gt;[39m

Ignored nodes: comments, script, style
[36m&lt;span&gt;[39m
  [0mTry Again[0m
[36m&lt;/span&gt;[39m

Ignored nodes: comments, script, style
[36m&lt;span&gt;[39m
  [0mTry Again[0m
[36m&lt;/span&gt;[39m

Ignored nodes: comments, script, style
[36m&lt;span&gt;[39m
  [0mTry Again[0m
[36m&lt;/span&gt;[39m

Ignored nodes: comments, script, style
[36m&lt;span&gt;[39m
  [0mTry Again[0m
[36m&lt;/span&gt;[39m

Ignored nodes: comments, script, style
[36m&lt;span&gt;[39m
  [0mTry Again[0m
[36m&lt;/span&gt;[39m

Ignored nodes: comments, script, style
[36m&lt;span&gt;[39m
  [0mTry Again[0m
[36m&lt;/span&gt;[39m

Ignored nodes: comments, script, style
[36m&lt;span&gt;[39m
  [0mTry Again[0m
[36m&lt;/span&gt;[39m

Ignored nodes: comments, script, style
[36m&lt;span&gt;[39m
  [0mTry Again[0m
[36m&lt;/span&gt;[39m

Ignored nodes: comments, script, style
[36m&lt;span&gt;[39m
  [0mTry Again[0m
[36m&lt;/span&gt;[39m

Ignored nodes: comments, script, style
[36m&lt;span&gt;[39m
  [0mTry Again[0m
[36m&lt;/span&gt;[39m

Ignored nodes: comments, script, style
[36m&lt;span&gt;[39m
  [0mTry Again[0m
[36m&lt;/span&gt;[39m

Ignored nodes: comments, script, style
[36m&lt;span&gt;[39m
  [0mTry Again[0m
[36m&lt;/span&gt;[39m

Ignored nodes: comments, script, style
[36m&lt;span&gt;[39m
  [0mTry Again[0m
[36m&lt;/span&gt;[39m

Ignored nodes: comments, script, style
[36m&lt;span&gt;[39m
  [0mTry Again[0m
[36m&lt;/span&gt;[39m

(If this is intentional, then use the `*AllBy*` variant of the query (like `queryAllByText`, `getAllByText`, or `findAllByText`)).

Ignored nodes: comments, script, style
[36m&lt;body&gt;[39m
  [36m&lt;div&gt;[39m
    [36m&lt;div[39m
      [33mdata-testid[39m=[32m&quot;test-content&quot;[39m
    [36m&gt;[39m
      [0mTest content[0m
    [36m&lt;/div&gt;[39m
  [36m&lt;/div&gt;[39m
  [36m&lt;div&gt;[39m
    [36m&lt;div[39m
      [33mstyle[39m=[32m&quot;min-height: 400px; background: rgb(245, 245, 245); display: flex; align-items: center; justify-content: center; padding: 32px; border-radius: 8px;&quot;[39m
    [36m&gt;[39m
      [36m&lt;div[39m
        [33mstyle[39m=[32m&quot;max-width: 600px; width: 100%; text-align: center; background: rgba(255, 255, 255, 0.9); border-radius: 16px; padding: 32px; border: 1px solid rgb(229, 231, 235); box-shadow: 0 4px 6px rgba(0, 0, 0, 0.1);&quot;[39m
      [36m&gt;[39m
        [36m&lt;svg[39m
          [33maria-hidden[39m=[32m&quot;true&quot;[39m
          [33mclass[39m=[32m&quot;lucide lucide-circle-alert&quot;[39m
          [33mfill[39m=[32m&quot;none&quot;[39m
          [33mheight[39m=[32m&quot;48&quot;[39m
          [33mstroke[39m=[32m&quot;currentColor&quot;[39m
          [33mstroke-linecap[39m=[32m&quot;round&quot;[39m
          [33mstroke-linejoin[39m=[32m&quot;round&quot;[39m
          [33mstroke-width[39m=[32m&quot;2&quot;[39m
          [33mstyle[39m=[32m&quot;color: rgb(239, 68, 68); margin-bottom: 16px;&quot;[39m
          [33mviewBox[39m=[32m&quot;0 0 24 24&quot;[39m
          [33mwidth[39m=[32m&quot;48&quot;[39m
          [33mxmlns[39m=[32m&quot;http://www.w3.org/2000/svg&quot;[39m
        [36m&gt;[39m
          [36m&lt;circle[39m
            [33mcx[39m=[32m&quot;12&quot;[39m
            [33mcy[39m=[32m&quot;12&quot;[39m
            [33mr[39m=[32m&quot;10&quot;[39m
          [36m/&gt;[39m
          [36m&lt;line[39m
            [33mx1[39m=[32m&quot;12&quot;[39m
            [33mx2[39m=[32m&quot;12&quot;[39m
            [33my1[39m=[32m&quot;8&quot;[39m
            [33my2[39m=[32m&quot;12&quot;[39m
          [36m/&gt;[39m
          [36m&lt;line[39m
            [33mx1[39m=[32m&quot;12&quot;[39m
            [33mx2[39m=[32m&quot;12.01&quot;[39m
            [33my1[39m=[32m&quot;16&quot;[39m
            [33my2[39m=[32m&quot;16&quot;[39m
          [36m/&gt;[39m
        [36m&lt;/svg&gt;[39m
        [36m&lt;h3[39m
          [33mstyle[39m=[32m&quot;font-size: 20px; font-weight: bold; margin-bottom: 8px; color: rgb(31, 41, 55);&quot;[39m
        [36m&gt;[39m
          [0mNetwork Connection Issue[0m
        [36m&lt;/h3&gt;[39m
        [36m&lt;p[39m
          [33mstyle[39m=[32m&quot;font-size: 14px; margin-bottom: 20px; color: rgb(107, 114, 128); line-height: 1.5;&quot;[39m
        [36m&gt;[39m
          [0mCheck your internet connection and try again. If the problem persists, contact your network administrator.[0m
        [36m&lt;/p&gt;[39m
        [36m&lt;details[39m
          [33mstyle[39m=[32m&quot;text-align: left; margin-bottom: 20px; background: rgba(0, 0, 0, 0.05); padding: 12px; border-radius: 6px; font-size: 12px;&quot;[39m
        [36m&gt;[39m
          [36m&lt;summary[39m
            [33mstyle[39m=[32m&quot;cursor: pointer; margin-bottom: 8px; color: rgb(107, 114, 128); font-size: 12px;&quot;[39m
          [36m&gt;[39m
            [36m&lt;svg[39m
              [33maria-hidden[39m=[32m&quot;true&quot;[39m
              [33mclass[39m=[32m&quot;lucide lucide-bug&quot;[39m
              [33mfill[39m=[32m&quot;none&quot;[39m
              [33mheight[39m=[32m&quot;14&quot;[39m
              [33mstroke[39m=[32m&quot;currentColor&quot;[39m
              [33mstroke-linecap[39m=[32m&quot;round&quot;[39m
              [33mstroke-linejoin[39m=[32m&quot;round&quot;[39m
              [33mstroke-width[39m=[32m&quot;2&quot;[39m
              [33mstyle[39m=[32m&quot;margin-right: 6px; vertical-align: middle;&quot;[39m
              [33mviewBox[39m=[32m&quot;0 0 24 24&quot;[39m
              [33mwidth[39m=[32m&quot;14&quot;[39m
              [33mxmlns[39m=[32m&quot;http://www.w3.org/2000/svg&quot;[39m
            [36m&gt;[39m
              [36m&lt;path[39m
                [33md[39m=[32m&quot;m8 2 1.88 1.88&quot;[39m
              [36m/&gt;[39m
              [36m&lt;path[39m
                [33md[39m=[32m&quot;M14.12 3.88 16 2&quot;[39m
              [36m/&gt;[39m
              [36m&lt;path[39m
                [33md[39m=[32m&quot;M9 7.13v-1a3.003 3.003 0 1 1 6 0v1&quot;[39m
              [36m/&gt;[39m
              [36m&lt;path[39m
                [33md[39m=[32m&quot;M12 20c-3.3 0-6-2.7-6-6v-3a4 4 0 0 1 4-4h4a4 4 0 0 1 4 4v3c0 3.3-2.7 6-6 6&quot;[39m
              [36m/&gt;[39m
              [36m&lt;path[39m
                [33md[39m=[32m&quot;M12 20v-9&quot;[39m
              [36m/&gt;[39m
              [36m&lt;path[39m
                [33md[39m=[32m&quot;M6.53 9C4.6 8.8 3 7.1 3 5&quot;[39m
              [36m/&gt;[39m
              [36m&lt;path[39m
                [33md[39m=[32m&quot;M6 13H2&quot;[39m
              [36m/&gt;[39m
              [36m&lt;path[39m
                [33md[39m=[32m&quot;M3 21c0-2.1 1.7-3.9 3.8-4&quot;[39m
              [36m/&gt;[39m
              [36m&lt;path[39m
                [33md[39m=[32m&quot;M20.97 5c0 2.1-1.6 3.8-3.5 4&quot;[39m
              [36m/&gt;[39m
              [36m&lt;path[39m
                [33md[39m=[32m&quot;M22 13h-4&quot;[39m
              [36m/&gt;[39m
              [36m&lt;path[39m
                [33md[39m=[32m&quot;M17.2 17c2.1.1 3.8 1.9 3.8 4&quot;[39m
              [36m/&gt;[39m
            [36m&lt;/svg&gt;[39m
            [0mError Details (Development Only)[0m
          [36m&lt;/summary&gt;[39m
          [36m&lt;div[39m
            [33mstyle[39m=[32m&quot;font-family: monospace; color: rgb(75, 85, 99); word-break: break-word;&quot;[39m
          [36m&gt;[39m
            [36m&lt;strong&gt;[39m
              [0mType:[0m
            [36m&lt;/strong&gt;[39m
            [0m [0m
            [0mNETWORK[0m
            [36m&lt;br /&gt;[39m
            [36m&lt;strong&gt;[39m
              [0mCode:[0m
            [36m&lt;/strong&gt;[39m
            [0m [0m
            [0mNETWORK_ERROR[0m
            [36m&lt;br /&gt;[39m
            [36m&lt;strong&gt;[39m
              [0mMessage:[0m
            [36m&lt;/strong&gt;[39m
            [0m [0m
            [0mTest error message[0m
            [36m&lt;br /&gt;[39m
            [36m&lt;strong&gt;[39m
              [0mStack:[0m
            [36m&lt;/strong&gt;[39m
            [36m&lt;pre[39m
              [33mstyle[39m=[32m&quot;white-space: pre-wrap; word-break: break-word; margin: 4px 0px 0px 0px; font-size: 10px;&quot;[39m
            [36m&gt;[39m
              [0mAppError: Test error message
    at ThrowErrorComponent (/home/ilya/projects/SimpleAdminReporter/frontend/src/components/query/__tests__/QueryPreviewErrorBoundary.test.tsx:59:19)
    at Object.react_stack_bottom_frame (/home/ilya/projects/SimpleAdminReporter/frontend/node_modules/react-dom/cjs/react-dom-client.development.js:23863:20)
    at renderWithHooks (/home/ilya/projects/SimpleAdminReporter/frontend/node_modules/react-dom/cjs/react-dom-client.development.js:5529:22)
    at updateFunctionComponent (/home/ilya/projects/SimpleAdminReporter/frontend/node_modules/react-dom/cjs/react-dom-client.development.js:8897:19)
    at beginWork (/home/ilya/projects/SimpleAdminReporter/frontend/node_modules/react-dom/cjs/react-dom-client.development.js:10522:18)
    at runWithFiberInDEV (/home/ilya/projects/SimpleAdminReporter/frontend/node_modules/react-dom/cjs/react-dom-client.development.js:1522:13..." type="TestingLibraryElementError">
TestingLibraryElementError: Found multiple elements with the text: Try Again

Here are the matching elements:

Ignored nodes: comments, script, style
&lt;span&gt;
  Try Again
&lt;/span&gt;

Ignored nodes: comments, script, style
&lt;span&gt;
  Try Again
&lt;/span&gt;

Ignored nodes: comments, script, style
&lt;span&gt;
  Try Again
&lt;/span&gt;

Ignored nodes: comments, script, style
&lt;span&gt;
  Try Again
&lt;/span&gt;

Ignored nodes: comments, script, style
&lt;span&gt;
  Try Again
&lt;/span&gt;

Ignored nodes: comments, script, style
&lt;span&gt;
  Try Again
&lt;/span&gt;

Ignored nodes: comments, script, style
&lt;span&gt;
  Try Again
&lt;/span&gt;

Ignored nodes: comments, script, style
&lt;span&gt;
  Try Again
&lt;/span&gt;

Ignored nodes: comments, script, style
&lt;span&gt;
  Try Again
&lt;/span&gt;

Ignored nodes: comments, script, style
&lt;span&gt;
  Try Again
&lt;/span&gt;

Ignored nodes: comments, script, style
&lt;span&gt;
  Try Again
&lt;/span&gt;

Ignored nodes: comments, script, style
&lt;span&gt;
  Try Again
&lt;/span&gt;

Ignored nodes: comments, script, style
&lt;span&gt;
  Try Again
&lt;/span&gt;

Ignored nodes: comments, script, style
&lt;span&gt;
  Try Again
&lt;/span&gt;

Ignored nodes: comments, script, style
&lt;span&gt;
  Try Again
&lt;/span&gt;

Ignored nodes: comments, script, style
&lt;span&gt;
  Try Again
&lt;/span&gt;

Ignored nodes: comments, script, style
&lt;span&gt;
  Try Again
&lt;/span&gt;

Ignored nodes: comments, script, style
&lt;span&gt;
  Try Again
&lt;/span&gt;

Ignored nodes: comments, script, style
&lt;span&gt;
  Try Again
&lt;/span&gt;

(If this is intentional, then use the `*AllBy*` variant of the query (like `queryAllByText`, `getAllByText`, or `findAllByText`)).

Ignored nodes: comments, script, style
&lt;body&gt;
  &lt;div&gt;
    &lt;div
      data-testid=&quot;test-content&quot;
    &gt;
      Test content
    &lt;/div&gt;
  &lt;/div&gt;
  &lt;div&gt;
    &lt;div
      style=&quot;min-height: 400px; background: rgb(245, 245, 245); display: flex; align-items: center; justify-content: center; padding: 32px; border-radius: 8px;&quot;
    &gt;
      &lt;div
        style=&quot;max-width: 600px; width: 100%; text-align: center; background: rgba(255, 255, 255, 0.9); border-radius: 16px; padding: 32px; border: 1px solid rgb(229, 231, 235); box-shadow: 0 4px 6px rgba(0, 0, 0, 0.1);&quot;
      &gt;
        &lt;svg
          aria-hidden=&quot;true&quot;
          class=&quot;lucide lucide-circle-alert&quot;
          fill=&quot;none&quot;
          height=&quot;48&quot;
          stroke=&quot;currentColor&quot;
          stroke-linecap=&quot;round&quot;
          stroke-linejoin=&quot;round&quot;
          stroke-width=&quot;2&quot;
          style=&quot;color: rgb(239, 68, 68); margin-bottom: 16px;&quot;
          viewBox=&quot;0 0 24 24&quot;
          width=&quot;48&quot;
          xmlns=&quot;http://www.w3.org/2000/svg&quot;
        &gt;
          &lt;circle
            cx=&quot;12&quot;
            cy=&quot;12&quot;
            r=&quot;10&quot;
          /&gt;
          &lt;line
            x1=&quot;12&quot;
            x2=&quot;12&quot;
            y1=&quot;8&quot;
            y2=&quot;12&quot;
          /&gt;
          &lt;line
            x1=&quot;12&quot;
            x2=&quot;12.01&quot;
            y1=&quot;16&quot;
            y2=&quot;16&quot;
          /&gt;
        &lt;/svg&gt;
        &lt;h3
          style=&quot;font-size: 20px; font-weight: bold; margin-bottom: 8px; color: rgb(31, 41, 55);&quot;
        &gt;
          Network Connection Issue
        &lt;/h3&gt;
        &lt;p
          style=&quot;font-size: 14px; margin-bottom: 20px; color: rgb(107, 114, 128); line-height: 1.5;&quot;
        &gt;
          Check your internet connection and try again. If the problem persists, contact your network administrator.
        &lt;/p&gt;
        &lt;details
          style=&quot;text-align: left; margin-bottom: 20px; background: rgba(0, 0, 0, 0.05); padding: 12px; border-radius: 6px; font-size: 12px;&quot;
        &gt;
          &lt;summary
            style=&quot;cursor: pointer; margin-bottom: 8px; color: rgb(107, 114, 128); font-size: 12px;&quot;
          &gt;
            &lt;svg
              aria-hidden=&quot;true&quot;
              class=&quot;lucide lucide-bug&quot;
              fill=&quot;none&quot;
              height=&quot;14&quot;
              stroke=&quot;currentColor&quot;
              stroke-linecap=&quot;round&quot;
              stroke-linejoin=&quot;round&quot;
              stroke-width=&quot;2&quot;
              style=&quot;margin-right: 6px; vertical-align: middle;&quot;
              viewBox=&quot;0 0 24 24&quot;
              width=&quot;14&quot;
              xmlns=&quot;http://www.w3.org/2000/svg&quot;
            &gt;
              &lt;path
                d=&quot;m8 2 1.88 1.88&quot;
              /&gt;
              &lt;path
                d=&quot;M14.12 3.88 16 2&quot;
              /&gt;
              &lt;path
                d=&quot;M9 7.13v-1a3.003 3.003 0 1 1 6 0v1&quot;
              /&gt;
              &lt;path
                d=&quot;M12 20c-3.3 0-6-2.7-6-6v-3a4 4 0 0 1 4-4h4a4 4 0 0 1 4 4v3c0 3.3-2.7 6-6 6&quot;
              /&gt;
              &lt;path
                d=&quot;M12 20v-9&quot;
              /&gt;
              &lt;path
                d=&quot;M6.53 9C4.6 8.8 3 7.1 3 5&quot;
              /&gt;
              &lt;path
                d=&quot;M6 13H2&quot;
              /&gt;
              &lt;path
                d=&quot;M3 21c0-2.1 1.7-3.9 3.8-4&quot;
              /&gt;
              &lt;path
                d=&quot;M20.97 5c0 2.1-1.6 3.8-3.5 4&quot;
              /&gt;
              &lt;path
                d=&quot;M22 13h-4&quot;
              /&gt;
              &lt;path
                d=&quot;M17.2 17c2.1.1 3.8 1.9 3.8 4&quot;
              /&gt;
            &lt;/svg&gt;
            Error Details (Development Only)
          &lt;/summary&gt;
          &lt;div
            style=&quot;font-family: monospace; color: rgb(75, 85, 99); word-break: break-word;&quot;
          &gt;
            &lt;strong&gt;
              Type:
            &lt;/strong&gt;
             
            NETWORK
            &lt;br /&gt;
            &lt;strong&gt;
              Code:
            &lt;/strong&gt;
             
            NETWORK_ERROR
            &lt;br /&gt;
            &lt;strong&gt;
              Message:
            &lt;/strong&gt;
             
            Test error message
            &lt;br /&gt;
            &lt;strong&gt;
              Stack:
            &lt;/strong&gt;
            &lt;pre
              style=&quot;white-space: pre-wrap; word-break: break-word; margin: 4px 0px 0px 0px; font-size: 10px;&quot;
            &gt;
              AppError: Test error message
    at ThrowErrorComponent (/home/ilya/projects/SimpleAdminReporter/frontend/src/components/query/__tests__/QueryPreviewErrorBoundary.test.tsx:59:19)
    at Object.react_stack_bottom_frame (/home/ilya/projects/SimpleAdminReporter/frontend/node_modules/react-dom/cjs/react-dom-client.development.js:23863:20)
    at renderWithHooks (/home/ilya/projects/SimpleAdminReporter/frontend/node_modules/react-dom/cjs/react-dom-client.development.js:5529:22)
    at updateFunctionComponent (/home/ilya/projects/SimpleAdminReporter/frontend/node_modules/react-dom/cjs/react-dom-client.development.js:8897:19)
    at beginWork (/home/ilya/projects/SimpleAdminReporter/frontend/node_modules/react-dom/cjs/react-dom-client.development.js:10522:18)
    at runWithFiberInDEV (/home/ilya/projects/SimpleAdminReporter/frontend/node_modules/react-dom/cjs/react-dom-client.development.js:1522:13...
 ❯ ThrowErrorComponent src/components/query/__tests__/QueryPreviewErrorBoundary.test.tsx:59:19
 ❯ Object.react_stack_bottom_frame node_modules/react-dom/cjs/react-dom-client.development.js:23863:20
 ❯ renderWithHooks node_modules/react-dom/cjs/react-dom-client.development.js:5529:22
 ❯ updateFunctionComponent node_modules/react-dom/cjs/react-dom-client.development.js:8897:19
 ❯ beginWork node_modules/react-dom/cjs/react-dom-client.development.js:10522:18
 ❯ Object.getElementError node_modules/@testing-library/dom/dist/config.js:37:19
 ❯ getElementError node_modules/@testing-library/dom/dist/query-helpers.js:20:35
 ❯ getMultipleElementsFoundError node_modules/@testing-library/dom/dist/query-helpers.js:23:10
 ❯ node_modules/@testing-library/dom/dist/query-helpers.js:55:13
 ❯ node_modules/@testing-library/dom/dist/query-helpers.js:95:19
 ❯ src/components/query/__tests__/QueryPreviewErrorBoundary.test.tsx:482:21
            </failure>
            <failure message="Cannot delete property &apos;gtag&apos; of #&lt;Object&gt;" type="TypeError">
TypeError: Cannot delete property &apos;gtag&apos; of #&lt;Object&gt;
 ❯ src/components/query/__tests__/QueryPreviewErrorBoundary.test.tsx:49:3
            </failure>
        </testcase>
        <testcase classname="src/components/query/__tests__/QueryPreviewErrorBoundary.test.tsx" name="QueryPreviewErrorBoundary &gt; Recovery Actions and Navigation &gt; shows actionable guidance for user errors" time="0.191833745">
            <failure message="Found multiple elements with the text: Query Configuration Error

Here are the matching elements:

Ignored nodes: comments, script, style
[36m&lt;h3[39m
  [33mstyle[39m=[32m&quot;font-size: 20px; font-weight: bold; margin-bottom: 8px; color: rgb(31, 41, 55);&quot;[39m
[36m&gt;[39m
  [0mQuery Configuration Error[0m
[36m&lt;/h3&gt;[39m

Ignored nodes: comments, script, style
[36m&lt;h3[39m
  [33mstyle[39m=[32m&quot;font-size: 20px; font-weight: bold; margin-bottom: 8px; color: rgb(31, 41, 55);&quot;[39m
[36m&gt;[39m
  [0mQuery Configuration Error[0m
[36m&lt;/h3&gt;[39m

(If this is intentional, then use the `*AllBy*` variant of the query (like `queryAllByText`, `getAllByText`, or `findAllByText`)).

Ignored nodes: comments, script, style
[36m&lt;body&gt;[39m
  [36m&lt;div&gt;[39m
    [36m&lt;div[39m
      [33mdata-testid[39m=[32m&quot;test-content&quot;[39m
    [36m&gt;[39m
      [0mTest content[0m
    [36m&lt;/div&gt;[39m
  [36m&lt;/div&gt;[39m
  [36m&lt;div&gt;[39m
    [36m&lt;div[39m
      [33mstyle[39m=[32m&quot;min-height: 400px; background: rgb(245, 245, 245); display: flex; align-items: center; justify-content: center; padding: 32px; border-radius: 8px;&quot;[39m
    [36m&gt;[39m
      [36m&lt;div[39m
        [33mstyle[39m=[32m&quot;max-width: 600px; width: 100%; text-align: center; background: rgba(255, 255, 255, 0.9); border-radius: 16px; padding: 32px; border: 1px solid rgb(229, 231, 235); box-shadow: 0 4px 6px rgba(0, 0, 0, 0.1);&quot;[39m
      [36m&gt;[39m
        [36m&lt;svg[39m
          [33maria-hidden[39m=[32m&quot;true&quot;[39m
          [33mclass[39m=[32m&quot;lucide lucide-circle-alert&quot;[39m
          [33mfill[39m=[32m&quot;none&quot;[39m
          [33mheight[39m=[32m&quot;48&quot;[39m
          [33mstroke[39m=[32m&quot;currentColor&quot;[39m
          [33mstroke-linecap[39m=[32m&quot;round&quot;[39m
          [33mstroke-linejoin[39m=[32m&quot;round&quot;[39m
          [33mstroke-width[39m=[32m&quot;2&quot;[39m
          [33mstyle[39m=[32m&quot;color: rgb(239, 68, 68); margin-bottom: 16px;&quot;[39m
          [33mviewBox[39m=[32m&quot;0 0 24 24&quot;[39m
          [33mwidth[39m=[32m&quot;48&quot;[39m
          [33mxmlns[39m=[32m&quot;http://www.w3.org/2000/svg&quot;[39m
        [36m&gt;[39m
          [36m&lt;circle[39m
            [33mcx[39m=[32m&quot;12&quot;[39m
            [33mcy[39m=[32m&quot;12&quot;[39m
            [33mr[39m=[32m&quot;10&quot;[39m
          [36m/&gt;[39m
          [36m&lt;line[39m
            [33mx1[39m=[32m&quot;12&quot;[39m
            [33mx2[39m=[32m&quot;12&quot;[39m
            [33my1[39m=[32m&quot;8&quot;[39m
            [33my2[39m=[32m&quot;12&quot;[39m
          [36m/&gt;[39m
          [36m&lt;line[39m
            [33mx1[39m=[32m&quot;12&quot;[39m
            [33mx2[39m=[32m&quot;12.01&quot;[39m
            [33my1[39m=[32m&quot;16&quot;[39m
            [33my2[39m=[32m&quot;16&quot;[39m
          [36m/&gt;[39m
        [36m&lt;/svg&gt;[39m
        [36m&lt;h3[39m
          [33mstyle[39m=[32m&quot;font-size: 20px; font-weight: bold; margin-bottom: 8px; color: rgb(31, 41, 55);&quot;[39m
        [36m&gt;[39m
          [0mNetwork Connection Issue[0m
        [36m&lt;/h3&gt;[39m
        [36m&lt;p[39m
          [33mstyle[39m=[32m&quot;font-size: 14px; margin-bottom: 20px; color: rgb(107, 114, 128); line-height: 1.5;&quot;[39m
        [36m&gt;[39m
          [0mCheck your internet connection and try again. If the problem persists, contact your network administrator.[0m
        [36m&lt;/p&gt;[39m
        [36m&lt;details[39m
          [33mstyle[39m=[32m&quot;text-align: left; margin-bottom: 20px; background: rgba(0, 0, 0, 0.05); padding: 12px; border-radius: 6px; font-size: 12px;&quot;[39m
        [36m&gt;[39m
          [36m&lt;summary[39m
            [33mstyle[39m=[32m&quot;cursor: pointer; margin-bottom: 8px; color: rgb(107, 114, 128); font-size: 12px;&quot;[39m
          [36m&gt;[39m
            [36m&lt;svg[39m
              [33maria-hidden[39m=[32m&quot;true&quot;[39m
              [33mclass[39m=[32m&quot;lucide lucide-bug&quot;[39m
              [33mfill[39m=[32m&quot;none&quot;[39m
              [33mheight[39m=[32m&quot;14&quot;[39m
              [33mstroke[39m=[32m&quot;currentColor&quot;[39m
              [33mstroke-linecap[39m=[32m&quot;round&quot;[39m
              [33mstroke-linejoin[39m=[32m&quot;round&quot;[39m
              [33mstroke-width[39m=[32m&quot;2&quot;[39m
              [33mstyle[39m=[32m&quot;margin-right: 6px; vertical-align: middle;&quot;[39m
              [33mviewBox[39m=[32m&quot;0 0 24 24&quot;[39m
              [33mwidth[39m=[32m&quot;14&quot;[39m
              [33mxmlns[39m=[32m&quot;http://www.w3.org/2000/svg&quot;[39m
            [36m&gt;[39m
              [36m&lt;path[39m
                [33md[39m=[32m&quot;m8 2 1.88 1.88&quot;[39m
              [36m/&gt;[39m
              [36m&lt;path[39m
                [33md[39m=[32m&quot;M14.12 3.88 16 2&quot;[39m
              [36m/&gt;[39m
              [36m&lt;path[39m
                [33md[39m=[32m&quot;M9 7.13v-1a3.003 3.003 0 1 1 6 0v1&quot;[39m
              [36m/&gt;[39m
              [36m&lt;path[39m
                [33md[39m=[32m&quot;M12 20c-3.3 0-6-2.7-6-6v-3a4 4 0 0 1 4-4h4a4 4 0 0 1 4 4v3c0 3.3-2.7 6-6 6&quot;[39m
              [36m/&gt;[39m
              [36m&lt;path[39m
                [33md[39m=[32m&quot;M12 20v-9&quot;[39m
              [36m/&gt;[39m
              [36m&lt;path[39m
                [33md[39m=[32m&quot;M6.53 9C4.6 8.8 3 7.1 3 5&quot;[39m
              [36m/&gt;[39m
              [36m&lt;path[39m
                [33md[39m=[32m&quot;M6 13H2&quot;[39m
              [36m/&gt;[39m
              [36m&lt;path[39m
                [33md[39m=[32m&quot;M3 21c0-2.1 1.7-3.9 3.8-4&quot;[39m
              [36m/&gt;[39m
              [36m&lt;path[39m
                [33md[39m=[32m&quot;M20.97 5c0 2.1-1.6 3.8-3.5 4&quot;[39m
              [36m/&gt;[39m
              [36m&lt;path[39m
                [33md[39m=[32m&quot;M22 13h-4&quot;[39m
              [36m/&gt;[39m
              [36m&lt;path[39m
                [33md[39m=[32m&quot;M17.2 17c2.1.1 3.8 1.9 3.8 4&quot;[39m
              [36m/&gt;[39m
            [36m&lt;/svg&gt;[39m
            [0mError Details (Development Only)[0m
          [36m&lt;/summary&gt;[39m
          [36m&lt;div[39m
            [33mstyle[39m=[32m&quot;font-family: monospace; color: rgb(75, 85, 99); word-break: break-word;&quot;[39m
          [36m&gt;[39m
            [36m&lt;strong&gt;[39m
              [0mType:[0m
            [36m&lt;/strong&gt;[39m
            [0m [0m
            [0mNETWORK[0m
            [36m&lt;br /&gt;[39m
            [36m&lt;strong&gt;[39m
              [0mCode:[0m
            [36m&lt;/strong&gt;[39m
            [0m [0m
            [0mNETWORK_ERROR[0m
            [36m&lt;br /&gt;[39m
            [36m&lt;strong&gt;[39m
              [0mMessage:[0m
            [36m&lt;/strong&gt;[39m
            [0m [0m
            [0mTest error message[0m
            [36m&lt;br /&gt;[39m
            [36m&lt;strong&gt;[39m
              [0mStack:[0m
            [36m&lt;/strong&gt;[39m
            [36m&lt;pre[39m
              [33mstyle[39m=[32m&quot;white-space: pre-wrap; word-break: break-word; margin: 4px 0px 0px 0px; font-size: 10px;&quot;[39m
            [36m&gt;[39m
              [0mAppError: Test error message
    at ThrowErrorComponent (/home/ilya/projects/SimpleAdminReporter/frontend/src/components/query/__tests__/QueryPreviewErrorBoundary.test.tsx:59:19)
    at Object.react_stack_bottom_frame (/home/ilya/projects/SimpleAdminReporter/frontend/node_modules/react-dom/cjs/react-dom-client.development.js:23863:20)
    at renderWithHooks (/home/ilya/projects/SimpleAdminReporter/frontend/node_modules/react-dom/cjs/react-dom-client.development.js:5529:22)
    at updateFunctionComponent (/home/ilya/projects/SimpleAdminReporter/frontend/node_modules/react-dom/cjs/react-dom-client.development.js:8897:19)
    at beginWork (/home/ilya/projects/SimpleAdminReporter/frontend/node_modules/react-dom/cjs/react-dom-client.development.js:10522:18)
    at runWithFiberInDEV (/home/ilya/projects/SimpleAdminReporter/frontend/node_modules/react-dom/cjs/react-dom-client.development.js:1522:13..." type="TestingLibraryElementError">
TestingLibraryElementError: Found multiple elements with the text: Query Configuration Error

Here are the matching elements:

Ignored nodes: comments, script, style
&lt;h3
  style=&quot;font-size: 20px; font-weight: bold; margin-bottom: 8px; color: rgb(31, 41, 55);&quot;
&gt;
  Query Configuration Error
&lt;/h3&gt;

Ignored nodes: comments, script, style
&lt;h3
  style=&quot;font-size: 20px; font-weight: bold; margin-bottom: 8px; color: rgb(31, 41, 55);&quot;
&gt;
  Query Configuration Error
&lt;/h3&gt;

(If this is intentional, then use the `*AllBy*` variant of the query (like `queryAllByText`, `getAllByText`, or `findAllByText`)).

Ignored nodes: comments, script, style
&lt;body&gt;
  &lt;div&gt;
    &lt;div
      data-testid=&quot;test-content&quot;
    &gt;
      Test content
    &lt;/div&gt;
  &lt;/div&gt;
  &lt;div&gt;
    &lt;div
      style=&quot;min-height: 400px; background: rgb(245, 245, 245); display: flex; align-items: center; justify-content: center; padding: 32px; border-radius: 8px;&quot;
    &gt;
      &lt;div
        style=&quot;max-width: 600px; width: 100%; text-align: center; background: rgba(255, 255, 255, 0.9); border-radius: 16px; padding: 32px; border: 1px solid rgb(229, 231, 235); box-shadow: 0 4px 6px rgba(0, 0, 0, 0.1);&quot;
      &gt;
        &lt;svg
          aria-hidden=&quot;true&quot;
          class=&quot;lucide lucide-circle-alert&quot;
          fill=&quot;none&quot;
          height=&quot;48&quot;
          stroke=&quot;currentColor&quot;
          stroke-linecap=&quot;round&quot;
          stroke-linejoin=&quot;round&quot;
          stroke-width=&quot;2&quot;
          style=&quot;color: rgb(239, 68, 68); margin-bottom: 16px;&quot;
          viewBox=&quot;0 0 24 24&quot;
          width=&quot;48&quot;
          xmlns=&quot;http://www.w3.org/2000/svg&quot;
        &gt;
          &lt;circle
            cx=&quot;12&quot;
            cy=&quot;12&quot;
            r=&quot;10&quot;
          /&gt;
          &lt;line
            x1=&quot;12&quot;
            x2=&quot;12&quot;
            y1=&quot;8&quot;
            y2=&quot;12&quot;
          /&gt;
          &lt;line
            x1=&quot;12&quot;
            x2=&quot;12.01&quot;
            y1=&quot;16&quot;
            y2=&quot;16&quot;
          /&gt;
        &lt;/svg&gt;
        &lt;h3
          style=&quot;font-size: 20px; font-weight: bold; margin-bottom: 8px; color: rgb(31, 41, 55);&quot;
        &gt;
          Network Connection Issue
        &lt;/h3&gt;
        &lt;p
          style=&quot;font-size: 14px; margin-bottom: 20px; color: rgb(107, 114, 128); line-height: 1.5;&quot;
        &gt;
          Check your internet connection and try again. If the problem persists, contact your network administrator.
        &lt;/p&gt;
        &lt;details
          style=&quot;text-align: left; margin-bottom: 20px; background: rgba(0, 0, 0, 0.05); padding: 12px; border-radius: 6px; font-size: 12px;&quot;
        &gt;
          &lt;summary
            style=&quot;cursor: pointer; margin-bottom: 8px; color: rgb(107, 114, 128); font-size: 12px;&quot;
          &gt;
            &lt;svg
              aria-hidden=&quot;true&quot;
              class=&quot;lucide lucide-bug&quot;
              fill=&quot;none&quot;
              height=&quot;14&quot;
              stroke=&quot;currentColor&quot;
              stroke-linecap=&quot;round&quot;
              stroke-linejoin=&quot;round&quot;
              stroke-width=&quot;2&quot;
              style=&quot;margin-right: 6px; vertical-align: middle;&quot;
              viewBox=&quot;0 0 24 24&quot;
              width=&quot;14&quot;
              xmlns=&quot;http://www.w3.org/2000/svg&quot;
            &gt;
              &lt;path
                d=&quot;m8 2 1.88 1.88&quot;
              /&gt;
              &lt;path
                d=&quot;M14.12 3.88 16 2&quot;
              /&gt;
              &lt;path
                d=&quot;M9 7.13v-1a3.003 3.003 0 1 1 6 0v1&quot;
              /&gt;
              &lt;path
                d=&quot;M12 20c-3.3 0-6-2.7-6-6v-3a4 4 0 0 1 4-4h4a4 4 0 0 1 4 4v3c0 3.3-2.7 6-6 6&quot;
              /&gt;
              &lt;path
                d=&quot;M12 20v-9&quot;
              /&gt;
              &lt;path
                d=&quot;M6.53 9C4.6 8.8 3 7.1 3 5&quot;
              /&gt;
              &lt;path
                d=&quot;M6 13H2&quot;
              /&gt;
              &lt;path
                d=&quot;M3 21c0-2.1 1.7-3.9 3.8-4&quot;
              /&gt;
              &lt;path
                d=&quot;M20.97 5c0 2.1-1.6 3.8-3.5 4&quot;
              /&gt;
              &lt;path
                d=&quot;M22 13h-4&quot;
              /&gt;
              &lt;path
                d=&quot;M17.2 17c2.1.1 3.8 1.9 3.8 4&quot;
              /&gt;
            &lt;/svg&gt;
            Error Details (Development Only)
          &lt;/summary&gt;
          &lt;div
            style=&quot;font-family: monospace; color: rgb(75, 85, 99); word-break: break-word;&quot;
          &gt;
            &lt;strong&gt;
              Type:
            &lt;/strong&gt;
             
            NETWORK
            &lt;br /&gt;
            &lt;strong&gt;
              Code:
            &lt;/strong&gt;
             
            NETWORK_ERROR
            &lt;br /&gt;
            &lt;strong&gt;
              Message:
            &lt;/strong&gt;
             
            Test error message
            &lt;br /&gt;
            &lt;strong&gt;
              Stack:
            &lt;/strong&gt;
            &lt;pre
              style=&quot;white-space: pre-wrap; word-break: break-word; margin: 4px 0px 0px 0px; font-size: 10px;&quot;
            &gt;
              AppError: Test error message
    at ThrowErrorComponent (/home/ilya/projects/SimpleAdminReporter/frontend/src/components/query/__tests__/QueryPreviewErrorBoundary.test.tsx:59:19)
    at Object.react_stack_bottom_frame (/home/ilya/projects/SimpleAdminReporter/frontend/node_modules/react-dom/cjs/react-dom-client.development.js:23863:20)
    at renderWithHooks (/home/ilya/projects/SimpleAdminReporter/frontend/node_modules/react-dom/cjs/react-dom-client.development.js:5529:22)
    at updateFunctionComponent (/home/ilya/projects/SimpleAdminReporter/frontend/node_modules/react-dom/cjs/react-dom-client.development.js:8897:19)
    at beginWork (/home/ilya/projects/SimpleAdminReporter/frontend/node_modules/react-dom/cjs/react-dom-client.development.js:10522:18)
    at runWithFiberInDEV (/home/ilya/projects/SimpleAdminReporter/frontend/node_modules/react-dom/cjs/react-dom-client.development.js:1522:13...
 ❯ ThrowErrorComponent src/components/query/__tests__/QueryPreviewErrorBoundary.test.tsx:59:19
 ❯ Object.react_stack_bottom_frame node_modules/react-dom/cjs/react-dom-client.development.js:23863:20
 ❯ renderWithHooks node_modules/react-dom/cjs/react-dom-client.development.js:5529:22
 ❯ updateFunctionComponent node_modules/react-dom/cjs/react-dom-client.development.js:8897:19
 ❯ beginWork node_modules/react-dom/cjs/react-dom-client.development.js:10522:18
 ❯ Object.getElementError node_modules/@testing-library/dom/dist/config.js:37:19
 ❯ getElementError node_modules/@testing-library/dom/dist/query-helpers.js:20:35
 ❯ getMultipleElementsFoundError node_modules/@testing-library/dom/dist/query-helpers.js:23:10
 ❯ node_modules/@testing-library/dom/dist/query-helpers.js:55:13
 ❯ node_modules/@testing-library/dom/dist/query-helpers.js:95:19
 ❯ src/components/query/__tests__/QueryPreviewErrorBoundary.test.tsx:494:21
            </failure>
            <failure message="Cannot delete property &apos;gtag&apos; of #&lt;Object&gt;" type="TypeError">
TypeError: Cannot delete property &apos;gtag&apos; of #&lt;Object&gt;
 ❯ src/components/query/__tests__/QueryPreviewErrorBoundary.test.tsx:49:3
            </failure>
        </testcase>
        <testcase classname="src/components/query/__tests__/QueryPreviewErrorBoundary.test.tsx" name="QueryPreviewErrorBoundary &gt; Recovery Actions and Navigation &gt; shows non-actionable guidance for authorization errors" time="0.172647608">
            <failure message="Found multiple elements with the text: Access Denied

Here are the matching elements:

Ignored nodes: comments, script, style
[36m&lt;h3[39m
  [33mstyle[39m=[32m&quot;font-size: 20px; font-weight: bold; margin-bottom: 8px; color: rgb(31, 41, 55);&quot;[39m
[36m&gt;[39m
  [0mAccess Denied[0m
[36m&lt;/h3&gt;[39m

Ignored nodes: comments, script, style
[36m&lt;h3[39m
  [33mstyle[39m=[32m&quot;font-size: 20px; font-weight: bold; margin-bottom: 8px; color: rgb(31, 41, 55);&quot;[39m
[36m&gt;[39m
  [0mAccess Denied[0m
[36m&lt;/h3&gt;[39m

Ignored nodes: comments, script, style
[36m&lt;h3[39m
  [33mstyle[39m=[32m&quot;font-size: 20px; font-weight: bold; margin-bottom: 8px; color: rgb(31, 41, 55);&quot;[39m
[36m&gt;[39m
  [0mAccess Denied[0m
[36m&lt;/h3&gt;[39m

(If this is intentional, then use the `*AllBy*` variant of the query (like `queryAllByText`, `getAllByText`, or `findAllByText`)).

Ignored nodes: comments, script, style
[36m&lt;body&gt;[39m
  [36m&lt;div&gt;[39m
    [36m&lt;div[39m
      [33mdata-testid[39m=[32m&quot;test-content&quot;[39m
    [36m&gt;[39m
      [0mTest content[0m
    [36m&lt;/div&gt;[39m
  [36m&lt;/div&gt;[39m
  [36m&lt;div&gt;[39m
    [36m&lt;div[39m
      [33mstyle[39m=[32m&quot;min-height: 400px; background: rgb(245, 245, 245); display: flex; align-items: center; justify-content: center; padding: 32px; border-radius: 8px;&quot;[39m
    [36m&gt;[39m
      [36m&lt;div[39m
        [33mstyle[39m=[32m&quot;max-width: 600px; width: 100%; text-align: center; background: rgba(255, 255, 255, 0.9); border-radius: 16px; padding: 32px; border: 1px solid rgb(229, 231, 235); box-shadow: 0 4px 6px rgba(0, 0, 0, 0.1);&quot;[39m
      [36m&gt;[39m
        [36m&lt;svg[39m
          [33maria-hidden[39m=[32m&quot;true&quot;[39m
          [33mclass[39m=[32m&quot;lucide lucide-circle-alert&quot;[39m
          [33mfill[39m=[32m&quot;none&quot;[39m
          [33mheight[39m=[32m&quot;48&quot;[39m
          [33mstroke[39m=[32m&quot;currentColor&quot;[39m
          [33mstroke-linecap[39m=[32m&quot;round&quot;[39m
          [33mstroke-linejoin[39m=[32m&quot;round&quot;[39m
          [33mstroke-width[39m=[32m&quot;2&quot;[39m
          [33mstyle[39m=[32m&quot;color: rgb(239, 68, 68); margin-bottom: 16px;&quot;[39m
          [33mviewBox[39m=[32m&quot;0 0 24 24&quot;[39m
          [33mwidth[39m=[32m&quot;48&quot;[39m
          [33mxmlns[39m=[32m&quot;http://www.w3.org/2000/svg&quot;[39m
        [36m&gt;[39m
          [36m&lt;circle[39m
            [33mcx[39m=[32m&quot;12&quot;[39m
            [33mcy[39m=[32m&quot;12&quot;[39m
            [33mr[39m=[32m&quot;10&quot;[39m
          [36m/&gt;[39m
          [36m&lt;line[39m
            [33mx1[39m=[32m&quot;12&quot;[39m
            [33mx2[39m=[32m&quot;12&quot;[39m
            [33my1[39m=[32m&quot;8&quot;[39m
            [33my2[39m=[32m&quot;12&quot;[39m
          [36m/&gt;[39m
          [36m&lt;line[39m
            [33mx1[39m=[32m&quot;12&quot;[39m
            [33mx2[39m=[32m&quot;12.01&quot;[39m
            [33my1[39m=[32m&quot;16&quot;[39m
            [33my2[39m=[32m&quot;16&quot;[39m
          [36m/&gt;[39m
        [36m&lt;/svg&gt;[39m
        [36m&lt;h3[39m
          [33mstyle[39m=[32m&quot;font-size: 20px; font-weight: bold; margin-bottom: 8px; color: rgb(31, 41, 55);&quot;[39m
        [36m&gt;[39m
          [0mNetwork Connection Issue[0m
        [36m&lt;/h3&gt;[39m
        [36m&lt;p[39m
          [33mstyle[39m=[32m&quot;font-size: 14px; margin-bottom: 20px; color: rgb(107, 114, 128); line-height: 1.5;&quot;[39m
        [36m&gt;[39m
          [0mCheck your internet connection and try again. If the problem persists, contact your network administrator.[0m
        [36m&lt;/p&gt;[39m
        [36m&lt;details[39m
          [33mstyle[39m=[32m&quot;text-align: left; margin-bottom: 20px; background: rgba(0, 0, 0, 0.05); padding: 12px; border-radius: 6px; font-size: 12px;&quot;[39m
        [36m&gt;[39m
          [36m&lt;summary[39m
            [33mstyle[39m=[32m&quot;cursor: pointer; margin-bottom: 8px; color: rgb(107, 114, 128); font-size: 12px;&quot;[39m
          [36m&gt;[39m
            [36m&lt;svg[39m
              [33maria-hidden[39m=[32m&quot;true&quot;[39m
              [33mclass[39m=[32m&quot;lucide lucide-bug&quot;[39m
              [33mfill[39m=[32m&quot;none&quot;[39m
              [33mheight[39m=[32m&quot;14&quot;[39m
              [33mstroke[39m=[32m&quot;currentColor&quot;[39m
              [33mstroke-linecap[39m=[32m&quot;round&quot;[39m
              [33mstroke-linejoin[39m=[32m&quot;round&quot;[39m
              [33mstroke-width[39m=[32m&quot;2&quot;[39m
              [33mstyle[39m=[32m&quot;margin-right: 6px; vertical-align: middle;&quot;[39m
              [33mviewBox[39m=[32m&quot;0 0 24 24&quot;[39m
              [33mwidth[39m=[32m&quot;14&quot;[39m
              [33mxmlns[39m=[32m&quot;http://www.w3.org/2000/svg&quot;[39m
            [36m&gt;[39m
              [36m&lt;path[39m
                [33md[39m=[32m&quot;m8 2 1.88 1.88&quot;[39m
              [36m/&gt;[39m
              [36m&lt;path[39m
                [33md[39m=[32m&quot;M14.12 3.88 16 2&quot;[39m
              [36m/&gt;[39m
              [36m&lt;path[39m
                [33md[39m=[32m&quot;M9 7.13v-1a3.003 3.003 0 1 1 6 0v1&quot;[39m
              [36m/&gt;[39m
              [36m&lt;path[39m
                [33md[39m=[32m&quot;M12 20c-3.3 0-6-2.7-6-6v-3a4 4 0 0 1 4-4h4a4 4 0 0 1 4 4v3c0 3.3-2.7 6-6 6&quot;[39m
              [36m/&gt;[39m
              [36m&lt;path[39m
                [33md[39m=[32m&quot;M12 20v-9&quot;[39m
              [36m/&gt;[39m
              [36m&lt;path[39m
                [33md[39m=[32m&quot;M6.53 9C4.6 8.8 3 7.1 3 5&quot;[39m
              [36m/&gt;[39m
              [36m&lt;path[39m
                [33md[39m=[32m&quot;M6 13H2&quot;[39m
              [36m/&gt;[39m
              [36m&lt;path[39m
                [33md[39m=[32m&quot;M3 21c0-2.1 1.7-3.9 3.8-4&quot;[39m
              [36m/&gt;[39m
              [36m&lt;path[39m
                [33md[39m=[32m&quot;M20.97 5c0 2.1-1.6 3.8-3.5 4&quot;[39m
              [36m/&gt;[39m
              [36m&lt;path[39m
                [33md[39m=[32m&quot;M22 13h-4&quot;[39m
              [36m/&gt;[39m
              [36m&lt;path[39m
                [33md[39m=[32m&quot;M17.2 17c2.1.1 3.8 1.9 3.8 4&quot;[39m
              [36m/&gt;[39m
            [36m&lt;/svg&gt;[39m
            [0mError Details (Development Only)[0m
          [36m&lt;/summary&gt;[39m
          [36m&lt;div[39m
            [33mstyle[39m=[32m&quot;font-family: monospace; color: rgb(75, 85, 99); word-break: break-word;&quot;[39m
          [36m&gt;[39m
            [36m&lt;strong&gt;[39m
              [0mType:[0m
            [36m&lt;/strong&gt;[39m
            [0m [0m
            [0mNETWORK[0m
            [36m&lt;br /&gt;[39m
            [36m&lt;strong&gt;[39m
              [0mCode:[0m
            [36m&lt;/strong&gt;[39m
            [0m [0m
            [0mNETWORK_ERROR[0m
            [36m&lt;br /&gt;[39m
            [36m&lt;strong&gt;[39m
              [0mMessage:[0m
            [36m&lt;/strong&gt;[39m
            [0m [0m
            [0mTest error message[0m
            [36m&lt;br /&gt;[39m
            [36m&lt;strong&gt;[39m
              [0mStack:[0m
            [36m&lt;/strong&gt;[39m
            [36m&lt;pre[39m
              [33mstyle[39m=[32m&quot;white-space: pre-wrap; word-break: break-word; margin: 4px 0px 0px 0px; font-size: 10px;&quot;[39m
            [36m&gt;[39m
              [0mAppError: Test error message
    at ThrowErrorComponent (/home/ilya/projects/SimpleAdminReporter/frontend/src/components/query/__tests__/QueryPreviewErrorBoundary.test.tsx:59:19)
    at Object.react_stack_bottom_frame (/home/ilya/projects/SimpleAdminReporter/frontend/node_modules/react-dom/cjs/react-dom-client.development.js:23863:20)
    at renderWithHooks (/home/ilya/projects/SimpleAdminReporter/frontend/node_modules/react-dom/cjs/react-dom-client.development.js:5529:22)
    at updateFunctionComponent (/home/ilya/projects/SimpleAdminReporter/frontend/node_modules/react-dom/cjs/react-dom-client.development.js:8897:19)
    at beginWork (/home/ilya/projects/SimpleAdminReporter/frontend/node_modules/react-dom/cjs/react-dom-client.development.js:10522:18)
    at runWithFiberInDEV (/home/ilya/projects/SimpleAdminReporter/frontend/node_modules/react-dom/cjs/react-dom-client.development.js:1522:13..." type="TestingLibraryElementError">
TestingLibraryElementError: Found multiple elements with the text: Access Denied

Here are the matching elements:

Ignored nodes: comments, script, style
&lt;h3
  style=&quot;font-size: 20px; font-weight: bold; margin-bottom: 8px; color: rgb(31, 41, 55);&quot;
&gt;
  Access Denied
&lt;/h3&gt;

Ignored nodes: comments, script, style
&lt;h3
  style=&quot;font-size: 20px; font-weight: bold; margin-bottom: 8px; color: rgb(31, 41, 55);&quot;
&gt;
  Access Denied
&lt;/h3&gt;

Ignored nodes: comments, script, style
&lt;h3
  style=&quot;font-size: 20px; font-weight: bold; margin-bottom: 8px; color: rgb(31, 41, 55);&quot;
&gt;
  Access Denied
&lt;/h3&gt;

(If this is intentional, then use the `*AllBy*` variant of the query (like `queryAllByText`, `getAllByText`, or `findAllByText`)).

Ignored nodes: comments, script, style
&lt;body&gt;
  &lt;div&gt;
    &lt;div
      data-testid=&quot;test-content&quot;
    &gt;
      Test content
    &lt;/div&gt;
  &lt;/div&gt;
  &lt;div&gt;
    &lt;div
      style=&quot;min-height: 400px; background: rgb(245, 245, 245); display: flex; align-items: center; justify-content: center; padding: 32px; border-radius: 8px;&quot;
    &gt;
      &lt;div
        style=&quot;max-width: 600px; width: 100%; text-align: center; background: rgba(255, 255, 255, 0.9); border-radius: 16px; padding: 32px; border: 1px solid rgb(229, 231, 235); box-shadow: 0 4px 6px rgba(0, 0, 0, 0.1);&quot;
      &gt;
        &lt;svg
          aria-hidden=&quot;true&quot;
          class=&quot;lucide lucide-circle-alert&quot;
          fill=&quot;none&quot;
          height=&quot;48&quot;
          stroke=&quot;currentColor&quot;
          stroke-linecap=&quot;round&quot;
          stroke-linejoin=&quot;round&quot;
          stroke-width=&quot;2&quot;
          style=&quot;color: rgb(239, 68, 68); margin-bottom: 16px;&quot;
          viewBox=&quot;0 0 24 24&quot;
          width=&quot;48&quot;
          xmlns=&quot;http://www.w3.org/2000/svg&quot;
        &gt;
          &lt;circle
            cx=&quot;12&quot;
            cy=&quot;12&quot;
            r=&quot;10&quot;
          /&gt;
          &lt;line
            x1=&quot;12&quot;
            x2=&quot;12&quot;
            y1=&quot;8&quot;
            y2=&quot;12&quot;
          /&gt;
          &lt;line
            x1=&quot;12&quot;
            x2=&quot;12.01&quot;
            y1=&quot;16&quot;
            y2=&quot;16&quot;
          /&gt;
        &lt;/svg&gt;
        &lt;h3
          style=&quot;font-size: 20px; font-weight: bold; margin-bottom: 8px; color: rgb(31, 41, 55);&quot;
        &gt;
          Network Connection Issue
        &lt;/h3&gt;
        &lt;p
          style=&quot;font-size: 14px; margin-bottom: 20px; color: rgb(107, 114, 128); line-height: 1.5;&quot;
        &gt;
          Check your internet connection and try again. If the problem persists, contact your network administrator.
        &lt;/p&gt;
        &lt;details
          style=&quot;text-align: left; margin-bottom: 20px; background: rgba(0, 0, 0, 0.05); padding: 12px; border-radius: 6px; font-size: 12px;&quot;
        &gt;
          &lt;summary
            style=&quot;cursor: pointer; margin-bottom: 8px; color: rgb(107, 114, 128); font-size: 12px;&quot;
          &gt;
            &lt;svg
              aria-hidden=&quot;true&quot;
              class=&quot;lucide lucide-bug&quot;
              fill=&quot;none&quot;
              height=&quot;14&quot;
              stroke=&quot;currentColor&quot;
              stroke-linecap=&quot;round&quot;
              stroke-linejoin=&quot;round&quot;
              stroke-width=&quot;2&quot;
              style=&quot;margin-right: 6px; vertical-align: middle;&quot;
              viewBox=&quot;0 0 24 24&quot;
              width=&quot;14&quot;
              xmlns=&quot;http://www.w3.org/2000/svg&quot;
            &gt;
              &lt;path
                d=&quot;m8 2 1.88 1.88&quot;
              /&gt;
              &lt;path
                d=&quot;M14.12 3.88 16 2&quot;
              /&gt;
              &lt;path
                d=&quot;M9 7.13v-1a3.003 3.003 0 1 1 6 0v1&quot;
              /&gt;
              &lt;path
                d=&quot;M12 20c-3.3 0-6-2.7-6-6v-3a4 4 0 0 1 4-4h4a4 4 0 0 1 4 4v3c0 3.3-2.7 6-6 6&quot;
              /&gt;
              &lt;path
                d=&quot;M12 20v-9&quot;
              /&gt;
              &lt;path
                d=&quot;M6.53 9C4.6 8.8 3 7.1 3 5&quot;
              /&gt;
              &lt;path
                d=&quot;M6 13H2&quot;
              /&gt;
              &lt;path
                d=&quot;M3 21c0-2.1 1.7-3.9 3.8-4&quot;
              /&gt;
              &lt;path
                d=&quot;M20.97 5c0 2.1-1.6 3.8-3.5 4&quot;
              /&gt;
              &lt;path
                d=&quot;M22 13h-4&quot;
              /&gt;
              &lt;path
                d=&quot;M17.2 17c2.1.1 3.8 1.9 3.8 4&quot;
              /&gt;
            &lt;/svg&gt;
            Error Details (Development Only)
          &lt;/summary&gt;
          &lt;div
            style=&quot;font-family: monospace; color: rgb(75, 85, 99); word-break: break-word;&quot;
          &gt;
            &lt;strong&gt;
              Type:
            &lt;/strong&gt;
             
            NETWORK
            &lt;br /&gt;
            &lt;strong&gt;
              Code:
            &lt;/strong&gt;
             
            NETWORK_ERROR
            &lt;br /&gt;
            &lt;strong&gt;
              Message:
            &lt;/strong&gt;
             
            Test error message
            &lt;br /&gt;
            &lt;strong&gt;
              Stack:
            &lt;/strong&gt;
            &lt;pre
              style=&quot;white-space: pre-wrap; word-break: break-word; margin: 4px 0px 0px 0px; font-size: 10px;&quot;
            &gt;
              AppError: Test error message
    at ThrowErrorComponent (/home/ilya/projects/SimpleAdminReporter/frontend/src/components/query/__tests__/QueryPreviewErrorBoundary.test.tsx:59:19)
    at Object.react_stack_bottom_frame (/home/ilya/projects/SimpleAdminReporter/frontend/node_modules/react-dom/cjs/react-dom-client.development.js:23863:20)
    at renderWithHooks (/home/ilya/projects/SimpleAdminReporter/frontend/node_modules/react-dom/cjs/react-dom-client.development.js:5529:22)
    at updateFunctionComponent (/home/ilya/projects/SimpleAdminReporter/frontend/node_modules/react-dom/cjs/react-dom-client.development.js:8897:19)
    at beginWork (/home/ilya/projects/SimpleAdminReporter/frontend/node_modules/react-dom/cjs/react-dom-client.development.js:10522:18)
    at runWithFiberInDEV (/home/ilya/projects/SimpleAdminReporter/frontend/node_modules/react-dom/cjs/react-dom-client.development.js:1522:13...
 ❯ ThrowErrorComponent src/components/query/__tests__/QueryPreviewErrorBoundary.test.tsx:59:19
 ❯ Object.react_stack_bottom_frame node_modules/react-dom/cjs/react-dom-client.development.js:23863:20
 ❯ renderWithHooks node_modules/react-dom/cjs/react-dom-client.development.js:5529:22
 ❯ updateFunctionComponent node_modules/react-dom/cjs/react-dom-client.development.js:8897:19
 ❯ beginWork node_modules/react-dom/cjs/react-dom-client.development.js:10522:18
 ❯ Object.getElementError node_modules/@testing-library/dom/dist/config.js:37:19
 ❯ getElementError node_modules/@testing-library/dom/dist/query-helpers.js:20:35
 ❯ getMultipleElementsFoundError node_modules/@testing-library/dom/dist/query-helpers.js:23:10
 ❯ node_modules/@testing-library/dom/dist/query-helpers.js:55:13
 ❯ node_modules/@testing-library/dom/dist/query-helpers.js:95:19
 ❯ src/components/query/__tests__/QueryPreviewErrorBoundary.test.tsx:505:21
            </failure>
            <failure message="Cannot delete property &apos;gtag&apos; of #&lt;Object&gt;" type="TypeError">
TypeError: Cannot delete property &apos;gtag&apos; of #&lt;Object&gt;
 ❯ src/components/query/__tests__/QueryPreviewErrorBoundary.test.tsx:49:3
            </failure>
        </testcase>
        <testcase classname="src/components/query/__tests__/QueryPreviewErrorBoundary.test.tsx" name="QueryPreviewErrorBoundary &gt; Dark Mode Support &gt; applies dark mode styles correctly" time="0.157747517">
            <failure message="[2mexpect([22m[31melement[39m[2m).toHaveStyle()[22m

[32m- Expected[39m
[31m+ Received[39m

[32m- color: white;[39m" type="Error">
Error: expect(element).toHaveStyle()

- Expected
+ Received

- color: white;
 ❯ src/components/query/__tests__/QueryPreviewErrorBoundary.test.tsx:522:23
            </failure>
            <failure message="Cannot delete property &apos;gtag&apos; of #&lt;Object&gt;" type="TypeError">
TypeError: Cannot delete property &apos;gtag&apos; of #&lt;Object&gt;
 ❯ src/components/query/__tests__/QueryPreviewErrorBoundary.test.tsx:49:3
            </failure>
        </testcase>
        <testcase classname="src/components/query/__tests__/QueryPreviewErrorBoundary.test.tsx" name="QueryPreviewErrorBoundary &gt; Dark Mode Support &gt; applies light mode styles correctly" time="0.156770733">
            <failure message="[2mexpect([22m[31melement[39m[2m).toHaveStyle()[22m

[32m- Expected[39m
[31m+ Received[39m

[32m- color: rgb(31, 41, 55);[39m" type="Error">
Error: expect(element).toHaveStyle()

- Expected
+ Received

- color: rgb(31, 41, 55);
 ❯ src/components/query/__tests__/QueryPreviewErrorBoundary.test.tsx:536:23
            </failure>
            <failure message="Cannot delete property &apos;gtag&apos; of #&lt;Object&gt;" type="TypeError">
TypeError: Cannot delete property &apos;gtag&apos; of #&lt;Object&gt;
 ❯ src/components/query/__tests__/QueryPreviewErrorBoundary.test.tsx:49:3
            </failure>
        </testcase>
        <testcase classname="src/components/query/__tests__/QueryPreviewErrorBoundary.test.tsx" name="QueryPreviewErrorBoundary &gt; Development Mode Features &gt; shows error details in development mode" time="0.292991431">
            <failure message="Found multiple elements with the text: Error Details (Development Only)

Here are the matching elements:

Ignored nodes: comments, script, style
[36m&lt;summary[39m
  [33mstyle[39m=[32m&quot;cursor: pointer; margin-bottom: 8px; color: rgb(107, 114, 128); font-size: 12px;&quot;[39m
[36m&gt;[39m
  [36m&lt;svg[39m
    [33maria-hidden[39m=[32m&quot;true&quot;[39m
    [33mclass[39m=[32m&quot;lucide lucide-bug&quot;[39m
    [33mfill[39m=[32m&quot;none&quot;[39m
    [33mheight[39m=[32m&quot;14&quot;[39m
    [33mstroke[39m=[32m&quot;currentColor&quot;[39m
    [33mstroke-linecap[39m=[32m&quot;round&quot;[39m
    [33mstroke-linejoin[39m=[32m&quot;round&quot;[39m
    [33mstroke-width[39m=[32m&quot;2&quot;[39m
    [33mstyle[39m=[32m&quot;margin-right: 6px; vertical-align: middle;&quot;[39m
    [33mviewBox[39m=[32m&quot;0 0 24 24&quot;[39m
    [33mwidth[39m=[32m&quot;14&quot;[39m
    [33mxmlns[39m=[32m&quot;http://www.w3.org/2000/svg&quot;[39m
  [36m&gt;[39m
    [36m&lt;path[39m
      [33md[39m=[32m&quot;m8 2 1.88 1.88&quot;[39m
    [36m/&gt;[39m
    [36m&lt;path[39m
      [33md[39m=[32m&quot;M14.12 3.88 16 2&quot;[39m
    [36m/&gt;[39m
    [36m&lt;path[39m
      [33md[39m=[32m&quot;M9 7.13v-1a3.003 3.003 0 1 1 6 0v1&quot;[39m
    [36m/&gt;[39m
    [36m&lt;path[39m
      [33md[39m=[32m&quot;M12 20c-3.3 0-6-2.7-6-6v-3a4 4 0 0 1 4-4h4a4 4 0 0 1 4 4v3c0 3.3-2.7 6-6 6&quot;[39m
    [36m/&gt;[39m
    [36m&lt;path[39m
      [33md[39m=[32m&quot;M12 20v-9&quot;[39m
    [36m/&gt;[39m
    [36m&lt;path[39m
      [33md[39m=[32m&quot;M6.53 9C4.6 8.8 3 7.1 3 5&quot;[39m
    [36m/&gt;[39m
    [36m&lt;path[39m
      [33md[39m=[32m&quot;M6 13H2&quot;[39m
    [36m/&gt;[39m
    [36m&lt;path[39m
      [33md[39m=[32m&quot;M3 21c0-2.1 1.7-3.9 3.8-4&quot;[39m
    [36m/&gt;[39m
    [36m&lt;path[39m
      [33md[39m=[32m&quot;M20.97 5c0 2.1-1.6 3.8-3.5 4&quot;[39m
    [36m/&gt;[39m
    [36m&lt;path[39m
      [33md[39m=[32m&quot;M22 13h-4&quot;[39m
    [36m/&gt;[39m
    [36m&lt;path[39m
      [33md[39m=[32m&quot;M17.2 17c2.1.1 3.8 1.9 3.8 4&quot;[39m
    [36m/&gt;[39m
  [36m&lt;/svg&gt;[39m
  [0mError Details (Development Only)[0m
[36m&lt;/summary&gt;[39m

Ignored nodes: comments, script, style
[36m&lt;summary[39m
  [33mstyle[39m=[32m&quot;cursor: pointer; margin-bottom: 8px; color: rgb(107, 114, 128); font-size: 12px;&quot;[39m
[36m&gt;[39m
  [36m&lt;svg[39m
    [33maria-hidden[39m=[32m&quot;true&quot;[39m
    [33mclass[39m=[32m&quot;lucide lucide-bug&quot;[39m
    [33mfill[39m=[32m&quot;none&quot;[39m
    [33mheight[39m=[32m&quot;14&quot;[39m
    [33mstroke[39m=[32m&quot;currentColor&quot;[39m
    [33mstroke-linecap[39m=[32m&quot;round&quot;[39m
    [33mstroke-linejoin[39m=[32m&quot;round&quot;[39m
    [33mstroke-width[39m=[32m&quot;2&quot;[39m
    [33mstyle[39m=[32m&quot;margin-right: 6px; vertical-align: middle;&quot;[39m
    [33mviewBox[39m=[32m&quot;0 0 24 24&quot;[39m
    [33mwidth[39m=[32m&quot;14&quot;[39m
    [33mxmlns[39m=[32m&quot;http://www.w3.org/2000/svg&quot;[39m
  [36m&gt;[39m
    [36m&lt;path[39m
      [33md[39m=[32m&quot;m8 2 1.88 1.88&quot;[39m
    [36m/&gt;[39m
    [36m&lt;path[39m
      [33md[39m=[32m&quot;M14.12 3.88 16 2&quot;[39m
    [36m/&gt;[39m
    [36m&lt;path[39m
      [33md[39m=[32m&quot;M9 7.13v-1a3.003 3.003 0 1 1 6 0v1&quot;[39m
    [36m/&gt;[39m
    [36m&lt;path[39m
      [33md[39m=[32m&quot;M12 20c-3.3 0-6-2.7-6-6v-3a4 4 0 0 1 4-4h4a4 4 0 0 1 4 4v3c0 3.3-2.7 6-6 6&quot;[39m
    [36m/&gt;[39m
    [36m&lt;path[39m
      [33md[39m=[32m&quot;M12 20v-9&quot;[39m
    [36m/&gt;[39m
    [36m&lt;path[39m
      [33md[39m=[32m&quot;M6.53 9C4.6 8.8 3 7.1 3 5&quot;[39m
    [36m/&gt;[39m
    [36m&lt;path[39m
      [33md[39m=[32m&quot;M6 13H2&quot;[39m
    [36m/&gt;[39m
    [36m&lt;path[39m
      [33md[39m=[32m&quot;M3 21c0-2.1 1.7-3.9 3.8-4&quot;[39m
    [36m/&gt;[39m
    [36m&lt;path[39m
      [33md[39m=[32m&quot;M20.97 5c0 2.1-1.6 3.8-3.5 4&quot;[39m
    [36m/&gt;[39m
    [36m&lt;path[39m
      [33md[39m=[32m&quot;M22 13h-4&quot;[39m
    [36m/&gt;[39m
    [36m&lt;path[39m
      [33md[39m=[32m&quot;M17.2 17c2.1.1 3.8 1.9 3.8 4&quot;[39m
    [36m/&gt;[39m
  [36m&lt;/svg&gt;[39m
  [0mError Details (Development Only)[0m
[36m&lt;/summary&gt;[39m

Ignored nodes: comments, script, style
[36m&lt;summary[39m
  [33mstyle[39m=[32m&quot;cursor: pointer; margin-bottom: 8px; color: rgb(107, 114, 128); font-size: 12px;&quot;[39m
[36m&gt;[39m
  [36m&lt;svg[39m
    [33maria-hidden[39m=[32m&quot;true&quot;[39m
    [33mclass[39m=[32m&quot;lucide lucide-bug&quot;[39m
    [33mfill[39m=[32m&quot;none&quot;[39m
    [33mheight[39m=[32m&quot;14&quot;[39m
    [33mstroke[39m=[32m&quot;currentColor&quot;[39m
    [33mstroke-linecap[39m=[32m&quot;round&quot;[39m
    [33mstroke-linejoin[39m=[32m&quot;round&quot;[39m
    [33mstroke-width[39m=[32m&quot;2&quot;[39m
    [33mstyle[39m=[32m&quot;margin-right: 6px; vertical-align: middle;&quot;[39m
    [33mviewBox[39m=[32m&quot;0 0 24 24&quot;[39m
    [33mwidth[39m=[32m&quot;14&quot;[39m
    [33mxmlns[39m=[32m&quot;http://www.w3.org/2000/svg&quot;[39m
  [36m&gt;[39m
    [36m&lt;path[39m
      [33md[39m=[32m&quot;m8 2 1.88 1.88&quot;[39m
    [36m/&gt;[39m
    [36m&lt;path[39m
      [33md[39m=[32m&quot;M14.12 3.88 16 2&quot;[39m
    [36m/&gt;[39m
    [36m&lt;path[39m
      [33md[39m=[32m&quot;M9 7.13v-1a3.003 3.003 0 1 1 6 0v1&quot;[39m
    [36m/&gt;[39m
    [36m&lt;path[39m
      [33md[39m=[32m&quot;M12 20c-3.3 0-6-2.7-6-6v-3a4 4 0 0 1 4-4h4a4 4 0 0 1 4 4v3c0 3.3-2.7 6-6 6&quot;[39m
    [36m/&gt;[39m
    [36m&lt;path[39m
      [33md[39m=[32m&quot;M12 20v-9&quot;[39m
    [36m/&gt;[39m
    [36m&lt;path[39m
      [33md[39m=[32m&quot;M6.53 9C4.6 8.8 3 7.1 3 5&quot;[39m
    [36m/&gt;[39m
    [36m&lt;path[39m
      [33md[39m=[32m&quot;M6 13H2&quot;[39m
    [36m/&gt;[39m
    [36m&lt;path[39m
      [33md[39m=[32m&quot;M3 21c0-2.1 1.7-3.9 3.8-4&quot;[39m
    [36m/&gt;[39m
    [36m&lt;path[39m
      [33md[39m=[32m&quot;M20.97 5c0 2.1-1.6 3.8-3.5 4&quot;[39m
    [36m/&gt;[39m
    [36m&lt;path[39m
      [33md[39m=[32m&quot;M22 13h-4&quot;[39m
    [36m/&gt;[39m
    [36m&lt;path[39m
      [33md[39m=[32m&quot;M17.2 17c2.1.1 3.8 1.9 3.8 4&quot;[39m
    [36m/&gt;[39m
  [36m&lt;/svg&gt;[39m
  [0mError Details (Development Only)[0m
[36m&lt;/summary&gt;[39m

Ignored nodes: comments, script, style
[36m&lt;summary[39m
  [33mstyle[39m=[32m&quot;cursor: pointer; margin-bottom: 8px; color: rgb(107, 114, 128); font-size: 12px;&quot;[39m
[36m&gt;[39m
  [36m&lt;svg[39m
    [33maria-hidden[39m=[32m&quot;true&quot;[39m
    [33mclass[39m=[32m&quot;lucide lucide-bug&quot;[39m
    [33mfill[39m=[32m&quot;none&quot;[39m
    [33mheight[39m=[32m&quot;14&quot;[39m
    [33mstroke[39m=[32m&quot;currentColor&quot;[39m
    [33mstroke-linecap[39m=[32m&quot;round&quot;[39m
    [33mstroke-linejoin[39m=[32m&quot;round&quot;[39m
    [33mstroke-width[39m=[32m&quot;2&quot;[39m
    [33mstyle[39m=[32m&quot;margin-right: 6px; vertical-align: middle;&quot;[39m
    [33mviewBox[39m=[32m&quot;0 0 24 24&quot;[39m
    [33mwidth[39m=[32m&quot;14&quot;[39m
    [33mxmlns[39m=[32m&quot;http://www.w3.org/2000/svg&quot;[39m
  [36m&gt;[39m
    [36m&lt;path[39m
      [33md[39m=[32m&quot;m8 2 1.88 1.88&quot;[39m
    [36m/&gt;[39m
    [36m&lt;path[39m
      [33md[39m=[32m&quot;M14.12 3.88 16 2&quot;[39m
    [36m/&gt;[39m
    [36m&lt;path[39m
      [33md[39m=[32m&quot;M9 7.13v-1a3.003 3.003 0 1 1 6 0v1&quot;[39m
    [36m/&gt;[39m
    [36m&lt;path[39m
      [33md[39m=[32m&quot;M12 20c-3.3 0-6-2.7-6-6v-3a4 4 0 0 1 4-4h4a4 4 0 0 1 4 4v3c0 3.3-2.7 6-6 6&quot;[39m
    [36m/&gt;[39m
    [36m&lt;path[39m
      [33md[39m=[32m&quot;M12 20v-9&quot;[39m
    [36m/&gt;[39m
    [36m&lt;path[39m
      [33md[39m=[32m&quot;M6.53 9C4.6 8.8 3 7.1 3 5&quot;[39m
    [36m/&gt;[39m
    [36m&lt;path[39m
      [33md[39m=[32m&quot;M6 13H2&quot;[39m
    [36m/&gt;[39m
    [36m&lt;path[39m
      [33md[39m=[32m&quot;M3 21c0-2.1 1.7-3.9 3.8-4&quot;[39m
    [36m/&gt;[39m
    [36m&lt;path[39m
      [33md[39m=[32m&quot;M20.97 5c0 2.1-1.6 3.8-3.5 4&quot;[39m
    [36m/&gt;[39m
    [36m&lt;path[39m
      [33md[39m=[32m&quot;M22 13h-4&quot;[39m
    [36m/&gt;[39m
    [36m&lt;path[39m
      [33md[39m=[32m&quot;M17.2 17c2.1.1 3.8 1.9 3.8 4&quot;[39m
    [36m/&gt;[39m
  [36m&lt;/svg&gt;[39m
  [0mError Details (Development Only)[0m
[36m&lt;/summary&gt;[39m

Ignored nodes: comments, script, style
[36m&lt;summary[39m
  [33mstyle[39m=[32m&quot;cursor: pointer; margin-bottom: 8px; color: rgb(107, 114, 128); font-size: 12px;&quot;[39m
[36m&gt;[39m
  [36m&lt;svg[39m
    [33maria-hidden[39m=[32m&quot;true&quot;[39m
    [33mclass[39m=[32m&quot;lucide lucide-bug&quot;[39m
    [33mfill[39m=[32m&quot;none&quot;[39m
    [33mheight[39m=[32m&quot;14&quot;[39m
    [33mstroke[39m=[32m&quot;currentColor&quot;[39m
    [33mstroke-linecap[39m=[32m&quot;round&quot;[39m
    [33mstroke-linejoin[39m=[32m&quot;round&quot;[39m
    [33mstroke-width[39m=[32m&quot;2&quot;[39m
    [33mstyle[39m=[32m&quot;margin-right: 6px; vertical-align: middle;&quot;[39m
    [33mviewBox[39m=[32m&quot;0 0 24 24&quot;[39m
    [33mwidth[39m=[32m&quot;14&quot;[39m
    [33mxmlns[39m=[32m&quot;http://www.w3.org/2000/svg&quot;[39m
  [36m&gt;[39m
    [36m&lt;path[39m
      [33md[39m=[32m&quot;m8 2 1.88 1.88&quot;[39m
    [36m/&gt;[39m
    [36m&lt;path[39m
      [33md[39m=[32m&quot;M14.12 3.88 16 2&quot;[39m
    [36m/&gt;[39m
    [36m&lt;path[39m
      [33md[39m=[32m&quot;M9 7.13v-1a3.003 3.003 0 1 1 6 0v1&quot;[39m
    [36m/&gt;[39m
    [36m&lt;path[39m
      [33md[39m=[32m&quot;M12 20c-3.3 0-6-2.7-6-6v-3a4 4 0 0 1 4-4h4a4 4 0 0 1 4 4v3c0 3.3-2.7 6-6 6&quot;[39m
    [36m/&gt;[39m
    [36m&lt;path[39m
      [33md[39m=[32m&quot;M12 20v-9&quot;[39m
    [36m/&gt;[39m
    [36m&lt;path[39m
      [33md[39m=[32m&quot;M6.53 9C4.6 8.8 3 7.1 3 5&quot;[39m
    [36m/&gt;[39m
    [36m&lt;path[39m
      [33md[39m=[32m&quot;M6 13H2&quot;[39m
    [36m/&gt;[39m
    [36m&lt;path[39m
      [33md[39m=[32m&quot;M3 21c0-2.1 1.7-3.9 3.8-4&quot;[39m
    [36m/&gt;[39m
    [36m&lt;path[39m
      [33md[39m=[32m&quot;M20.97 5c0 2.1-1.6 3.8-3.5 4&quot;[39m
    [36m/&gt;[39m
    [36m&lt;path[39m
      [33md[39m=[32m&quot;M22 13h-4&quot;[39m
    [36m/&gt;[39m
    [36m&lt;path[39m
      [33md[39m=[32m&quot;M17.2 17c2.1.1 3.8 1.9 3.8 4&quot;[39m
    [36m/&gt;[39m
  [36m&lt;/svg&gt;[39m
  [0mError Details (Development Only)[0m
[36m&lt;/summary&gt;[39m

Ignored nodes: comments, script, style
[36m&lt;summary[39m
  [33mstyle[39m=[32m&quot;cursor: pointer; margin-bottom: 8px; color: rgb(107, 114, 128); font-size: 12px;&quot;[39m
[36m&gt;[39m
  [36m&lt;svg[39m
    [33maria-hidden[39m=[32m&quot;true&quot;[39m
    [33mclass[39m=[32m&quot;lucide lucide-bug&quot;[39m
    [33mfill[39m=[32m&quot;none&quot;[39m
    [33mheight[39m=[32m&quot;14&quot;[39m
    [33mstroke[39m=[32m&quot;currentColor&quot;[39m
    [33mstroke-linecap[39m=[32m&quot;round&quot;[39m
    [33mstroke-linejoin[39m=[32m&quot;round&quot;[39m
    [33mstroke-width[39m=[32m&quot;2&quot;[39m
    [33mstyle[39m=[32m&quot;margin-right: 6px; vertical-align: middle;&quot;[39m
    [33mviewBox[39m=[32m&quot;0 0 24 24&quot;[39m
    [33mwidth[39m=[32m&quot;14&quot;[39m
    [33mxmlns[39m=[32m&quot;http://www.w3.org/2000/svg&quot;[39m
  [36m&gt;[39m
    [36m&lt;path[39m
      [33md[39m=[32m&quot;m8 2 1.88 1.88&quot;[39m
    [36m/&gt;[39m
    [36m&lt;path[39m
      [33md[39m=[32m&quot;M14.12 3.88 16 2&quot;[39m
    [36m/&gt;[39m
    [36m&lt;path[39m
      [33md[39m=[32m&quot;M9 7.13v-1a3.003 3.003 0 1 1 6 0v1&quot;[39m
    [36m/&gt;[39m
    [36m&lt;path[39m
      [33md[39m=[32m&quot;M12 20c-3.3 0-6-2.7-6-6v-3a4 4 0 0 1 4-4h4a4 4 0 0 1 4 4v3c0 3.3-2.7 6-6 6&quot;[39m
    [36m/&gt;[39m
    [36m&lt;path[39m
      [33md[39m=[32m&quot;M12 20v-9&quot;[39m
    [36m/&gt;[39m
    [36m&lt;path[39m
      [33md[39m=[32m&quot;M6.53 9C4.6 8.8 3 7.1 3 5&quot;[39m
    [36m/&gt;[39m
    [36m&lt;path[39m
      [33md[39m=[32m&quot;M6 13H2&quot;[39m
    [36m/&gt;[39m
    [36m&lt;path[39m
      [33md[39m=[32m&quot;M3 21c0-2.1 1.7-3.9 3.8-4&quot;[39m
    [36m/&gt;[39m
    [36m&lt;path[39m
      [33md[39m=[32m&quot;M20.97 5c0 2.1-1.6 3.8-3.5 4&quot;[39m
    [36m/&gt;[39m
    [36m&lt;path[39m
      [33md[39m=[32m&quot;M22 13h-4&quot;[39m
    [36m/&gt;[39m
    [36m&lt;path[39m
      [33md[39m=[32m&quot;M17.2 17c2.1.1 3.8 1.9 3.8 4&quot;[39m
    [36m/&gt;[39m
  [36m&lt;/svg&gt;[39m
  [0mError Details (Development Only)[0m
[36m&lt;/summary&gt;[39m

Ignored nodes: comments, script, style
[36m&lt;summary[39m
  [33mstyle[39m=[32m&quot;cursor: pointer; margin-bottom: 8px; color: rgb(107, 114, 128); font-size: 12px;&quot;[39m
[36m&gt;[39m
  [36m&lt;svg[39m
    [33maria-hidden[39m=[32m&quot;true&quot;[39m
    [33mclass[39m=[32m&quot;lucide lucide-bug&quot;[39m
    [33mfill[39m=[32m&quot;none&quot;[39m
    [33mheight[39m=[32m&quot;14&quot;[39m
    [33mstroke[39m=[32m&quot;currentColor&quot;[39m
    [33mstroke-linecap[39m=[32m&quot;round&quot;[39m
    [33mstroke-linejoin[39m=[32m&quot;round&quot;[39m
    [33mstroke-width[39m=[32m&quot;2&quot;[39m
    [33mstyle[39m=[32m&quot;margin-right: 6px; vertical-align: middle;&quot;[39m
    [33mviewBox[39m=[32m&quot;0 0 24 24&quot;[39m
    [33mwidth[39m=[32m&quot;14&quot;[39m
    [33mxmlns[39m=[32m&quot;http://www.w3.org/2000/svg&quot;[39m
  [36m&gt;[39m
    [36m&lt;path[39m
      [33md[39m=[32m&quot;m8 2 1.88 1.88&quot;[39m
    [36m/&gt;[39m
    [36m&lt;path[39m
      [33md[39m=[32m&quot;M14.12 3.88 16 2&quot;[39m
    [36m/&gt;[39m
    [36m&lt;path[39m
      [33md[39m=[32m&quot;M9 7.13v-1a3.003 3.003 0 1 1 6 0v1&quot;[39m
    [36m/&gt;[39m
    [36m&lt;path[39m
      [33md[39m=[32m&quot;M12 20c-3.3 0-6-2.7-6-6v-3a4 4 0 0 1 4-4h4a4 4 0 0 1 4 4v3c0 3.3-2.7 6-6 6&quot;[39m
    [36m/&gt;[39m
    [36m&lt;path[39m
      [33md[39m=[32m&quot;M12 20v-9&quot;[39m
    [36m/&gt;[39m
    [36m&lt;path[39m
      [33md[39m=[32m&quot;M6.53 9C4.6 8.8 3 7.1 3 5&quot;[39m
    [36m/&gt;[39m
    [36m&lt;path[39m
      [33md[39m=[32m&quot;M6 13H2&quot;[39m
    [36m/&gt;[39m
    [36m&lt;path[39m
      [33md[39m=[32m&quot;M3 21c0-2.1 1.7-3.9 3.8-4&quot;[39m
    [36m/&gt;[39m
    [36m&lt;path[39m
      [33md[39m=[32m&quot;M20.97 5c0 2.1-1.6 3.8-3.5 4&quot;[39m
    [36m/&gt;[39m
    [36m&lt;path[39m
      [33md[39m=[32m&quot;M22 13h-4&quot;[39m
    [36m/&gt;[39m
    [36m&lt;path[39m
      [33md[39m=[32m&quot;M17.2 17c2.1.1 3.8 1.9 3.8 4&quot;[39m
    [36m/&gt;[39m
  [36m&lt;/svg&gt;[39m
  [0mError Details (Development Only)[0m
[36m&lt;/summary&gt;[39m

Ignored nodes: comments, script, style
[36m&lt;summary[39m
  [33mstyle[39m=[32m&quot;cursor: pointer; margin-bottom: 8px; color: rgb(107, 114, 128); font-size: 12px;&quot;[39m
[36m&gt;[39m
  [36m&lt;svg[39m
    [33maria-hidden[39m=[32m&quot;true&quot;[39m
    [33mclass[39m=[32m&quot;lucide lucide-bug&quot;[39m
    [33mfill[39m=[32m&quot;none&quot;[39m
    [33mheight[39m=[32m&quot;14&quot;[39m
    [33mstroke[39m=[32m&quot;currentColor&quot;[39m
    [33mstroke-linecap[39m=[32m&quot;round&quot;[39m
    [33mstroke-linejoin[39m=[32m&quot;round&quot;[39m
    [33mstroke-width[39m=[32m&quot;2&quot;[39m
    [33mstyle[39m=[32m&quot;margin-right: 6px; vertical-align: middle;&quot;[39m
    [33mviewBox[39m=[32m&quot;0 0 24 24&quot;[39m
    [33mwidth[39m=[32m&quot;14&quot;[39m
    [33mxmlns[39m=[32m&quot;http://www.w3.org/2000/svg&quot;[39m
  [36m&gt;[39m
    [36m&lt;path[39m
      [33md[39m=[32m&quot;m8 2 1.88 1.88&quot;[39m
    [36m/&gt;[39m
    [36m&lt;path[39m
      [33md[39m=[32m&quot;M14.12 3.88 16 2&quot;[39m
    [36m/&gt;[39m
    [36m&lt;path[39m
      [33md[39m=[32m&quot;M9 7.13v-1a3.003 3.003 0 1 1 6 0v1&quot;[39m
    [36m/&gt;[39m
    [36m&lt;path[39m
      [33md[39m=[32m&quot;M12 20c-3.3 0-6-2.7-6-6v-3a4 4 0 0 1 4-4h4a4 4 0 0 1 4 4v3c0 3.3-2.7 6-6 6&quot;[39m
    [36m/&gt;[39m
    [36m&lt;path[39m
      [33md[39m=[32m&quot;M12 20v-9&quot;[39m
    [36m/&gt;[39m
    [36m&lt;path[39m
      [33md[39m=[32m&quot;M6.53 9C4.6 8.8 3 7.1 3 5&quot;[39m
    [36m/&gt;[39m
    [36m&lt;path[39m
      [33md[39m=[32m&quot;M6 13H2&quot;[39m
    [36m/&gt;[39m
    [36m&lt;path[39m
      [33md[39m=[32m&quot;M3 21c0-2.1 1.7-3.9 3.8-4&quot;[39m
    [36m/&gt;[39m
    [36m&lt;path[39m
      [33md[39m=[32m&quot;M20.97 5c0 2.1-1.6 3.8-3.5 4&quot;[39m
    [36m/&gt;[39m
    [36m&lt;path[39m
      [33md[39m=[32m&quot;M22 13h-4&quot;[39m
    [36m/&gt;[39m
    [36m&lt;path[39m
      [33md[39m=[32m&quot;M17.2 17c2.1.1 3.8 1.9 3.8 4&quot;[39m
    [36m/&gt;[39m
  [36m&lt;/svg&gt;[39m
  [0mError Details (Development Only)[0m
[36m&lt;/summary&gt;[39m

Ignored nodes: comments, script, style
[36m&lt;summary[39m
  [33mstyle[39m=[32m&quot;cursor: pointer; margin-bottom: 8px; color: rgb(107, 114, 128); font-size: 12px;&quot;[39m
[36m&gt;[39m
  [36m&lt;svg[39m
    [33maria-hidden[39m=[32m&quot;true&quot;[39m
    [33mclass[39m=[32m&quot;lucide lucide-bug&quot;[39m
    [33mfill[39m=[32m&quot;none&quot;[39m
    [33mheight[39m=[32m&quot;14&quot;[39m
    [33mstroke[39m=[32m&quot;currentColor&quot;[39m
    [33mstroke-linecap[39m=[32m&quot;round&quot;[39m
    [33mstroke-linejoin[39m=[32m&quot;round&quot;[39m
    [33mstroke-width[39m=[32m&quot;2&quot;[39m
    [33mstyle[39m=[32m&quot;margin-right: 6px; vertical-align: middle;&quot;[39m
    [33mviewBox[39m=[32m&quot;0 0 24 24&quot;[39m
    [33mwidth[39m=[32m&quot;14&quot;[39m
    [33mxmlns[39m=[32m&quot;http://www.w3.org/2000/svg&quot;[39m
  [36m&gt;[39m
    [36m&lt;path[39m
      [33md[39m=[32m&quot;m8 2 1.88 1.88&quot;[39m
    [36m/&gt;[39m
    [36m&lt;path[39m
      [33md[39m=[32m&quot;M14.12 3.88 16 2&quot;[39m
    [36m/&gt;[39m
    [36m&lt;path[39m
      [33md[39m=[32m&quot;M9 7.13v-1a3.003 3.003 0 1 1 6 0v1&quot;[39m
    [36m/&gt;[39m
    [36m&lt;path[39m
      [33md[39m=[32m&quot;M12 20c-3.3 0-6-2.7-6-6v-3a4 4 0 0 1 4-4h4a4 4 0 0 1 4 4v3c0 3.3-2.7 6-6 6&quot;[39m
    [36m/&gt;[39m
    [36m&lt;path[39m
      [33md[39m=[32m&quot;M12 20v-9&quot;[39m
    [36m/&gt;[39m
    [36m&lt;path[39m
      [33md[39m=[32m&quot;M6.53 9C4.6 8.8 3 7.1 3 5&quot;[39m
    [36m/&gt;[39m
    [36m&lt;path[39m
      [33md[39m=[32m&quot;M6 13H2&quot;[39m
    [36m/&gt;[39m
    [36m&lt;path[39m
      [33md[39m=[32m&quot;M3 21c0-2.1 1.7-3.9 3.8-4&quot;[39m
    [36m/&gt;[39m
    [36m&lt;path[39m
      [33md[39m=[32m&quot;M20.97 5c0 2.1-1.6 3.8-3.5 4&quot;[39m
    [36m/&gt;[39m
    [36m&lt;path[39m
      [33md[39m=[32m&quot;M22 13h-4&quot;[39m
    [36m/&gt;[39m
    [36m&lt;path[39m
      [33md[39m=[32m&quot;M17.2 17c2.1.1 3.8 1.9 3.8 4&quot;[39m
    [36m/&gt;[39m
  [36m&lt;/svg&gt;[39m
  [0mError Details (Development Only)[0m
[36m&lt;/summary&gt;[39m

Ignored nodes: comments, script, style
[36m&lt;summary[39m
  [33mstyle[39m=[32m&quot;cursor: pointer; margin-bottom: 8px; color: rgb(107, 114, 128); font-size: 12px;&quot;[39m
[36m&gt;[39m
  [36m&lt;svg[39m
    [33maria-hidden[39m=[32m&quot;true&quot;[39m
    [33mclass[39m=[32m&quot;lucide lucide-bug&quot;[39m
    [33mfill[39m=[32m&quot;none&quot;[39m
    [33mheight[39m=[32m&quot;14&quot;[39m
    [33mstroke[39m=[32m&quot;currentColor&quot;[39m
    [33mstroke-linecap[39m=[32m&quot;round&quot;[39m
    [33mstroke-linejoin[39m=[32m&quot;round&quot;[39m
    [33mstroke-width[39m=[32m&quot;2&quot;[39m
    [33mstyle[39m=[32m&quot;margin-right: 6px; vertical-align: middle;&quot;[39m
    [33mviewBox[39m=[32m&quot;0 0 24 24&quot;[39m
    [33mwidth[39m=[32m&quot;14&quot;[39m
    [33mxmlns[39m=[32m&quot;http://www.w3.org/2000/svg&quot;[39m
  [36m&gt;[39m
    [36m&lt;path[39m
      [33md[39m=[32m&quot;m8 2 1.88 1.88&quot;[39m
    [36m/&gt;[39m
    [36m&lt;path[39m
      [33md[39m=[32m&quot;M14.12 3.88 16 2&quot;[39m
    [36m/&gt;[39m
    [36m&lt;path[39m
      [33md[39m=[32m&quot;M9 7.13v-1a3.003 3.003 0 1 1 6 0v1&quot;[39m
    [36m/&gt;[39m
    [36m&lt;path[39m
      [33md[39m=[32m&quot;M12 20c-3.3 0-6-2.7-6-6v-3a4 4 0 0 1 4-4h4a4 4 0 0 1 4 4v3c0 3.3-2.7 6-6 6&quot;[39m
    [36m/&gt;[39m
    [36m&lt;path[39m
      [33md[39m=[32m&quot;M12 20v-9&quot;[39m
    [36m/&gt;[39m
    [36m&lt;path[39m
      [33md[39m=[32m&quot;M6.53 9C4.6 8.8 3 7.1 3 5&quot;[39m
    [36m/&gt;[39m
    [36m&lt;path[39m
      [33md[39m=[32m&quot;M6 13H2&quot;[39m
    [36m/&gt;[39m
    [36m&lt;path[39m
      [33md[39m=[32m&quot;M3 21c0-2.1 1.7-3.9 3.8-4&quot;[39m
    [36m/&gt;[39m
    [36m&lt;path[39m
      [33md[39m=[32m&quot;M20.97 5c0 2.1-1.6 3.8-3.5 4&quot;[39m
    [36m/&gt;[39m
    [36m&lt;path[39m
      [33md[39m=[32m&quot;M22 13h-4&quot;[39m
    [36m/&gt;[39m
    [36m&lt;path[39m
      [33md[39m=[32m&quot;M17.2 17c2.1.1 3.8 1.9 3.8 4&quot;[39m
    [36m/&gt;[39m
  [36m&lt;/svg&gt;[39m
  [0mError Details (Development Only)[0m
[36m&lt;/summary&gt;[39m

Ignored nodes: comments, script, style
[36m&lt;summary[39m
  [33mstyle[39m=[32m&quot;cursor: pointer; margin-bottom: 8px; color: rgb(107, 114, 128); font-size: 12px;&quot;[39m
[36m&gt;[39m
  [36m&lt;svg[39m
    [33maria-hidden[39m=[32m&quot;true&quot;[39m
    [33mclass[39m=[32m&quot;lucide lucide-bug&quot;[39m
    [33mfill[39m=[32m&quot;none&quot;[39m
    [33mheight[39m=[32m&quot;14&quot;[39m
    [33mstroke[39m=[32m&quot;currentColor&quot;[39m
    [33mstroke-linecap[39m=[32m&quot;round&quot;[39m
    [33mstroke-linejoin[39m=[32m&quot;round&quot;[39m
    [33mstroke-width[39m=[32m&quot;2&quot;[39m
    [33mstyle[39m=[32m&quot;margin-right: 6px; vertical-align: middle;&quot;[39m
    [33mviewBox[39m=[32m&quot;0 0 24 24&quot;[39m
    [33mwidth[39m=[32m&quot;14&quot;[39m
    [33mxmlns[39m=[32m&quot;http://www.w3.org/2000/svg&quot;[39m
  [36m&gt;[39m
    [36m&lt;path[39m
      [33md[39m=[32m&quot;m8 2 1.88 1.88&quot;[39m
    [36m/&gt;[39m
    [36m&lt;path[39m
      [33md[39m=[32m&quot;M14.12 3.88 16 2&quot;[39m
    [36m/&gt;[39m
    [36m&lt;path[39m
      [33md[39m=[32m&quot;M9 7.13v-1a3.003 3.003 0 1 1 6 0v1&quot;[39m
    [36m/&gt;[39m
    [36m&lt;path[39m
      [33md[39m=[32m&quot;M12 20c-3.3 0-6-2.7-6-6v-3a4 4 0 0 1 4-4h4a4 4 0 0 1 4 4v3c0 3.3-2.7 6-6 6&quot;[39m
    [36m/&gt;[39m
    [36m&lt;path[39m
      [33md[39m=[32m&quot;M12 20v-9&quot;[39m
    [36m/&gt;[39m
    [36m&lt;path[39m
      [33md[39m=[32m&quot;M6.53 9C4.6 8.8 3 7.1 3 5&quot;[39m
    [36m/&gt;[39m
    [36m&lt;path[39m
      [33md[39m=[32m&quot;M6 13H2&quot;[39m
    [36m/&gt;[39m
    [36m&lt;path[39m
      [33md[39m=[32m&quot;M3 21c0-2.1 1.7-3.9 3.8-4&quot;[39m
    [36m/&gt;[39m
    [36m&lt;path[39m
      [33md[39m=[32m&quot;M20.97 5c0 2.1-1.6 3.8-3.5 4&quot;[39m
    [36m/&gt;[39m
    [36m&lt;path[39m
      [33md[39m=[32m&quot;M22 13h-4&quot;[39m
    [36m/&gt;[39m
    [36m&lt;path[39m
      [33md[39m=[32m&quot;M17.2 17c2.1.1 3.8 1.9 3.8 4&quot;[39m
    [36m/&gt;[39m
  [36m&lt;/svg&gt;[39m
  [0mError Details (Development Only)[0m
[36m&lt;/summary&gt;[39m

Ignored nodes: comments, script, style
[36m&lt;summary[39m
  [33mstyle[39m=[32m&quot;cursor: pointer; margin-bottom: 8px; color: rgb(107, 114, 128); font-size: 12px;&quot;[39m
[36m&gt;[39m
  [36m&lt;svg[39m
    [33maria-hidden[39m=[32m&quot;true&quot;[39m
    [33mclass[39m=[32m&quot;lucide lucide-bug&quot;[39m
    [33mfill[39m=[32m&quot;none&quot;[39m
    [33mheight[39m=[32m&quot;14&quot;[39m
    [33mstroke[39m=[32m&quot;currentColor&quot;[39m
    [33mstroke-linecap[39m=[32m&quot;round&quot;[39m
    [33mstroke-linejoin[39m=[32m&quot;round&quot;[39m
    [33mstroke-width[39m=[32m&quot;2&quot;[39m
    [33mstyle[39m=[32m&quot;margin-right: 6px; vertical-align: middle;&quot;[39m
    [33mviewBox[39m=[32m&quot;0 0 24 24&quot;[39m
    [33mwidth[39m=[32m&quot;14&quot;[39m
    [33mxmlns[39m=[32m&quot;http://www.w3.org/2000/svg&quot;[39m
  [36m&gt;[39m
    [36m&lt;path[39m
      [33md[39m=[32m&quot;m8 2 1.88 1.88&quot;[39m
    [36m/&gt;[39m
    [36m&lt;path[39m
      [33md[39m=[32m&quot;M14.12 3.88 16 2&quot;[39m
    [36m/&gt;[39m
    [36m&lt;path[39m
      [33md[39m=[32m&quot;M9 7.13v-1a3.003 3.003 0 1 1 6 0v1&quot;[39m
    [36m/&gt;[39m
    [36m&lt;path[39m
      [33md[39m=[32m&quot;M12 20c-3.3 0-6-2.7-6-6v-3a4 4 0 0 1 4-4h4a4 4 0 0 1 4 4v3c0 3.3-2.7 6-6 6&quot;[39m
    [36m/&gt;[39m
    [36m&lt;path[39m
      [33md[39m=[32m&quot;M12 20v-9&quot;[39m
    [36m/&gt;[39m
    [36m&lt;path[39m
      [33md[39m=[32m&quot;M6.53 9C4.6 8.8 3 7.1 3 5&quot;[39m
    [36m/&gt;[39m
    [36m&lt;path[39m
      [33md[39m=[32m&quot;M6 13H2&quot;[39m
    [36m/&gt;[39m
    [36m&lt;path[39m
      [33md[39m=[32m&quot;M3 21c0-2.1 1.7-3.9 3.8-4&quot;[39m
    [36m/&gt;[39m
    [36m&lt;path[39m
      [33md[39m=[32m&quot;M20.97 5c0 2.1-1.6 3.8-3.5 4&quot;[39m
    [36m/&gt;[39m
    [36m&lt;path[39m
      [33md[39m=[32m&quot;M22 13h-4&quot;[39m
    [36m/&gt;[39m
    [36m&lt;path[39m
      [33md[39m=[32m&quot;M17.2 17c2.1.1 3.8 1.9 3.8 4&quot;[39m
    [36m/&gt;[39m
  [36m&lt;/svg&gt;[39m
  [0mError Details (Development Only)[0m
[36m&lt;/summary&gt;[39m

Ignored nodes: comments, script, style
[36m&lt;summary[39m
  [33mstyle[39m=[32m&quot;cursor: pointer; margin-bottom: 8px; color: rgb(107, 114, 128); font-size: 12px;&quot;[39m
[36m&gt;[39m
  [36m&lt;svg[39m
    [33maria-hidden[39m=[32m&quot;true&quot;[39m
    [33mclass[39m=[32m&quot;lucide lucide-bug&quot;[39m
    [33mfill[39m=[32m&quot;none&quot;[39m
    [33mheight[39m=[32m&quot;14&quot;[39m
    [33mstroke[39m=[32m&quot;currentColor&quot;[39m
    [33mstroke-linecap[39m=[32m&quot;round&quot;[39m
    [33mstroke-linejoin[39m=[32m&quot;round&quot;[39m
    [33mstroke-width[39m=[32m&quot;2&quot;[39m
    [33mstyle[39m=[32m&quot;margin-right: 6px; vertical-align: middle;&quot;[39m
    [33mviewBox[39m=[32m&quot;0 0 24 24&quot;[39m
    [33mwidth[39m=[32m&quot;14&quot;[39m
    [33mxmlns[39m=[32m&quot;http://www.w3.org/2000/svg&quot;[39m
  [36m&gt;[39m
    [36m&lt;path[39m
      [33md[39m=[32m&quot;m8 2 1.88 1.88&quot;[39m
    [36m/&gt;[39m
    [36m&lt;path[39m
      [33md[39m=[32m&quot;M14.12 3.88 16 2&quot;[39m
    [36m/&gt;[39m
    [36m&lt;path[39m
      [33md[39m=[32m&quot;M9 7.13v-1a3.003 3.003 0 1 1 6 0v1&quot;[39m
    [36m/&gt;[39m
    [36m&lt;path[39m
      [33md[39m=[32m&quot;M12 20c-3.3 0-6-2.7-6-6v-3a4 4 0 0 1 4-4h4a4 4 0 0 1 4 4v3c0 3.3-2.7 6-6 6&quot;[39m
    [36m/&gt;[39m
    [36m&lt;path[39m
      [33md[39m=[32m&quot;M12 20v-9&quot;[39m
    [36m/&gt;[39m
    [36m&lt;path[39m
      [33md[39m=[32m&quot;M6.53 9C4.6 8.8 3 7.1 3 5&quot;[39m
    [36m/&gt;[39m
    [36m&lt;path[39m
      [33md[39m=[32m&quot;M6 13H2&quot;[39m
    [36m/&gt;[39m
    [36m&lt;path[39m
      [33md[39m=[32m&quot;M3 21c0-2.1 1.7-3.9 3.8-4&quot;[39m
    [36m/&gt;[39m
    [36m&lt;path[39m
      [33md[39m=[32m&quot;M20.97 5c0 2.1-1.6 3.8-3.5 4&quot;[39m
    [36m/&gt;[39m
    [36m&lt;path[39m
      [33md[39m=[32m&quot;M22 13h-4&quot;[39m
    [36m/&gt;[39m
    [36m&lt;path[39m
      [33md[39m=[32m&quot;M17.2 17c2.1.1 3.8 1.9 3.8 4&quot;[39m
    [36m/&gt;[39m
  [36m&lt;/svg&gt;[39m
  [0mError Details (Development Only)[0m
[36m&lt;/summary&gt;[39m

Ignored nodes: comments, script, style
[36m&lt;summary[39m
  [33mstyle[39m=[32m&quot;cursor: pointer; margin-bottom: 8px; color: rgb(107, 114, 128); font-size: 12px;&quot;[39m
[36m&gt;[39m
  [36m&lt;svg[39m
    [33maria-hidden[39m=[32m&quot;true&quot;[39m
    [33mclass[39m=[32m&quot;lucide lucide-bug&quot;[39m
    [33mfill[39m=[32m&quot;none&quot;[39m
    [33mheight[39m=[32m&quot;14&quot;[39m
    [33mstroke[39m=[32m&quot;currentColor&quot;[39m
    [33mstroke-linecap[39m=[32m&quot;round&quot;[39m
    [33mstroke-linejoin[39m=[32m&quot;round&quot;[39m
    [33mstroke-width[39m=[32m&quot;2&quot;[39m
    [33mstyle[39m=[32m&quot;margin-right: 6px; vertical-align: middle;&quot;[39m
    [33mviewBox[39m=[32m&quot;0 0 24 24&quot;[39m
    [33mwidth[39m=[32m&quot;14&quot;[39m
    [33mxmlns[39m=[32m&quot;http://www.w3.org/2000/svg&quot;[39m
  [36m&gt;[39m
    [36m&lt;path[39m
      [33md[39m=[32m&quot;m8 2 1.88 1.88&quot;[39m
    [36m/&gt;[39m
    [36m&lt;path[39m
      [33md[39m=[32m&quot;M14.12 3.88 16 2&quot;[39m
    [36m/&gt;[39m
    [36m&lt;path[39m
      [33md[39m=[32m&quot;M9 7.13v-1a3.003 3.003 0 1 1 6 0v1&quot;[39m
    [36m/&gt;[39m
    [36m&lt;path[39m
      [33md[39m=[32m&quot;M12 20c-3.3 0-6-2.7-6-6v-3a4 4 0 0 1 4-4h4a4 4 0 0 1 4 4v3c0 3.3-2.7 6-6 6&quot;[39m
    [36m/&gt;[39m
    [36m&lt;path[39m
      [33md[39m=[32m&quot;M12 20v-9&quot;[39m
    [36m/&gt;[39m
    [36m&lt;path[39m
      [33md[39m=[32m&quot;M6.53 9C4.6 8.8 3 7.1 3 5&quot;[39m
    [36m/&gt;[39m
    [36m&lt;path[39m
      [33md[39m=[32m&quot;M6 13H2&quot;[39m
    [36m/&gt;[39m
    [36m&lt;path[39m
      [33md[39m=[32m&quot;M3 21c0-2.1 1.7-3.9 3.8-4&quot;[39m
    [36m/&gt;[39m
    [36m&lt;path[39m
      [33md[39m=[32m&quot;M20.97 5c0 2.1-1.6 3.8-3.5 4&quot;[39m
    [36m/&gt;[39m
    [36m&lt;path[39m
      [33md[39m=[32m&quot;M22 13h-4&quot;[39m
    [36m/&gt;[39m
    [36m&lt;path[39m
      [33md[39m=[32m&quot;M17.2 17c2.1.1 3.8 1.9 3.8 4&quot;[39m
    [36m/&gt;[39m
  [36m&lt;/svg&gt;[39m
  [0mError Details (Development Only)[0m
[36m&lt;/summary&gt;[39m

Ignored nodes: comments, script, style
[36m&lt;summary[39m
  [33mstyle[39m=[32m&quot;cursor: pointer; margin-bottom: 8px; color: rgb(107, 114, 128); font-size: 12px;&quot;[39m
[36m&gt;[39m
  [36m&lt;svg[39m
    [33maria-hidden[39m=[32m&quot;true&quot;[39m
    [33mclass[39m=[32m&quot;lucide lucide-bug&quot;[39m
    [33mfill[39m=[32m&quot;none&quot;[39m
    [33mheight[39m=[32m&quot;14&quot;[39m
    [33mstroke[39m=[32m&quot;currentColor&quot;[39m
    [33mstroke-linecap[39m=[32m&quot;round&quot;[39m
    [33mstroke-linejoin[39m=[32m&quot;round&quot;[39m
    [33mstroke-width[39m=[32m&quot;2&quot;[39m
    [33mstyle[39m=[32m&quot;margin-right: 6px; vertical-align: middle;&quot;[39m
    [33mviewBox[39m=[32m&quot;0 0 24 24&quot;[39m
    [33mwidth[39m=[32m&quot;14&quot;[39m
    [33mxmlns[39m=[32m&quot;http://www.w3.org/2000/svg&quot;[39m
  [36m&gt;[39m
    [36m&lt;path[39m
      [33md[39m=[32m&quot;m8 2 1.88 1.88&quot;[39m
    [36m/&gt;[39m
    [36m&lt;path[39m
      [33md[39m=[32m&quot;M14.12 3.88 16 2&quot;[39m
    [36m/&gt;[39m
    [36m&lt;path[39m
      [33md[39m=[32m&quot;M9 7.13v-1a3.003 3.003 0 1 1 6 0v1&quot;[39m
    [36m/&gt;[39m
    [36m&lt;path[39m
      [33md[39m=[32m&quot;M12 20c-3.3 0-6-2.7-6-6v-3a4 4 0 0 1 4-4h4a4 4 0 0 1 4 4v3c0 3.3-2.7 6-6 6&quot;[39m
    [36m/&gt;[39m
    [36m&lt;path[39m
      [33md[39m=[32m&quot;M12 20v-9&quot;[39m
    [36m/&gt;[39m
    [36m&lt;path[39m
      [33md[39m=[32m&quot;M6.53 9C4.6 8.8 3 7.1 3 5&quot;[39m
    [36m/&gt;[39m
    [36m&lt;path[39m
      [33md[39m=[32m&quot;M6 13H2&quot;[39m
    [36m/&gt;[39m
    [36m&lt;path[39m
      [33md[39m=[32m&quot;M3 21c0-2.1 1.7-3.9 3.8-4&quot;[39m
    [36m/&gt;[39m
    [36m&lt;path[39m
      [33md[39m=[32m&quot;M20.97 5c0 2.1-1.6 3.8-3.5 4&quot;[39m
    [36m/&gt;[39m
    [36m&lt;path[39m
      [33md[39m=[32m&quot;M22 13h-4&quot;[39m
    [36m/&gt;[39m
    [36m&lt;path[39m
      [33md[39m=[32m&quot;M17.2 17c2.1.1 3.8 1.9 3.8 4&quot;[39m
    [36m/&gt;[39m
  [36m&lt;/svg&gt;[39m
  [0mError Details (Development Only)[0m
[36m&lt;/summary&gt;[39m

Ignored nodes: comments, script, style
[36m&lt;summary[39m
  [33mstyle[39m=[32m&quot;cursor: pointer; margin-bottom: 8px; color: rgb(107, 114, 128); font-size: 12px;&quot;[39m
[36m&gt;[39m
  [36m&lt;svg[39m
    [33maria-hidden[39m=[32m&quot;true&quot;[39m
    [33mclass[39m=[32m&quot;lucide lucide-bug&quot;[39m
    [33mfill[39m=[32m&quot;none&quot;[39m
    [33mheight[39m=[32m&quot;14&quot;[39m
    [33mstroke[39m=[32m&quot;currentColor&quot;[39m
    [33mstroke-linecap[39m=[32m&quot;round&quot;[39m
    [33mstroke-linejoin[39m=[32m&quot;round&quot;[39m
    [33mstroke-width[39m=[32m&quot;2&quot;[39m
    [33mstyle[39m=[32m&quot;margin-right: 6px; vertical-align: middle;&quot;[39m
    [33mviewBox[39m=[32m&quot;0 0 24 24&quot;[39m
    [33mwidth[39m=[32m&quot;14&quot;[39m
    [33mxmlns[39m=[32m&quot;http://www.w3.org/2000/svg&quot;[39m
  [36m&gt;[39m
    [36m&lt;path[39m
      [33md[39m=[32m&quot;m8 2 1.88 1.88&quot;[39m
    [36m/&gt;[39m
    [36m&lt;path[39m
      [33md[39m=[32m&quot;M14.12 3.88 16 2&quot;[39m
    [36m/&gt;[39m
    [36m&lt;path[39m
      [33md[39m=[32m&quot;M9 7.13v-1a3.003 3.003 0 1 1 6 0v1&quot;[39m
    [36m/&gt;[39m
    [36m&lt;path[39m
      [33md[39m=[32m&quot;M12 20c-3.3 0-6-2.7-6-6v-3a4 4 0 0 1 4-4h4a4 4 0 0 1 4 4v3c0 3.3-2.7 6-6 6&quot;[39m
    [36m/&gt;[39m
    [36m&lt;path[39m
      [33md[39m=[32m&quot;M12 20v-9&quot;[39m
    [36m/&gt;[39m
    [36m&lt;path[39m
      [33md[39m=[32m&quot;M6.53 9C4.6 8.8 3 7.1 3 5&quot;[39m
    [36m/&gt;[39m
    [36m&lt;path[39m
      [33md[39m=[32m&quot;M6 13H2&quot;[39m
    [36m/&gt;[39m
    [36m&lt;path[39m
      [33md[39m=[32m&quot;M3 21c0-2.1 1.7-3.9 3.8-4&quot;[39m
    [36m/&gt;[39m
    [36m&lt;path[39m
      [33md[39m=[32m&quot;M20.97 5c0 2.1-1.6 3.8-3.5 4&quot;[39m
    [36m/&gt;[39m
    [36m&lt;path[39m
      [33md[39m=[32m&quot;M22 13h-4&quot;[39m
    [36m/&gt;[39m
    [36m&lt;path[39m
      [33md[39m=[32m&quot;M17.2 17c2.1.1 3.8 1.9 3.8 4&quot;[39m
    [36m/&gt;[39m
  [36m&lt;/svg&gt;[39m
  [0mError Details (Development Only)[0m
[36m&lt;/summary&gt;[39m

Ignored nodes: comments, script, style
[36m&lt;summary[39m
  [33mstyle[39m=[32m&quot;cursor: pointer; margin-bottom: 8px; color: rgb(107, 114, 128); font-size: 12px;&quot;[39m
[36m&gt;[39m
  [36m&lt;svg[39m
    [33maria-hidden[39m=[32m&quot;true&quot;[39m
    [33mclass[39m=[32m&quot;lucide lucide-bug&quot;[39m
    [33mfill[39m=[32m&quot;none&quot;[39m
    [33mheight[39m=[32m&quot;14&quot;[39m
    [33mstroke[39m=[32m&quot;currentColor&quot;[39m
    [33mstroke-linecap[39m=[32m&quot;round&quot;[39m
    [33mstroke-linejoin[39m=[32m&quot;round&quot;[39m
    [33mstroke-width[39m=[32m&quot;2&quot;[39m
    [33mstyle[39m=[32m&quot;margin-right: 6px; vertical-align: middle;&quot;[39m
    [33mviewBox[39m=[32m&quot;0 0 24 24&quot;[39m
    [33mwidth[39m=[32m&quot;14&quot;[39m
    [33mxmlns[39m=[32m&quot;http://www.w3.org/2000/svg&quot;[39m
  [36m&gt;[39m
    [36m&lt;path[39m
      [33md[39m=[32m&quot;m8 2 1.88 1.88&quot;[39m
    [36m/&gt;[39m
    [36m&lt;path[39m
      [33md[39m=[32m&quot;M14.12 3.88 16 2&quot;[39m
    [36m/&gt;[39m
    [36m&lt;path[39m
      [33md[39m=[32m&quot;M9 7.13v-1a3.003 3.003 0 1 1 6 0v1&quot;[39m
    [36m/&gt;[39m
    [36m&lt;path[39m
      [33md[39m=[32m&quot;M12 20c-3.3 0-6-2.7-6-6v-3a4 4 0 0 1 4-4h4a4 4 0 0 1 4 4v3c0 3.3-2.7 6-6 6&quot;[39m
    [36m/&gt;[39m
    [36m&lt;path[39m
      [33md[39m=[32m&quot;M12 20v-9&quot;[39m
    [36m/&gt;[39m
    [36m&lt;path[39m
      [33md[39m=[32m&quot;M6.53 9C4.6 8.8 3 7.1 3 5&quot;[39m
    [36m/&gt;[39m
    [36m&lt;path[39m
      [33md[39m=[32m&quot;M6 13H2&quot;[39m
    [36m/&gt;[39m
    [36m&lt;path[39m
      [33md[39m=[32m&quot;M3 21c0-2.1 1.7-3.9 3.8-4&quot;[39m
    [36m/&gt;[39m
    [36m&lt;path[39m
      [33md[39m=[32m&quot;M20.97 5c0 2.1-1.6 3.8-3.5 4&quot;[39m
    [36m/&gt;[39m
    [36m&lt;path[39m
      [33md[39m=[32m&quot;M22 13h-4&quot;[39m
    [36m/&gt;[39m
    [36m&lt;path[39m
      [33md[39m=[32m&quot;M17.2 17c2.1.1 3.8 1.9 3.8 4&quot;[39m
    [36m/&gt;[39m
  [36m&lt;/svg&gt;[39m
  [0mError Details (Development Only)[0m
[36m&lt;/summary&gt;[39m

Ignored nodes: comments, script, style
[36m&lt;summary[39m
  [33mstyle[39m=[32m&quot;cursor: pointer; margin-bottom: 8px; color: rgb(107, 114, 128); font-size: 12px;&quot;[39m
[36m&gt;[39m
  [36m&lt;svg[39m
    [33maria-hidden[39m=[32m&quot;true&quot;[39m
    [33mclass[39m=[32m&quot;lucide lucide-bug&quot;[39m
    [33mfill[39m=[32m&quot;none&quot;[39m
    [33mheight[39m=[32m&quot;14&quot;[39m
    [33mstroke[39m=[32m&quot;currentColor&quot;[39m
    [33mstroke-linecap[39m=[32m&quot;round&quot;[39m
    [33mstroke-linejoin[39m=[32m&quot;round&quot;[39m
    [33mstroke-width[39m=[32m&quot;2&quot;[39m
    [33mstyle[39m=[32m&quot;margin-right: 6px; vertical-align: middle;&quot;[39m
    [33mviewBox[39m=[32m&quot;0 0 24 24&quot;[39m
    [33mwidth[39m=[32m&quot;14&quot;[39m
    [33mxmlns[39m=[32m&quot;http://www.w3.org/2000/svg&quot;[39m
  [36m&gt;[39m
    [36m&lt;path[39m
      [33md[39m=[32m&quot;m8 2 1.88 1.88&quot;[39m
    [36m/&gt;[39m
    [36m&lt;path[39m
      [33md[39m=[32m&quot;M14.12 3.88 16 2&quot;[39m
    [36m/&gt;[39m
    [36m&lt;path[39m
      [33md[39m=[32m&quot;M9 7.13v-1a3.003 3.003 0 1 1 6 0v1&quot;[39m
    [36m/&gt;[39m
    [36m&lt;path[39m
      [33md[39m=[32m&quot;M12 20c-3.3 0-6-2.7-6-6v-3a4 4 0 0 1 4-4h4a4 4 0 0 1 4 4v3c0 3.3-2.7 6-6 6&quot;[39m
    [36m/&gt;[39m
    [36m&lt;path[39m
      [33md[39m=[32m&quot;M12 20v-9&quot;[39m
    [36m/&gt;[39m
    [36m&lt;path[39m
      [33md[39m=[32m&quot;M6.53 9C4.6 8.8 3 7.1 3 5&quot;[39m
    [36m/&gt;[39m
    [36m&lt;path[39m
      [33md[39m=[32m&quot;M6 13H2&quot;[39m
    [36m/&gt;[39m
    [36m&lt;path[39m
      [33md[39m=[32m&quot;M3 21c0-2.1 1.7-3.9 3.8-4&quot;[39m
    [36m/&gt;[39m
    [36m&lt;path[39m
      [33md[39m=[32m&quot;M20.97 5c0 2.1-1.6 3.8-3.5 4&quot;[39m
    [36m/&gt;[39m
    [36m&lt;path[39m
      [33md[39m=[32m&quot;M22 13h-4&quot;[39m
    [36m/&gt;[39m
    [36m&lt;path[39m
      [33md[39m=[32m&quot;M17.2 17c2.1.1 3.8 1.9 3.8 4&quot;[39m
    [36m/&gt;[39m
  [36m&lt;/svg&gt;[39m
  [0mError Details (Development Only)[0m
[36m&lt;/summary&gt;[39m

Ignored nodes: comments, script, style
[36m&lt;summary[39m
  [33mstyle[39m=[32m&quot;cursor: pointer; margin-bottom: 8px; color: rgb(107, 114, 128); font-size: 12px;&quot;[39m
[36m&gt;[39m
  [36m&lt;svg[39m
    [33maria-hidden[39m=[32m&quot;true&quot;[39m
    [33mclass[39m=[32m&quot;lucide lucide-bug&quot;[39m
    [33mfill[39m=[32m&quot;none&quot;[39m
    [33mheight[39m=[32m&quot;14&quot;[39m
    [33mstroke[39m=[32m&quot;currentColor&quot;[39m
    [33mstroke-linecap[39m=[32m&quot;round&quot;[39m
    [33mstroke-linejoin[39m=[32m&quot;round&quot;[39m
    [33mstroke-width[39m=[32m&quot;2&quot;[39m
    [33mstyle[39m=[32m&quot;margin-right: 6px; vertical-align: middle;&quot;[39m
    [33mviewBox[39m=[32m&quot;0 0 24 24&quot;[39m
    [33mwidth[39m=[32m&quot;14&quot;[39m
    [33mxmlns[39m=[32m&quot;http://www.w3.org/2000/svg&quot;[39m
  [36m&gt;[39m
    [36m&lt;path[39m
      [33md[39m=[32m&quot;m8 2 1.88 1.88&quot;[39m
    [36m/&gt;[39m
    [36m&lt;path[39m
      [33md[39m=[32m&quot;M14.12 3.88 16 2&quot;[39m
    [36m/&gt;[39m
    [36m&lt;path[39m
      [33md[39m=[32m&quot;M9 7.13v-1a3.003 3.003 0 1 1 6 0v1&quot;[39m
    [36m/&gt;[39m
    [36m&lt;path[39m
      [33md[39m=[32m&quot;M12 20c-3.3 0-6-2.7-6-6v-3a4 4 0 0 1 4-4h4a4 4 0 0 1 4 4v3c0 3.3-2.7 6-6 6&quot;[39m
    [36m/&gt;[39m
    [36m&lt;path[39m
      [33md[39m=[32m&quot;M12 20v-9&quot;[39m
    [36m/&gt;[39m
    [36m&lt;path[39m
      [33md[39m=[32m&quot;M6.53 9C4.6 8.8 3 7.1 3 5&quot;[39m
    [36m/&gt;[39m
    [36m&lt;path[39m
      [33md[39m=[32m&quot;M6 13H2&quot;[39m
    [36m/&gt;[39m
    [36m&lt;path[39m
      [33md[39m=[32m&quot;M3 21c0-2.1 1.7-3.9 3.8-4&quot;[39m
    [36m/&gt;[39m
    [36m&lt;path[39m
      [33md[39m=[32m&quot;M20.97 5c0 2.1-1.6 3.8-3.5 4&quot;[39m
    [36m/&gt;[39m
    [36m&lt;path[39m
      [33md[39m=[32m&quot;M22 13h-4&quot;[39m
    [36m/&gt;[39m
    [36m&lt;path[39m
      [33md[39m=[32m&quot;M17.2 17c2.1.1 3.8 1.9 3.8 4&quot;[39m
    [36m/&gt;[39m
  [36m&lt;/svg&gt;[39m
  [0mError Details (Development Only)[0m
[36m&lt;/summary&gt;[39m

Ignored nodes: comments, script, style
[36m&lt;summary[39m
  [33mstyle[39m=[32m&quot;cursor: pointer; margin-bottom: 8px; color: rgb(107, 114, 128); font-size: 12px;&quot;[39m
[36m&gt;[39m
  [36m&lt;svg[39m
    [33maria-hidden[39m=[32m&quot;true&quot;[39m
    [33mclass[39m=[32m&quot;lucide lucide-bug&quot;[39m
    [33mfill[39m=[32m&quot;none&quot;[39m
    [33mheight[39m=[32m&quot;14&quot;[39m
    [33mstroke[39m=[32m&quot;currentColor&quot;[39m
    [33mstroke-linecap[39m=[32m&quot;round&quot;[39m
    [33mstroke-linejoin[39m=[32m&quot;round&quot;[39m
    [33mstroke-width[39m=[32m&quot;2&quot;[39m
    [33mstyle[39m=[32m&quot;margin-right: 6px; vertical-align: middle;&quot;[39m
    [33mviewBox[39m=[32m&quot;0 0 24 24&quot;[39m
    [33mwidth[39m=[32m&quot;14&quot;[39m
    [33mxmlns[39m=[32m&quot;http://www.w3.org/2000/svg&quot;[39m
  [36m&gt;[39m
    [36m&lt;path[39m
      [33md[39m=[32m&quot;m8 2 1.88 1.88&quot;[39m
    [36m/&gt;[39m
    [36m&lt;path[39m
      [33md[39m=[32m&quot;M14.12 3.88 16 2&quot;[39m
    [36m/&gt;[39m
    [36m&lt;path[39m
      [33md[39m=[32m&quot;M9 7.13v-1a3.003 3.003 0 1 1 6 0v1&quot;[39m
    [36m/&gt;[39m
    [36m&lt;path[39m
      [33md[39m=[32m&quot;M12 20c-3.3 0-6-2.7-6-6v-3a4 4 0 0 1 4-4h4a4 4 0 0 1 4 4v3c0 3.3-2.7 6-6 6&quot;[39m
    [36m/&gt;[39m
    [36m&lt;path[39m
      [33md[39m=[32m&quot;M12 20v-9&quot;[39m
    [36m/&gt;[39m
    [36m&lt;path[39m
      [33md[39m=[32m&quot;M6.53 9C4.6 8.8 3 7.1 3 5&quot;[39m
    [36m/&gt;[39m
    [36m&lt;path[39m
      [33md[39m=[32m&quot;M6 13H2&quot;[39m
    [36m/&gt;[39m
    [36m&lt;path[39m
      [33md[39m=[32m&quot;M3 21c0-2.1 1.7-3.9 3.8-4&quot;[39m
    [36m/&gt;[39m
    [36m&lt;path[39m
      [33md[39m=[32m&quot;M20.97 5c0 2.1-1.6 3.8-3.5 4&quot;[39m
    [36m/&gt;[39m
    [36m&lt;path[39m
      [33md[39m=[32m&quot;M22 13h-4&quot;[39m
    [36m/&gt;[39m
    [36m&lt;path[39m
      [33md[39m=[32m&quot;M17.2 17c2.1.1 3.8 1.9 3.8 4&quot;[39m
    [36m/&gt;[39m
  [36m&lt;/svg&gt;[39m
  [0mError Details (Development Only)[0m
[36m&lt;/summary&gt;[39m

Ignored nodes: comments, script, style
[36m&lt;summary[39m
  [33mstyle[39m=[32m&quot;cursor: pointer; margin-bottom: 8px; color: rgb(107, 114, 128); font-size: 12px;&quot;[39m
[36m&gt;[39m
  [36m&lt;svg[39m
    [33maria-hidden[39m=[32m&quot;true&quot;[39m
    [33mclass[39m=[32m&quot;lucide lucide-bug&quot;[39m
    [33mfill[39m=[32m&quot;none&quot;[39m
    [33mheight[39m=[32m&quot;14&quot;[39m
    [33mstroke[39m=[32m&quot;currentColor&quot;[39m
    [33mstroke-linecap[39m=[32m&quot;round&quot;[39m
    [33mstroke-linejoin[39m=[32m&quot;round&quot;[39m
    [33mstroke-width[39m=[32m&quot;2&quot;[39m
    [33mstyle[39m=[32m&quot;margin-right: 6px; vertical-align: middle;&quot;[39m
    [33mviewBox[39m=[32m&quot;0 0 24 24&quot;[39m
    [33mwidth[39m=[32m&quot;14&quot;[39m
    [33mxmlns[39m=[32m&quot;http://www.w3.org/2000/svg&quot;[39m
  [36m&gt;[39m
    [36m&lt;path[39m
      [33md[39m=[32m&quot;m8 2 1.88 1.88&quot;[39m
    [36m/&gt;[39m
    [36m&lt;path[39m
      [33md[39m=[32m&quot;M14.12 3.88 16 2&quot;[39m
    [36m/&gt;[39m
    [36m&lt;path[39m
      [33md[39m=[32m&quot;M9 7.13v-1a3.003 3.003 0 1 1 6 0v1&quot;[39m
    [36m/&gt;[39m
    [36m&lt;path[39m
      [33md[39m=[32m&quot;M12 20c-3.3 0-6-2.7-6-6v-3a4 4 0 0 1 4-4h4a4 4 0 0 1 4 4v3c0 3.3-2.7 6-6 6&quot;[39m
    [36m/&gt;[39m
    [36m&lt;path[39m
      [33md[39m=[32m&quot;M12 20v-9&quot;[39m
    [36m/&gt;[39m
    [36m&lt;path[39m
      [33md[39m=[32m&quot;M6.53 9C4.6 8.8 3 7.1 3 5&quot;[39m
    [36m/&gt;[39m
    [36m&lt;path[39m
      [33md[39m=[32m&quot;M6 13H2&quot;[39m
    [36m/&gt;[39m
    [36m&lt;path[39m
      [33md[39m=[32m&quot;M3 21c0-2.1 1.7-3.9 3.8-4&quot;[39m
    [36m/&gt;[39m
    [36m&lt;path[39m
      [33md[39m=[32m&quot;M20.97 5c0 2.1-1.6 3.8-3.5 4&quot;[39m
    [36m/&gt;[39m
    [36m&lt;path[39m
      [33md[39m=[32m&quot;M22 13h-4&quot;[39m
    [36m/&gt;[39m
    [36m&lt;path[39m
      [33md[39m=[32m&quot;M17.2 17c2.1.1 3.8 1.9 3.8 4&quot;[39m
    [36m/&gt;[39m
  [36m&lt;/svg&gt;[39m
  [0mError Details (Development Only)[0m
[36m&lt;/summary&gt;[39m

Ignored nodes: comments, script, style
[36m&lt;summary[39m
  [33mstyle[39m=[32m&quot;cursor: pointer; margin-bottom: 8px; color: rgb(107, 114, 128); font-size: 12px;&quot;[39m
[36m&gt;[39m
  [36m&lt;svg[39m
    [33maria-hidden[39m=[32m&quot;true&quot;[39m
    [33mclass[39m=[32m&quot;lucide lucide-bug&quot;[39m
    [33mfill[39m=[32m&quot;none&quot;[39m
    [33mheight[39m=[32m&quot;14&quot;[39m
    [33mstroke[39m=[32m&quot;currentColor&quot;[39m
    [33mstroke-linecap[39m=[32m&quot;round&quot;[39m
    [33mstroke-linejoin[39m=[32m&quot;round&quot;[39m
    [33mstroke-width[39m=[32m&quot;2&quot;[39m
    [33mstyle[39m=[32m&quot;margin-right: 6px; vertical-align: middle;&quot;[39m
    [33mviewBox[39m=[32m&quot;0 0 24 24&quot;[39m
    [33mwidth[39m=[32m&quot;14&quot;[39m
    [33mxmlns[39m=[32m&quot;http://www.w3.org/2000/svg&quot;[39m
  [36m&gt;[39m
    [36m&lt;path[39m
      [33md[39m=[32m&quot;m8 2 1.88 1.88&quot;[39m
    [36m/&gt;[39m
    [36m&lt;path[39m
      [33md[39m=[32m&quot;M14.12 3.88 16 2&quot;[39m
    [36m/&gt;[39m
    [36m&lt;path[39m
      [33md[39m=[32m&quot;M9 7.13v-1a3.003 3.003 0 1 1 6 0v1&quot;[39m
    [36m/&gt;[39m
    [36m&lt;path[39m
      [33md[39m=[32m&quot;M12 20c-3.3 0-6-2.7-6-6v-3a4 4 0 0 1 4-4h4a4 4 0 0 1 4 4v3c0 3.3-2.7 6-6 6&quot;[39m
    [36m/&gt;[39m
    [36m&lt;path[39m
      [33md[39m=[32m&quot;M12 20v-9&quot;[39m
    [36m/&gt;[39m
    [36m&lt;path[39m
      [33md[39m=[32m&quot;M6.53 9C4.6 8.8 3 7.1 3 5&quot;[39m
    [36m/&gt;[39m
    [36m&lt;path[39m
      [33md[39m=[32m&quot;M6 13H2&quot;[39m
    [36m/&gt;[39m
    [36m&lt;path[39m
      [33md[39m=[32m&quot;M3 21c0-2.1 1.7-3.9 3.8-4&quot;[39m
    [36m/&gt;[39m
    [36m&lt;path[39m
      [33md[39m=[32m&quot;M20.97 5c0 2.1-1.6 3.8-3.5 4&quot;[39m
    [36m/&gt;[39m
    [36m&lt;path[39m
      [33md[39m=[32m&quot;M22 13h-4&quot;[39m
    [36m/&gt;[39m
    [36m&lt;path[39m
      [33md[39m=[32m&quot;M17.2 17c2.1.1 3.8 1.9 3.8 4&quot;[39m
    [36m/&gt;[39m
  [36m&lt;/svg&gt;[39m
  [0mError Details (Development Only)[0m
[36m&lt;/summary&gt;[39m

Ignored nodes: comments, script, style
[36m&lt;summary[39m
  [33mstyle[39m=[32m&quot;cursor: pointer; margin-bottom: 8px; color: rgb(107, 114, 128); font-size: 12px;&quot;[39m
[36m&gt;[39m
  [36m&lt;svg[39m
    [33maria-hidden[39m=[32m&quot;true&quot;[39m
    [33mclass[39m=[32m&quot;lucide lucide-bug&quot;[39m
    [33mfill[39m=[32m&quot;none&quot;[39m
    [33mheight[39m=[32m&quot;14&quot;[39m
    [33mstroke[39m=[32m&quot;currentColor&quot;[39m
    [33mstroke-linecap[39m=[32m&quot;round&quot;[39m
    [33mstroke-linejoin[39m=[32m&quot;round&quot;[39m
    [33mstroke-width[39m=[32m&quot;2&quot;[39m
    [33mstyle[39m=[32m&quot;margin-right: 6px; vertical-align: middle;&quot;[39m
    [33mviewBox[39m=[32m&quot;0 0 24 24&quot;[39m
    [33mwidth[39m=[32m&quot;14&quot;[39m
    [33mxmlns[39m=[32m&quot;http://www.w3.org/2000/svg&quot;[39m
  [36m&gt;[39m
    [36m&lt;path[39m
      [33md[39m=[32m&quot;m8 2 1.88 1.88&quot;[39m
    [36m/&gt;[39m
    [36m&lt;path[39m
      [33md[39m=[32m&quot;M14.12 3.88 16 2&quot;[39m
    [36m/&gt;[39m
    [36m&lt;path[39m
      [33md[39m=[32m&quot;M9 7.13v-1a3.003 3.003 0 1 1 6 0v1&quot;[39m
    [36m/&gt;[39m
    [36m&lt;path[39m
      [33md[39m=[32m&quot;M12 20c-3.3 0-6-2.7-6-6v-3a4 4 0 0 1 4-4h4a4 4 0 0 1 4 4v3c0 3.3-2.7 6-6 6&quot;[39m
    [36m/&gt;[39m
    [36m&lt;path[39m
      [33md[39m=[32m&quot;M12 20v-9&quot;[39m
    [36m/&gt;[39m
    [36m&lt;path[39m
      [33md[39m=[32m&quot;M6.53 9C4.6 8.8 3 7.1 3 5&quot;[39m
    [36m/&gt;[39m
    [36m&lt;path[39m
      [33md[39m=[32m&quot;M6 13H2&quot;[39m
    [36m/&gt;[39m
    [36m&lt;path[39m
      [33md[39m=[32m&quot;M3 21c0-2.1 1.7-3.9 3.8-4&quot;[39m
    [36m/&gt;[39m
    [36m&lt;path[39m
      [33md[39m=[32m&quot;M20.97 5c0 2.1-1.6 3.8-3.5 4&quot;[39m
    [36m/&gt;[39m
    [36m&lt;path[39m
      [33md[39m=[32m&quot;M22 13h-4&quot;[39m
    [36m/&gt;[39m
    [36m&lt;path[39m
      [33md[39m=[32m&quot;M17.2 17c2.1.1 3.8 1.9 3.8 4&quot;[39m
    [36m/&gt;[39m
  [36m&lt;/svg&gt;[39m
  [0mError Details (Development Only)[0m
[36m&lt;/summary&gt;[39m

Ignored nodes: comments, script, style
[36m&lt;summary[39m
  [33mstyle[39m=[32m&quot;cursor: pointer; margin-bottom: 8px; color: rgb(107, 114, 128); font-size: 12px;&quot;[39m
[36m&gt;[39m
  [36m&lt;svg[39m
    [33maria-hidden[39m=[32m&quot;true&quot;[39m
    [33mclass[39m=[32m&quot;lucide lucide-bug&quot;[39m
    [33mfill[39m=[32m&quot;none&quot;[39m
    [33mheight[39m=[32m&quot;14&quot;[39m
    [33mstroke[39m=[32m&quot;currentColor&quot;[39m
    [33mstroke-linecap[39m=[32m&quot;round&quot;[39m
    [33mstroke-linejoin[39m=[32m&quot;round&quot;[39m
    [33mstroke-width[39m=[32m&quot;2&quot;[39m
    [33mstyle[39m=[32m&quot;margin-right: 6px; vertical-align: middle;&quot;[39m
    [33mviewBox[39m=[32m&quot;0 0 24 24&quot;[39m
    [33mwidth[39m=[32m&quot;14&quot;[39m
    [33mxmlns[39m=[32m&quot;http://www.w3.org/2000/svg&quot;[39m
  [36m&gt;[39m
    [36m&lt;path[39m
      [33md[39m=[32m&quot;m8 2 1.88 1.88&quot;[39m
    [36m/&gt;[39m
    [36m&lt;path[39m
      [33md[39m=[32m&quot;M14.12 3.88 16 2&quot;[39m
    [36m/&gt;[39m
    [36m&lt;path[39m
      [33md[39m=[32m&quot;M9 7.13v-1a3.003 3.003 0 1 1 6 0v1&quot;[39m
    [36m/&gt;[39m
    [36m&lt;path[39m
      [33md[39m=[32m&quot;M12 20c-3.3 0-6-2.7-6-6v-3a4 4 0 0 1 4-4h4a4 4 0 0 1 4 4v3c0 3.3-2.7 6-6 6&quot;[39m
    [36m/&gt;[39m
    [36m&lt;path[39m
      [33md[39m=[32m&quot;M12 20v-9&quot;[39m
    [36m/&gt;[39m
    [36m&lt;path[39m
      [33md[39m=[32m&quot;M6.53 9C4.6 8.8 3 7.1 3 5&quot;[39m
    [36m/&gt;[39m
    [36m&lt;path[39m
      [33md[39m=[32m&quot;M6 13H2&quot;[39m
    [36m/&gt;[39m
    [36m&lt;path[39m
      [33md[39m=[32m&quot;M3 21c0-2.1 1.7-3.9 3.8-4&quot;[39m
    [36m/&gt;[39m
    [36m&lt;path[39m
      [33md[39m=[32m&quot;M20.97 5c0 2.1-1.6 3.8-3.5 4&quot;[39m
    [36m/&gt;[39m
    [36m&lt;path[39m
      [33md[39m=[32m&quot;M22 13h-4&quot;[39m
    [36m/&gt;[39m
    [36m&lt;path[39m
      [33md[39m=[32m&quot;M17.2 17c2.1.1 3.8 1.9 3.8 4&quot;[39m
    [36m/&gt;[39m
  [36m&lt;/svg&gt;[39m
  [0mError Details (Development Only)[0m
[36m&lt;/summary&gt;[39m

Ignored nodes: comments, script, style
[36m&lt;summary[39m
  [33mstyle[39m=[32m&quot;cursor: pointer; margin-bottom: 8px; color: rgb(107, 114, 128); font-size: 12px;&quot;[39m
[36m&gt;[39m
  [36m&lt;svg[39m
    [33maria-hidden[39m=[32m&quot;true&quot;[39m
    [33mclass[39m=[32m&quot;lucide lucide-bug&quot;[39m
    [33mfill[39m=[32m&quot;none&quot;[39m
    [33mheight[39m=[32m&quot;14&quot;[39m
    [33mstroke[39m=[32m&quot;currentColor&quot;[39m
    [33mstroke-linecap[39m=[32m&quot;round&quot;[39m
    [33mstroke-linejoin[39m=[32m&quot;round&quot;[39m
    [33mstroke-width[39m=[32m&quot;2&quot;[39m
    [33mstyle[39m=[32m&quot;margin-right: 6px; vertical-align: middle;&quot;[39m
    [33mviewBox[39m=[32m&quot;0 0 24 24&quot;[39m
    [33mwidth[39m=[32m&quot;14&quot;[39m
    [33mxmlns[39m=[32m&quot;http://www.w3.org/2000/svg&quot;[39m
  [36m&gt;[39m
    [36m&lt;path[39m
      [33md[39m=[32m&quot;m8 2 1.88 1.88&quot;[39m
    [36m/&gt;[39m
    [36m&lt;path[39m
      [33md[39m=[32m&quot;M14.12 3.88 16 2&quot;[39m
    [36m/&gt;[39m
    [36m&lt;path[39m
      [33md[39m=[32m&quot;M9 7.13v-1a3.003 3.003 0 1 1 6 0v1&quot;[39m
    [36m/&gt;[39m
    [36m&lt;path[39m
      [33md[39m=[32m&quot;M12 20c-3.3 0-6-2.7-6-6v-3a4 4 0 0 1 4-4h4a4 4 0 0 1 4 4v3c0 3.3-2.7 6-6 6&quot;[39m
    [36m/&gt;[39m
    [36m&lt;path[39m
      [33md[39m=[32m&quot;M12 20v-9&quot;[39m
    [36m/&gt;[39m
    [36m&lt;path[39m
      [33md[39m=[32m&quot;M6.53 9C4.6 8.8 3 7.1 3 5&quot;[39m
    [36m/&gt;[39m
    [36m&lt;path[39m
      [33md[39m=[32m&quot;M6 13H2&quot;[39m
    [36m/&gt;[39m
    [36m&lt;path[39m
      [33md[39m=[32m&quot;M3 21c0-2.1 1.7-3.9 3.8-4&quot;[39m
    [36m/&gt;[39m
    [36m&lt;path[39m
      [33md[39m=[32m&quot;M20.97 5c0 2.1-1.6 3.8-3.5 4&quot;[39m
    [36m/&gt;[39m
    [36m&lt;path[39m
      [33md[39m=[32m&quot;M22 13h-4&quot;[39m
    [36m/&gt;[39m
    [36m&lt;path[39m
      [33md[39m=[32m&quot;M17.2 17c2.1.1 3.8 1.9 3.8 4&quot;[39m
    [36m/&gt;[39m
  [36m&lt;/svg&gt;[39m
  [0mError Details (Development Only)[0m
[36m&lt;/summary&gt;[39m

Ignored nodes: comments, script, style
[36m&lt;summary[39m
  [33mstyle[39m=[32m&quot;cursor: pointer; margin-bottom: 8px; color: rgb(107, 114, 128); font-size: 12px;&quot;[39m
[36m&gt;[39m
  [36m&lt;svg[39m
    [33maria-hidden[39m=[32m&quot;true&quot;[39m
    [33mclass[39m=[32m&quot;lucide lucide-bug&quot;[39m
    [33mfill[39m=[32m&quot;none&quot;[39m
    [33mheight[39m=[32m&quot;14&quot;[39m
    [33mstroke[39m=[32m&quot;currentColor&quot;[39m
    [33mstroke-linecap[39m=[32m&quot;round&quot;[39m
    [33mstroke-linejoin[39m=[32m&quot;round&quot;[39m
    [33mstroke-width[39m=[32m&quot;2&quot;[39m
    [33mstyle[39m=[32m&quot;margin-right: 6px; vertical-align: middle;&quot;[39m
    [33mviewBox[39m=[32m&quot;0 0 24 24&quot;[39m
    [33mwidth[39m=[32m&quot;14&quot;[39m
    [33mxmlns[39m=[32m&quot;http://www.w3.org/2000/svg&quot;[39m
  [36m&gt;[39m
    [36m&lt;path[39m
      [33md[39m=[32m&quot;m8 2 1.88 1.88&quot;[39m
    [36m/&gt;[39m
    [36m&lt;path[39m
      [33md[39m=[32m&quot;M14.12 3.88 16 2&quot;[39m
    [36m/&gt;[39m
    [36m&lt;path[39m
      [33md[39m=[32m&quot;M9 7.13v-1a3.003 3.003 0 1 1 6 0v1&quot;[39m
    [36m/&gt;[39m
    [36m&lt;path[39m
      [33md[39m=[32m&quot;M12 20c-3.3 0-6-2.7-6-6v-3a4 4 0 0 1 4-4h4a4 4 0 0 1 4 4v3c0 3.3-2.7 6-6 6&quot;[39m
    [36m/&gt;[39m
    [36m&lt;path[39m
      [33md[39m=[32m&quot;M12 20v-9&quot;[39m
    [36m/&gt;[39m
    [36m&lt;path[39m
      [33md[39m=[32m&quot;M6.53 9C4.6 8.8 3 7.1 3 5&quot;[39m
    [36m/&gt;[39m
    [36m&lt;path[39m
      [33md[39m=[32m&quot;M6 13H2&quot;[39m
    [36m/&gt;[39m
    [36m&lt;path[39m
      [33md[39m=[32m&quot;M3 21c0-2.1 1.7-3.9 3.8-4&quot;[39m
    [36m/&gt;[39m
    [36m&lt;path[39m
      [33md[39m=[32m&quot;M20.97 5c0 2.1-1.6 3.8-3.5 4&quot;[39m
    [36m/&gt;[39m
    [36m&lt;path[39m
      [33md[39m=[32m&quot;M22 13h-4&quot;[39m
    [36m/&gt;[39m
    [36m&lt;path[39m
      [33md[39m=[32m&quot;M17.2 17c2.1.1 3.8 1.9 3.8 4&quot;[39m
    [36m/&gt;[39m
  [36m&lt;/svg&gt;[39m
  [0mError Details (Development Only)[0m
[36m&lt;/summary&gt;[39m

Ignored nodes: comments, script, style
[36m&lt;summary[39m
  [33mstyle[39m=[32m&quot;cursor: pointer; margin-bottom: 8px; color: rgb(107, 114, 128); font-size: 12px;&quot;[39m
[36m&gt;[39m
  [36m&lt;svg[39m
    [33maria-hidden[39m=[32m&quot;true&quot;[39m
    [33mclass[39m=[32m&quot;lucide lucide-bug&quot;[39m
    [33mfill[39m=[32m&quot;none&quot;[39m
    [33mheight[39m=[32m&quot;14&quot;[39m
    [33mstroke[39m=[32m&quot;currentColor&quot;[39m
    [33mstroke-linecap[39m=[32m&quot;round&quot;[39m
    [33mstroke-linejoin[39m=[32m&quot;round&quot;[39m
    [33mstroke-width[39m=[32m&quot;2&quot;[39m
    [33mstyle[39m=[32m&quot;margin-right: 6px; vertical-align: middle;&quot;[39m
    [33mviewBox[39m=[32m&quot;0 0 24 24&quot;[39m
    [33mwidth[39m=[32m&quot;14&quot;[39m
    [33mxmlns[39m=[32m&quot;http://www.w3.org/2000/svg&quot;[39m
  [36m&gt;[39m
    [36m&lt;path[39m
      [33md[39m=[32m&quot;m8 2 1.88 1.88&quot;[39m
    [36m/&gt;[39m
    [36m&lt;path[39m
      [33md[39m=[32m&quot;M14.12 3.88 16 2&quot;[39m
    [36m/&gt;[39m
    [36m&lt;path[39m
      [33md[39m=[32m&quot;M9 7.13v-1a3.003 3.003 0 1 1 6 0v1&quot;[39m
    [36m/&gt;[39m
    [36m&lt;path[39m
      [33md[39m=[32m&quot;M12 20c-3.3 0-6-2.7-6-6v-3a4 4 0 0 1 4-4h4a4 4 0 0 1 4 4v3c0 3.3-2.7 6-6 6&quot;[39m
    [36m/&gt;[39m
    [36m&lt;path[39m
      [33md[39m=[32m&quot;M12 20v-9&quot;[39m
    [36m/&gt;[39m
    [36m&lt;path[39m
      [33md[39m=[32m&quot;M6.53 9C4.6 8.8 3 7.1 3 5&quot;[39m
    [36m/&gt;[39m
    [36m&lt;path[39m
      [33md[39m=[32m&quot;M6 13H2&quot;[39m
    [36m/&gt;[39m
    [36m&lt;path[39m
      [33md[39m=[32m&quot;M3 21c0-2.1 1.7-3.9 3.8-4&quot;[39m
    [36m/&gt;[39m
    [36m&lt;path[39m
      [33md[39m=[32m&quot;M20.97 5c0 2.1-1.6 3.8-3.5 4&quot;[39m
    [36m/&gt;[39m
    [36m&lt;path[39m
      [33md[39m=[32m&quot;M22 13h-4&quot;[39m
    [36m/&gt;[39m
    [36m&lt;path[39m
      [33md[39m=[32m&quot;M17.2 17c2.1.1 3.8 1.9 3.8 4&quot;[39m
    [36m/&gt;[39m
  [36m&lt;/svg&gt;[39m
  [0mError Details (Development Only)[0m
[36m&lt;/summary&gt;[39m

Ignored nodes: comments, script, style
[36m&lt;summary[39m
  [33mstyle[39m=[32m&quot;cursor: pointer; margin-bottom: 8px; color: rgb(156, 163, 175); font-size: 12px;&quot;[39m
[36m&gt;[39m
  [36m&lt;svg[39m
    [33maria-hidden[39m=[32m&quot;true&quot;[39m
    [33mclass[39m=[32m&quot;lucide lucide-bug&quot;[39m
    [33mfill[39m=[32m&quot;none&quot;[39m
    [33mheight[39m=[32m&quot;14&quot;[39m
    [33mstroke[39m=[32m&quot;currentColor&quot;[39m
    [33mstroke-linecap[39m=[32m&quot;round&quot;[39m
    [33mstroke-linejoin[39m=[32m&quot;round&quot;[39m
    [33mstroke-width[39m=[32m&quot;2&quot;[39m
    [33mstyle[39m=[32m&quot;margin-right: 6px; vertical-align: middle;&quot;[39m
    [33mviewBox[39m=[32m&quot;0 0 24 24&quot;[39m
    [33mwidth[39m=[32m&quot;14&quot;[39m
    [33mxmlns[39m=[32m&quot;http://www.w3.org/2000/svg&quot;[39m
  [36m&gt;[39m
    [36m&lt;path[39m
      [33md[39m=[32m&quot;m8 2 1.88 1.88&quot;[39m
    [36m/&gt;[39m
    [36m&lt;path[39m
      [33md[39m=[32m&quot;M14.12 3.88 16 2&quot;[39m
    [36m/&gt;[39m
    [36m&lt;path[39m
      [33md[39m=[32m&quot;M9 7.13v-1a3.003 3.003 0 1 1 6 0v1&quot;[39m
    [36m/&gt;[39m
    [36m&lt;path[39m
      [33md[39m=[32m&quot;M12 20c-3.3 0-6-2.7-6-6v-3a4 4 0 0 1 4-4h4a4 4 0 0 1 4 4v3c0 3.3-2.7 6-6 6&quot;[39m
    [36m/&gt;[39m
    [36m&lt;path[39m
      [33md[39m=[32m&quot;M12 20v-9&quot;[39m
    [36m/&gt;[39m
    [36m&lt;path[39m
      [33md[39m=[32m&quot;M6.53 9C4.6 8.8 3 7.1 3 5&quot;[39m
    [36m/&gt;[39m
    [36m&lt;path[39m
      [33md[39m=[32m&quot;M6 13H2&quot;[39m
    [36m/&gt;[39m
    [36m&lt;path[39m
      [33md[39m=[32m&quot;M3 21c0-2.1 1.7-3.9 3.8-4&quot;[39m
    [36m/&gt;[39m
    [36m&lt;path[39m
      [33md[39m=[32m&quot;M20.97 5c0 2.1-1.6 3.8-3.5 4&quot;[39m
    [36m/&gt;[39m
    [36m&lt;path[39m
      [33md[39m=[32m&quot;M22 13h-4&quot;[39m
    [36m/&gt;[39m
    [36m&lt;path[39m
      [33md[39m=[32m&quot;M17.2 17c2.1.1 3.8 1.9 3.8 4&quot;[39m
    [36m/&gt;[39m
  [36m&lt;/svg&gt;[39m
  [0mError Details (Development Only)[0m
[36m&lt;/summary&gt;[39m

Ignored nodes: comments, script, style
[36m&lt;summary[39m
  [33mstyle[39m=[32m&quot;cursor: pointer; margin-bottom: 8px; color: rgb(107, 114, 128); font-size: 12px;&quot;[39m
[36m&gt;[39m
  [36m&lt;svg[39m
    [33maria-hidden[39m=[32m&quot;true&quot;[39m
    [33mclass[39m=[32m&quot;lucide lucide-bug&quot;[39m
    [33mfill[39m=[32m&quot;none&quot;[39m
    [33mheight[39m=[32m&quot;14&quot;[39m
    [33mstroke[39m=[32m&quot;currentColor&quot;[39m
    [33mstroke-linecap[39m=[32m&quot;round&quot;[39m
    [33mstroke-linejoin[39m=[32m&quot;round&quot;[39m
    [33mstroke-width[39m=[32m&quot;2&quot;[39m
    [33mstyle[39m=[32m&quot;margin-right: 6px; vertical-align: middle;&quot;[39m
    [33mviewBox[39m=[32m&quot;0 0 24 24&quot;[39m
    [33mwidth[39m=[32m&quot;14&quot;[39m
    [33mxmlns[39m=[32m&quot;http://www.w3.org/2000/svg&quot;[39m
  [36m&gt;[39m
    [36m&lt;path[39m
      [33md[39m=[32m&quot;m8 2 1.88 1.88&quot;[39m
    [36m/&gt;[39m
    [36m&lt;path[39m
      [33md[39m=[32m&quot;M14.12 3.88 16 2&quot;[39m
    [36m/&gt;[39m
    [36m&lt;path[39m
      [33md[39m=[32m&quot;M9 7.13v-1a3.003 3.003 0 1 1 6 0v1&quot;[39m
    [36m/&gt;[39m
    [36m&lt;path[39m
      [33md[39m=[32m&quot;M12 20c-3.3 0-6-2.7-6-6v-3a4 4 0 0 1 4-4h4a4 4 0 0 1 4 4v3c0 3.3-2.7 6-6 6&quot;[39m
    [36m/&gt;[39m
    [36m&lt;path[39m
      [33md[39m=[32m&quot;M12 20v-9&quot;[39m
    [36m/&gt;[39m
    [36m&lt;path[39m
      [33md[39m=[32m&quot;M6.53 9C4.6 8.8 3 7.1 3 5&quot;[39m
    [36m/&gt;[39m
    [36m&lt;path[39m
      [33md[39m=[32m&quot;M6 13H2&quot;[39m
    [36m/&gt;[39m
    [36m&lt;path[39m
      [33md[39m=[32m&quot;M3 21c0-2.1 1.7-3.9 3.8-4&quot;[39m
    [36m/&gt;[39m
    [36m&lt;path[39m
      [33md[39m=[32m&quot;M20.97 5c0 2.1-1.6 3.8-3.5 4&quot;[39m
    [36m/&gt;[39m
    [36m&lt;path[39m
      [33md[39m=[32m&quot;M22 13h-4&quot;[39m
    [36m/&gt;[39m
    [36m&lt;path[39m
      [33md[39m=[32m&quot;M17.2 17c2.1.1 3.8 1.9 3.8 4&quot;[39m
    [36m/&gt;[39m
  [36m&lt;/svg&gt;[39m
  [0mError Details (Development Only)[0m
[36m&lt;/summary&gt;[39m

Ignored nodes: comments, script, style
[36m&lt;summary[39m
  [33mstyle[39m=[32m&quot;cursor: pointer; margin-bottom: 8px; color: rgb(107, 114, 128); font-size: 12px;&quot;[39m
[36m&gt;[39m
  [36m&lt;svg[39m
    [33maria-hidden[39m=[32m&quot;true&quot;[39m
    [33mclass[39m=[32m&quot;lucide lucide-bug&quot;[39m
    [33mfill[39m=[32m&quot;none&quot;[39m
    [33mheight[39m=[32m&quot;14&quot;[39m
    [33mstroke[39m=[32m&quot;currentColor&quot;[39m
    [33mstroke-linecap[39m=[32m&quot;round&quot;[39m
    [33mstroke-linejoin[39m=[32m&quot;round&quot;[39m
    [33mstroke-width[39m=[32m&quot;2&quot;[39m
    [33mstyle[39m=[32m&quot;margin-right: 6px; vertical-align: middle;&quot;[39m
    [33mviewBox[39m=[32m&quot;0 0 24 24&quot;[39m
    [33mwidth[39m=[32m&quot;14&quot;[39m
    [33mxmlns[39m=[32m&quot;http://www.w3.org/2000/svg&quot;[39m
  [36m&gt;[39m
    [36m&lt;path[39m
      [33md[39m=[32m&quot;m8 2 1.88 1.88&quot;[39m
    [36m/&gt;[39m
    [36m&lt;path[39m
      [33md[39m=[32m&quot;M14.12 3.88 16 2&quot;[39m
    [36m/&gt;[39m
    [36m&lt;path[39m
      [33md[39m=[32m&quot;M9 7.13v-1a3.003 3.003 0 1 1 6 0v1&quot;[39m
    [36m/&gt;[39m
    [36m&lt;path[39m
      [33md[39m=[32m&quot;M12 20c-3.3 0-6-2.7-6-6v-3a4 4 0 0 1 4-4h4a4 4 0 0 1 4 4v3c0 3.3-2.7 6-6 6&quot;[39m
    [36m/&gt;[39m
    [36m&lt;path[39m
      [33md[39m=[32m&quot;M12 20v-9&quot;[39m
    [36m/&gt;[39m
    [36m&lt;path[39m
      [33md[39m=[32m&quot;M6.53 9C4.6 8.8 3 7.1 3 5&quot;[39m
    [36m/&gt;[39m
    [36m&lt;path[39m
      [33md[39m=[32m&quot;M6 13H2&quot;[39m
    [36m/&gt;[39m
    [36m&lt;path[39m
      [33md[39m=[32m&quot;M3 21c0-2.1 1.7-3.9 3.8-4&quot;[39m
    [36m/&gt;[39m
    [36m&lt;path[39m
      [33md[39m=[32m&quot;M20.97 5c0 2.1-1.6 3.8-3.5 4&quot;[39m
    [36m/&gt;[39m
    [36m&lt;path[39m
      [33md[39m=[32m&quot;M22 13h-4&quot;[39m
    [36m/&gt;[39m
    [36m&lt;path[39m
      [33md[39m=[32m&quot;M17.2 17c2.1.1 3.8 1.9 3.8 4&quot;[39m
    [36m/&gt;[39m
  [36m&lt;/svg&gt;[39m
  [0mError Details (Development Only)[0m
[36m&lt;/summary&gt;[39m

(If this is intentional, then use the `*AllBy*` variant of the query (like `queryAllByText`, `getAllByText`, or `findAllByText`)).

Ignored nodes: comments, script, style
[36m&lt;body&gt;[39m
  [36m&lt;div&gt;[39m
    [36m&lt;div[39m
      [33mdata-testid[39m=[32m&quot;test-content&quot;[39m
    [36m&gt;[39m
      [0mTest content[0m
    [36m&lt;/div&gt;[39m
  [36m&lt;/div&gt;[39m
  [36m&lt;div&gt;[39m
    [36m&lt;div[39m
      [33mstyle[39m=[32m&quot;min-height: 400px; background: rgb(245, 245, 245); display: flex; align-items: center; justify-content: center; padding: 32px; border-radius: 8px;&quot;[39m
    [36m&gt;[39m
      [36m&lt;div[39m
        [33mstyle[39m=[32m&quot;max-width: 600px; width: 100%; text-align: center; background: rgba(255, 255, 255, 0.9); border-radius: 16px; padding: 32px; border: 1px solid rgb(229, 231, 235); box-shadow: 0 4px 6px rgba(0, 0, 0, 0.1);&quot;[39m
      [36m&gt;[39m
        [36m&lt;svg[39m
          [33maria-hidden[39m=[32m&quot;true&quot;[39m
          [33mclass[39m=[32m&quot;lucide lucide-circle-alert&quot;[39m
          [33mfill[39m=[32m&quot;none&quot;[39m
          [33mheight[39m=[32m&quot;48&quot;[39m
          [33mstroke[39m=[32m&quot;currentColor&quot;[39m
          [33mstroke-linecap[39m=[32m&quot;round&quot;[39m
          [33mstroke-linejoin[39m=[32m&quot;round&quot;[39m
          [33mstroke-width[39m=[32m&quot;2&quot;[39m
          [33mstyle[39m=[32m&quot;color: rgb(239, 68, 68); margin-bottom: 16px;&quot;[39m
          [33mviewBox[39m=[32m&quot;0 0 24 24&quot;[39m
          [33mwidth[39m=[32m&quot;48&quot;[39m
          [33mxmlns[39m=[32m&quot;http://www.w3.org/2000/svg&quot;[39m
        [36m&gt;[39m
          [36m&lt;circle[39m
            [33mcx[39m=[32m&quot;12&quot;[39m
            [33mcy[39m=[32m&quot;12&quot;[39m
            [33mr[39m=[32m&quot;10&quot;[39m
          [36m/&gt;[39m
          [36m&lt;line[39m
            [33mx1[39m=[32m&quot;12&quot;[39m
            [33mx2[39m=[32m&quot;12&quot;[39m
            [33my1[39m=[32m&quot;8&quot;[39m
            [33my2[39m=[32m&quot;12&quot;[39m
          [36m/&gt;[39m
          [36m&lt;line[39m
            [33mx1[39m=[32m&quot;12&quot;[39m
            [33mx2[39m=[32m&quot;12.01&quot;[39m
            [33my1[39m=[32m&quot;16&quot;[39m
            [33my2[39m=[32m&quot;16&quot;[39m
          [36m/&gt;[39m
        [36m&lt;/svg&gt;[39m
        [36m&lt;h3[39m
          [33mstyle[39m=[32m&quot;font-size: 20px; font-weight: bold; margin-bottom: 8px; color: rgb(31, 41, 55);&quot;[39m
        [36m&gt;[39m
          [0mNetwork Connection Issue[0m
        [36m&lt;/h3&gt;[39m
        [36m&lt;p[39m
          [33mstyle[39m=[32m&quot;font-size: 14px; margin-bottom: 20px; color: rgb(107, 114, 128); line-height: 1.5;&quot;[39m
        [36m&gt;[39m
          [0mCheck your internet connection and try again. If the problem persists, contact your network administrator.[0m
        [36m&lt;/p&gt;[39m
        [36m&lt;details[39m
          [33mstyle[39m=[32m&quot;text-align: left; margin-bottom: 20px; background: rgba(0, 0, 0, 0.05); padding: 12px; border-radius: 6px; font-size: 12px;&quot;[39m
        [36m&gt;[39m
          [36m&lt;summary[39m
            [33mstyle[39m=[32m&quot;cursor: pointer; margin-bottom: 8px; color: rgb(107, 114, 128); font-size: 12px;&quot;[39m
          [36m&gt;[39m
            [36m&lt;svg[39m
              [33maria-hidden[39m=[32m&quot;true&quot;[39m
              [33mclass[39m=[32m&quot;lucide lucide-bug&quot;[39m
              [33mfill[39m=[32m&quot;none&quot;[39m
              [33mheight[39m=[32m&quot;14&quot;[39m
              [33mstroke[39m=[32m&quot;currentColor&quot;[39m
              [33mstroke-linecap[39m=[32m&quot;round&quot;[39m
              [33mstroke-linejoin[39m=[32m&quot;round&quot;[39m
              [33mstroke-width[39m=[32m&quot;2&quot;[39m
              [33mstyle[39m=[32m&quot;margin-right: 6px; vertical-align: middle;&quot;[39m
              [33mviewBox[39m=[32m&quot;0 0 24 24&quot;[39m
              [33mwidth[39m=[32m&quot;14&quot;[39m
              [33mxmlns[39m=[32m&quot;http://www.w3.org/2000/svg&quot;[39m
            [36m&gt;[39m
              [36m&lt;path[39m
                [33md[39m=[32m&quot;m8 2 1.88 1.88&quot;[39m
              [36m/&gt;[39m
              [36m&lt;path[39m
                [33md[39m=[32m&quot;M14.12 3.88 16 2&quot;[39m
              [36m/&gt;[39m
              [36m&lt;path[39m
                [33md[39m=[32m&quot;M9 7.13v-1a3.003 3.003 0 1 1 6 0v1&quot;[39m
              [36m/&gt;[39m
              [36m&lt;path[39m
                [33md[39m=[32m&quot;M12 20c-3.3 0-6-2.7-6-6v-3a4 4 0 0 1 4-4h4a4 4 0 0 1 4 4v3c0 3.3-2.7 6-6 6&quot;[39m
              [36m/&gt;[39m
              [36m&lt;path[39m
                [33md[39m=[32m&quot;M12 20v-9&quot;[39m
              [36m/&gt;[39m
              [36m&lt;path[39m
                [33md[39m=[32m&quot;M6.53 9C4.6 8.8 3 7.1 3 5&quot;[39m
              [36m/&gt;[39m
              [36m&lt;path[39m
                [33md[39m=[32m&quot;M6 13H2&quot;[39m
              [36m/&gt;[39m
              [36m&lt;path[39m
                [33md[39m=[32m&quot;M3 21c0-2.1 1.7-3.9 3.8-4&quot;[39m
              [36m/&gt;[39m
              [36m&lt;path[39m
                [33md[39m=[32m&quot;M20.97 5c0 2.1-1.6 3.8-3.5 4&quot;[39m
              [36m/&gt;[39m
              [36m&lt;path[39m
                [33md[39m=[32m&quot;M22 13h-4&quot;[39m
              [36m/&gt;[39m
              [36m&lt;path[39m
                [33md[39m=[32m&quot;M17.2 17c2.1.1 3.8 1.9 3.8 4&quot;[39m
              [36m/&gt;[39m
            [36m&lt;/svg&gt;[39m
            [0mError Details (Development Only)[0m
          [36m&lt;/summary&gt;[39m
          [36m&lt;div[39m
            [33mstyle[39m=[32m&quot;font-family: monospace; color: rgb(75, 85, 99); word-break: break-word;&quot;[39m
          [36m&gt;[39m
            [36m&lt;strong&gt;[39m
              [0mType:[0m
            [36m&lt;/strong&gt;[39m
            [0m [0m
            [0mNETWORK[0m
            [36m&lt;br /&gt;[39m
            [36m&lt;strong&gt;[39m
              [0mCode:[0m
            [36m&lt;/strong&gt;[39m
            [0m [0m
            [0mNETWORK_ERROR[0m
            [36m&lt;br /&gt;[39m
            [36m&lt;strong&gt;[39m
              [0mMessage:[0m
            [36m&lt;/strong&gt;[39m
            [0m [0m
            [0mTest error message[0m
            [36m&lt;br /&gt;[39m
            [36m&lt;strong&gt;[39m
              [0mStack:[0m
            [36m&lt;/strong&gt;[39m
            [36m&lt;pre[39m
              [33mstyle[39m=[32m&quot;white-space: pre-wrap; word-break: break-word; margin: 4px 0px 0px 0px; font-size: 10px;&quot;[39m
            [36m&gt;[39m
              [0mAppError: Test error message
    at ThrowErrorComponent (/home/ilya/projects/SimpleAdminReporter/frontend/src/components/query/__tests__/QueryPreviewErrorBoundary.test.tsx:59:19)
    at Object.react_stack_bottom_frame (/home/ilya/projects/SimpleAdminReporter/frontend/node_modules/react-dom/cjs/react-dom-client.development.js:23863:20)
    at renderWithHooks (/home/ilya/projects/SimpleAdminReporter/frontend/node_modules/react-dom/cjs/react-dom-client.development.js:5529:22)
    at updateFunctionComponent (/home/ilya/projects/SimpleAdminReporter/frontend/node_modules/react-dom/cjs/react-dom-client.development.js:8897:19)
    at beginWork (/home/ilya/projects/SimpleAdminReporter/frontend/node_modules/react-dom/cjs/react-dom-client.development.js:10522:18)
    at runWithFiberInDEV (/home/ilya/projects/SimpleAdminReporter/frontend/node_modules/react-dom/cjs/react-dom-client.development.js:1522:13..." type="TestingLibraryElementError">
TestingLibraryElementError: Found multiple elements with the text: Error Details (Development Only)

Here are the matching elements:

Ignored nodes: comments, script, style
&lt;summary
  style=&quot;cursor: pointer; margin-bottom: 8px; color: rgb(107, 114, 128); font-size: 12px;&quot;
&gt;
  &lt;svg
    aria-hidden=&quot;true&quot;
    class=&quot;lucide lucide-bug&quot;
    fill=&quot;none&quot;
    height=&quot;14&quot;
    stroke=&quot;currentColor&quot;
    stroke-linecap=&quot;round&quot;
    stroke-linejoin=&quot;round&quot;
    stroke-width=&quot;2&quot;
    style=&quot;margin-right: 6px; vertical-align: middle;&quot;
    viewBox=&quot;0 0 24 24&quot;
    width=&quot;14&quot;
    xmlns=&quot;http://www.w3.org/2000/svg&quot;
  &gt;
    &lt;path
      d=&quot;m8 2 1.88 1.88&quot;
    /&gt;
    &lt;path
      d=&quot;M14.12 3.88 16 2&quot;
    /&gt;
    &lt;path
      d=&quot;M9 7.13v-1a3.003 3.003 0 1 1 6 0v1&quot;
    /&gt;
    &lt;path
      d=&quot;M12 20c-3.3 0-6-2.7-6-6v-3a4 4 0 0 1 4-4h4a4 4 0 0 1 4 4v3c0 3.3-2.7 6-6 6&quot;
    /&gt;
    &lt;path
      d=&quot;M12 20v-9&quot;
    /&gt;
    &lt;path
      d=&quot;M6.53 9C4.6 8.8 3 7.1 3 5&quot;
    /&gt;
    &lt;path
      d=&quot;M6 13H2&quot;
    /&gt;
    &lt;path
      d=&quot;M3 21c0-2.1 1.7-3.9 3.8-4&quot;
    /&gt;
    &lt;path
      d=&quot;M20.97 5c0 2.1-1.6 3.8-3.5 4&quot;
    /&gt;
    &lt;path
      d=&quot;M22 13h-4&quot;
    /&gt;
    &lt;path
      d=&quot;M17.2 17c2.1.1 3.8 1.9 3.8 4&quot;
    /&gt;
  &lt;/svg&gt;
  Error Details (Development Only)
&lt;/summary&gt;

Ignored nodes: comments, script, style
&lt;summary
  style=&quot;cursor: pointer; margin-bottom: 8px; color: rgb(107, 114, 128); font-size: 12px;&quot;
&gt;
  &lt;svg
    aria-hidden=&quot;true&quot;
    class=&quot;lucide lucide-bug&quot;
    fill=&quot;none&quot;
    height=&quot;14&quot;
    stroke=&quot;currentColor&quot;
    stroke-linecap=&quot;round&quot;
    stroke-linejoin=&quot;round&quot;
    stroke-width=&quot;2&quot;
    style=&quot;margin-right: 6px; vertical-align: middle;&quot;
    viewBox=&quot;0 0 24 24&quot;
    width=&quot;14&quot;
    xmlns=&quot;http://www.w3.org/2000/svg&quot;
  &gt;
    &lt;path
      d=&quot;m8 2 1.88 1.88&quot;
    /&gt;
    &lt;path
      d=&quot;M14.12 3.88 16 2&quot;
    /&gt;
    &lt;path
      d=&quot;M9 7.13v-1a3.003 3.003 0 1 1 6 0v1&quot;
    /&gt;
    &lt;path
      d=&quot;M12 20c-3.3 0-6-2.7-6-6v-3a4 4 0 0 1 4-4h4a4 4 0 0 1 4 4v3c0 3.3-2.7 6-6 6&quot;
    /&gt;
    &lt;path
      d=&quot;M12 20v-9&quot;
    /&gt;
    &lt;path
      d=&quot;M6.53 9C4.6 8.8 3 7.1 3 5&quot;
    /&gt;
    &lt;path
      d=&quot;M6 13H2&quot;
    /&gt;
    &lt;path
      d=&quot;M3 21c0-2.1 1.7-3.9 3.8-4&quot;
    /&gt;
    &lt;path
      d=&quot;M20.97 5c0 2.1-1.6 3.8-3.5 4&quot;
    /&gt;
    &lt;path
      d=&quot;M22 13h-4&quot;
    /&gt;
    &lt;path
      d=&quot;M17.2 17c2.1.1 3.8 1.9 3.8 4&quot;
    /&gt;
  &lt;/svg&gt;
  Error Details (Development Only)
&lt;/summary&gt;

Ignored nodes: comments, script, style
&lt;summary
  style=&quot;cursor: pointer; margin-bottom: 8px; color: rgb(107, 114, 128); font-size: 12px;&quot;
&gt;
  &lt;svg
    aria-hidden=&quot;true&quot;
    class=&quot;lucide lucide-bug&quot;
    fill=&quot;none&quot;
    height=&quot;14&quot;
    stroke=&quot;currentColor&quot;
    stroke-linecap=&quot;round&quot;
    stroke-linejoin=&quot;round&quot;
    stroke-width=&quot;2&quot;
    style=&quot;margin-right: 6px; vertical-align: middle;&quot;
    viewBox=&quot;0 0 24 24&quot;
    width=&quot;14&quot;
    xmlns=&quot;http://www.w3.org/2000/svg&quot;
  &gt;
    &lt;path
      d=&quot;m8 2 1.88 1.88&quot;
    /&gt;
    &lt;path
      d=&quot;M14.12 3.88 16 2&quot;
    /&gt;
    &lt;path
      d=&quot;M9 7.13v-1a3.003 3.003 0 1 1 6 0v1&quot;
    /&gt;
    &lt;path
      d=&quot;M12 20c-3.3 0-6-2.7-6-6v-3a4 4 0 0 1 4-4h4a4 4 0 0 1 4 4v3c0 3.3-2.7 6-6 6&quot;
    /&gt;
    &lt;path
      d=&quot;M12 20v-9&quot;
    /&gt;
    &lt;path
      d=&quot;M6.53 9C4.6 8.8 3 7.1 3 5&quot;
    /&gt;
    &lt;path
      d=&quot;M6 13H2&quot;
    /&gt;
    &lt;path
      d=&quot;M3 21c0-2.1 1.7-3.9 3.8-4&quot;
    /&gt;
    &lt;path
      d=&quot;M20.97 5c0 2.1-1.6 3.8-3.5 4&quot;
    /&gt;
    &lt;path
      d=&quot;M22 13h-4&quot;
    /&gt;
    &lt;path
      d=&quot;M17.2 17c2.1.1 3.8 1.9 3.8 4&quot;
    /&gt;
  &lt;/svg&gt;
  Error Details (Development Only)
&lt;/summary&gt;

Ignored nodes: comments, script, style
&lt;summary
  style=&quot;cursor: pointer; margin-bottom: 8px; color: rgb(107, 114, 128); font-size: 12px;&quot;
&gt;
  &lt;svg
    aria-hidden=&quot;true&quot;
    class=&quot;lucide lucide-bug&quot;
    fill=&quot;none&quot;
    height=&quot;14&quot;
    stroke=&quot;currentColor&quot;
    stroke-linecap=&quot;round&quot;
    stroke-linejoin=&quot;round&quot;
    stroke-width=&quot;2&quot;
    style=&quot;margin-right: 6px; vertical-align: middle;&quot;
    viewBox=&quot;0 0 24 24&quot;
    width=&quot;14&quot;
    xmlns=&quot;http://www.w3.org/2000/svg&quot;
  &gt;
    &lt;path
      d=&quot;m8 2 1.88 1.88&quot;
    /&gt;
    &lt;path
      d=&quot;M14.12 3.88 16 2&quot;
    /&gt;
    &lt;path
      d=&quot;M9 7.13v-1a3.003 3.003 0 1 1 6 0v1&quot;
    /&gt;
    &lt;path
      d=&quot;M12 20c-3.3 0-6-2.7-6-6v-3a4 4 0 0 1 4-4h4a4 4 0 0 1 4 4v3c0 3.3-2.7 6-6 6&quot;
    /&gt;
    &lt;path
      d=&quot;M12 20v-9&quot;
    /&gt;
    &lt;path
      d=&quot;M6.53 9C4.6 8.8 3 7.1 3 5&quot;
    /&gt;
    &lt;path
      d=&quot;M6 13H2&quot;
    /&gt;
    &lt;path
      d=&quot;M3 21c0-2.1 1.7-3.9 3.8-4&quot;
    /&gt;
    &lt;path
      d=&quot;M20.97 5c0 2.1-1.6 3.8-3.5 4&quot;
    /&gt;
    &lt;path
      d=&quot;M22 13h-4&quot;
    /&gt;
    &lt;path
      d=&quot;M17.2 17c2.1.1 3.8 1.9 3.8 4&quot;
    /&gt;
  &lt;/svg&gt;
  Error Details (Development Only)
&lt;/summary&gt;

Ignored nodes: comments, script, style
&lt;summary
  style=&quot;cursor: pointer; margin-bottom: 8px; color: rgb(107, 114, 128); font-size: 12px;&quot;
&gt;
  &lt;svg
    aria-hidden=&quot;true&quot;
    class=&quot;lucide lucide-bug&quot;
    fill=&quot;none&quot;
    height=&quot;14&quot;
    stroke=&quot;currentColor&quot;
    stroke-linecap=&quot;round&quot;
    stroke-linejoin=&quot;round&quot;
    stroke-width=&quot;2&quot;
    style=&quot;margin-right: 6px; vertical-align: middle;&quot;
    viewBox=&quot;0 0 24 24&quot;
    width=&quot;14&quot;
    xmlns=&quot;http://www.w3.org/2000/svg&quot;
  &gt;
    &lt;path
      d=&quot;m8 2 1.88 1.88&quot;
    /&gt;
    &lt;path
      d=&quot;M14.12 3.88 16 2&quot;
    /&gt;
    &lt;path
      d=&quot;M9 7.13v-1a3.003 3.003 0 1 1 6 0v1&quot;
    /&gt;
    &lt;path
      d=&quot;M12 20c-3.3 0-6-2.7-6-6v-3a4 4 0 0 1 4-4h4a4 4 0 0 1 4 4v3c0 3.3-2.7 6-6 6&quot;
    /&gt;
    &lt;path
      d=&quot;M12 20v-9&quot;
    /&gt;
    &lt;path
      d=&quot;M6.53 9C4.6 8.8 3 7.1 3 5&quot;
    /&gt;
    &lt;path
      d=&quot;M6 13H2&quot;
    /&gt;
    &lt;path
      d=&quot;M3 21c0-2.1 1.7-3.9 3.8-4&quot;
    /&gt;
    &lt;path
      d=&quot;M20.97 5c0 2.1-1.6 3.8-3.5 4&quot;
    /&gt;
    &lt;path
      d=&quot;M22 13h-4&quot;
    /&gt;
    &lt;path
      d=&quot;M17.2 17c2.1.1 3.8 1.9 3.8 4&quot;
    /&gt;
  &lt;/svg&gt;
  Error Details (Development Only)
&lt;/summary&gt;

Ignored nodes: comments, script, style
&lt;summary
  style=&quot;cursor: pointer; margin-bottom: 8px; color: rgb(107, 114, 128); font-size: 12px;&quot;
&gt;
  &lt;svg
    aria-hidden=&quot;true&quot;
    class=&quot;lucide lucide-bug&quot;
    fill=&quot;none&quot;
    height=&quot;14&quot;
    stroke=&quot;currentColor&quot;
    stroke-linecap=&quot;round&quot;
    stroke-linejoin=&quot;round&quot;
    stroke-width=&quot;2&quot;
    style=&quot;margin-right: 6px; vertical-align: middle;&quot;
    viewBox=&quot;0 0 24 24&quot;
    width=&quot;14&quot;
    xmlns=&quot;http://www.w3.org/2000/svg&quot;
  &gt;
    &lt;path
      d=&quot;m8 2 1.88 1.88&quot;
    /&gt;
    &lt;path
      d=&quot;M14.12 3.88 16 2&quot;
    /&gt;
    &lt;path
      d=&quot;M9 7.13v-1a3.003 3.003 0 1 1 6 0v1&quot;
    /&gt;
    &lt;path
      d=&quot;M12 20c-3.3 0-6-2.7-6-6v-3a4 4 0 0 1 4-4h4a4 4 0 0 1 4 4v3c0 3.3-2.7 6-6 6&quot;
    /&gt;
    &lt;path
      d=&quot;M12 20v-9&quot;
    /&gt;
    &lt;path
      d=&quot;M6.53 9C4.6 8.8 3 7.1 3 5&quot;
    /&gt;
    &lt;path
      d=&quot;M6 13H2&quot;
    /&gt;
    &lt;path
      d=&quot;M3 21c0-2.1 1.7-3.9 3.8-4&quot;
    /&gt;
    &lt;path
      d=&quot;M20.97 5c0 2.1-1.6 3.8-3.5 4&quot;
    /&gt;
    &lt;path
      d=&quot;M22 13h-4&quot;
    /&gt;
    &lt;path
      d=&quot;M17.2 17c2.1.1 3.8 1.9 3.8 4&quot;
    /&gt;
  &lt;/svg&gt;
  Error Details (Development Only)
&lt;/summary&gt;

Ignored nodes: comments, script, style
&lt;summary
  style=&quot;cursor: pointer; margin-bottom: 8px; color: rgb(107, 114, 128); font-size: 12px;&quot;
&gt;
  &lt;svg
    aria-hidden=&quot;true&quot;
    class=&quot;lucide lucide-bug&quot;
    fill=&quot;none&quot;
    height=&quot;14&quot;
    stroke=&quot;currentColor&quot;
    stroke-linecap=&quot;round&quot;
    stroke-linejoin=&quot;round&quot;
    stroke-width=&quot;2&quot;
    style=&quot;margin-right: 6px; vertical-align: middle;&quot;
    viewBox=&quot;0 0 24 24&quot;
    width=&quot;14&quot;
    xmlns=&quot;http://www.w3.org/2000/svg&quot;
  &gt;
    &lt;path
      d=&quot;m8 2 1.88 1.88&quot;
    /&gt;
    &lt;path
      d=&quot;M14.12 3.88 16 2&quot;
    /&gt;
    &lt;path
      d=&quot;M9 7.13v-1a3.003 3.003 0 1 1 6 0v1&quot;
    /&gt;
    &lt;path
      d=&quot;M12 20c-3.3 0-6-2.7-6-6v-3a4 4 0 0 1 4-4h4a4 4 0 0 1 4 4v3c0 3.3-2.7 6-6 6&quot;
    /&gt;
    &lt;path
      d=&quot;M12 20v-9&quot;
    /&gt;
    &lt;path
      d=&quot;M6.53 9C4.6 8.8 3 7.1 3 5&quot;
    /&gt;
    &lt;path
      d=&quot;M6 13H2&quot;
    /&gt;
    &lt;path
      d=&quot;M3 21c0-2.1 1.7-3.9 3.8-4&quot;
    /&gt;
    &lt;path
      d=&quot;M20.97 5c0 2.1-1.6 3.8-3.5 4&quot;
    /&gt;
    &lt;path
      d=&quot;M22 13h-4&quot;
    /&gt;
    &lt;path
      d=&quot;M17.2 17c2.1.1 3.8 1.9 3.8 4&quot;
    /&gt;
  &lt;/svg&gt;
  Error Details (Development Only)
&lt;/summary&gt;

Ignored nodes: comments, script, style
&lt;summary
  style=&quot;cursor: pointer; margin-bottom: 8px; color: rgb(107, 114, 128); font-size: 12px;&quot;
&gt;
  &lt;svg
    aria-hidden=&quot;true&quot;
    class=&quot;lucide lucide-bug&quot;
    fill=&quot;none&quot;
    height=&quot;14&quot;
    stroke=&quot;currentColor&quot;
    stroke-linecap=&quot;round&quot;
    stroke-linejoin=&quot;round&quot;
    stroke-width=&quot;2&quot;
    style=&quot;margin-right: 6px; vertical-align: middle;&quot;
    viewBox=&quot;0 0 24 24&quot;
    width=&quot;14&quot;
    xmlns=&quot;http://www.w3.org/2000/svg&quot;
  &gt;
    &lt;path
      d=&quot;m8 2 1.88 1.88&quot;
    /&gt;
    &lt;path
      d=&quot;M14.12 3.88 16 2&quot;
    /&gt;
    &lt;path
      d=&quot;M9 7.13v-1a3.003 3.003 0 1 1 6 0v1&quot;
    /&gt;
    &lt;path
      d=&quot;M12 20c-3.3 0-6-2.7-6-6v-3a4 4 0 0 1 4-4h4a4 4 0 0 1 4 4v3c0 3.3-2.7 6-6 6&quot;
    /&gt;
    &lt;path
      d=&quot;M12 20v-9&quot;
    /&gt;
    &lt;path
      d=&quot;M6.53 9C4.6 8.8 3 7.1 3 5&quot;
    /&gt;
    &lt;path
      d=&quot;M6 13H2&quot;
    /&gt;
    &lt;path
      d=&quot;M3 21c0-2.1 1.7-3.9 3.8-4&quot;
    /&gt;
    &lt;path
      d=&quot;M20.97 5c0 2.1-1.6 3.8-3.5 4&quot;
    /&gt;
    &lt;path
      d=&quot;M22 13h-4&quot;
    /&gt;
    &lt;path
      d=&quot;M17.2 17c2.1.1 3.8 1.9 3.8 4&quot;
    /&gt;
  &lt;/svg&gt;
  Error Details (Development Only)
&lt;/summary&gt;

Ignored nodes: comments, script, style
&lt;summary
  style=&quot;cursor: pointer; margin-bottom: 8px; color: rgb(107, 114, 128); font-size: 12px;&quot;
&gt;
  &lt;svg
    aria-hidden=&quot;true&quot;
    class=&quot;lucide lucide-bug&quot;
    fill=&quot;none&quot;
    height=&quot;14&quot;
    stroke=&quot;currentColor&quot;
    stroke-linecap=&quot;round&quot;
    stroke-linejoin=&quot;round&quot;
    stroke-width=&quot;2&quot;
    style=&quot;margin-right: 6px; vertical-align: middle;&quot;
    viewBox=&quot;0 0 24 24&quot;
    width=&quot;14&quot;
    xmlns=&quot;http://www.w3.org/2000/svg&quot;
  &gt;
    &lt;path
      d=&quot;m8 2 1.88 1.88&quot;
    /&gt;
    &lt;path
      d=&quot;M14.12 3.88 16 2&quot;
    /&gt;
    &lt;path
      d=&quot;M9 7.13v-1a3.003 3.003 0 1 1 6 0v1&quot;
    /&gt;
    &lt;path
      d=&quot;M12 20c-3.3 0-6-2.7-6-6v-3a4 4 0 0 1 4-4h4a4 4 0 0 1 4 4v3c0 3.3-2.7 6-6 6&quot;
    /&gt;
    &lt;path
      d=&quot;M12 20v-9&quot;
    /&gt;
    &lt;path
      d=&quot;M6.53 9C4.6 8.8 3 7.1 3 5&quot;
    /&gt;
    &lt;path
      d=&quot;M6 13H2&quot;
    /&gt;
    &lt;path
      d=&quot;M3 21c0-2.1 1.7-3.9 3.8-4&quot;
    /&gt;
    &lt;path
      d=&quot;M20.97 5c0 2.1-1.6 3.8-3.5 4&quot;
    /&gt;
    &lt;path
      d=&quot;M22 13h-4&quot;
    /&gt;
    &lt;path
      d=&quot;M17.2 17c2.1.1 3.8 1.9 3.8 4&quot;
    /&gt;
  &lt;/svg&gt;
  Error Details (Development Only)
&lt;/summary&gt;

Ignored nodes: comments, script, style
&lt;summary
  style=&quot;cursor: pointer; margin-bottom: 8px; color: rgb(107, 114, 128); font-size: 12px;&quot;
&gt;
  &lt;svg
    aria-hidden=&quot;true&quot;
    class=&quot;lucide lucide-bug&quot;
    fill=&quot;none&quot;
    height=&quot;14&quot;
    stroke=&quot;currentColor&quot;
    stroke-linecap=&quot;round&quot;
    stroke-linejoin=&quot;round&quot;
    stroke-width=&quot;2&quot;
    style=&quot;margin-right: 6px; vertical-align: middle;&quot;
    viewBox=&quot;0 0 24 24&quot;
    width=&quot;14&quot;
    xmlns=&quot;http://www.w3.org/2000/svg&quot;
  &gt;
    &lt;path
      d=&quot;m8 2 1.88 1.88&quot;
    /&gt;
    &lt;path
      d=&quot;M14.12 3.88 16 2&quot;
    /&gt;
    &lt;path
      d=&quot;M9 7.13v-1a3.003 3.003 0 1 1 6 0v1&quot;
    /&gt;
    &lt;path
      d=&quot;M12 20c-3.3 0-6-2.7-6-6v-3a4 4 0 0 1 4-4h4a4 4 0 0 1 4 4v3c0 3.3-2.7 6-6 6&quot;
    /&gt;
    &lt;path
      d=&quot;M12 20v-9&quot;
    /&gt;
    &lt;path
      d=&quot;M6.53 9C4.6 8.8 3 7.1 3 5&quot;
    /&gt;
    &lt;path
      d=&quot;M6 13H2&quot;
    /&gt;
    &lt;path
      d=&quot;M3 21c0-2.1 1.7-3.9 3.8-4&quot;
    /&gt;
    &lt;path
      d=&quot;M20.97 5c0 2.1-1.6 3.8-3.5 4&quot;
    /&gt;
    &lt;path
      d=&quot;M22 13h-4&quot;
    /&gt;
    &lt;path
      d=&quot;M17.2 17c2.1.1 3.8 1.9 3.8 4&quot;
    /&gt;
  &lt;/svg&gt;
  Error Details (Development Only)
&lt;/summary&gt;

Ignored nodes: comments, script, style
&lt;summary
  style=&quot;cursor: pointer; margin-bottom: 8px; color: rgb(107, 114, 128); font-size: 12px;&quot;
&gt;
  &lt;svg
    aria-hidden=&quot;true&quot;
    class=&quot;lucide lucide-bug&quot;
    fill=&quot;none&quot;
    height=&quot;14&quot;
    stroke=&quot;currentColor&quot;
    stroke-linecap=&quot;round&quot;
    stroke-linejoin=&quot;round&quot;
    stroke-width=&quot;2&quot;
    style=&quot;margin-right: 6px; vertical-align: middle;&quot;
    viewBox=&quot;0 0 24 24&quot;
    width=&quot;14&quot;
    xmlns=&quot;http://www.w3.org/2000/svg&quot;
  &gt;
    &lt;path
      d=&quot;m8 2 1.88 1.88&quot;
    /&gt;
    &lt;path
      d=&quot;M14.12 3.88 16 2&quot;
    /&gt;
    &lt;path
      d=&quot;M9 7.13v-1a3.003 3.003 0 1 1 6 0v1&quot;
    /&gt;
    &lt;path
      d=&quot;M12 20c-3.3 0-6-2.7-6-6v-3a4 4 0 0 1 4-4h4a4 4 0 0 1 4 4v3c0 3.3-2.7 6-6 6&quot;
    /&gt;
    &lt;path
      d=&quot;M12 20v-9&quot;
    /&gt;
    &lt;path
      d=&quot;M6.53 9C4.6 8.8 3 7.1 3 5&quot;
    /&gt;
    &lt;path
      d=&quot;M6 13H2&quot;
    /&gt;
    &lt;path
      d=&quot;M3 21c0-2.1 1.7-3.9 3.8-4&quot;
    /&gt;
    &lt;path
      d=&quot;M20.97 5c0 2.1-1.6 3.8-3.5 4&quot;
    /&gt;
    &lt;path
      d=&quot;M22 13h-4&quot;
    /&gt;
    &lt;path
      d=&quot;M17.2 17c2.1.1 3.8 1.9 3.8 4&quot;
    /&gt;
  &lt;/svg&gt;
  Error Details (Development Only)
&lt;/summary&gt;

Ignored nodes: comments, script, style
&lt;summary
  style=&quot;cursor: pointer; margin-bottom: 8px; color: rgb(107, 114, 128); font-size: 12px;&quot;
&gt;
  &lt;svg
    aria-hidden=&quot;true&quot;
    class=&quot;lucide lucide-bug&quot;
    fill=&quot;none&quot;
    height=&quot;14&quot;
    stroke=&quot;currentColor&quot;
    stroke-linecap=&quot;round&quot;
    stroke-linejoin=&quot;round&quot;
    stroke-width=&quot;2&quot;
    style=&quot;margin-right: 6px; vertical-align: middle;&quot;
    viewBox=&quot;0 0 24 24&quot;
    width=&quot;14&quot;
    xmlns=&quot;http://www.w3.org/2000/svg&quot;
  &gt;
    &lt;path
      d=&quot;m8 2 1.88 1.88&quot;
    /&gt;
    &lt;path
      d=&quot;M14.12 3.88 16 2&quot;
    /&gt;
    &lt;path
      d=&quot;M9 7.13v-1a3.003 3.003 0 1 1 6 0v1&quot;
    /&gt;
    &lt;path
      d=&quot;M12 20c-3.3 0-6-2.7-6-6v-3a4 4 0 0 1 4-4h4a4 4 0 0 1 4 4v3c0 3.3-2.7 6-6 6&quot;
    /&gt;
    &lt;path
      d=&quot;M12 20v-9&quot;
    /&gt;
    &lt;path
      d=&quot;M6.53 9C4.6 8.8 3 7.1 3 5&quot;
    /&gt;
    &lt;path
      d=&quot;M6 13H2&quot;
    /&gt;
    &lt;path
      d=&quot;M3 21c0-2.1 1.7-3.9 3.8-4&quot;
    /&gt;
    &lt;path
      d=&quot;M20.97 5c0 2.1-1.6 3.8-3.5 4&quot;
    /&gt;
    &lt;path
      d=&quot;M22 13h-4&quot;
    /&gt;
    &lt;path
      d=&quot;M17.2 17c2.1.1 3.8 1.9 3.8 4&quot;
    /&gt;
  &lt;/svg&gt;
  Error Details (Development Only)
&lt;/summary&gt;

Ignored nodes: comments, script, style
&lt;summary
  style=&quot;cursor: pointer; margin-bottom: 8px; color: rgb(107, 114, 128); font-size: 12px;&quot;
&gt;
  &lt;svg
    aria-hidden=&quot;true&quot;
    class=&quot;lucide lucide-bug&quot;
    fill=&quot;none&quot;
    height=&quot;14&quot;
    stroke=&quot;currentColor&quot;
    stroke-linecap=&quot;round&quot;
    stroke-linejoin=&quot;round&quot;
    stroke-width=&quot;2&quot;
    style=&quot;margin-right: 6px; vertical-align: middle;&quot;
    viewBox=&quot;0 0 24 24&quot;
    width=&quot;14&quot;
    xmlns=&quot;http://www.w3.org/2000/svg&quot;
  &gt;
    &lt;path
      d=&quot;m8 2 1.88 1.88&quot;
    /&gt;
    &lt;path
      d=&quot;M14.12 3.88 16 2&quot;
    /&gt;
    &lt;path
      d=&quot;M9 7.13v-1a3.003 3.003 0 1 1 6 0v1&quot;
    /&gt;
    &lt;path
      d=&quot;M12 20c-3.3 0-6-2.7-6-6v-3a4 4 0 0 1 4-4h4a4 4 0 0 1 4 4v3c0 3.3-2.7 6-6 6&quot;
    /&gt;
    &lt;path
      d=&quot;M12 20v-9&quot;
    /&gt;
    &lt;path
      d=&quot;M6.53 9C4.6 8.8 3 7.1 3 5&quot;
    /&gt;
    &lt;path
      d=&quot;M6 13H2&quot;
    /&gt;
    &lt;path
      d=&quot;M3 21c0-2.1 1.7-3.9 3.8-4&quot;
    /&gt;
    &lt;path
      d=&quot;M20.97 5c0 2.1-1.6 3.8-3.5 4&quot;
    /&gt;
    &lt;path
      d=&quot;M22 13h-4&quot;
    /&gt;
    &lt;path
      d=&quot;M17.2 17c2.1.1 3.8 1.9 3.8 4&quot;
    /&gt;
  &lt;/svg&gt;
  Error Details (Development Only)
&lt;/summary&gt;

Ignored nodes: comments, script, style
&lt;summary
  style=&quot;cursor: pointer; margin-bottom: 8px; color: rgb(107, 114, 128); font-size: 12px;&quot;
&gt;
  &lt;svg
    aria-hidden=&quot;true&quot;
    class=&quot;lucide lucide-bug&quot;
    fill=&quot;none&quot;
    height=&quot;14&quot;
    stroke=&quot;currentColor&quot;
    stroke-linecap=&quot;round&quot;
    stroke-linejoin=&quot;round&quot;
    stroke-width=&quot;2&quot;
    style=&quot;margin-right: 6px; vertical-align: middle;&quot;
    viewBox=&quot;0 0 24 24&quot;
    width=&quot;14&quot;
    xmlns=&quot;http://www.w3.org/2000/svg&quot;
  &gt;
    &lt;path
      d=&quot;m8 2 1.88 1.88&quot;
    /&gt;
    &lt;path
      d=&quot;M14.12 3.88 16 2&quot;
    /&gt;
    &lt;path
      d=&quot;M9 7.13v-1a3.003 3.003 0 1 1 6 0v1&quot;
    /&gt;
    &lt;path
      d=&quot;M12 20c-3.3 0-6-2.7-6-6v-3a4 4 0 0 1 4-4h4a4 4 0 0 1 4 4v3c0 3.3-2.7 6-6 6&quot;
    /&gt;
    &lt;path
      d=&quot;M12 20v-9&quot;
    /&gt;
    &lt;path
      d=&quot;M6.53 9C4.6 8.8 3 7.1 3 5&quot;
    /&gt;
    &lt;path
      d=&quot;M6 13H2&quot;
    /&gt;
    &lt;path
      d=&quot;M3 21c0-2.1 1.7-3.9 3.8-4&quot;
    /&gt;
    &lt;path
      d=&quot;M20.97 5c0 2.1-1.6 3.8-3.5 4&quot;
    /&gt;
    &lt;path
      d=&quot;M22 13h-4&quot;
    /&gt;
    &lt;path
      d=&quot;M17.2 17c2.1.1 3.8 1.9 3.8 4&quot;
    /&gt;
  &lt;/svg&gt;
  Error Details (Development Only)
&lt;/summary&gt;

Ignored nodes: comments, script, style
&lt;summary
  style=&quot;cursor: pointer; margin-bottom: 8px; color: rgb(107, 114, 128); font-size: 12px;&quot;
&gt;
  &lt;svg
    aria-hidden=&quot;true&quot;
    class=&quot;lucide lucide-bug&quot;
    fill=&quot;none&quot;
    height=&quot;14&quot;
    stroke=&quot;currentColor&quot;
    stroke-linecap=&quot;round&quot;
    stroke-linejoin=&quot;round&quot;
    stroke-width=&quot;2&quot;
    style=&quot;margin-right: 6px; vertical-align: middle;&quot;
    viewBox=&quot;0 0 24 24&quot;
    width=&quot;14&quot;
    xmlns=&quot;http://www.w3.org/2000/svg&quot;
  &gt;
    &lt;path
      d=&quot;m8 2 1.88 1.88&quot;
    /&gt;
    &lt;path
      d=&quot;M14.12 3.88 16 2&quot;
    /&gt;
    &lt;path
      d=&quot;M9 7.13v-1a3.003 3.003 0 1 1 6 0v1&quot;
    /&gt;
    &lt;path
      d=&quot;M12 20c-3.3 0-6-2.7-6-6v-3a4 4 0 0 1 4-4h4a4 4 0 0 1 4 4v3c0 3.3-2.7 6-6 6&quot;
    /&gt;
    &lt;path
      d=&quot;M12 20v-9&quot;
    /&gt;
    &lt;path
      d=&quot;M6.53 9C4.6 8.8 3 7.1 3 5&quot;
    /&gt;
    &lt;path
      d=&quot;M6 13H2&quot;
    /&gt;
    &lt;path
      d=&quot;M3 21c0-2.1 1.7-3.9 3.8-4&quot;
    /&gt;
    &lt;path
      d=&quot;M20.97 5c0 2.1-1.6 3.8-3.5 4&quot;
    /&gt;
    &lt;path
      d=&quot;M22 13h-4&quot;
    /&gt;
    &lt;path
      d=&quot;M17.2 17c2.1.1 3.8 1.9 3.8 4&quot;
    /&gt;
  &lt;/svg&gt;
  Error Details (Development Only)
&lt;/summary&gt;

Ignored nodes: comments, script, style
&lt;summary
  style=&quot;cursor: pointer; margin-bottom: 8px; color: rgb(107, 114, 128); font-size: 12px;&quot;
&gt;
  &lt;svg
    aria-hidden=&quot;true&quot;
    class=&quot;lucide lucide-bug&quot;
    fill=&quot;none&quot;
    height=&quot;14&quot;
    stroke=&quot;currentColor&quot;
    stroke-linecap=&quot;round&quot;
    stroke-linejoin=&quot;round&quot;
    stroke-width=&quot;2&quot;
    style=&quot;margin-right: 6px; vertical-align: middle;&quot;
    viewBox=&quot;0 0 24 24&quot;
    width=&quot;14&quot;
    xmlns=&quot;http://www.w3.org/2000/svg&quot;
  &gt;
    &lt;path
      d=&quot;m8 2 1.88 1.88&quot;
    /&gt;
    &lt;path
      d=&quot;M14.12 3.88 16 2&quot;
    /&gt;
    &lt;path
      d=&quot;M9 7.13v-1a3.003 3.003 0 1 1 6 0v1&quot;
    /&gt;
    &lt;path
      d=&quot;M12 20c-3.3 0-6-2.7-6-6v-3a4 4 0 0 1 4-4h4a4 4 0 0 1 4 4v3c0 3.3-2.7 6-6 6&quot;
    /&gt;
    &lt;path
      d=&quot;M12 20v-9&quot;
    /&gt;
    &lt;path
      d=&quot;M6.53 9C4.6 8.8 3 7.1 3 5&quot;
    /&gt;
    &lt;path
      d=&quot;M6 13H2&quot;
    /&gt;
    &lt;path
      d=&quot;M3 21c0-2.1 1.7-3.9 3.8-4&quot;
    /&gt;
    &lt;path
      d=&quot;M20.97 5c0 2.1-1.6 3.8-3.5 4&quot;
    /&gt;
    &lt;path
      d=&quot;M22 13h-4&quot;
    /&gt;
    &lt;path
      d=&quot;M17.2 17c2.1.1 3.8 1.9 3.8 4&quot;
    /&gt;
  &lt;/svg&gt;
  Error Details (Development Only)
&lt;/summary&gt;

Ignored nodes: comments, script, style
&lt;summary
  style=&quot;cursor: pointer; margin-bottom: 8px; color: rgb(107, 114, 128); font-size: 12px;&quot;
&gt;
  &lt;svg
    aria-hidden=&quot;true&quot;
    class=&quot;lucide lucide-bug&quot;
    fill=&quot;none&quot;
    height=&quot;14&quot;
    stroke=&quot;currentColor&quot;
    stroke-linecap=&quot;round&quot;
    stroke-linejoin=&quot;round&quot;
    stroke-width=&quot;2&quot;
    style=&quot;margin-right: 6px; vertical-align: middle;&quot;
    viewBox=&quot;0 0 24 24&quot;
    width=&quot;14&quot;
    xmlns=&quot;http://www.w3.org/2000/svg&quot;
  &gt;
    &lt;path
      d=&quot;m8 2 1.88 1.88&quot;
    /&gt;
    &lt;path
      d=&quot;M14.12 3.88 16 2&quot;
    /&gt;
    &lt;path
      d=&quot;M9 7.13v-1a3.003 3.003 0 1 1 6 0v1&quot;
    /&gt;
    &lt;path
      d=&quot;M12 20c-3.3 0-6-2.7-6-6v-3a4 4 0 0 1 4-4h4a4 4 0 0 1 4 4v3c0 3.3-2.7 6-6 6&quot;
    /&gt;
    &lt;path
      d=&quot;M12 20v-9&quot;
    /&gt;
    &lt;path
      d=&quot;M6.53 9C4.6 8.8 3 7.1 3 5&quot;
    /&gt;
    &lt;path
      d=&quot;M6 13H2&quot;
    /&gt;
    &lt;path
      d=&quot;M3 21c0-2.1 1.7-3.9 3.8-4&quot;
    /&gt;
    &lt;path
      d=&quot;M20.97 5c0 2.1-1.6 3.8-3.5 4&quot;
    /&gt;
    &lt;path
      d=&quot;M22 13h-4&quot;
    /&gt;
    &lt;path
      d=&quot;M17.2 17c2.1.1 3.8 1.9 3.8 4&quot;
    /&gt;
  &lt;/svg&gt;
  Error Details (Development Only)
&lt;/summary&gt;

Ignored nodes: comments, script, style
&lt;summary
  style=&quot;cursor: pointer; margin-bottom: 8px; color: rgb(107, 114, 128); font-size: 12px;&quot;
&gt;
  &lt;svg
    aria-hidden=&quot;true&quot;
    class=&quot;lucide lucide-bug&quot;
    fill=&quot;none&quot;
    height=&quot;14&quot;
    stroke=&quot;currentColor&quot;
    stroke-linecap=&quot;round&quot;
    stroke-linejoin=&quot;round&quot;
    stroke-width=&quot;2&quot;
    style=&quot;margin-right: 6px; vertical-align: middle;&quot;
    viewBox=&quot;0 0 24 24&quot;
    width=&quot;14&quot;
    xmlns=&quot;http://www.w3.org/2000/svg&quot;
  &gt;
    &lt;path
      d=&quot;m8 2 1.88 1.88&quot;
    /&gt;
    &lt;path
      d=&quot;M14.12 3.88 16 2&quot;
    /&gt;
    &lt;path
      d=&quot;M9 7.13v-1a3.003 3.003 0 1 1 6 0v1&quot;
    /&gt;
    &lt;path
      d=&quot;M12 20c-3.3 0-6-2.7-6-6v-3a4 4 0 0 1 4-4h4a4 4 0 0 1 4 4v3c0 3.3-2.7 6-6 6&quot;
    /&gt;
    &lt;path
      d=&quot;M12 20v-9&quot;
    /&gt;
    &lt;path
      d=&quot;M6.53 9C4.6 8.8 3 7.1 3 5&quot;
    /&gt;
    &lt;path
      d=&quot;M6 13H2&quot;
    /&gt;
    &lt;path
      d=&quot;M3 21c0-2.1 1.7-3.9 3.8-4&quot;
    /&gt;
    &lt;path
      d=&quot;M20.97 5c0 2.1-1.6 3.8-3.5 4&quot;
    /&gt;
    &lt;path
      d=&quot;M22 13h-4&quot;
    /&gt;
    &lt;path
      d=&quot;M17.2 17c2.1.1 3.8 1.9 3.8 4&quot;
    /&gt;
  &lt;/svg&gt;
  Error Details (Development Only)
&lt;/summary&gt;

Ignored nodes: comments, script, style
&lt;summary
  style=&quot;cursor: pointer; margin-bottom: 8px; color: rgb(107, 114, 128); font-size: 12px;&quot;
&gt;
  &lt;svg
    aria-hidden=&quot;true&quot;
    class=&quot;lucide lucide-bug&quot;
    fill=&quot;none&quot;
    height=&quot;14&quot;
    stroke=&quot;currentColor&quot;
    stroke-linecap=&quot;round&quot;
    stroke-linejoin=&quot;round&quot;
    stroke-width=&quot;2&quot;
    style=&quot;margin-right: 6px; vertical-align: middle;&quot;
    viewBox=&quot;0 0 24 24&quot;
    width=&quot;14&quot;
    xmlns=&quot;http://www.w3.org/2000/svg&quot;
  &gt;
    &lt;path
      d=&quot;m8 2 1.88 1.88&quot;
    /&gt;
    &lt;path
      d=&quot;M14.12 3.88 16 2&quot;
    /&gt;
    &lt;path
      d=&quot;M9 7.13v-1a3.003 3.003 0 1 1 6 0v1&quot;
    /&gt;
    &lt;path
      d=&quot;M12 20c-3.3 0-6-2.7-6-6v-3a4 4 0 0 1 4-4h4a4 4 0 0 1 4 4v3c0 3.3-2.7 6-6 6&quot;
    /&gt;
    &lt;path
      d=&quot;M12 20v-9&quot;
    /&gt;
    &lt;path
      d=&quot;M6.53 9C4.6 8.8 3 7.1 3 5&quot;
    /&gt;
    &lt;path
      d=&quot;M6 13H2&quot;
    /&gt;
    &lt;path
      d=&quot;M3 21c0-2.1 1.7-3.9 3.8-4&quot;
    /&gt;
    &lt;path
      d=&quot;M20.97 5c0 2.1-1.6 3.8-3.5 4&quot;
    /&gt;
    &lt;path
      d=&quot;M22 13h-4&quot;
    /&gt;
    &lt;path
      d=&quot;M17.2 17c2.1.1 3.8 1.9 3.8 4&quot;
    /&gt;
  &lt;/svg&gt;
  Error Details (Development Only)
&lt;/summary&gt;

Ignored nodes: comments, script, style
&lt;summary
  style=&quot;cursor: pointer; margin-bottom: 8px; color: rgb(107, 114, 128); font-size: 12px;&quot;
&gt;
  &lt;svg
    aria-hidden=&quot;true&quot;
    class=&quot;lucide lucide-bug&quot;
    fill=&quot;none&quot;
    height=&quot;14&quot;
    stroke=&quot;currentColor&quot;
    stroke-linecap=&quot;round&quot;
    stroke-linejoin=&quot;round&quot;
    stroke-width=&quot;2&quot;
    style=&quot;margin-right: 6px; vertical-align: middle;&quot;
    viewBox=&quot;0 0 24 24&quot;
    width=&quot;14&quot;
    xmlns=&quot;http://www.w3.org/2000/svg&quot;
  &gt;
    &lt;path
      d=&quot;m8 2 1.88 1.88&quot;
    /&gt;
    &lt;path
      d=&quot;M14.12 3.88 16 2&quot;
    /&gt;
    &lt;path
      d=&quot;M9 7.13v-1a3.003 3.003 0 1 1 6 0v1&quot;
    /&gt;
    &lt;path
      d=&quot;M12 20c-3.3 0-6-2.7-6-6v-3a4 4 0 0 1 4-4h4a4 4 0 0 1 4 4v3c0 3.3-2.7 6-6 6&quot;
    /&gt;
    &lt;path
      d=&quot;M12 20v-9&quot;
    /&gt;
    &lt;path
      d=&quot;M6.53 9C4.6 8.8 3 7.1 3 5&quot;
    /&gt;
    &lt;path
      d=&quot;M6 13H2&quot;
    /&gt;
    &lt;path
      d=&quot;M3 21c0-2.1 1.7-3.9 3.8-4&quot;
    /&gt;
    &lt;path
      d=&quot;M20.97 5c0 2.1-1.6 3.8-3.5 4&quot;
    /&gt;
    &lt;path
      d=&quot;M22 13h-4&quot;
    /&gt;
    &lt;path
      d=&quot;M17.2 17c2.1.1 3.8 1.9 3.8 4&quot;
    /&gt;
  &lt;/svg&gt;
  Error Details (Development Only)
&lt;/summary&gt;

Ignored nodes: comments, script, style
&lt;summary
  style=&quot;cursor: pointer; margin-bottom: 8px; color: rgb(107, 114, 128); font-size: 12px;&quot;
&gt;
  &lt;svg
    aria-hidden=&quot;true&quot;
    class=&quot;lucide lucide-bug&quot;
    fill=&quot;none&quot;
    height=&quot;14&quot;
    stroke=&quot;currentColor&quot;
    stroke-linecap=&quot;round&quot;
    stroke-linejoin=&quot;round&quot;
    stroke-width=&quot;2&quot;
    style=&quot;margin-right: 6px; vertical-align: middle;&quot;
    viewBox=&quot;0 0 24 24&quot;
    width=&quot;14&quot;
    xmlns=&quot;http://www.w3.org/2000/svg&quot;
  &gt;
    &lt;path
      d=&quot;m8 2 1.88 1.88&quot;
    /&gt;
    &lt;path
      d=&quot;M14.12 3.88 16 2&quot;
    /&gt;
    &lt;path
      d=&quot;M9 7.13v-1a3.003 3.003 0 1 1 6 0v1&quot;
    /&gt;
    &lt;path
      d=&quot;M12 20c-3.3 0-6-2.7-6-6v-3a4 4 0 0 1 4-4h4a4 4 0 0 1 4 4v3c0 3.3-2.7 6-6 6&quot;
    /&gt;
    &lt;path
      d=&quot;M12 20v-9&quot;
    /&gt;
    &lt;path
      d=&quot;M6.53 9C4.6 8.8 3 7.1 3 5&quot;
    /&gt;
    &lt;path
      d=&quot;M6 13H2&quot;
    /&gt;
    &lt;path
      d=&quot;M3 21c0-2.1 1.7-3.9 3.8-4&quot;
    /&gt;
    &lt;path
      d=&quot;M20.97 5c0 2.1-1.6 3.8-3.5 4&quot;
    /&gt;
    &lt;path
      d=&quot;M22 13h-4&quot;
    /&gt;
    &lt;path
      d=&quot;M17.2 17c2.1.1 3.8 1.9 3.8 4&quot;
    /&gt;
  &lt;/svg&gt;
  Error Details (Development Only)
&lt;/summary&gt;

Ignored nodes: comments, script, style
&lt;summary
  style=&quot;cursor: pointer; margin-bottom: 8px; color: rgb(107, 114, 128); font-size: 12px;&quot;
&gt;
  &lt;svg
    aria-hidden=&quot;true&quot;
    class=&quot;lucide lucide-bug&quot;
    fill=&quot;none&quot;
    height=&quot;14&quot;
    stroke=&quot;currentColor&quot;
    stroke-linecap=&quot;round&quot;
    stroke-linejoin=&quot;round&quot;
    stroke-width=&quot;2&quot;
    style=&quot;margin-right: 6px; vertical-align: middle;&quot;
    viewBox=&quot;0 0 24 24&quot;
    width=&quot;14&quot;
    xmlns=&quot;http://www.w3.org/2000/svg&quot;
  &gt;
    &lt;path
      d=&quot;m8 2 1.88 1.88&quot;
    /&gt;
    &lt;path
      d=&quot;M14.12 3.88 16 2&quot;
    /&gt;
    &lt;path
      d=&quot;M9 7.13v-1a3.003 3.003 0 1 1 6 0v1&quot;
    /&gt;
    &lt;path
      d=&quot;M12 20c-3.3 0-6-2.7-6-6v-3a4 4 0 0 1 4-4h4a4 4 0 0 1 4 4v3c0 3.3-2.7 6-6 6&quot;
    /&gt;
    &lt;path
      d=&quot;M12 20v-9&quot;
    /&gt;
    &lt;path
      d=&quot;M6.53 9C4.6 8.8 3 7.1 3 5&quot;
    /&gt;
    &lt;path
      d=&quot;M6 13H2&quot;
    /&gt;
    &lt;path
      d=&quot;M3 21c0-2.1 1.7-3.9 3.8-4&quot;
    /&gt;
    &lt;path
      d=&quot;M20.97 5c0 2.1-1.6 3.8-3.5 4&quot;
    /&gt;
    &lt;path
      d=&quot;M22 13h-4&quot;
    /&gt;
    &lt;path
      d=&quot;M17.2 17c2.1.1 3.8 1.9 3.8 4&quot;
    /&gt;
  &lt;/svg&gt;
  Error Details (Development Only)
&lt;/summary&gt;

Ignored nodes: comments, script, style
&lt;summary
  style=&quot;cursor: pointer; margin-bottom: 8px; color: rgb(107, 114, 128); font-size: 12px;&quot;
&gt;
  &lt;svg
    aria-hidden=&quot;true&quot;
    class=&quot;lucide lucide-bug&quot;
    fill=&quot;none&quot;
    height=&quot;14&quot;
    stroke=&quot;currentColor&quot;
    stroke-linecap=&quot;round&quot;
    stroke-linejoin=&quot;round&quot;
    stroke-width=&quot;2&quot;
    style=&quot;margin-right: 6px; vertical-align: middle;&quot;
    viewBox=&quot;0 0 24 24&quot;
    width=&quot;14&quot;
    xmlns=&quot;http://www.w3.org/2000/svg&quot;
  &gt;
    &lt;path
      d=&quot;m8 2 1.88 1.88&quot;
    /&gt;
    &lt;path
      d=&quot;M14.12 3.88 16 2&quot;
    /&gt;
    &lt;path
      d=&quot;M9 7.13v-1a3.003 3.003 0 1 1 6 0v1&quot;
    /&gt;
    &lt;path
      d=&quot;M12 20c-3.3 0-6-2.7-6-6v-3a4 4 0 0 1 4-4h4a4 4 0 0 1 4 4v3c0 3.3-2.7 6-6 6&quot;
    /&gt;
    &lt;path
      d=&quot;M12 20v-9&quot;
    /&gt;
    &lt;path
      d=&quot;M6.53 9C4.6 8.8 3 7.1 3 5&quot;
    /&gt;
    &lt;path
      d=&quot;M6 13H2&quot;
    /&gt;
    &lt;path
      d=&quot;M3 21c0-2.1 1.7-3.9 3.8-4&quot;
    /&gt;
    &lt;path
      d=&quot;M20.97 5c0 2.1-1.6 3.8-3.5 4&quot;
    /&gt;
    &lt;path
      d=&quot;M22 13h-4&quot;
    /&gt;
    &lt;path
      d=&quot;M17.2 17c2.1.1 3.8 1.9 3.8 4&quot;
    /&gt;
  &lt;/svg&gt;
  Error Details (Development Only)
&lt;/summary&gt;

Ignored nodes: comments, script, style
&lt;summary
  style=&quot;cursor: pointer; margin-bottom: 8px; color: rgb(107, 114, 128); font-size: 12px;&quot;
&gt;
  &lt;svg
    aria-hidden=&quot;true&quot;
    class=&quot;lucide lucide-bug&quot;
    fill=&quot;none&quot;
    height=&quot;14&quot;
    stroke=&quot;currentColor&quot;
    stroke-linecap=&quot;round&quot;
    stroke-linejoin=&quot;round&quot;
    stroke-width=&quot;2&quot;
    style=&quot;margin-right: 6px; vertical-align: middle;&quot;
    viewBox=&quot;0 0 24 24&quot;
    width=&quot;14&quot;
    xmlns=&quot;http://www.w3.org/2000/svg&quot;
  &gt;
    &lt;path
      d=&quot;m8 2 1.88 1.88&quot;
    /&gt;
    &lt;path
      d=&quot;M14.12 3.88 16 2&quot;
    /&gt;
    &lt;path
      d=&quot;M9 7.13v-1a3.003 3.003 0 1 1 6 0v1&quot;
    /&gt;
    &lt;path
      d=&quot;M12 20c-3.3 0-6-2.7-6-6v-3a4 4 0 0 1 4-4h4a4 4 0 0 1 4 4v3c0 3.3-2.7 6-6 6&quot;
    /&gt;
    &lt;path
      d=&quot;M12 20v-9&quot;
    /&gt;
    &lt;path
      d=&quot;M6.53 9C4.6 8.8 3 7.1 3 5&quot;
    /&gt;
    &lt;path
      d=&quot;M6 13H2&quot;
    /&gt;
    &lt;path
      d=&quot;M3 21c0-2.1 1.7-3.9 3.8-4&quot;
    /&gt;
    &lt;path
      d=&quot;M20.97 5c0 2.1-1.6 3.8-3.5 4&quot;
    /&gt;
    &lt;path
      d=&quot;M22 13h-4&quot;
    /&gt;
    &lt;path
      d=&quot;M17.2 17c2.1.1 3.8 1.9 3.8 4&quot;
    /&gt;
  &lt;/svg&gt;
  Error Details (Development Only)
&lt;/summary&gt;

Ignored nodes: comments, script, style
&lt;summary
  style=&quot;cursor: pointer; margin-bottom: 8px; color: rgb(107, 114, 128); font-size: 12px;&quot;
&gt;
  &lt;svg
    aria-hidden=&quot;true&quot;
    class=&quot;lucide lucide-bug&quot;
    fill=&quot;none&quot;
    height=&quot;14&quot;
    stroke=&quot;currentColor&quot;
    stroke-linecap=&quot;round&quot;
    stroke-linejoin=&quot;round&quot;
    stroke-width=&quot;2&quot;
    style=&quot;margin-right: 6px; vertical-align: middle;&quot;
    viewBox=&quot;0 0 24 24&quot;
    width=&quot;14&quot;
    xmlns=&quot;http://www.w3.org/2000/svg&quot;
  &gt;
    &lt;path
      d=&quot;m8 2 1.88 1.88&quot;
    /&gt;
    &lt;path
      d=&quot;M14.12 3.88 16 2&quot;
    /&gt;
    &lt;path
      d=&quot;M9 7.13v-1a3.003 3.003 0 1 1 6 0v1&quot;
    /&gt;
    &lt;path
      d=&quot;M12 20c-3.3 0-6-2.7-6-6v-3a4 4 0 0 1 4-4h4a4 4 0 0 1 4 4v3c0 3.3-2.7 6-6 6&quot;
    /&gt;
    &lt;path
      d=&quot;M12 20v-9&quot;
    /&gt;
    &lt;path
      d=&quot;M6.53 9C4.6 8.8 3 7.1 3 5&quot;
    /&gt;
    &lt;path
      d=&quot;M6 13H2&quot;
    /&gt;
    &lt;path
      d=&quot;M3 21c0-2.1 1.7-3.9 3.8-4&quot;
    /&gt;
    &lt;path
      d=&quot;M20.97 5c0 2.1-1.6 3.8-3.5 4&quot;
    /&gt;
    &lt;path
      d=&quot;M22 13h-4&quot;
    /&gt;
    &lt;path
      d=&quot;M17.2 17c2.1.1 3.8 1.9 3.8 4&quot;
    /&gt;
  &lt;/svg&gt;
  Error Details (Development Only)
&lt;/summary&gt;

Ignored nodes: comments, script, style
&lt;summary
  style=&quot;cursor: pointer; margin-bottom: 8px; color: rgb(107, 114, 128); font-size: 12px;&quot;
&gt;
  &lt;svg
    aria-hidden=&quot;true&quot;
    class=&quot;lucide lucide-bug&quot;
    fill=&quot;none&quot;
    height=&quot;14&quot;
    stroke=&quot;currentColor&quot;
    stroke-linecap=&quot;round&quot;
    stroke-linejoin=&quot;round&quot;
    stroke-width=&quot;2&quot;
    style=&quot;margin-right: 6px; vertical-align: middle;&quot;
    viewBox=&quot;0 0 24 24&quot;
    width=&quot;14&quot;
    xmlns=&quot;http://www.w3.org/2000/svg&quot;
  &gt;
    &lt;path
      d=&quot;m8 2 1.88 1.88&quot;
    /&gt;
    &lt;path
      d=&quot;M14.12 3.88 16 2&quot;
    /&gt;
    &lt;path
      d=&quot;M9 7.13v-1a3.003 3.003 0 1 1 6 0v1&quot;
    /&gt;
    &lt;path
      d=&quot;M12 20c-3.3 0-6-2.7-6-6v-3a4 4 0 0 1 4-4h4a4 4 0 0 1 4 4v3c0 3.3-2.7 6-6 6&quot;
    /&gt;
    &lt;path
      d=&quot;M12 20v-9&quot;
    /&gt;
    &lt;path
      d=&quot;M6.53 9C4.6 8.8 3 7.1 3 5&quot;
    /&gt;
    &lt;path
      d=&quot;M6 13H2&quot;
    /&gt;
    &lt;path
      d=&quot;M3 21c0-2.1 1.7-3.9 3.8-4&quot;
    /&gt;
    &lt;path
      d=&quot;M20.97 5c0 2.1-1.6 3.8-3.5 4&quot;
    /&gt;
    &lt;path
      d=&quot;M22 13h-4&quot;
    /&gt;
    &lt;path
      d=&quot;M17.2 17c2.1.1 3.8 1.9 3.8 4&quot;
    /&gt;
  &lt;/svg&gt;
  Error Details (Development Only)
&lt;/summary&gt;

Ignored nodes: comments, script, style
&lt;summary
  style=&quot;cursor: pointer; margin-bottom: 8px; color: rgb(107, 114, 128); font-size: 12px;&quot;
&gt;
  &lt;svg
    aria-hidden=&quot;true&quot;
    class=&quot;lucide lucide-bug&quot;
    fill=&quot;none&quot;
    height=&quot;14&quot;
    stroke=&quot;currentColor&quot;
    stroke-linecap=&quot;round&quot;
    stroke-linejoin=&quot;round&quot;
    stroke-width=&quot;2&quot;
    style=&quot;margin-right: 6px; vertical-align: middle;&quot;
    viewBox=&quot;0 0 24 24&quot;
    width=&quot;14&quot;
    xmlns=&quot;http://www.w3.org/2000/svg&quot;
  &gt;
    &lt;path
      d=&quot;m8 2 1.88 1.88&quot;
    /&gt;
    &lt;path
      d=&quot;M14.12 3.88 16 2&quot;
    /&gt;
    &lt;path
      d=&quot;M9 7.13v-1a3.003 3.003 0 1 1 6 0v1&quot;
    /&gt;
    &lt;path
      d=&quot;M12 20c-3.3 0-6-2.7-6-6v-3a4 4 0 0 1 4-4h4a4 4 0 0 1 4 4v3c0 3.3-2.7 6-6 6&quot;
    /&gt;
    &lt;path
      d=&quot;M12 20v-9&quot;
    /&gt;
    &lt;path
      d=&quot;M6.53 9C4.6 8.8 3 7.1 3 5&quot;
    /&gt;
    &lt;path
      d=&quot;M6 13H2&quot;
    /&gt;
    &lt;path
      d=&quot;M3 21c0-2.1 1.7-3.9 3.8-4&quot;
    /&gt;
    &lt;path
      d=&quot;M20.97 5c0 2.1-1.6 3.8-3.5 4&quot;
    /&gt;
    &lt;path
      d=&quot;M22 13h-4&quot;
    /&gt;
    &lt;path
      d=&quot;M17.2 17c2.1.1 3.8 1.9 3.8 4&quot;
    /&gt;
  &lt;/svg&gt;
  Error Details (Development Only)
&lt;/summary&gt;

Ignored nodes: comments, script, style
&lt;summary
  style=&quot;cursor: pointer; margin-bottom: 8px; color: rgb(156, 163, 175); font-size: 12px;&quot;
&gt;
  &lt;svg
    aria-hidden=&quot;true&quot;
    class=&quot;lucide lucide-bug&quot;
    fill=&quot;none&quot;
    height=&quot;14&quot;
    stroke=&quot;currentColor&quot;
    stroke-linecap=&quot;round&quot;
    stroke-linejoin=&quot;round&quot;
    stroke-width=&quot;2&quot;
    style=&quot;margin-right: 6px; vertical-align: middle;&quot;
    viewBox=&quot;0 0 24 24&quot;
    width=&quot;14&quot;
    xmlns=&quot;http://www.w3.org/2000/svg&quot;
  &gt;
    &lt;path
      d=&quot;m8 2 1.88 1.88&quot;
    /&gt;
    &lt;path
      d=&quot;M14.12 3.88 16 2&quot;
    /&gt;
    &lt;path
      d=&quot;M9 7.13v-1a3.003 3.003 0 1 1 6 0v1&quot;
    /&gt;
    &lt;path
      d=&quot;M12 20c-3.3 0-6-2.7-6-6v-3a4 4 0 0 1 4-4h4a4 4 0 0 1 4 4v3c0 3.3-2.7 6-6 6&quot;
    /&gt;
    &lt;path
      d=&quot;M12 20v-9&quot;
    /&gt;
    &lt;path
      d=&quot;M6.53 9C4.6 8.8 3 7.1 3 5&quot;
    /&gt;
    &lt;path
      d=&quot;M6 13H2&quot;
    /&gt;
    &lt;path
      d=&quot;M3 21c0-2.1 1.7-3.9 3.8-4&quot;
    /&gt;
    &lt;path
      d=&quot;M20.97 5c0 2.1-1.6 3.8-3.5 4&quot;
    /&gt;
    &lt;path
      d=&quot;M22 13h-4&quot;
    /&gt;
    &lt;path
      d=&quot;M17.2 17c2.1.1 3.8 1.9 3.8 4&quot;
    /&gt;
  &lt;/svg&gt;
  Error Details (Development Only)
&lt;/summary&gt;

Ignored nodes: comments, script, style
&lt;summary
  style=&quot;cursor: pointer; margin-bottom: 8px; color: rgb(107, 114, 128); font-size: 12px;&quot;
&gt;
  &lt;svg
    aria-hidden=&quot;true&quot;
    class=&quot;lucide lucide-bug&quot;
    fill=&quot;none&quot;
    height=&quot;14&quot;
    stroke=&quot;currentColor&quot;
    stroke-linecap=&quot;round&quot;
    stroke-linejoin=&quot;round&quot;
    stroke-width=&quot;2&quot;
    style=&quot;margin-right: 6px; vertical-align: middle;&quot;
    viewBox=&quot;0 0 24 24&quot;
    width=&quot;14&quot;
    xmlns=&quot;http://www.w3.org/2000/svg&quot;
  &gt;
    &lt;path
      d=&quot;m8 2 1.88 1.88&quot;
    /&gt;
    &lt;path
      d=&quot;M14.12 3.88 16 2&quot;
    /&gt;
    &lt;path
      d=&quot;M9 7.13v-1a3.003 3.003 0 1 1 6 0v1&quot;
    /&gt;
    &lt;path
      d=&quot;M12 20c-3.3 0-6-2.7-6-6v-3a4 4 0 0 1 4-4h4a4 4 0 0 1 4 4v3c0 3.3-2.7 6-6 6&quot;
    /&gt;
    &lt;path
      d=&quot;M12 20v-9&quot;
    /&gt;
    &lt;path
      d=&quot;M6.53 9C4.6 8.8 3 7.1 3 5&quot;
    /&gt;
    &lt;path
      d=&quot;M6 13H2&quot;
    /&gt;
    &lt;path
      d=&quot;M3 21c0-2.1 1.7-3.9 3.8-4&quot;
    /&gt;
    &lt;path
      d=&quot;M20.97 5c0 2.1-1.6 3.8-3.5 4&quot;
    /&gt;
    &lt;path
      d=&quot;M22 13h-4&quot;
    /&gt;
    &lt;path
      d=&quot;M17.2 17c2.1.1 3.8 1.9 3.8 4&quot;
    /&gt;
  &lt;/svg&gt;
  Error Details (Development Only)
&lt;/summary&gt;

Ignored nodes: comments, script, style
&lt;summary
  style=&quot;cursor: pointer; margin-bottom: 8px; color: rgb(107, 114, 128); font-size: 12px;&quot;
&gt;
  &lt;svg
    aria-hidden=&quot;true&quot;
    class=&quot;lucide lucide-bug&quot;
    fill=&quot;none&quot;
    height=&quot;14&quot;
    stroke=&quot;currentColor&quot;
    stroke-linecap=&quot;round&quot;
    stroke-linejoin=&quot;round&quot;
    stroke-width=&quot;2&quot;
    style=&quot;margin-right: 6px; vertical-align: middle;&quot;
    viewBox=&quot;0 0 24 24&quot;
    width=&quot;14&quot;
    xmlns=&quot;http://www.w3.org/2000/svg&quot;
  &gt;
    &lt;path
      d=&quot;m8 2 1.88 1.88&quot;
    /&gt;
    &lt;path
      d=&quot;M14.12 3.88 16 2&quot;
    /&gt;
    &lt;path
      d=&quot;M9 7.13v-1a3.003 3.003 0 1 1 6 0v1&quot;
    /&gt;
    &lt;path
      d=&quot;M12 20c-3.3 0-6-2.7-6-6v-3a4 4 0 0 1 4-4h4a4 4 0 0 1 4 4v3c0 3.3-2.7 6-6 6&quot;
    /&gt;
    &lt;path
      d=&quot;M12 20v-9&quot;
    /&gt;
    &lt;path
      d=&quot;M6.53 9C4.6 8.8 3 7.1 3 5&quot;
    /&gt;
    &lt;path
      d=&quot;M6 13H2&quot;
    /&gt;
    &lt;path
      d=&quot;M3 21c0-2.1 1.7-3.9 3.8-4&quot;
    /&gt;
    &lt;path
      d=&quot;M20.97 5c0 2.1-1.6 3.8-3.5 4&quot;
    /&gt;
    &lt;path
      d=&quot;M22 13h-4&quot;
    /&gt;
    &lt;path
      d=&quot;M17.2 17c2.1.1 3.8 1.9 3.8 4&quot;
    /&gt;
  &lt;/svg&gt;
  Error Details (Development Only)
&lt;/summary&gt;

(If this is intentional, then use the `*AllBy*` variant of the query (like `queryAllByText`, `getAllByText`, or `findAllByText`)).

Ignored nodes: comments, script, style
&lt;body&gt;
  &lt;div&gt;
    &lt;div
      data-testid=&quot;test-content&quot;
    &gt;
      Test content
    &lt;/div&gt;
  &lt;/div&gt;
  &lt;div&gt;
    &lt;div
      style=&quot;min-height: 400px; background: rgb(245, 245, 245); display: flex; align-items: center; justify-content: center; padding: 32px; border-radius: 8px;&quot;
    &gt;
      &lt;div
        style=&quot;max-width: 600px; width: 100%; text-align: center; background: rgba(255, 255, 255, 0.9); border-radius: 16px; padding: 32px; border: 1px solid rgb(229, 231, 235); box-shadow: 0 4px 6px rgba(0, 0, 0, 0.1);&quot;
      &gt;
        &lt;svg
          aria-hidden=&quot;true&quot;
          class=&quot;lucide lucide-circle-alert&quot;
          fill=&quot;none&quot;
          height=&quot;48&quot;
          stroke=&quot;currentColor&quot;
          stroke-linecap=&quot;round&quot;
          stroke-linejoin=&quot;round&quot;
          stroke-width=&quot;2&quot;
          style=&quot;color: rgb(239, 68, 68); margin-bottom: 16px;&quot;
          viewBox=&quot;0 0 24 24&quot;
          width=&quot;48&quot;
          xmlns=&quot;http://www.w3.org/2000/svg&quot;
        &gt;
          &lt;circle
            cx=&quot;12&quot;
            cy=&quot;12&quot;
            r=&quot;10&quot;
          /&gt;
          &lt;line
            x1=&quot;12&quot;
            x2=&quot;12&quot;
            y1=&quot;8&quot;
            y2=&quot;12&quot;
          /&gt;
          &lt;line
            x1=&quot;12&quot;
            x2=&quot;12.01&quot;
            y1=&quot;16&quot;
            y2=&quot;16&quot;
          /&gt;
        &lt;/svg&gt;
        &lt;h3
          style=&quot;font-size: 20px; font-weight: bold; margin-bottom: 8px; color: rgb(31, 41, 55);&quot;
        &gt;
          Network Connection Issue
        &lt;/h3&gt;
        &lt;p
          style=&quot;font-size: 14px; margin-bottom: 20px; color: rgb(107, 114, 128); line-height: 1.5;&quot;
        &gt;
          Check your internet connection and try again. If the problem persists, contact your network administrator.
        &lt;/p&gt;
        &lt;details
          style=&quot;text-align: left; margin-bottom: 20px; background: rgba(0, 0, 0, 0.05); padding: 12px; border-radius: 6px; font-size: 12px;&quot;
        &gt;
          &lt;summary
            style=&quot;cursor: pointer; margin-bottom: 8px; color: rgb(107, 114, 128); font-size: 12px;&quot;
          &gt;
            &lt;svg
              aria-hidden=&quot;true&quot;
              class=&quot;lucide lucide-bug&quot;
              fill=&quot;none&quot;
              height=&quot;14&quot;
              stroke=&quot;currentColor&quot;
              stroke-linecap=&quot;round&quot;
              stroke-linejoin=&quot;round&quot;
              stroke-width=&quot;2&quot;
              style=&quot;margin-right: 6px; vertical-align: middle;&quot;
              viewBox=&quot;0 0 24 24&quot;
              width=&quot;14&quot;
              xmlns=&quot;http://www.w3.org/2000/svg&quot;
            &gt;
              &lt;path
                d=&quot;m8 2 1.88 1.88&quot;
              /&gt;
              &lt;path
                d=&quot;M14.12 3.88 16 2&quot;
              /&gt;
              &lt;path
                d=&quot;M9 7.13v-1a3.003 3.003 0 1 1 6 0v1&quot;
              /&gt;
              &lt;path
                d=&quot;M12 20c-3.3 0-6-2.7-6-6v-3a4 4 0 0 1 4-4h4a4 4 0 0 1 4 4v3c0 3.3-2.7 6-6 6&quot;
              /&gt;
              &lt;path
                d=&quot;M12 20v-9&quot;
              /&gt;
              &lt;path
                d=&quot;M6.53 9C4.6 8.8 3 7.1 3 5&quot;
              /&gt;
              &lt;path
                d=&quot;M6 13H2&quot;
              /&gt;
              &lt;path
                d=&quot;M3 21c0-2.1 1.7-3.9 3.8-4&quot;
              /&gt;
              &lt;path
                d=&quot;M20.97 5c0 2.1-1.6 3.8-3.5 4&quot;
              /&gt;
              &lt;path
                d=&quot;M22 13h-4&quot;
              /&gt;
              &lt;path
                d=&quot;M17.2 17c2.1.1 3.8 1.9 3.8 4&quot;
              /&gt;
            &lt;/svg&gt;
            Error Details (Development Only)
          &lt;/summary&gt;
          &lt;div
            style=&quot;font-family: monospace; color: rgb(75, 85, 99); word-break: break-word;&quot;
          &gt;
            &lt;strong&gt;
              Type:
            &lt;/strong&gt;
             
            NETWORK
            &lt;br /&gt;
            &lt;strong&gt;
              Code:
            &lt;/strong&gt;
             
            NETWORK_ERROR
            &lt;br /&gt;
            &lt;strong&gt;
              Message:
            &lt;/strong&gt;
             
            Test error message
            &lt;br /&gt;
            &lt;strong&gt;
              Stack:
            &lt;/strong&gt;
            &lt;pre
              style=&quot;white-space: pre-wrap; word-break: break-word; margin: 4px 0px 0px 0px; font-size: 10px;&quot;
            &gt;
              AppError: Test error message
    at ThrowErrorComponent (/home/ilya/projects/SimpleAdminReporter/frontend/src/components/query/__tests__/QueryPreviewErrorBoundary.test.tsx:59:19)
    at Object.react_stack_bottom_frame (/home/ilya/projects/SimpleAdminReporter/frontend/node_modules/react-dom/cjs/react-dom-client.development.js:23863:20)
    at renderWithHooks (/home/ilya/projects/SimpleAdminReporter/frontend/node_modules/react-dom/cjs/react-dom-client.development.js:5529:22)
    at updateFunctionComponent (/home/ilya/projects/SimpleAdminReporter/frontend/node_modules/react-dom/cjs/react-dom-client.development.js:8897:19)
    at beginWork (/home/ilya/projects/SimpleAdminReporter/frontend/node_modules/react-dom/cjs/react-dom-client.development.js:10522:18)
    at runWithFiberInDEV (/home/ilya/projects/SimpleAdminReporter/frontend/node_modules/react-dom/cjs/react-dom-client.development.js:1522:13...
 ❯ ThrowErrorComponent src/components/query/__tests__/QueryPreviewErrorBoundary.test.tsx:59:19
 ❯ Object.react_stack_bottom_frame node_modules/react-dom/cjs/react-dom-client.development.js:23863:20
 ❯ renderWithHooks node_modules/react-dom/cjs/react-dom-client.development.js:5529:22
 ❯ updateFunctionComponent node_modules/react-dom/cjs/react-dom-client.development.js:8897:19
 ❯ beginWork node_modules/react-dom/cjs/react-dom-client.development.js:10522:18
 ❯ Object.getElementError node_modules/@testing-library/dom/dist/config.js:37:19
 ❯ getElementError node_modules/@testing-library/dom/dist/query-helpers.js:20:35
 ❯ getMultipleElementsFoundError node_modules/@testing-library/dom/dist/query-helpers.js:23:10
 ❯ node_modules/@testing-library/dom/dist/query-helpers.js:55:13
 ❯ node_modules/@testing-library/dom/dist/query-helpers.js:95:19
 ❯ src/components/query/__tests__/QueryPreviewErrorBoundary.test.tsx:551:21
            </failure>
            <failure message="Cannot delete property &apos;gtag&apos; of #&lt;Object&gt;" type="TypeError">
TypeError: Cannot delete property &apos;gtag&apos; of #&lt;Object&gt;
 ❯ src/components/query/__tests__/QueryPreviewErrorBoundary.test.tsx:49:3
            </failure>
        </testcase>
        <testcase classname="src/components/query/__tests__/QueryPreviewErrorBoundary.test.tsx" name="QueryPreviewErrorBoundary &gt; Development Mode Features &gt; hides error details in production mode" time="0.216266542">
            <failure message="Found multiple elements with the text: Error Details (Development Only)

Here are the matching elements:

Ignored nodes: comments, script, style
[36m&lt;summary[39m
  [33mstyle[39m=[32m&quot;cursor: pointer; margin-bottom: 8px; color: rgb(107, 114, 128); font-size: 12px;&quot;[39m
[36m&gt;[39m
  [36m&lt;svg[39m
    [33maria-hidden[39m=[32m&quot;true&quot;[39m
    [33mclass[39m=[32m&quot;lucide lucide-bug&quot;[39m
    [33mfill[39m=[32m&quot;none&quot;[39m
    [33mheight[39m=[32m&quot;14&quot;[39m
    [33mstroke[39m=[32m&quot;currentColor&quot;[39m
    [33mstroke-linecap[39m=[32m&quot;round&quot;[39m
    [33mstroke-linejoin[39m=[32m&quot;round&quot;[39m
    [33mstroke-width[39m=[32m&quot;2&quot;[39m
    [33mstyle[39m=[32m&quot;margin-right: 6px; vertical-align: middle;&quot;[39m
    [33mviewBox[39m=[32m&quot;0 0 24 24&quot;[39m
    [33mwidth[39m=[32m&quot;14&quot;[39m
    [33mxmlns[39m=[32m&quot;http://www.w3.org/2000/svg&quot;[39m
  [36m&gt;[39m
    [36m&lt;path[39m
      [33md[39m=[32m&quot;m8 2 1.88 1.88&quot;[39m
    [36m/&gt;[39m
    [36m&lt;path[39m
      [33md[39m=[32m&quot;M14.12 3.88 16 2&quot;[39m
    [36m/&gt;[39m
    [36m&lt;path[39m
      [33md[39m=[32m&quot;M9 7.13v-1a3.003 3.003 0 1 1 6 0v1&quot;[39m
    [36m/&gt;[39m
    [36m&lt;path[39m
      [33md[39m=[32m&quot;M12 20c-3.3 0-6-2.7-6-6v-3a4 4 0 0 1 4-4h4a4 4 0 0 1 4 4v3c0 3.3-2.7 6-6 6&quot;[39m
    [36m/&gt;[39m
    [36m&lt;path[39m
      [33md[39m=[32m&quot;M12 20v-9&quot;[39m
    [36m/&gt;[39m
    [36m&lt;path[39m
      [33md[39m=[32m&quot;M6.53 9C4.6 8.8 3 7.1 3 5&quot;[39m
    [36m/&gt;[39m
    [36m&lt;path[39m
      [33md[39m=[32m&quot;M6 13H2&quot;[39m
    [36m/&gt;[39m
    [36m&lt;path[39m
      [33md[39m=[32m&quot;M3 21c0-2.1 1.7-3.9 3.8-4&quot;[39m
    [36m/&gt;[39m
    [36m&lt;path[39m
      [33md[39m=[32m&quot;M20.97 5c0 2.1-1.6 3.8-3.5 4&quot;[39m
    [36m/&gt;[39m
    [36m&lt;path[39m
      [33md[39m=[32m&quot;M22 13h-4&quot;[39m
    [36m/&gt;[39m
    [36m&lt;path[39m
      [33md[39m=[32m&quot;M17.2 17c2.1.1 3.8 1.9 3.8 4&quot;[39m
    [36m/&gt;[39m
  [36m&lt;/svg&gt;[39m
  [0mError Details (Development Only)[0m
[36m&lt;/summary&gt;[39m

Ignored nodes: comments, script, style
[36m&lt;summary[39m
  [33mstyle[39m=[32m&quot;cursor: pointer; margin-bottom: 8px; color: rgb(107, 114, 128); font-size: 12px;&quot;[39m
[36m&gt;[39m
  [36m&lt;svg[39m
    [33maria-hidden[39m=[32m&quot;true&quot;[39m
    [33mclass[39m=[32m&quot;lucide lucide-bug&quot;[39m
    [33mfill[39m=[32m&quot;none&quot;[39m
    [33mheight[39m=[32m&quot;14&quot;[39m
    [33mstroke[39m=[32m&quot;currentColor&quot;[39m
    [33mstroke-linecap[39m=[32m&quot;round&quot;[39m
    [33mstroke-linejoin[39m=[32m&quot;round&quot;[39m
    [33mstroke-width[39m=[32m&quot;2&quot;[39m
    [33mstyle[39m=[32m&quot;margin-right: 6px; vertical-align: middle;&quot;[39m
    [33mviewBox[39m=[32m&quot;0 0 24 24&quot;[39m
    [33mwidth[39m=[32m&quot;14&quot;[39m
    [33mxmlns[39m=[32m&quot;http://www.w3.org/2000/svg&quot;[39m
  [36m&gt;[39m
    [36m&lt;path[39m
      [33md[39m=[32m&quot;m8 2 1.88 1.88&quot;[39m
    [36m/&gt;[39m
    [36m&lt;path[39m
      [33md[39m=[32m&quot;M14.12 3.88 16 2&quot;[39m
    [36m/&gt;[39m
    [36m&lt;path[39m
      [33md[39m=[32m&quot;M9 7.13v-1a3.003 3.003 0 1 1 6 0v1&quot;[39m
    [36m/&gt;[39m
    [36m&lt;path[39m
      [33md[39m=[32m&quot;M12 20c-3.3 0-6-2.7-6-6v-3a4 4 0 0 1 4-4h4a4 4 0 0 1 4 4v3c0 3.3-2.7 6-6 6&quot;[39m
    [36m/&gt;[39m
    [36m&lt;path[39m
      [33md[39m=[32m&quot;M12 20v-9&quot;[39m
    [36m/&gt;[39m
    [36m&lt;path[39m
      [33md[39m=[32m&quot;M6.53 9C4.6 8.8 3 7.1 3 5&quot;[39m
    [36m/&gt;[39m
    [36m&lt;path[39m
      [33md[39m=[32m&quot;M6 13H2&quot;[39m
    [36m/&gt;[39m
    [36m&lt;path[39m
      [33md[39m=[32m&quot;M3 21c0-2.1 1.7-3.9 3.8-4&quot;[39m
    [36m/&gt;[39m
    [36m&lt;path[39m
      [33md[39m=[32m&quot;M20.97 5c0 2.1-1.6 3.8-3.5 4&quot;[39m
    [36m/&gt;[39m
    [36m&lt;path[39m
      [33md[39m=[32m&quot;M22 13h-4&quot;[39m
    [36m/&gt;[39m
    [36m&lt;path[39m
      [33md[39m=[32m&quot;M17.2 17c2.1.1 3.8 1.9 3.8 4&quot;[39m
    [36m/&gt;[39m
  [36m&lt;/svg&gt;[39m
  [0mError Details (Development Only)[0m
[36m&lt;/summary&gt;[39m

Ignored nodes: comments, script, style
[36m&lt;summary[39m
  [33mstyle[39m=[32m&quot;cursor: pointer; margin-bottom: 8px; color: rgb(107, 114, 128); font-size: 12px;&quot;[39m
[36m&gt;[39m
  [36m&lt;svg[39m
    [33maria-hidden[39m=[32m&quot;true&quot;[39m
    [33mclass[39m=[32m&quot;lucide lucide-bug&quot;[39m
    [33mfill[39m=[32m&quot;none&quot;[39m
    [33mheight[39m=[32m&quot;14&quot;[39m
    [33mstroke[39m=[32m&quot;currentColor&quot;[39m
    [33mstroke-linecap[39m=[32m&quot;round&quot;[39m
    [33mstroke-linejoin[39m=[32m&quot;round&quot;[39m
    [33mstroke-width[39m=[32m&quot;2&quot;[39m
    [33mstyle[39m=[32m&quot;margin-right: 6px; vertical-align: middle;&quot;[39m
    [33mviewBox[39m=[32m&quot;0 0 24 24&quot;[39m
    [33mwidth[39m=[32m&quot;14&quot;[39m
    [33mxmlns[39m=[32m&quot;http://www.w3.org/2000/svg&quot;[39m
  [36m&gt;[39m
    [36m&lt;path[39m
      [33md[39m=[32m&quot;m8 2 1.88 1.88&quot;[39m
    [36m/&gt;[39m
    [36m&lt;path[39m
      [33md[39m=[32m&quot;M14.12 3.88 16 2&quot;[39m
    [36m/&gt;[39m
    [36m&lt;path[39m
      [33md[39m=[32m&quot;M9 7.13v-1a3.003 3.003 0 1 1 6 0v1&quot;[39m
    [36m/&gt;[39m
    [36m&lt;path[39m
      [33md[39m=[32m&quot;M12 20c-3.3 0-6-2.7-6-6v-3a4 4 0 0 1 4-4h4a4 4 0 0 1 4 4v3c0 3.3-2.7 6-6 6&quot;[39m
    [36m/&gt;[39m
    [36m&lt;path[39m
      [33md[39m=[32m&quot;M12 20v-9&quot;[39m
    [36m/&gt;[39m
    [36m&lt;path[39m
      [33md[39m=[32m&quot;M6.53 9C4.6 8.8 3 7.1 3 5&quot;[39m
    [36m/&gt;[39m
    [36m&lt;path[39m
      [33md[39m=[32m&quot;M6 13H2&quot;[39m
    [36m/&gt;[39m
    [36m&lt;path[39m
      [33md[39m=[32m&quot;M3 21c0-2.1 1.7-3.9 3.8-4&quot;[39m
    [36m/&gt;[39m
    [36m&lt;path[39m
      [33md[39m=[32m&quot;M20.97 5c0 2.1-1.6 3.8-3.5 4&quot;[39m
    [36m/&gt;[39m
    [36m&lt;path[39m
      [33md[39m=[32m&quot;M22 13h-4&quot;[39m
    [36m/&gt;[39m
    [36m&lt;path[39m
      [33md[39m=[32m&quot;M17.2 17c2.1.1 3.8 1.9 3.8 4&quot;[39m
    [36m/&gt;[39m
  [36m&lt;/svg&gt;[39m
  [0mError Details (Development Only)[0m
[36m&lt;/summary&gt;[39m

Ignored nodes: comments, script, style
[36m&lt;summary[39m
  [33mstyle[39m=[32m&quot;cursor: pointer; margin-bottom: 8px; color: rgb(107, 114, 128); font-size: 12px;&quot;[39m
[36m&gt;[39m
  [36m&lt;svg[39m
    [33maria-hidden[39m=[32m&quot;true&quot;[39m
    [33mclass[39m=[32m&quot;lucide lucide-bug&quot;[39m
    [33mfill[39m=[32m&quot;none&quot;[39m
    [33mheight[39m=[32m&quot;14&quot;[39m
    [33mstroke[39m=[32m&quot;currentColor&quot;[39m
    [33mstroke-linecap[39m=[32m&quot;round&quot;[39m
    [33mstroke-linejoin[39m=[32m&quot;round&quot;[39m
    [33mstroke-width[39m=[32m&quot;2&quot;[39m
    [33mstyle[39m=[32m&quot;margin-right: 6px; vertical-align: middle;&quot;[39m
    [33mviewBox[39m=[32m&quot;0 0 24 24&quot;[39m
    [33mwidth[39m=[32m&quot;14&quot;[39m
    [33mxmlns[39m=[32m&quot;http://www.w3.org/2000/svg&quot;[39m
  [36m&gt;[39m
    [36m&lt;path[39m
      [33md[39m=[32m&quot;m8 2 1.88 1.88&quot;[39m
    [36m/&gt;[39m
    [36m&lt;path[39m
      [33md[39m=[32m&quot;M14.12 3.88 16 2&quot;[39m
    [36m/&gt;[39m
    [36m&lt;path[39m
      [33md[39m=[32m&quot;M9 7.13v-1a3.003 3.003 0 1 1 6 0v1&quot;[39m
    [36m/&gt;[39m
    [36m&lt;path[39m
      [33md[39m=[32m&quot;M12 20c-3.3 0-6-2.7-6-6v-3a4 4 0 0 1 4-4h4a4 4 0 0 1 4 4v3c0 3.3-2.7 6-6 6&quot;[39m
    [36m/&gt;[39m
    [36m&lt;path[39m
      [33md[39m=[32m&quot;M12 20v-9&quot;[39m
    [36m/&gt;[39m
    [36m&lt;path[39m
      [33md[39m=[32m&quot;M6.53 9C4.6 8.8 3 7.1 3 5&quot;[39m
    [36m/&gt;[39m
    [36m&lt;path[39m
      [33md[39m=[32m&quot;M6 13H2&quot;[39m
    [36m/&gt;[39m
    [36m&lt;path[39m
      [33md[39m=[32m&quot;M3 21c0-2.1 1.7-3.9 3.8-4&quot;[39m
    [36m/&gt;[39m
    [36m&lt;path[39m
      [33md[39m=[32m&quot;M20.97 5c0 2.1-1.6 3.8-3.5 4&quot;[39m
    [36m/&gt;[39m
    [36m&lt;path[39m
      [33md[39m=[32m&quot;M22 13h-4&quot;[39m
    [36m/&gt;[39m
    [36m&lt;path[39m
      [33md[39m=[32m&quot;M17.2 17c2.1.1 3.8 1.9 3.8 4&quot;[39m
    [36m/&gt;[39m
  [36m&lt;/svg&gt;[39m
  [0mError Details (Development Only)[0m
[36m&lt;/summary&gt;[39m

Ignored nodes: comments, script, style
[36m&lt;summary[39m
  [33mstyle[39m=[32m&quot;cursor: pointer; margin-bottom: 8px; color: rgb(107, 114, 128); font-size: 12px;&quot;[39m
[36m&gt;[39m
  [36m&lt;svg[39m
    [33maria-hidden[39m=[32m&quot;true&quot;[39m
    [33mclass[39m=[32m&quot;lucide lucide-bug&quot;[39m
    [33mfill[39m=[32m&quot;none&quot;[39m
    [33mheight[39m=[32m&quot;14&quot;[39m
    [33mstroke[39m=[32m&quot;currentColor&quot;[39m
    [33mstroke-linecap[39m=[32m&quot;round&quot;[39m
    [33mstroke-linejoin[39m=[32m&quot;round&quot;[39m
    [33mstroke-width[39m=[32m&quot;2&quot;[39m
    [33mstyle[39m=[32m&quot;margin-right: 6px; vertical-align: middle;&quot;[39m
    [33mviewBox[39m=[32m&quot;0 0 24 24&quot;[39m
    [33mwidth[39m=[32m&quot;14&quot;[39m
    [33mxmlns[39m=[32m&quot;http://www.w3.org/2000/svg&quot;[39m
  [36m&gt;[39m
    [36m&lt;path[39m
      [33md[39m=[32m&quot;m8 2 1.88 1.88&quot;[39m
    [36m/&gt;[39m
    [36m&lt;path[39m
      [33md[39m=[32m&quot;M14.12 3.88 16 2&quot;[39m
    [36m/&gt;[39m
    [36m&lt;path[39m
      [33md[39m=[32m&quot;M9 7.13v-1a3.003 3.003 0 1 1 6 0v1&quot;[39m
    [36m/&gt;[39m
    [36m&lt;path[39m
      [33md[39m=[32m&quot;M12 20c-3.3 0-6-2.7-6-6v-3a4 4 0 0 1 4-4h4a4 4 0 0 1 4 4v3c0 3.3-2.7 6-6 6&quot;[39m
    [36m/&gt;[39m
    [36m&lt;path[39m
      [33md[39m=[32m&quot;M12 20v-9&quot;[39m
    [36m/&gt;[39m
    [36m&lt;path[39m
      [33md[39m=[32m&quot;M6.53 9C4.6 8.8 3 7.1 3 5&quot;[39m
    [36m/&gt;[39m
    [36m&lt;path[39m
      [33md[39m=[32m&quot;M6 13H2&quot;[39m
    [36m/&gt;[39m
    [36m&lt;path[39m
      [33md[39m=[32m&quot;M3 21c0-2.1 1.7-3.9 3.8-4&quot;[39m
    [36m/&gt;[39m
    [36m&lt;path[39m
      [33md[39m=[32m&quot;M20.97 5c0 2.1-1.6 3.8-3.5 4&quot;[39m
    [36m/&gt;[39m
    [36m&lt;path[39m
      [33md[39m=[32m&quot;M22 13h-4&quot;[39m
    [36m/&gt;[39m
    [36m&lt;path[39m
      [33md[39m=[32m&quot;M17.2 17c2.1.1 3.8 1.9 3.8 4&quot;[39m
    [36m/&gt;[39m
  [36m&lt;/svg&gt;[39m
  [0mError Details (Development Only)[0m
[36m&lt;/summary&gt;[39m

Ignored nodes: comments, script, style
[36m&lt;summary[39m
  [33mstyle[39m=[32m&quot;cursor: pointer; margin-bottom: 8px; color: rgb(107, 114, 128); font-size: 12px;&quot;[39m
[36m&gt;[39m
  [36m&lt;svg[39m
    [33maria-hidden[39m=[32m&quot;true&quot;[39m
    [33mclass[39m=[32m&quot;lucide lucide-bug&quot;[39m
    [33mfill[39m=[32m&quot;none&quot;[39m
    [33mheight[39m=[32m&quot;14&quot;[39m
    [33mstroke[39m=[32m&quot;currentColor&quot;[39m
    [33mstroke-linecap[39m=[32m&quot;round&quot;[39m
    [33mstroke-linejoin[39m=[32m&quot;round&quot;[39m
    [33mstroke-width[39m=[32m&quot;2&quot;[39m
    [33mstyle[39m=[32m&quot;margin-right: 6px; vertical-align: middle;&quot;[39m
    [33mviewBox[39m=[32m&quot;0 0 24 24&quot;[39m
    [33mwidth[39m=[32m&quot;14&quot;[39m
    [33mxmlns[39m=[32m&quot;http://www.w3.org/2000/svg&quot;[39m
  [36m&gt;[39m
    [36m&lt;path[39m
      [33md[39m=[32m&quot;m8 2 1.88 1.88&quot;[39m
    [36m/&gt;[39m
    [36m&lt;path[39m
      [33md[39m=[32m&quot;M14.12 3.88 16 2&quot;[39m
    [36m/&gt;[39m
    [36m&lt;path[39m
      [33md[39m=[32m&quot;M9 7.13v-1a3.003 3.003 0 1 1 6 0v1&quot;[39m
    [36m/&gt;[39m
    [36m&lt;path[39m
      [33md[39m=[32m&quot;M12 20c-3.3 0-6-2.7-6-6v-3a4 4 0 0 1 4-4h4a4 4 0 0 1 4 4v3c0 3.3-2.7 6-6 6&quot;[39m
    [36m/&gt;[39m
    [36m&lt;path[39m
      [33md[39m=[32m&quot;M12 20v-9&quot;[39m
    [36m/&gt;[39m
    [36m&lt;path[39m
      [33md[39m=[32m&quot;M6.53 9C4.6 8.8 3 7.1 3 5&quot;[39m
    [36m/&gt;[39m
    [36m&lt;path[39m
      [33md[39m=[32m&quot;M6 13H2&quot;[39m
    [36m/&gt;[39m
    [36m&lt;path[39m
      [33md[39m=[32m&quot;M3 21c0-2.1 1.7-3.9 3.8-4&quot;[39m
    [36m/&gt;[39m
    [36m&lt;path[39m
      [33md[39m=[32m&quot;M20.97 5c0 2.1-1.6 3.8-3.5 4&quot;[39m
    [36m/&gt;[39m
    [36m&lt;path[39m
      [33md[39m=[32m&quot;M22 13h-4&quot;[39m
    [36m/&gt;[39m
    [36m&lt;path[39m
      [33md[39m=[32m&quot;M17.2 17c2.1.1 3.8 1.9 3.8 4&quot;[39m
    [36m/&gt;[39m
  [36m&lt;/svg&gt;[39m
  [0mError Details (Development Only)[0m
[36m&lt;/summary&gt;[39m

Ignored nodes: comments, script, style
[36m&lt;summary[39m
  [33mstyle[39m=[32m&quot;cursor: pointer; margin-bottom: 8px; color: rgb(107, 114, 128); font-size: 12px;&quot;[39m
[36m&gt;[39m
  [36m&lt;svg[39m
    [33maria-hidden[39m=[32m&quot;true&quot;[39m
    [33mclass[39m=[32m&quot;lucide lucide-bug&quot;[39m
    [33mfill[39m=[32m&quot;none&quot;[39m
    [33mheight[39m=[32m&quot;14&quot;[39m
    [33mstroke[39m=[32m&quot;currentColor&quot;[39m
    [33mstroke-linecap[39m=[32m&quot;round&quot;[39m
    [33mstroke-linejoin[39m=[32m&quot;round&quot;[39m
    [33mstroke-width[39m=[32m&quot;2&quot;[39m
    [33mstyle[39m=[32m&quot;margin-right: 6px; vertical-align: middle;&quot;[39m
    [33mviewBox[39m=[32m&quot;0 0 24 24&quot;[39m
    [33mwidth[39m=[32m&quot;14&quot;[39m
    [33mxmlns[39m=[32m&quot;http://www.w3.org/2000/svg&quot;[39m
  [36m&gt;[39m
    [36m&lt;path[39m
      [33md[39m=[32m&quot;m8 2 1.88 1.88&quot;[39m
    [36m/&gt;[39m
    [36m&lt;path[39m
      [33md[39m=[32m&quot;M14.12 3.88 16 2&quot;[39m
    [36m/&gt;[39m
    [36m&lt;path[39m
      [33md[39m=[32m&quot;M9 7.13v-1a3.003 3.003 0 1 1 6 0v1&quot;[39m
    [36m/&gt;[39m
    [36m&lt;path[39m
      [33md[39m=[32m&quot;M12 20c-3.3 0-6-2.7-6-6v-3a4 4 0 0 1 4-4h4a4 4 0 0 1 4 4v3c0 3.3-2.7 6-6 6&quot;[39m
    [36m/&gt;[39m
    [36m&lt;path[39m
      [33md[39m=[32m&quot;M12 20v-9&quot;[39m
    [36m/&gt;[39m
    [36m&lt;path[39m
      [33md[39m=[32m&quot;M6.53 9C4.6 8.8 3 7.1 3 5&quot;[39m
    [36m/&gt;[39m
    [36m&lt;path[39m
      [33md[39m=[32m&quot;M6 13H2&quot;[39m
    [36m/&gt;[39m
    [36m&lt;path[39m
      [33md[39m=[32m&quot;M3 21c0-2.1 1.7-3.9 3.8-4&quot;[39m
    [36m/&gt;[39m
    [36m&lt;path[39m
      [33md[39m=[32m&quot;M20.97 5c0 2.1-1.6 3.8-3.5 4&quot;[39m
    [36m/&gt;[39m
    [36m&lt;path[39m
      [33md[39m=[32m&quot;M22 13h-4&quot;[39m
    [36m/&gt;[39m
    [36m&lt;path[39m
      [33md[39m=[32m&quot;M17.2 17c2.1.1 3.8 1.9 3.8 4&quot;[39m
    [36m/&gt;[39m
  [36m&lt;/svg&gt;[39m
  [0mError Details (Development Only)[0m
[36m&lt;/summary&gt;[39m

Ignored nodes: comments, script, style
[36m&lt;summary[39m
  [33mstyle[39m=[32m&quot;cursor: pointer; margin-bottom: 8px; color: rgb(107, 114, 128); font-size: 12px;&quot;[39m
[36m&gt;[39m
  [36m&lt;svg[39m
    [33maria-hidden[39m=[32m&quot;true&quot;[39m
    [33mclass[39m=[32m&quot;lucide lucide-bug&quot;[39m
    [33mfill[39m=[32m&quot;none&quot;[39m
    [33mheight[39m=[32m&quot;14&quot;[39m
    [33mstroke[39m=[32m&quot;currentColor&quot;[39m
    [33mstroke-linecap[39m=[32m&quot;round&quot;[39m
    [33mstroke-linejoin[39m=[32m&quot;round&quot;[39m
    [33mstroke-width[39m=[32m&quot;2&quot;[39m
    [33mstyle[39m=[32m&quot;margin-right: 6px; vertical-align: middle;&quot;[39m
    [33mviewBox[39m=[32m&quot;0 0 24 24&quot;[39m
    [33mwidth[39m=[32m&quot;14&quot;[39m
    [33mxmlns[39m=[32m&quot;http://www.w3.org/2000/svg&quot;[39m
  [36m&gt;[39m
    [36m&lt;path[39m
      [33md[39m=[32m&quot;m8 2 1.88 1.88&quot;[39m
    [36m/&gt;[39m
    [36m&lt;path[39m
      [33md[39m=[32m&quot;M14.12 3.88 16 2&quot;[39m
    [36m/&gt;[39m
    [36m&lt;path[39m
      [33md[39m=[32m&quot;M9 7.13v-1a3.003 3.003 0 1 1 6 0v1&quot;[39m
    [36m/&gt;[39m
    [36m&lt;path[39m
      [33md[39m=[32m&quot;M12 20c-3.3 0-6-2.7-6-6v-3a4 4 0 0 1 4-4h4a4 4 0 0 1 4 4v3c0 3.3-2.7 6-6 6&quot;[39m
    [36m/&gt;[39m
    [36m&lt;path[39m
      [33md[39m=[32m&quot;M12 20v-9&quot;[39m
    [36m/&gt;[39m
    [36m&lt;path[39m
      [33md[39m=[32m&quot;M6.53 9C4.6 8.8 3 7.1 3 5&quot;[39m
    [36m/&gt;[39m
    [36m&lt;path[39m
      [33md[39m=[32m&quot;M6 13H2&quot;[39m
    [36m/&gt;[39m
    [36m&lt;path[39m
      [33md[39m=[32m&quot;M3 21c0-2.1 1.7-3.9 3.8-4&quot;[39m
    [36m/&gt;[39m
    [36m&lt;path[39m
      [33md[39m=[32m&quot;M20.97 5c0 2.1-1.6 3.8-3.5 4&quot;[39m
    [36m/&gt;[39m
    [36m&lt;path[39m
      [33md[39m=[32m&quot;M22 13h-4&quot;[39m
    [36m/&gt;[39m
    [36m&lt;path[39m
      [33md[39m=[32m&quot;M17.2 17c2.1.1 3.8 1.9 3.8 4&quot;[39m
    [36m/&gt;[39m
  [36m&lt;/svg&gt;[39m
  [0mError Details (Development Only)[0m
[36m&lt;/summary&gt;[39m

Ignored nodes: comments, script, style
[36m&lt;summary[39m
  [33mstyle[39m=[32m&quot;cursor: pointer; margin-bottom: 8px; color: rgb(107, 114, 128); font-size: 12px;&quot;[39m
[36m&gt;[39m
  [36m&lt;svg[39m
    [33maria-hidden[39m=[32m&quot;true&quot;[39m
    [33mclass[39m=[32m&quot;lucide lucide-bug&quot;[39m
    [33mfill[39m=[32m&quot;none&quot;[39m
    [33mheight[39m=[32m&quot;14&quot;[39m
    [33mstroke[39m=[32m&quot;currentColor&quot;[39m
    [33mstroke-linecap[39m=[32m&quot;round&quot;[39m
    [33mstroke-linejoin[39m=[32m&quot;round&quot;[39m
    [33mstroke-width[39m=[32m&quot;2&quot;[39m
    [33mstyle[39m=[32m&quot;margin-right: 6px; vertical-align: middle;&quot;[39m
    [33mviewBox[39m=[32m&quot;0 0 24 24&quot;[39m
    [33mwidth[39m=[32m&quot;14&quot;[39m
    [33mxmlns[39m=[32m&quot;http://www.w3.org/2000/svg&quot;[39m
  [36m&gt;[39m
    [36m&lt;path[39m
      [33md[39m=[32m&quot;m8 2 1.88 1.88&quot;[39m
    [36m/&gt;[39m
    [36m&lt;path[39m
      [33md[39m=[32m&quot;M14.12 3.88 16 2&quot;[39m
    [36m/&gt;[39m
    [36m&lt;path[39m
      [33md[39m=[32m&quot;M9 7.13v-1a3.003 3.003 0 1 1 6 0v1&quot;[39m
    [36m/&gt;[39m
    [36m&lt;path[39m
      [33md[39m=[32m&quot;M12 20c-3.3 0-6-2.7-6-6v-3a4 4 0 0 1 4-4h4a4 4 0 0 1 4 4v3c0 3.3-2.7 6-6 6&quot;[39m
    [36m/&gt;[39m
    [36m&lt;path[39m
      [33md[39m=[32m&quot;M12 20v-9&quot;[39m
    [36m/&gt;[39m
    [36m&lt;path[39m
      [33md[39m=[32m&quot;M6.53 9C4.6 8.8 3 7.1 3 5&quot;[39m
    [36m/&gt;[39m
    [36m&lt;path[39m
      [33md[39m=[32m&quot;M6 13H2&quot;[39m
    [36m/&gt;[39m
    [36m&lt;path[39m
      [33md[39m=[32m&quot;M3 21c0-2.1 1.7-3.9 3.8-4&quot;[39m
    [36m/&gt;[39m
    [36m&lt;path[39m
      [33md[39m=[32m&quot;M20.97 5c0 2.1-1.6 3.8-3.5 4&quot;[39m
    [36m/&gt;[39m
    [36m&lt;path[39m
      [33md[39m=[32m&quot;M22 13h-4&quot;[39m
    [36m/&gt;[39m
    [36m&lt;path[39m
      [33md[39m=[32m&quot;M17.2 17c2.1.1 3.8 1.9 3.8 4&quot;[39m
    [36m/&gt;[39m
  [36m&lt;/svg&gt;[39m
  [0mError Details (Development Only)[0m
[36m&lt;/summary&gt;[39m

Ignored nodes: comments, script, style
[36m&lt;summary[39m
  [33mstyle[39m=[32m&quot;cursor: pointer; margin-bottom: 8px; color: rgb(107, 114, 128); font-size: 12px;&quot;[39m
[36m&gt;[39m
  [36m&lt;svg[39m
    [33maria-hidden[39m=[32m&quot;true&quot;[39m
    [33mclass[39m=[32m&quot;lucide lucide-bug&quot;[39m
    [33mfill[39m=[32m&quot;none&quot;[39m
    [33mheight[39m=[32m&quot;14&quot;[39m
    [33mstroke[39m=[32m&quot;currentColor&quot;[39m
    [33mstroke-linecap[39m=[32m&quot;round&quot;[39m
    [33mstroke-linejoin[39m=[32m&quot;round&quot;[39m
    [33mstroke-width[39m=[32m&quot;2&quot;[39m
    [33mstyle[39m=[32m&quot;margin-right: 6px; vertical-align: middle;&quot;[39m
    [33mviewBox[39m=[32m&quot;0 0 24 24&quot;[39m
    [33mwidth[39m=[32m&quot;14&quot;[39m
    [33mxmlns[39m=[32m&quot;http://www.w3.org/2000/svg&quot;[39m
  [36m&gt;[39m
    [36m&lt;path[39m
      [33md[39m=[32m&quot;m8 2 1.88 1.88&quot;[39m
    [36m/&gt;[39m
    [36m&lt;path[39m
      [33md[39m=[32m&quot;M14.12 3.88 16 2&quot;[39m
    [36m/&gt;[39m
    [36m&lt;path[39m
      [33md[39m=[32m&quot;M9 7.13v-1a3.003 3.003 0 1 1 6 0v1&quot;[39m
    [36m/&gt;[39m
    [36m&lt;path[39m
      [33md[39m=[32m&quot;M12 20c-3.3 0-6-2.7-6-6v-3a4 4 0 0 1 4-4h4a4 4 0 0 1 4 4v3c0 3.3-2.7 6-6 6&quot;[39m
    [36m/&gt;[39m
    [36m&lt;path[39m
      [33md[39m=[32m&quot;M12 20v-9&quot;[39m
    [36m/&gt;[39m
    [36m&lt;path[39m
      [33md[39m=[32m&quot;M6.53 9C4.6 8.8 3 7.1 3 5&quot;[39m
    [36m/&gt;[39m
    [36m&lt;path[39m
      [33md[39m=[32m&quot;M6 13H2&quot;[39m
    [36m/&gt;[39m
    [36m&lt;path[39m
      [33md[39m=[32m&quot;M3 21c0-2.1 1.7-3.9 3.8-4&quot;[39m
    [36m/&gt;[39m
    [36m&lt;path[39m
      [33md[39m=[32m&quot;M20.97 5c0 2.1-1.6 3.8-3.5 4&quot;[39m
    [36m/&gt;[39m
    [36m&lt;path[39m
      [33md[39m=[32m&quot;M22 13h-4&quot;[39m
    [36m/&gt;[39m
    [36m&lt;path[39m
      [33md[39m=[32m&quot;M17.2 17c2.1.1 3.8 1.9 3.8 4&quot;[39m
    [36m/&gt;[39m
  [36m&lt;/svg&gt;[39m
  [0mError Details (Development Only)[0m
[36m&lt;/summary&gt;[39m

Ignored nodes: comments, script, style
[36m&lt;summary[39m
  [33mstyle[39m=[32m&quot;cursor: pointer; margin-bottom: 8px; color: rgb(107, 114, 128); font-size: 12px;&quot;[39m
[36m&gt;[39m
  [36m&lt;svg[39m
    [33maria-hidden[39m=[32m&quot;true&quot;[39m
    [33mclass[39m=[32m&quot;lucide lucide-bug&quot;[39m
    [33mfill[39m=[32m&quot;none&quot;[39m
    [33mheight[39m=[32m&quot;14&quot;[39m
    [33mstroke[39m=[32m&quot;currentColor&quot;[39m
    [33mstroke-linecap[39m=[32m&quot;round&quot;[39m
    [33mstroke-linejoin[39m=[32m&quot;round&quot;[39m
    [33mstroke-width[39m=[32m&quot;2&quot;[39m
    [33mstyle[39m=[32m&quot;margin-right: 6px; vertical-align: middle;&quot;[39m
    [33mviewBox[39m=[32m&quot;0 0 24 24&quot;[39m
    [33mwidth[39m=[32m&quot;14&quot;[39m
    [33mxmlns[39m=[32m&quot;http://www.w3.org/2000/svg&quot;[39m
  [36m&gt;[39m
    [36m&lt;path[39m
      [33md[39m=[32m&quot;m8 2 1.88 1.88&quot;[39m
    [36m/&gt;[39m
    [36m&lt;path[39m
      [33md[39m=[32m&quot;M14.12 3.88 16 2&quot;[39m
    [36m/&gt;[39m
    [36m&lt;path[39m
      [33md[39m=[32m&quot;M9 7.13v-1a3.003 3.003 0 1 1 6 0v1&quot;[39m
    [36m/&gt;[39m
    [36m&lt;path[39m
      [33md[39m=[32m&quot;M12 20c-3.3 0-6-2.7-6-6v-3a4 4 0 0 1 4-4h4a4 4 0 0 1 4 4v3c0 3.3-2.7 6-6 6&quot;[39m
    [36m/&gt;[39m
    [36m&lt;path[39m
      [33md[39m=[32m&quot;M12 20v-9&quot;[39m
    [36m/&gt;[39m
    [36m&lt;path[39m
      [33md[39m=[32m&quot;M6.53 9C4.6 8.8 3 7.1 3 5&quot;[39m
    [36m/&gt;[39m
    [36m&lt;path[39m
      [33md[39m=[32m&quot;M6 13H2&quot;[39m
    [36m/&gt;[39m
    [36m&lt;path[39m
      [33md[39m=[32m&quot;M3 21c0-2.1 1.7-3.9 3.8-4&quot;[39m
    [36m/&gt;[39m
    [36m&lt;path[39m
      [33md[39m=[32m&quot;M20.97 5c0 2.1-1.6 3.8-3.5 4&quot;[39m
    [36m/&gt;[39m
    [36m&lt;path[39m
      [33md[39m=[32m&quot;M22 13h-4&quot;[39m
    [36m/&gt;[39m
    [36m&lt;path[39m
      [33md[39m=[32m&quot;M17.2 17c2.1.1 3.8 1.9 3.8 4&quot;[39m
    [36m/&gt;[39m
  [36m&lt;/svg&gt;[39m
  [0mError Details (Development Only)[0m
[36m&lt;/summary&gt;[39m

Ignored nodes: comments, script, style
[36m&lt;summary[39m
  [33mstyle[39m=[32m&quot;cursor: pointer; margin-bottom: 8px; color: rgb(107, 114, 128); font-size: 12px;&quot;[39m
[36m&gt;[39m
  [36m&lt;svg[39m
    [33maria-hidden[39m=[32m&quot;true&quot;[39m
    [33mclass[39m=[32m&quot;lucide lucide-bug&quot;[39m
    [33mfill[39m=[32m&quot;none&quot;[39m
    [33mheight[39m=[32m&quot;14&quot;[39m
    [33mstroke[39m=[32m&quot;currentColor&quot;[39m
    [33mstroke-linecap[39m=[32m&quot;round&quot;[39m
    [33mstroke-linejoin[39m=[32m&quot;round&quot;[39m
    [33mstroke-width[39m=[32m&quot;2&quot;[39m
    [33mstyle[39m=[32m&quot;margin-right: 6px; vertical-align: middle;&quot;[39m
    [33mviewBox[39m=[32m&quot;0 0 24 24&quot;[39m
    [33mwidth[39m=[32m&quot;14&quot;[39m
    [33mxmlns[39m=[32m&quot;http://www.w3.org/2000/svg&quot;[39m
  [36m&gt;[39m
    [36m&lt;path[39m
      [33md[39m=[32m&quot;m8 2 1.88 1.88&quot;[39m
    [36m/&gt;[39m
    [36m&lt;path[39m
      [33md[39m=[32m&quot;M14.12 3.88 16 2&quot;[39m
    [36m/&gt;[39m
    [36m&lt;path[39m
      [33md[39m=[32m&quot;M9 7.13v-1a3.003 3.003 0 1 1 6 0v1&quot;[39m
    [36m/&gt;[39m
    [36m&lt;path[39m
      [33md[39m=[32m&quot;M12 20c-3.3 0-6-2.7-6-6v-3a4 4 0 0 1 4-4h4a4 4 0 0 1 4 4v3c0 3.3-2.7 6-6 6&quot;[39m
    [36m/&gt;[39m
    [36m&lt;path[39m
      [33md[39m=[32m&quot;M12 20v-9&quot;[39m
    [36m/&gt;[39m
    [36m&lt;path[39m
      [33md[39m=[32m&quot;M6.53 9C4.6 8.8 3 7.1 3 5&quot;[39m
    [36m/&gt;[39m
    [36m&lt;path[39m
      [33md[39m=[32m&quot;M6 13H2&quot;[39m
    [36m/&gt;[39m
    [36m&lt;path[39m
      [33md[39m=[32m&quot;M3 21c0-2.1 1.7-3.9 3.8-4&quot;[39m
    [36m/&gt;[39m
    [36m&lt;path[39m
      [33md[39m=[32m&quot;M20.97 5c0 2.1-1.6 3.8-3.5 4&quot;[39m
    [36m/&gt;[39m
    [36m&lt;path[39m
      [33md[39m=[32m&quot;M22 13h-4&quot;[39m
    [36m/&gt;[39m
    [36m&lt;path[39m
      [33md[39m=[32m&quot;M17.2 17c2.1.1 3.8 1.9 3.8 4&quot;[39m
    [36m/&gt;[39m
  [36m&lt;/svg&gt;[39m
  [0mError Details (Development Only)[0m
[36m&lt;/summary&gt;[39m

Ignored nodes: comments, script, style
[36m&lt;summary[39m
  [33mstyle[39m=[32m&quot;cursor: pointer; margin-bottom: 8px; color: rgb(107, 114, 128); font-size: 12px;&quot;[39m
[36m&gt;[39m
  [36m&lt;svg[39m
    [33maria-hidden[39m=[32m&quot;true&quot;[39m
    [33mclass[39m=[32m&quot;lucide lucide-bug&quot;[39m
    [33mfill[39m=[32m&quot;none&quot;[39m
    [33mheight[39m=[32m&quot;14&quot;[39m
    [33mstroke[39m=[32m&quot;currentColor&quot;[39m
    [33mstroke-linecap[39m=[32m&quot;round&quot;[39m
    [33mstroke-linejoin[39m=[32m&quot;round&quot;[39m
    [33mstroke-width[39m=[32m&quot;2&quot;[39m
    [33mstyle[39m=[32m&quot;margin-right: 6px; vertical-align: middle;&quot;[39m
    [33mviewBox[39m=[32m&quot;0 0 24 24&quot;[39m
    [33mwidth[39m=[32m&quot;14&quot;[39m
    [33mxmlns[39m=[32m&quot;http://www.w3.org/2000/svg&quot;[39m
  [36m&gt;[39m
    [36m&lt;path[39m
      [33md[39m=[32m&quot;m8 2 1.88 1.88&quot;[39m
    [36m/&gt;[39m
    [36m&lt;path[39m
      [33md[39m=[32m&quot;M14.12 3.88 16 2&quot;[39m
    [36m/&gt;[39m
    [36m&lt;path[39m
      [33md[39m=[32m&quot;M9 7.13v-1a3.003 3.003 0 1 1 6 0v1&quot;[39m
    [36m/&gt;[39m
    [36m&lt;path[39m
      [33md[39m=[32m&quot;M12 20c-3.3 0-6-2.7-6-6v-3a4 4 0 0 1 4-4h4a4 4 0 0 1 4 4v3c0 3.3-2.7 6-6 6&quot;[39m
    [36m/&gt;[39m
    [36m&lt;path[39m
      [33md[39m=[32m&quot;M12 20v-9&quot;[39m
    [36m/&gt;[39m
    [36m&lt;path[39m
      [33md[39m=[32m&quot;M6.53 9C4.6 8.8 3 7.1 3 5&quot;[39m
    [36m/&gt;[39m
    [36m&lt;path[39m
      [33md[39m=[32m&quot;M6 13H2&quot;[39m
    [36m/&gt;[39m
    [36m&lt;path[39m
      [33md[39m=[32m&quot;M3 21c0-2.1 1.7-3.9 3.8-4&quot;[39m
    [36m/&gt;[39m
    [36m&lt;path[39m
      [33md[39m=[32m&quot;M20.97 5c0 2.1-1.6 3.8-3.5 4&quot;[39m
    [36m/&gt;[39m
    [36m&lt;path[39m
      [33md[39m=[32m&quot;M22 13h-4&quot;[39m
    [36m/&gt;[39m
    [36m&lt;path[39m
      [33md[39m=[32m&quot;M17.2 17c2.1.1 3.8 1.9 3.8 4&quot;[39m
    [36m/&gt;[39m
  [36m&lt;/svg&gt;[39m
  [0mError Details (Development Only)[0m
[36m&lt;/summary&gt;[39m

Ignored nodes: comments, script, style
[36m&lt;summary[39m
  [33mstyle[39m=[32m&quot;cursor: pointer; margin-bottom: 8px; color: rgb(107, 114, 128); font-size: 12px;&quot;[39m
[36m&gt;[39m
  [36m&lt;svg[39m
    [33maria-hidden[39m=[32m&quot;true&quot;[39m
    [33mclass[39m=[32m&quot;lucide lucide-bug&quot;[39m
    [33mfill[39m=[32m&quot;none&quot;[39m
    [33mheight[39m=[32m&quot;14&quot;[39m
    [33mstroke[39m=[32m&quot;currentColor&quot;[39m
    [33mstroke-linecap[39m=[32m&quot;round&quot;[39m
    [33mstroke-linejoin[39m=[32m&quot;round&quot;[39m
    [33mstroke-width[39m=[32m&quot;2&quot;[39m
    [33mstyle[39m=[32m&quot;margin-right: 6px; vertical-align: middle;&quot;[39m
    [33mviewBox[39m=[32m&quot;0 0 24 24&quot;[39m
    [33mwidth[39m=[32m&quot;14&quot;[39m
    [33mxmlns[39m=[32m&quot;http://www.w3.org/2000/svg&quot;[39m
  [36m&gt;[39m
    [36m&lt;path[39m
      [33md[39m=[32m&quot;m8 2 1.88 1.88&quot;[39m
    [36m/&gt;[39m
    [36m&lt;path[39m
      [33md[39m=[32m&quot;M14.12 3.88 16 2&quot;[39m
    [36m/&gt;[39m
    [36m&lt;path[39m
      [33md[39m=[32m&quot;M9 7.13v-1a3.003 3.003 0 1 1 6 0v1&quot;[39m
    [36m/&gt;[39m
    [36m&lt;path[39m
      [33md[39m=[32m&quot;M12 20c-3.3 0-6-2.7-6-6v-3a4 4 0 0 1 4-4h4a4 4 0 0 1 4 4v3c0 3.3-2.7 6-6 6&quot;[39m
    [36m/&gt;[39m
    [36m&lt;path[39m
      [33md[39m=[32m&quot;M12 20v-9&quot;[39m
    [36m/&gt;[39m
    [36m&lt;path[39m
      [33md[39m=[32m&quot;M6.53 9C4.6 8.8 3 7.1 3 5&quot;[39m
    [36m/&gt;[39m
    [36m&lt;path[39m
      [33md[39m=[32m&quot;M6 13H2&quot;[39m
    [36m/&gt;[39m
    [36m&lt;path[39m
      [33md[39m=[32m&quot;M3 21c0-2.1 1.7-3.9 3.8-4&quot;[39m
    [36m/&gt;[39m
    [36m&lt;path[39m
      [33md[39m=[32m&quot;M20.97 5c0 2.1-1.6 3.8-3.5 4&quot;[39m
    [36m/&gt;[39m
    [36m&lt;path[39m
      [33md[39m=[32m&quot;M22 13h-4&quot;[39m
    [36m/&gt;[39m
    [36m&lt;path[39m
      [33md[39m=[32m&quot;M17.2 17c2.1.1 3.8 1.9 3.8 4&quot;[39m
    [36m/&gt;[39m
  [36m&lt;/svg&gt;[39m
  [0mError Details (Development Only)[0m
[36m&lt;/summary&gt;[39m

Ignored nodes: comments, script, style
[36m&lt;summary[39m
  [33mstyle[39m=[32m&quot;cursor: pointer; margin-bottom: 8px; color: rgb(107, 114, 128); font-size: 12px;&quot;[39m
[36m&gt;[39m
  [36m&lt;svg[39m
    [33maria-hidden[39m=[32m&quot;true&quot;[39m
    [33mclass[39m=[32m&quot;lucide lucide-bug&quot;[39m
    [33mfill[39m=[32m&quot;none&quot;[39m
    [33mheight[39m=[32m&quot;14&quot;[39m
    [33mstroke[39m=[32m&quot;currentColor&quot;[39m
    [33mstroke-linecap[39m=[32m&quot;round&quot;[39m
    [33mstroke-linejoin[39m=[32m&quot;round&quot;[39m
    [33mstroke-width[39m=[32m&quot;2&quot;[39m
    [33mstyle[39m=[32m&quot;margin-right: 6px; vertical-align: middle;&quot;[39m
    [33mviewBox[39m=[32m&quot;0 0 24 24&quot;[39m
    [33mwidth[39m=[32m&quot;14&quot;[39m
    [33mxmlns[39m=[32m&quot;http://www.w3.org/2000/svg&quot;[39m
  [36m&gt;[39m
    [36m&lt;path[39m
      [33md[39m=[32m&quot;m8 2 1.88 1.88&quot;[39m
    [36m/&gt;[39m
    [36m&lt;path[39m
      [33md[39m=[32m&quot;M14.12 3.88 16 2&quot;[39m
    [36m/&gt;[39m
    [36m&lt;path[39m
      [33md[39m=[32m&quot;M9 7.13v-1a3.003 3.003 0 1 1 6 0v1&quot;[39m
    [36m/&gt;[39m
    [36m&lt;path[39m
      [33md[39m=[32m&quot;M12 20c-3.3 0-6-2.7-6-6v-3a4 4 0 0 1 4-4h4a4 4 0 0 1 4 4v3c0 3.3-2.7 6-6 6&quot;[39m
    [36m/&gt;[39m
    [36m&lt;path[39m
      [33md[39m=[32m&quot;M12 20v-9&quot;[39m
    [36m/&gt;[39m
    [36m&lt;path[39m
      [33md[39m=[32m&quot;M6.53 9C4.6 8.8 3 7.1 3 5&quot;[39m
    [36m/&gt;[39m
    [36m&lt;path[39m
      [33md[39m=[32m&quot;M6 13H2&quot;[39m
    [36m/&gt;[39m
    [36m&lt;path[39m
      [33md[39m=[32m&quot;M3 21c0-2.1 1.7-3.9 3.8-4&quot;[39m
    [36m/&gt;[39m
    [36m&lt;path[39m
      [33md[39m=[32m&quot;M20.97 5c0 2.1-1.6 3.8-3.5 4&quot;[39m
    [36m/&gt;[39m
    [36m&lt;path[39m
      [33md[39m=[32m&quot;M22 13h-4&quot;[39m
    [36m/&gt;[39m
    [36m&lt;path[39m
      [33md[39m=[32m&quot;M17.2 17c2.1.1 3.8 1.9 3.8 4&quot;[39m
    [36m/&gt;[39m
  [36m&lt;/svg&gt;[39m
  [0mError Details (Development Only)[0m
[36m&lt;/summary&gt;[39m

Ignored nodes: comments, script, style
[36m&lt;summary[39m
  [33mstyle[39m=[32m&quot;cursor: pointer; margin-bottom: 8px; color: rgb(107, 114, 128); font-size: 12px;&quot;[39m
[36m&gt;[39m
  [36m&lt;svg[39m
    [33maria-hidden[39m=[32m&quot;true&quot;[39m
    [33mclass[39m=[32m&quot;lucide lucide-bug&quot;[39m
    [33mfill[39m=[32m&quot;none&quot;[39m
    [33mheight[39m=[32m&quot;14&quot;[39m
    [33mstroke[39m=[32m&quot;currentColor&quot;[39m
    [33mstroke-linecap[39m=[32m&quot;round&quot;[39m
    [33mstroke-linejoin[39m=[32m&quot;round&quot;[39m
    [33mstroke-width[39m=[32m&quot;2&quot;[39m
    [33mstyle[39m=[32m&quot;margin-right: 6px; vertical-align: middle;&quot;[39m
    [33mviewBox[39m=[32m&quot;0 0 24 24&quot;[39m
    [33mwidth[39m=[32m&quot;14&quot;[39m
    [33mxmlns[39m=[32m&quot;http://www.w3.org/2000/svg&quot;[39m
  [36m&gt;[39m
    [36m&lt;path[39m
      [33md[39m=[32m&quot;m8 2 1.88 1.88&quot;[39m
    [36m/&gt;[39m
    [36m&lt;path[39m
      [33md[39m=[32m&quot;M14.12 3.88 16 2&quot;[39m
    [36m/&gt;[39m
    [36m&lt;path[39m
      [33md[39m=[32m&quot;M9 7.13v-1a3.003 3.003 0 1 1 6 0v1&quot;[39m
    [36m/&gt;[39m
    [36m&lt;path[39m
      [33md[39m=[32m&quot;M12 20c-3.3 0-6-2.7-6-6v-3a4 4 0 0 1 4-4h4a4 4 0 0 1 4 4v3c0 3.3-2.7 6-6 6&quot;[39m
    [36m/&gt;[39m
    [36m&lt;path[39m
      [33md[39m=[32m&quot;M12 20v-9&quot;[39m
    [36m/&gt;[39m
    [36m&lt;path[39m
      [33md[39m=[32m&quot;M6.53 9C4.6 8.8 3 7.1 3 5&quot;[39m
    [36m/&gt;[39m
    [36m&lt;path[39m
      [33md[39m=[32m&quot;M6 13H2&quot;[39m
    [36m/&gt;[39m
    [36m&lt;path[39m
      [33md[39m=[32m&quot;M3 21c0-2.1 1.7-3.9 3.8-4&quot;[39m
    [36m/&gt;[39m
    [36m&lt;path[39m
      [33md[39m=[32m&quot;M20.97 5c0 2.1-1.6 3.8-3.5 4&quot;[39m
    [36m/&gt;[39m
    [36m&lt;path[39m
      [33md[39m=[32m&quot;M22 13h-4&quot;[39m
    [36m/&gt;[39m
    [36m&lt;path[39m
      [33md[39m=[32m&quot;M17.2 17c2.1.1 3.8 1.9 3.8 4&quot;[39m
    [36m/&gt;[39m
  [36m&lt;/svg&gt;[39m
  [0mError Details (Development Only)[0m
[36m&lt;/summary&gt;[39m

Ignored nodes: comments, script, style
[36m&lt;summary[39m
  [33mstyle[39m=[32m&quot;cursor: pointer; margin-bottom: 8px; color: rgb(107, 114, 128); font-size: 12px;&quot;[39m
[36m&gt;[39m
  [36m&lt;svg[39m
    [33maria-hidden[39m=[32m&quot;true&quot;[39m
    [33mclass[39m=[32m&quot;lucide lucide-bug&quot;[39m
    [33mfill[39m=[32m&quot;none&quot;[39m
    [33mheight[39m=[32m&quot;14&quot;[39m
    [33mstroke[39m=[32m&quot;currentColor&quot;[39m
    [33mstroke-linecap[39m=[32m&quot;round&quot;[39m
    [33mstroke-linejoin[39m=[32m&quot;round&quot;[39m
    [33mstroke-width[39m=[32m&quot;2&quot;[39m
    [33mstyle[39m=[32m&quot;margin-right: 6px; vertical-align: middle;&quot;[39m
    [33mviewBox[39m=[32m&quot;0 0 24 24&quot;[39m
    [33mwidth[39m=[32m&quot;14&quot;[39m
    [33mxmlns[39m=[32m&quot;http://www.w3.org/2000/svg&quot;[39m
  [36m&gt;[39m
    [36m&lt;path[39m
      [33md[39m=[32m&quot;m8 2 1.88 1.88&quot;[39m
    [36m/&gt;[39m
    [36m&lt;path[39m
      [33md[39m=[32m&quot;M14.12 3.88 16 2&quot;[39m
    [36m/&gt;[39m
    [36m&lt;path[39m
      [33md[39m=[32m&quot;M9 7.13v-1a3.003 3.003 0 1 1 6 0v1&quot;[39m
    [36m/&gt;[39m
    [36m&lt;path[39m
      [33md[39m=[32m&quot;M12 20c-3.3 0-6-2.7-6-6v-3a4 4 0 0 1 4-4h4a4 4 0 0 1 4 4v3c0 3.3-2.7 6-6 6&quot;[39m
    [36m/&gt;[39m
    [36m&lt;path[39m
      [33md[39m=[32m&quot;M12 20v-9&quot;[39m
    [36m/&gt;[39m
    [36m&lt;path[39m
      [33md[39m=[32m&quot;M6.53 9C4.6 8.8 3 7.1 3 5&quot;[39m
    [36m/&gt;[39m
    [36m&lt;path[39m
      [33md[39m=[32m&quot;M6 13H2&quot;[39m
    [36m/&gt;[39m
    [36m&lt;path[39m
      [33md[39m=[32m&quot;M3 21c0-2.1 1.7-3.9 3.8-4&quot;[39m
    [36m/&gt;[39m
    [36m&lt;path[39m
      [33md[39m=[32m&quot;M20.97 5c0 2.1-1.6 3.8-3.5 4&quot;[39m
    [36m/&gt;[39m
    [36m&lt;path[39m
      [33md[39m=[32m&quot;M22 13h-4&quot;[39m
    [36m/&gt;[39m
    [36m&lt;path[39m
      [33md[39m=[32m&quot;M17.2 17c2.1.1 3.8 1.9 3.8 4&quot;[39m
    [36m/&gt;[39m
  [36m&lt;/svg&gt;[39m
  [0mError Details (Development Only)[0m
[36m&lt;/summary&gt;[39m

Ignored nodes: comments, script, style
[36m&lt;summary[39m
  [33mstyle[39m=[32m&quot;cursor: pointer; margin-bottom: 8px; color: rgb(107, 114, 128); font-size: 12px;&quot;[39m
[36m&gt;[39m
  [36m&lt;svg[39m
    [33maria-hidden[39m=[32m&quot;true&quot;[39m
    [33mclass[39m=[32m&quot;lucide lucide-bug&quot;[39m
    [33mfill[39m=[32m&quot;none&quot;[39m
    [33mheight[39m=[32m&quot;14&quot;[39m
    [33mstroke[39m=[32m&quot;currentColor&quot;[39m
    [33mstroke-linecap[39m=[32m&quot;round&quot;[39m
    [33mstroke-linejoin[39m=[32m&quot;round&quot;[39m
    [33mstroke-width[39m=[32m&quot;2&quot;[39m
    [33mstyle[39m=[32m&quot;margin-right: 6px; vertical-align: middle;&quot;[39m
    [33mviewBox[39m=[32m&quot;0 0 24 24&quot;[39m
    [33mwidth[39m=[32m&quot;14&quot;[39m
    [33mxmlns[39m=[32m&quot;http://www.w3.org/2000/svg&quot;[39m
  [36m&gt;[39m
    [36m&lt;path[39m
      [33md[39m=[32m&quot;m8 2 1.88 1.88&quot;[39m
    [36m/&gt;[39m
    [36m&lt;path[39m
      [33md[39m=[32m&quot;M14.12 3.88 16 2&quot;[39m
    [36m/&gt;[39m
    [36m&lt;path[39m
      [33md[39m=[32m&quot;M9 7.13v-1a3.003 3.003 0 1 1 6 0v1&quot;[39m
    [36m/&gt;[39m
    [36m&lt;path[39m
      [33md[39m=[32m&quot;M12 20c-3.3 0-6-2.7-6-6v-3a4 4 0 0 1 4-4h4a4 4 0 0 1 4 4v3c0 3.3-2.7 6-6 6&quot;[39m
    [36m/&gt;[39m
    [36m&lt;path[39m
      [33md[39m=[32m&quot;M12 20v-9&quot;[39m
    [36m/&gt;[39m
    [36m&lt;path[39m
      [33md[39m=[32m&quot;M6.53 9C4.6 8.8 3 7.1 3 5&quot;[39m
    [36m/&gt;[39m
    [36m&lt;path[39m
      [33md[39m=[32m&quot;M6 13H2&quot;[39m
    [36m/&gt;[39m
    [36m&lt;path[39m
      [33md[39m=[32m&quot;M3 21c0-2.1 1.7-3.9 3.8-4&quot;[39m
    [36m/&gt;[39m
    [36m&lt;path[39m
      [33md[39m=[32m&quot;M20.97 5c0 2.1-1.6 3.8-3.5 4&quot;[39m
    [36m/&gt;[39m
    [36m&lt;path[39m
      [33md[39m=[32m&quot;M22 13h-4&quot;[39m
    [36m/&gt;[39m
    [36m&lt;path[39m
      [33md[39m=[32m&quot;M17.2 17c2.1.1 3.8 1.9 3.8 4&quot;[39m
    [36m/&gt;[39m
  [36m&lt;/svg&gt;[39m
  [0mError Details (Development Only)[0m
[36m&lt;/summary&gt;[39m

Ignored nodes: comments, script, style
[36m&lt;summary[39m
  [33mstyle[39m=[32m&quot;cursor: pointer; margin-bottom: 8px; color: rgb(107, 114, 128); font-size: 12px;&quot;[39m
[36m&gt;[39m
  [36m&lt;svg[39m
    [33maria-hidden[39m=[32m&quot;true&quot;[39m
    [33mclass[39m=[32m&quot;lucide lucide-bug&quot;[39m
    [33mfill[39m=[32m&quot;none&quot;[39m
    [33mheight[39m=[32m&quot;14&quot;[39m
    [33mstroke[39m=[32m&quot;currentColor&quot;[39m
    [33mstroke-linecap[39m=[32m&quot;round&quot;[39m
    [33mstroke-linejoin[39m=[32m&quot;round&quot;[39m
    [33mstroke-width[39m=[32m&quot;2&quot;[39m
    [33mstyle[39m=[32m&quot;margin-right: 6px; vertical-align: middle;&quot;[39m
    [33mviewBox[39m=[32m&quot;0 0 24 24&quot;[39m
    [33mwidth[39m=[32m&quot;14&quot;[39m
    [33mxmlns[39m=[32m&quot;http://www.w3.org/2000/svg&quot;[39m
  [36m&gt;[39m
    [36m&lt;path[39m
      [33md[39m=[32m&quot;m8 2 1.88 1.88&quot;[39m
    [36m/&gt;[39m
    [36m&lt;path[39m
      [33md[39m=[32m&quot;M14.12 3.88 16 2&quot;[39m
    [36m/&gt;[39m
    [36m&lt;path[39m
      [33md[39m=[32m&quot;M9 7.13v-1a3.003 3.003 0 1 1 6 0v1&quot;[39m
    [36m/&gt;[39m
    [36m&lt;path[39m
      [33md[39m=[32m&quot;M12 20c-3.3 0-6-2.7-6-6v-3a4 4 0 0 1 4-4h4a4 4 0 0 1 4 4v3c0 3.3-2.7 6-6 6&quot;[39m
    [36m/&gt;[39m
    [36m&lt;path[39m
      [33md[39m=[32m&quot;M12 20v-9&quot;[39m
    [36m/&gt;[39m
    [36m&lt;path[39m
      [33md[39m=[32m&quot;M6.53 9C4.6 8.8 3 7.1 3 5&quot;[39m
    [36m/&gt;[39m
    [36m&lt;path[39m
      [33md[39m=[32m&quot;M6 13H2&quot;[39m
    [36m/&gt;[39m
    [36m&lt;path[39m
      [33md[39m=[32m&quot;M3 21c0-2.1 1.7-3.9 3.8-4&quot;[39m
    [36m/&gt;[39m
    [36m&lt;path[39m
      [33md[39m=[32m&quot;M20.97 5c0 2.1-1.6 3.8-3.5 4&quot;[39m
    [36m/&gt;[39m
    [36m&lt;path[39m
      [33md[39m=[32m&quot;M22 13h-4&quot;[39m
    [36m/&gt;[39m
    [36m&lt;path[39m
      [33md[39m=[32m&quot;M17.2 17c2.1.1 3.8 1.9 3.8 4&quot;[39m
    [36m/&gt;[39m
  [36m&lt;/svg&gt;[39m
  [0mError Details (Development Only)[0m
[36m&lt;/summary&gt;[39m

Ignored nodes: comments, script, style
[36m&lt;summary[39m
  [33mstyle[39m=[32m&quot;cursor: pointer; margin-bottom: 8px; color: rgb(107, 114, 128); font-size: 12px;&quot;[39m
[36m&gt;[39m
  [36m&lt;svg[39m
    [33maria-hidden[39m=[32m&quot;true&quot;[39m
    [33mclass[39m=[32m&quot;lucide lucide-bug&quot;[39m
    [33mfill[39m=[32m&quot;none&quot;[39m
    [33mheight[39m=[32m&quot;14&quot;[39m
    [33mstroke[39m=[32m&quot;currentColor&quot;[39m
    [33mstroke-linecap[39m=[32m&quot;round&quot;[39m
    [33mstroke-linejoin[39m=[32m&quot;round&quot;[39m
    [33mstroke-width[39m=[32m&quot;2&quot;[39m
    [33mstyle[39m=[32m&quot;margin-right: 6px; vertical-align: middle;&quot;[39m
    [33mviewBox[39m=[32m&quot;0 0 24 24&quot;[39m
    [33mwidth[39m=[32m&quot;14&quot;[39m
    [33mxmlns[39m=[32m&quot;http://www.w3.org/2000/svg&quot;[39m
  [36m&gt;[39m
    [36m&lt;path[39m
      [33md[39m=[32m&quot;m8 2 1.88 1.88&quot;[39m
    [36m/&gt;[39m
    [36m&lt;path[39m
      [33md[39m=[32m&quot;M14.12 3.88 16 2&quot;[39m
    [36m/&gt;[39m
    [36m&lt;path[39m
      [33md[39m=[32m&quot;M9 7.13v-1a3.003 3.003 0 1 1 6 0v1&quot;[39m
    [36m/&gt;[39m
    [36m&lt;path[39m
      [33md[39m=[32m&quot;M12 20c-3.3 0-6-2.7-6-6v-3a4 4 0 0 1 4-4h4a4 4 0 0 1 4 4v3c0 3.3-2.7 6-6 6&quot;[39m
    [36m/&gt;[39m
    [36m&lt;path[39m
      [33md[39m=[32m&quot;M12 20v-9&quot;[39m
    [36m/&gt;[39m
    [36m&lt;path[39m
      [33md[39m=[32m&quot;M6.53 9C4.6 8.8 3 7.1 3 5&quot;[39m
    [36m/&gt;[39m
    [36m&lt;path[39m
      [33md[39m=[32m&quot;M6 13H2&quot;[39m
    [36m/&gt;[39m
    [36m&lt;path[39m
      [33md[39m=[32m&quot;M3 21c0-2.1 1.7-3.9 3.8-4&quot;[39m
    [36m/&gt;[39m
    [36m&lt;path[39m
      [33md[39m=[32m&quot;M20.97 5c0 2.1-1.6 3.8-3.5 4&quot;[39m
    [36m/&gt;[39m
    [36m&lt;path[39m
      [33md[39m=[32m&quot;M22 13h-4&quot;[39m
    [36m/&gt;[39m
    [36m&lt;path[39m
      [33md[39m=[32m&quot;M17.2 17c2.1.1 3.8 1.9 3.8 4&quot;[39m
    [36m/&gt;[39m
  [36m&lt;/svg&gt;[39m
  [0mError Details (Development Only)[0m
[36m&lt;/summary&gt;[39m

Ignored nodes: comments, script, style
[36m&lt;summary[39m
  [33mstyle[39m=[32m&quot;cursor: pointer; margin-bottom: 8px; color: rgb(107, 114, 128); font-size: 12px;&quot;[39m
[36m&gt;[39m
  [36m&lt;svg[39m
    [33maria-hidden[39m=[32m&quot;true&quot;[39m
    [33mclass[39m=[32m&quot;lucide lucide-bug&quot;[39m
    [33mfill[39m=[32m&quot;none&quot;[39m
    [33mheight[39m=[32m&quot;14&quot;[39m
    [33mstroke[39m=[32m&quot;currentColor&quot;[39m
    [33mstroke-linecap[39m=[32m&quot;round&quot;[39m
    [33mstroke-linejoin[39m=[32m&quot;round&quot;[39m
    [33mstroke-width[39m=[32m&quot;2&quot;[39m
    [33mstyle[39m=[32m&quot;margin-right: 6px; vertical-align: middle;&quot;[39m
    [33mviewBox[39m=[32m&quot;0 0 24 24&quot;[39m
    [33mwidth[39m=[32m&quot;14&quot;[39m
    [33mxmlns[39m=[32m&quot;http://www.w3.org/2000/svg&quot;[39m
  [36m&gt;[39m
    [36m&lt;path[39m
      [33md[39m=[32m&quot;m8 2 1.88 1.88&quot;[39m
    [36m/&gt;[39m
    [36m&lt;path[39m
      [33md[39m=[32m&quot;M14.12 3.88 16 2&quot;[39m
    [36m/&gt;[39m
    [36m&lt;path[39m
      [33md[39m=[32m&quot;M9 7.13v-1a3.003 3.003 0 1 1 6 0v1&quot;[39m
    [36m/&gt;[39m
    [36m&lt;path[39m
      [33md[39m=[32m&quot;M12 20c-3.3 0-6-2.7-6-6v-3a4 4 0 0 1 4-4h4a4 4 0 0 1 4 4v3c0 3.3-2.7 6-6 6&quot;[39m
    [36m/&gt;[39m
    [36m&lt;path[39m
      [33md[39m=[32m&quot;M12 20v-9&quot;[39m
    [36m/&gt;[39m
    [36m&lt;path[39m
      [33md[39m=[32m&quot;M6.53 9C4.6 8.8 3 7.1 3 5&quot;[39m
    [36m/&gt;[39m
    [36m&lt;path[39m
      [33md[39m=[32m&quot;M6 13H2&quot;[39m
    [36m/&gt;[39m
    [36m&lt;path[39m
      [33md[39m=[32m&quot;M3 21c0-2.1 1.7-3.9 3.8-4&quot;[39m
    [36m/&gt;[39m
    [36m&lt;path[39m
      [33md[39m=[32m&quot;M20.97 5c0 2.1-1.6 3.8-3.5 4&quot;[39m
    [36m/&gt;[39m
    [36m&lt;path[39m
      [33md[39m=[32m&quot;M22 13h-4&quot;[39m
    [36m/&gt;[39m
    [36m&lt;path[39m
      [33md[39m=[32m&quot;M17.2 17c2.1.1 3.8 1.9 3.8 4&quot;[39m
    [36m/&gt;[39m
  [36m&lt;/svg&gt;[39m
  [0mError Details (Development Only)[0m
[36m&lt;/summary&gt;[39m

Ignored nodes: comments, script, style
[36m&lt;summary[39m
  [33mstyle[39m=[32m&quot;cursor: pointer; margin-bottom: 8px; color: rgb(107, 114, 128); font-size: 12px;&quot;[39m
[36m&gt;[39m
  [36m&lt;svg[39m
    [33maria-hidden[39m=[32m&quot;true&quot;[39m
    [33mclass[39m=[32m&quot;lucide lucide-bug&quot;[39m
    [33mfill[39m=[32m&quot;none&quot;[39m
    [33mheight[39m=[32m&quot;14&quot;[39m
    [33mstroke[39m=[32m&quot;currentColor&quot;[39m
    [33mstroke-linecap[39m=[32m&quot;round&quot;[39m
    [33mstroke-linejoin[39m=[32m&quot;round&quot;[39m
    [33mstroke-width[39m=[32m&quot;2&quot;[39m
    [33mstyle[39m=[32m&quot;margin-right: 6px; vertical-align: middle;&quot;[39m
    [33mviewBox[39m=[32m&quot;0 0 24 24&quot;[39m
    [33mwidth[39m=[32m&quot;14&quot;[39m
    [33mxmlns[39m=[32m&quot;http://www.w3.org/2000/svg&quot;[39m
  [36m&gt;[39m
    [36m&lt;path[39m
      [33md[39m=[32m&quot;m8 2 1.88 1.88&quot;[39m
    [36m/&gt;[39m
    [36m&lt;path[39m
      [33md[39m=[32m&quot;M14.12 3.88 16 2&quot;[39m
    [36m/&gt;[39m
    [36m&lt;path[39m
      [33md[39m=[32m&quot;M9 7.13v-1a3.003 3.003 0 1 1 6 0v1&quot;[39m
    [36m/&gt;[39m
    [36m&lt;path[39m
      [33md[39m=[32m&quot;M12 20c-3.3 0-6-2.7-6-6v-3a4 4 0 0 1 4-4h4a4 4 0 0 1 4 4v3c0 3.3-2.7 6-6 6&quot;[39m
    [36m/&gt;[39m
    [36m&lt;path[39m
      [33md[39m=[32m&quot;M12 20v-9&quot;[39m
    [36m/&gt;[39m
    [36m&lt;path[39m
      [33md[39m=[32m&quot;M6.53 9C4.6 8.8 3 7.1 3 5&quot;[39m
    [36m/&gt;[39m
    [36m&lt;path[39m
      [33md[39m=[32m&quot;M6 13H2&quot;[39m
    [36m/&gt;[39m
    [36m&lt;path[39m
      [33md[39m=[32m&quot;M3 21c0-2.1 1.7-3.9 3.8-4&quot;[39m
    [36m/&gt;[39m
    [36m&lt;path[39m
      [33md[39m=[32m&quot;M20.97 5c0 2.1-1.6 3.8-3.5 4&quot;[39m
    [36m/&gt;[39m
    [36m&lt;path[39m
      [33md[39m=[32m&quot;M22 13h-4&quot;[39m
    [36m/&gt;[39m
    [36m&lt;path[39m
      [33md[39m=[32m&quot;M17.2 17c2.1.1 3.8 1.9 3.8 4&quot;[39m
    [36m/&gt;[39m
  [36m&lt;/svg&gt;[39m
  [0mError Details (Development Only)[0m
[36m&lt;/summary&gt;[39m

Ignored nodes: comments, script, style
[36m&lt;summary[39m
  [33mstyle[39m=[32m&quot;cursor: pointer; margin-bottom: 8px; color: rgb(107, 114, 128); font-size: 12px;&quot;[39m
[36m&gt;[39m
  [36m&lt;svg[39m
    [33maria-hidden[39m=[32m&quot;true&quot;[39m
    [33mclass[39m=[32m&quot;lucide lucide-bug&quot;[39m
    [33mfill[39m=[32m&quot;none&quot;[39m
    [33mheight[39m=[32m&quot;14&quot;[39m
    [33mstroke[39m=[32m&quot;currentColor&quot;[39m
    [33mstroke-linecap[39m=[32m&quot;round&quot;[39m
    [33mstroke-linejoin[39m=[32m&quot;round&quot;[39m
    [33mstroke-width[39m=[32m&quot;2&quot;[39m
    [33mstyle[39m=[32m&quot;margin-right: 6px; vertical-align: middle;&quot;[39m
    [33mviewBox[39m=[32m&quot;0 0 24 24&quot;[39m
    [33mwidth[39m=[32m&quot;14&quot;[39m
    [33mxmlns[39m=[32m&quot;http://www.w3.org/2000/svg&quot;[39m
  [36m&gt;[39m
    [36m&lt;path[39m
      [33md[39m=[32m&quot;m8 2 1.88 1.88&quot;[39m
    [36m/&gt;[39m
    [36m&lt;path[39m
      [33md[39m=[32m&quot;M14.12 3.88 16 2&quot;[39m
    [36m/&gt;[39m
    [36m&lt;path[39m
      [33md[39m=[32m&quot;M9 7.13v-1a3.003 3.003 0 1 1 6 0v1&quot;[39m
    [36m/&gt;[39m
    [36m&lt;path[39m
      [33md[39m=[32m&quot;M12 20c-3.3 0-6-2.7-6-6v-3a4 4 0 0 1 4-4h4a4 4 0 0 1 4 4v3c0 3.3-2.7 6-6 6&quot;[39m
    [36m/&gt;[39m
    [36m&lt;path[39m
      [33md[39m=[32m&quot;M12 20v-9&quot;[39m
    [36m/&gt;[39m
    [36m&lt;path[39m
      [33md[39m=[32m&quot;M6.53 9C4.6 8.8 3 7.1 3 5&quot;[39m
    [36m/&gt;[39m
    [36m&lt;path[39m
      [33md[39m=[32m&quot;M6 13H2&quot;[39m
    [36m/&gt;[39m
    [36m&lt;path[39m
      [33md[39m=[32m&quot;M3 21c0-2.1 1.7-3.9 3.8-4&quot;[39m
    [36m/&gt;[39m
    [36m&lt;path[39m
      [33md[39m=[32m&quot;M20.97 5c0 2.1-1.6 3.8-3.5 4&quot;[39m
    [36m/&gt;[39m
    [36m&lt;path[39m
      [33md[39m=[32m&quot;M22 13h-4&quot;[39m
    [36m/&gt;[39m
    [36m&lt;path[39m
      [33md[39m=[32m&quot;M17.2 17c2.1.1 3.8 1.9 3.8 4&quot;[39m
    [36m/&gt;[39m
  [36m&lt;/svg&gt;[39m
  [0mError Details (Development Only)[0m
[36m&lt;/summary&gt;[39m

Ignored nodes: comments, script, style
[36m&lt;summary[39m
  [33mstyle[39m=[32m&quot;cursor: pointer; margin-bottom: 8px; color: rgb(107, 114, 128); font-size: 12px;&quot;[39m
[36m&gt;[39m
  [36m&lt;svg[39m
    [33maria-hidden[39m=[32m&quot;true&quot;[39m
    [33mclass[39m=[32m&quot;lucide lucide-bug&quot;[39m
    [33mfill[39m=[32m&quot;none&quot;[39m
    [33mheight[39m=[32m&quot;14&quot;[39m
    [33mstroke[39m=[32m&quot;currentColor&quot;[39m
    [33mstroke-linecap[39m=[32m&quot;round&quot;[39m
    [33mstroke-linejoin[39m=[32m&quot;round&quot;[39m
    [33mstroke-width[39m=[32m&quot;2&quot;[39m
    [33mstyle[39m=[32m&quot;margin-right: 6px; vertical-align: middle;&quot;[39m
    [33mviewBox[39m=[32m&quot;0 0 24 24&quot;[39m
    [33mwidth[39m=[32m&quot;14&quot;[39m
    [33mxmlns[39m=[32m&quot;http://www.w3.org/2000/svg&quot;[39m
  [36m&gt;[39m
    [36m&lt;path[39m
      [33md[39m=[32m&quot;m8 2 1.88 1.88&quot;[39m
    [36m/&gt;[39m
    [36m&lt;path[39m
      [33md[39m=[32m&quot;M14.12 3.88 16 2&quot;[39m
    [36m/&gt;[39m
    [36m&lt;path[39m
      [33md[39m=[32m&quot;M9 7.13v-1a3.003 3.003 0 1 1 6 0v1&quot;[39m
    [36m/&gt;[39m
    [36m&lt;path[39m
      [33md[39m=[32m&quot;M12 20c-3.3 0-6-2.7-6-6v-3a4 4 0 0 1 4-4h4a4 4 0 0 1 4 4v3c0 3.3-2.7 6-6 6&quot;[39m
    [36m/&gt;[39m
    [36m&lt;path[39m
      [33md[39m=[32m&quot;M12 20v-9&quot;[39m
    [36m/&gt;[39m
    [36m&lt;path[39m
      [33md[39m=[32m&quot;M6.53 9C4.6 8.8 3 7.1 3 5&quot;[39m
    [36m/&gt;[39m
    [36m&lt;path[39m
      [33md[39m=[32m&quot;M6 13H2&quot;[39m
    [36m/&gt;[39m
    [36m&lt;path[39m
      [33md[39m=[32m&quot;M3 21c0-2.1 1.7-3.9 3.8-4&quot;[39m
    [36m/&gt;[39m
    [36m&lt;path[39m
      [33md[39m=[32m&quot;M20.97 5c0 2.1-1.6 3.8-3.5 4&quot;[39m
    [36m/&gt;[39m
    [36m&lt;path[39m
      [33md[39m=[32m&quot;M22 13h-4&quot;[39m
    [36m/&gt;[39m
    [36m&lt;path[39m
      [33md[39m=[32m&quot;M17.2 17c2.1.1 3.8 1.9 3.8 4&quot;[39m
    [36m/&gt;[39m
  [36m&lt;/svg&gt;[39m
  [0mError Details (Development Only)[0m
[36m&lt;/summary&gt;[39m

Ignored nodes: comments, script, style
[36m&lt;summary[39m
  [33mstyle[39m=[32m&quot;cursor: pointer; margin-bottom: 8px; color: rgb(107, 114, 128); font-size: 12px;&quot;[39m
[36m&gt;[39m
  [36m&lt;svg[39m
    [33maria-hidden[39m=[32m&quot;true&quot;[39m
    [33mclass[39m=[32m&quot;lucide lucide-bug&quot;[39m
    [33mfill[39m=[32m&quot;none&quot;[39m
    [33mheight[39m=[32m&quot;14&quot;[39m
    [33mstroke[39m=[32m&quot;currentColor&quot;[39m
    [33mstroke-linecap[39m=[32m&quot;round&quot;[39m
    [33mstroke-linejoin[39m=[32m&quot;round&quot;[39m
    [33mstroke-width[39m=[32m&quot;2&quot;[39m
    [33mstyle[39m=[32m&quot;margin-right: 6px; vertical-align: middle;&quot;[39m
    [33mviewBox[39m=[32m&quot;0 0 24 24&quot;[39m
    [33mwidth[39m=[32m&quot;14&quot;[39m
    [33mxmlns[39m=[32m&quot;http://www.w3.org/2000/svg&quot;[39m
  [36m&gt;[39m
    [36m&lt;path[39m
      [33md[39m=[32m&quot;m8 2 1.88 1.88&quot;[39m
    [36m/&gt;[39m
    [36m&lt;path[39m
      [33md[39m=[32m&quot;M14.12 3.88 16 2&quot;[39m
    [36m/&gt;[39m
    [36m&lt;path[39m
      [33md[39m=[32m&quot;M9 7.13v-1a3.003 3.003 0 1 1 6 0v1&quot;[39m
    [36m/&gt;[39m
    [36m&lt;path[39m
      [33md[39m=[32m&quot;M12 20c-3.3 0-6-2.7-6-6v-3a4 4 0 0 1 4-4h4a4 4 0 0 1 4 4v3c0 3.3-2.7 6-6 6&quot;[39m
    [36m/&gt;[39m
    [36m&lt;path[39m
      [33md[39m=[32m&quot;M12 20v-9&quot;[39m
    [36m/&gt;[39m
    [36m&lt;path[39m
      [33md[39m=[32m&quot;M6.53 9C4.6 8.8 3 7.1 3 5&quot;[39m
    [36m/&gt;[39m
    [36m&lt;path[39m
      [33md[39m=[32m&quot;M6 13H2&quot;[39m
    [36m/&gt;[39m
    [36m&lt;path[39m
      [33md[39m=[32m&quot;M3 21c0-2.1 1.7-3.9 3.8-4&quot;[39m
    [36m/&gt;[39m
    [36m&lt;path[39m
      [33md[39m=[32m&quot;M20.97 5c0 2.1-1.6 3.8-3.5 4&quot;[39m
    [36m/&gt;[39m
    [36m&lt;path[39m
      [33md[39m=[32m&quot;M22 13h-4&quot;[39m
    [36m/&gt;[39m
    [36m&lt;path[39m
      [33md[39m=[32m&quot;M17.2 17c2.1.1 3.8 1.9 3.8 4&quot;[39m
    [36m/&gt;[39m
  [36m&lt;/svg&gt;[39m
  [0mError Details (Development Only)[0m
[36m&lt;/summary&gt;[39m

Ignored nodes: comments, script, style
[36m&lt;summary[39m
  [33mstyle[39m=[32m&quot;cursor: pointer; margin-bottom: 8px; color: rgb(107, 114, 128); font-size: 12px;&quot;[39m
[36m&gt;[39m
  [36m&lt;svg[39m
    [33maria-hidden[39m=[32m&quot;true&quot;[39m
    [33mclass[39m=[32m&quot;lucide lucide-bug&quot;[39m
    [33mfill[39m=[32m&quot;none&quot;[39m
    [33mheight[39m=[32m&quot;14&quot;[39m
    [33mstroke[39m=[32m&quot;currentColor&quot;[39m
    [33mstroke-linecap[39m=[32m&quot;round&quot;[39m
    [33mstroke-linejoin[39m=[32m&quot;round&quot;[39m
    [33mstroke-width[39m=[32m&quot;2&quot;[39m
    [33mstyle[39m=[32m&quot;margin-right: 6px; vertical-align: middle;&quot;[39m
    [33mviewBox[39m=[32m&quot;0 0 24 24&quot;[39m
    [33mwidth[39m=[32m&quot;14&quot;[39m
    [33mxmlns[39m=[32m&quot;http://www.w3.org/2000/svg&quot;[39m
  [36m&gt;[39m
    [36m&lt;path[39m
      [33md[39m=[32m&quot;m8 2 1.88 1.88&quot;[39m
    [36m/&gt;[39m
    [36m&lt;path[39m
      [33md[39m=[32m&quot;M14.12 3.88 16 2&quot;[39m
    [36m/&gt;[39m
    [36m&lt;path[39m
      [33md[39m=[32m&quot;M9 7.13v-1a3.003 3.003 0 1 1 6 0v1&quot;[39m
    [36m/&gt;[39m
    [36m&lt;path[39m
      [33md[39m=[32m&quot;M12 20c-3.3 0-6-2.7-6-6v-3a4 4 0 0 1 4-4h4a4 4 0 0 1 4 4v3c0 3.3-2.7 6-6 6&quot;[39m
    [36m/&gt;[39m
    [36m&lt;path[39m
      [33md[39m=[32m&quot;M12 20v-9&quot;[39m
    [36m/&gt;[39m
    [36m&lt;path[39m
      [33md[39m=[32m&quot;M6.53 9C4.6 8.8 3 7.1 3 5&quot;[39m
    [36m/&gt;[39m
    [36m&lt;path[39m
      [33md[39m=[32m&quot;M6 13H2&quot;[39m
    [36m/&gt;[39m
    [36m&lt;path[39m
      [33md[39m=[32m&quot;M3 21c0-2.1 1.7-3.9 3.8-4&quot;[39m
    [36m/&gt;[39m
    [36m&lt;path[39m
      [33md[39m=[32m&quot;M20.97 5c0 2.1-1.6 3.8-3.5 4&quot;[39m
    [36m/&gt;[39m
    [36m&lt;path[39m
      [33md[39m=[32m&quot;M22 13h-4&quot;[39m
    [36m/&gt;[39m
    [36m&lt;path[39m
      [33md[39m=[32m&quot;M17.2 17c2.1.1 3.8 1.9 3.8 4&quot;[39m
    [36m/&gt;[39m
  [36m&lt;/svg&gt;[39m
  [0mError Details (Development Only)[0m
[36m&lt;/summary&gt;[39m

Ignored nodes: comments, script, style
[36m&lt;summary[39m
  [33mstyle[39m=[32m&quot;cursor: pointer; margin-bottom: 8px; color: rgb(107, 114, 128); font-size: 12px;&quot;[39m
[36m&gt;[39m
  [36m&lt;svg[39m
    [33maria-hidden[39m=[32m&quot;true&quot;[39m
    [33mclass[39m=[32m&quot;lucide lucide-bug&quot;[39m
    [33mfill[39m=[32m&quot;none&quot;[39m
    [33mheight[39m=[32m&quot;14&quot;[39m
    [33mstroke[39m=[32m&quot;currentColor&quot;[39m
    [33mstroke-linecap[39m=[32m&quot;round&quot;[39m
    [33mstroke-linejoin[39m=[32m&quot;round&quot;[39m
    [33mstroke-width[39m=[32m&quot;2&quot;[39m
    [33mstyle[39m=[32m&quot;margin-right: 6px; vertical-align: middle;&quot;[39m
    [33mviewBox[39m=[32m&quot;0 0 24 24&quot;[39m
    [33mwidth[39m=[32m&quot;14&quot;[39m
    [33mxmlns[39m=[32m&quot;http://www.w3.org/2000/svg&quot;[39m
  [36m&gt;[39m
    [36m&lt;path[39m
      [33md[39m=[32m&quot;m8 2 1.88 1.88&quot;[39m
    [36m/&gt;[39m
    [36m&lt;path[39m
      [33md[39m=[32m&quot;M14.12 3.88 16 2&quot;[39m
    [36m/&gt;[39m
    [36m&lt;path[39m
      [33md[39m=[32m&quot;M9 7.13v-1a3.003 3.003 0 1 1 6 0v1&quot;[39m
    [36m/&gt;[39m
    [36m&lt;path[39m
      [33md[39m=[32m&quot;M12 20c-3.3 0-6-2.7-6-6v-3a4 4 0 0 1 4-4h4a4 4 0 0 1 4 4v3c0 3.3-2.7 6-6 6&quot;[39m
    [36m/&gt;[39m
    [36m&lt;path[39m
      [33md[39m=[32m&quot;M12 20v-9&quot;[39m
    [36m/&gt;[39m
    [36m&lt;path[39m
      [33md[39m=[32m&quot;M6.53 9C4.6 8.8 3 7.1 3 5&quot;[39m
    [36m/&gt;[39m
    [36m&lt;path[39m
      [33md[39m=[32m&quot;M6 13H2&quot;[39m
    [36m/&gt;[39m
    [36m&lt;path[39m
      [33md[39m=[32m&quot;M3 21c0-2.1 1.7-3.9 3.8-4&quot;[39m
    [36m/&gt;[39m
    [36m&lt;path[39m
      [33md[39m=[32m&quot;M20.97 5c0 2.1-1.6 3.8-3.5 4&quot;[39m
    [36m/&gt;[39m
    [36m&lt;path[39m
      [33md[39m=[32m&quot;M22 13h-4&quot;[39m
    [36m/&gt;[39m
    [36m&lt;path[39m
      [33md[39m=[32m&quot;M17.2 17c2.1.1 3.8 1.9 3.8 4&quot;[39m
    [36m/&gt;[39m
  [36m&lt;/svg&gt;[39m
  [0mError Details (Development Only)[0m
[36m&lt;/summary&gt;[39m

Ignored nodes: comments, script, style
[36m&lt;summary[39m
  [33mstyle[39m=[32m&quot;cursor: pointer; margin-bottom: 8px; color: rgb(156, 163, 175); font-size: 12px;&quot;[39m
[36m&gt;[39m
  [36m&lt;svg[39m
    [33maria-hidden[39m=[32m&quot;true&quot;[39m
    [33mclass[39m=[32m&quot;lucide lucide-bug&quot;[39m
    [33mfill[39m=[32m&quot;none&quot;[39m
    [33mheight[39m=[32m&quot;14&quot;[39m
    [33mstroke[39m=[32m&quot;currentColor&quot;[39m
    [33mstroke-linecap[39m=[32m&quot;round&quot;[39m
    [33mstroke-linejoin[39m=[32m&quot;round&quot;[39m
    [33mstroke-width[39m=[32m&quot;2&quot;[39m
    [33mstyle[39m=[32m&quot;margin-right: 6px; vertical-align: middle;&quot;[39m
    [33mviewBox[39m=[32m&quot;0 0 24 24&quot;[39m
    [33mwidth[39m=[32m&quot;14&quot;[39m
    [33mxmlns[39m=[32m&quot;http://www.w3.org/2000/svg&quot;[39m
  [36m&gt;[39m
    [36m&lt;path[39m
      [33md[39m=[32m&quot;m8 2 1.88 1.88&quot;[39m
    [36m/&gt;[39m
    [36m&lt;path[39m
      [33md[39m=[32m&quot;M14.12 3.88 16 2&quot;[39m
    [36m/&gt;[39m
    [36m&lt;path[39m
      [33md[39m=[32m&quot;M9 7.13v-1a3.003 3.003 0 1 1 6 0v1&quot;[39m
    [36m/&gt;[39m
    [36m&lt;path[39m
      [33md[39m=[32m&quot;M12 20c-3.3 0-6-2.7-6-6v-3a4 4 0 0 1 4-4h4a4 4 0 0 1 4 4v3c0 3.3-2.7 6-6 6&quot;[39m
    [36m/&gt;[39m
    [36m&lt;path[39m
      [33md[39m=[32m&quot;M12 20v-9&quot;[39m
    [36m/&gt;[39m
    [36m&lt;path[39m
      [33md[39m=[32m&quot;M6.53 9C4.6 8.8 3 7.1 3 5&quot;[39m
    [36m/&gt;[39m
    [36m&lt;path[39m
      [33md[39m=[32m&quot;M6 13H2&quot;[39m
    [36m/&gt;[39m
    [36m&lt;path[39m
      [33md[39m=[32m&quot;M3 21c0-2.1 1.7-3.9 3.8-4&quot;[39m
    [36m/&gt;[39m
    [36m&lt;path[39m
      [33md[39m=[32m&quot;M20.97 5c0 2.1-1.6 3.8-3.5 4&quot;[39m
    [36m/&gt;[39m
    [36m&lt;path[39m
      [33md[39m=[32m&quot;M22 13h-4&quot;[39m
    [36m/&gt;[39m
    [36m&lt;path[39m
      [33md[39m=[32m&quot;M17.2 17c2.1.1 3.8 1.9 3.8 4&quot;[39m
    [36m/&gt;[39m
  [36m&lt;/svg&gt;[39m
  [0mError Details (Development Only)[0m
[36m&lt;/summary&gt;[39m

Ignored nodes: comments, script, style
[36m&lt;summary[39m
  [33mstyle[39m=[32m&quot;cursor: pointer; margin-bottom: 8px; color: rgb(107, 114, 128); font-size: 12px;&quot;[39m
[36m&gt;[39m
  [36m&lt;svg[39m
    [33maria-hidden[39m=[32m&quot;true&quot;[39m
    [33mclass[39m=[32m&quot;lucide lucide-bug&quot;[39m
    [33mfill[39m=[32m&quot;none&quot;[39m
    [33mheight[39m=[32m&quot;14&quot;[39m
    [33mstroke[39m=[32m&quot;currentColor&quot;[39m
    [33mstroke-linecap[39m=[32m&quot;round&quot;[39m
    [33mstroke-linejoin[39m=[32m&quot;round&quot;[39m
    [33mstroke-width[39m=[32m&quot;2&quot;[39m
    [33mstyle[39m=[32m&quot;margin-right: 6px; vertical-align: middle;&quot;[39m
    [33mviewBox[39m=[32m&quot;0 0 24 24&quot;[39m
    [33mwidth[39m=[32m&quot;14&quot;[39m
    [33mxmlns[39m=[32m&quot;http://www.w3.org/2000/svg&quot;[39m
  [36m&gt;[39m
    [36m&lt;path[39m
      [33md[39m=[32m&quot;m8 2 1.88 1.88&quot;[39m
    [36m/&gt;[39m
    [36m&lt;path[39m
      [33md[39m=[32m&quot;M14.12 3.88 16 2&quot;[39m
    [36m/&gt;[39m
    [36m&lt;path[39m
      [33md[39m=[32m&quot;M9 7.13v-1a3.003 3.003 0 1 1 6 0v1&quot;[39m
    [36m/&gt;[39m
    [36m&lt;path[39m
      [33md[39m=[32m&quot;M12 20c-3.3 0-6-2.7-6-6v-3a4 4 0 0 1 4-4h4a4 4 0 0 1 4 4v3c0 3.3-2.7 6-6 6&quot;[39m
    [36m/&gt;[39m
    [36m&lt;path[39m
      [33md[39m=[32m&quot;M12 20v-9&quot;[39m
    [36m/&gt;[39m
    [36m&lt;path[39m
      [33md[39m=[32m&quot;M6.53 9C4.6 8.8 3 7.1 3 5&quot;[39m
    [36m/&gt;[39m
    [36m&lt;path[39m
      [33md[39m=[32m&quot;M6 13H2&quot;[39m
    [36m/&gt;[39m
    [36m&lt;path[39m
      [33md[39m=[32m&quot;M3 21c0-2.1 1.7-3.9 3.8-4&quot;[39m
    [36m/&gt;[39m
    [36m&lt;path[39m
      [33md[39m=[32m&quot;M20.97 5c0 2.1-1.6 3.8-3.5 4&quot;[39m
    [36m/&gt;[39m
    [36m&lt;path[39m
      [33md[39m=[32m&quot;M22 13h-4&quot;[39m
    [36m/&gt;[39m
    [36m&lt;path[39m
      [33md[39m=[32m&quot;M17.2 17c2.1.1 3.8 1.9 3.8 4&quot;[39m
    [36m/&gt;[39m
  [36m&lt;/svg&gt;[39m
  [0mError Details (Development Only)[0m
[36m&lt;/summary&gt;[39m

Ignored nodes: comments, script, style
[36m&lt;summary[39m
  [33mstyle[39m=[32m&quot;cursor: pointer; margin-bottom: 8px; color: rgb(107, 114, 128); font-size: 12px;&quot;[39m
[36m&gt;[39m
  [36m&lt;svg[39m
    [33maria-hidden[39m=[32m&quot;true&quot;[39m
    [33mclass[39m=[32m&quot;lucide lucide-bug&quot;[39m
    [33mfill[39m=[32m&quot;none&quot;[39m
    [33mheight[39m=[32m&quot;14&quot;[39m
    [33mstroke[39m=[32m&quot;currentColor&quot;[39m
    [33mstroke-linecap[39m=[32m&quot;round&quot;[39m
    [33mstroke-linejoin[39m=[32m&quot;round&quot;[39m
    [33mstroke-width[39m=[32m&quot;2&quot;[39m
    [33mstyle[39m=[32m&quot;margin-right: 6px; vertical-align: middle;&quot;[39m
    [33mviewBox[39m=[32m&quot;0 0 24 24&quot;[39m
    [33mwidth[39m=[32m&quot;14&quot;[39m
    [33mxmlns[39m=[32m&quot;http://www.w3.org/2000/svg&quot;[39m
  [36m&gt;[39m
    [36m&lt;path[39m
      [33md[39m=[32m&quot;m8 2 1.88 1.88&quot;[39m
    [36m/&gt;[39m
    [36m&lt;path[39m
      [33md[39m=[32m&quot;M14.12 3.88 16 2&quot;[39m
    [36m/&gt;[39m
    [36m&lt;path[39m
      [33md[39m=[32m&quot;M9 7.13v-1a3.003 3.003 0 1 1 6 0v1&quot;[39m
    [36m/&gt;[39m
    [36m&lt;path[39m
      [33md[39m=[32m&quot;M12 20c-3.3 0-6-2.7-6-6v-3a4 4 0 0 1 4-4h4a4 4 0 0 1 4 4v3c0 3.3-2.7 6-6 6&quot;[39m
    [36m/&gt;[39m
    [36m&lt;path[39m
      [33md[39m=[32m&quot;M12 20v-9&quot;[39m
    [36m/&gt;[39m
    [36m&lt;path[39m
      [33md[39m=[32m&quot;M6.53 9C4.6 8.8 3 7.1 3 5&quot;[39m
    [36m/&gt;[39m
    [36m&lt;path[39m
      [33md[39m=[32m&quot;M6 13H2&quot;[39m
    [36m/&gt;[39m
    [36m&lt;path[39m
      [33md[39m=[32m&quot;M3 21c0-2.1 1.7-3.9 3.8-4&quot;[39m
    [36m/&gt;[39m
    [36m&lt;path[39m
      [33md[39m=[32m&quot;M20.97 5c0 2.1-1.6 3.8-3.5 4&quot;[39m
    [36m/&gt;[39m
    [36m&lt;path[39m
      [33md[39m=[32m&quot;M22 13h-4&quot;[39m
    [36m/&gt;[39m
    [36m&lt;path[39m
      [33md[39m=[32m&quot;M17.2 17c2.1.1 3.8 1.9 3.8 4&quot;[39m
    [36m/&gt;[39m
  [36m&lt;/svg&gt;[39m
  [0mError Details (Development Only)[0m
[36m&lt;/summary&gt;[39m

(If this is intentional, then use the `*AllBy*` variant of the query (like `queryAllByText`, `getAllByText`, or `findAllByText`)).

Ignored nodes: comments, script, style
[36m&lt;body&gt;[39m
  [36m&lt;div&gt;[39m
    [36m&lt;div[39m
      [33mdata-testid[39m=[32m&quot;test-content&quot;[39m
    [36m&gt;[39m
      [0mTest content[0m
    [36m&lt;/div&gt;[39m
  [36m&lt;/div&gt;[39m
  [36m&lt;div&gt;[39m
    [36m&lt;div[39m
      [33mstyle[39m=[32m&quot;min-height: 400px; background: rgb(245, 245, 245); display: flex; align-items: center; justify-content: center; padding: 32px; border-radius: 8px;&quot;[39m
    [36m&gt;[39m
      [36m&lt;div[39m
        [33mstyle[39m=[32m&quot;max-width: 600px; width: 100%; text-align: center; background: rgba(255, 255, 255, 0.9); border-radius: 16px; padding: 32px; border: 1px solid rgb(229, 231, 235); box-shadow: 0 4px 6px rgba(0, 0, 0, 0.1);&quot;[39m
      [36m&gt;[39m
        [36m&lt;svg[39m
          [33maria-hidden[39m=[32m&quot;true&quot;[39m
          [33mclass[39m=[32m&quot;lucide lucide-circle-alert&quot;[39m
          [33mfill[39m=[32m&quot;none&quot;[39m
          [33mheight[39m=[32m&quot;48&quot;[39m
          [33mstroke[39m=[32m&quot;currentColor&quot;[39m
          [33mstroke-linecap[39m=[32m&quot;round&quot;[39m
          [33mstroke-linejoin[39m=[32m&quot;round&quot;[39m
          [33mstroke-width[39m=[32m&quot;2&quot;[39m
          [33mstyle[39m=[32m&quot;color: rgb(239, 68, 68); margin-bottom: 16px;&quot;[39m
          [33mviewBox[39m=[32m&quot;0 0 24 24&quot;[39m
          [33mwidth[39m=[32m&quot;48&quot;[39m
          [33mxmlns[39m=[32m&quot;http://www.w3.org/2000/svg&quot;[39m
        [36m&gt;[39m
          [36m&lt;circle[39m
            [33mcx[39m=[32m&quot;12&quot;[39m
            [33mcy[39m=[32m&quot;12&quot;[39m
            [33mr[39m=[32m&quot;10&quot;[39m
          [36m/&gt;[39m
          [36m&lt;line[39m
            [33mx1[39m=[32m&quot;12&quot;[39m
            [33mx2[39m=[32m&quot;12&quot;[39m
            [33my1[39m=[32m&quot;8&quot;[39m
            [33my2[39m=[32m&quot;12&quot;[39m
          [36m/&gt;[39m
          [36m&lt;line[39m
            [33mx1[39m=[32m&quot;12&quot;[39m
            [33mx2[39m=[32m&quot;12.01&quot;[39m
            [33my1[39m=[32m&quot;16&quot;[39m
            [33my2[39m=[32m&quot;16&quot;[39m
          [36m/&gt;[39m
        [36m&lt;/svg&gt;[39m
        [36m&lt;h3[39m
          [33mstyle[39m=[32m&quot;font-size: 20px; font-weight: bold; margin-bottom: 8px; color: rgb(31, 41, 55);&quot;[39m
        [36m&gt;[39m
          [0mNetwork Connection Issue[0m
        [36m&lt;/h3&gt;[39m
        [36m&lt;p[39m
          [33mstyle[39m=[32m&quot;font-size: 14px; margin-bottom: 20px; color: rgb(107, 114, 128); line-height: 1.5;&quot;[39m
        [36m&gt;[39m
          [0mCheck your internet connection and try again. If the problem persists, contact your network administrator.[0m
        [36m&lt;/p&gt;[39m
        [36m&lt;details[39m
          [33mstyle[39m=[32m&quot;text-align: left; margin-bottom: 20px; background: rgba(0, 0, 0, 0.05); padding: 12px; border-radius: 6px; font-size: 12px;&quot;[39m
        [36m&gt;[39m
          [36m&lt;summary[39m
            [33mstyle[39m=[32m&quot;cursor: pointer; margin-bottom: 8px; color: rgb(107, 114, 128); font-size: 12px;&quot;[39m
          [36m&gt;[39m
            [36m&lt;svg[39m
              [33maria-hidden[39m=[32m&quot;true&quot;[39m
              [33mclass[39m=[32m&quot;lucide lucide-bug&quot;[39m
              [33mfill[39m=[32m&quot;none&quot;[39m
              [33mheight[39m=[32m&quot;14&quot;[39m
              [33mstroke[39m=[32m&quot;currentColor&quot;[39m
              [33mstroke-linecap[39m=[32m&quot;round&quot;[39m
              [33mstroke-linejoin[39m=[32m&quot;round&quot;[39m
              [33mstroke-width[39m=[32m&quot;2&quot;[39m
              [33mstyle[39m=[32m&quot;margin-right: 6px; vertical-align: middle;&quot;[39m
              [33mviewBox[39m=[32m&quot;0 0 24 24&quot;[39m
              [33mwidth[39m=[32m&quot;14&quot;[39m
              [33mxmlns[39m=[32m&quot;http://www.w3.org/2000/svg&quot;[39m
            [36m&gt;[39m
              [36m&lt;path[39m
                [33md[39m=[32m&quot;m8 2 1.88 1.88&quot;[39m
              [36m/&gt;[39m
              [36m&lt;path[39m
                [33md[39m=[32m&quot;M14.12 3.88 16 2&quot;[39m
              [36m/&gt;[39m
              [36m&lt;path[39m
                [33md[39m=[32m&quot;M9 7.13v-1a3.003 3.003 0 1 1 6 0v1&quot;[39m
              [36m/&gt;[39m
              [36m&lt;path[39m
                [33md[39m=[32m&quot;M12 20c-3.3 0-6-2.7-6-6v-3a4 4 0 0 1 4-4h4a4 4 0 0 1 4 4v3c0 3.3-2.7 6-6 6&quot;[39m
              [36m/&gt;[39m
              [36m&lt;path[39m
                [33md[39m=[32m&quot;M12 20v-9&quot;[39m
              [36m/&gt;[39m
              [36m&lt;path[39m
                [33md[39m=[32m&quot;M6.53 9C4.6 8.8 3 7.1 3 5&quot;[39m
              [36m/&gt;[39m
              [36m&lt;path[39m
                [33md[39m=[32m&quot;M6 13H2&quot;[39m
              [36m/&gt;[39m
              [36m&lt;path[39m
                [33md[39m=[32m&quot;M3 21c0-2.1 1.7-3.9 3.8-4&quot;[39m
              [36m/&gt;[39m
              [36m&lt;path[39m
                [33md[39m=[32m&quot;M20.97 5c0 2.1-1.6 3.8-3.5 4&quot;[39m
              [36m/&gt;[39m
              [36m&lt;path[39m
                [33md[39m=[32m&quot;M22 13h-4&quot;[39m
              [36m/&gt;[39m
              [36m&lt;path[39m
                [33md[39m=[32m&quot;M17.2 17c2.1.1 3.8 1.9 3.8 4&quot;[39m
              [36m/&gt;[39m
            [36m&lt;/svg&gt;[39m
            [0mError Details (Development Only)[0m
          [36m&lt;/summary&gt;[39m
          [36m&lt;div[39m
            [33mstyle[39m=[32m&quot;font-family: monospace; color: rgb(75, 85, 99); word-break: break-word;&quot;[39m
          [36m&gt;[39m
            [36m&lt;strong&gt;[39m
              [0mType:[0m
            [36m&lt;/strong&gt;[39m
            [0m [0m
            [0mNETWORK[0m
            [36m&lt;br /&gt;[39m
            [36m&lt;strong&gt;[39m
              [0mCode:[0m
            [36m&lt;/strong&gt;[39m
            [0m [0m
            [0mNETWORK_ERROR[0m
            [36m&lt;br /&gt;[39m
            [36m&lt;strong&gt;[39m
              [0mMessage:[0m
            [36m&lt;/strong&gt;[39m
            [0m [0m
            [0mTest error message[0m
            [36m&lt;br /&gt;[39m
            [36m&lt;strong&gt;[39m
              [0mStack:[0m
            [36m&lt;/strong&gt;[39m
            [36m&lt;pre[39m
              [33mstyle[39m=[32m&quot;white-space: pre-wrap; word-break: break-word; margin: 4px 0px 0px 0px; font-size: 10px;&quot;[39m
            [36m&gt;[39m
              [0mAppError: Test error message
    at ThrowErrorComponent (/home/ilya/projects/SimpleAdminReporter/frontend/src/components/query/__tests__/QueryPreviewErrorBoundary.test.tsx:59:19)
    at Object.react_stack_bottom_frame (/home/ilya/projects/SimpleAdminReporter/frontend/node_modules/react-dom/cjs/react-dom-client.development.js:23863:20)
    at renderWithHooks (/home/ilya/projects/SimpleAdminReporter/frontend/node_modules/react-dom/cjs/react-dom-client.development.js:5529:22)
    at updateFunctionComponent (/home/ilya/projects/SimpleAdminReporter/frontend/node_modules/react-dom/cjs/react-dom-client.development.js:8897:19)
    at beginWork (/home/ilya/projects/SimpleAdminReporter/frontend/node_modules/react-dom/cjs/react-dom-client.development.js:10522:18)
    at runWithFiberInDEV (/home/ilya/projects/SimpleAdminReporter/frontend/node_modules/react-dom/cjs/react-dom-client.development.js:1522:13..." type="TestingLibraryElementError">
TestingLibraryElementError: Found multiple elements with the text: Error Details (Development Only)

Here are the matching elements:

Ignored nodes: comments, script, style
&lt;summary
  style=&quot;cursor: pointer; margin-bottom: 8px; color: rgb(107, 114, 128); font-size: 12px;&quot;
&gt;
  &lt;svg
    aria-hidden=&quot;true&quot;
    class=&quot;lucide lucide-bug&quot;
    fill=&quot;none&quot;
    height=&quot;14&quot;
    stroke=&quot;currentColor&quot;
    stroke-linecap=&quot;round&quot;
    stroke-linejoin=&quot;round&quot;
    stroke-width=&quot;2&quot;
    style=&quot;margin-right: 6px; vertical-align: middle;&quot;
    viewBox=&quot;0 0 24 24&quot;
    width=&quot;14&quot;
    xmlns=&quot;http://www.w3.org/2000/svg&quot;
  &gt;
    &lt;path
      d=&quot;m8 2 1.88 1.88&quot;
    /&gt;
    &lt;path
      d=&quot;M14.12 3.88 16 2&quot;
    /&gt;
    &lt;path
      d=&quot;M9 7.13v-1a3.003 3.003 0 1 1 6 0v1&quot;
    /&gt;
    &lt;path
      d=&quot;M12 20c-3.3 0-6-2.7-6-6v-3a4 4 0 0 1 4-4h4a4 4 0 0 1 4 4v3c0 3.3-2.7 6-6 6&quot;
    /&gt;
    &lt;path
      d=&quot;M12 20v-9&quot;
    /&gt;
    &lt;path
      d=&quot;M6.53 9C4.6 8.8 3 7.1 3 5&quot;
    /&gt;
    &lt;path
      d=&quot;M6 13H2&quot;
    /&gt;
    &lt;path
      d=&quot;M3 21c0-2.1 1.7-3.9 3.8-4&quot;
    /&gt;
    &lt;path
      d=&quot;M20.97 5c0 2.1-1.6 3.8-3.5 4&quot;
    /&gt;
    &lt;path
      d=&quot;M22 13h-4&quot;
    /&gt;
    &lt;path
      d=&quot;M17.2 17c2.1.1 3.8 1.9 3.8 4&quot;
    /&gt;
  &lt;/svg&gt;
  Error Details (Development Only)
&lt;/summary&gt;

Ignored nodes: comments, script, style
&lt;summary
  style=&quot;cursor: pointer; margin-bottom: 8px; color: rgb(107, 114, 128); font-size: 12px;&quot;
&gt;
  &lt;svg
    aria-hidden=&quot;true&quot;
    class=&quot;lucide lucide-bug&quot;
    fill=&quot;none&quot;
    height=&quot;14&quot;
    stroke=&quot;currentColor&quot;
    stroke-linecap=&quot;round&quot;
    stroke-linejoin=&quot;round&quot;
    stroke-width=&quot;2&quot;
    style=&quot;margin-right: 6px; vertical-align: middle;&quot;
    viewBox=&quot;0 0 24 24&quot;
    width=&quot;14&quot;
    xmlns=&quot;http://www.w3.org/2000/svg&quot;
  &gt;
    &lt;path
      d=&quot;m8 2 1.88 1.88&quot;
    /&gt;
    &lt;path
      d=&quot;M14.12 3.88 16 2&quot;
    /&gt;
    &lt;path
      d=&quot;M9 7.13v-1a3.003 3.003 0 1 1 6 0v1&quot;
    /&gt;
    &lt;path
      d=&quot;M12 20c-3.3 0-6-2.7-6-6v-3a4 4 0 0 1 4-4h4a4 4 0 0 1 4 4v3c0 3.3-2.7 6-6 6&quot;
    /&gt;
    &lt;path
      d=&quot;M12 20v-9&quot;
    /&gt;
    &lt;path
      d=&quot;M6.53 9C4.6 8.8 3 7.1 3 5&quot;
    /&gt;
    &lt;path
      d=&quot;M6 13H2&quot;
    /&gt;
    &lt;path
      d=&quot;M3 21c0-2.1 1.7-3.9 3.8-4&quot;
    /&gt;
    &lt;path
      d=&quot;M20.97 5c0 2.1-1.6 3.8-3.5 4&quot;
    /&gt;
    &lt;path
      d=&quot;M22 13h-4&quot;
    /&gt;
    &lt;path
      d=&quot;M17.2 17c2.1.1 3.8 1.9 3.8 4&quot;
    /&gt;
  &lt;/svg&gt;
  Error Details (Development Only)
&lt;/summary&gt;

Ignored nodes: comments, script, style
&lt;summary
  style=&quot;cursor: pointer; margin-bottom: 8px; color: rgb(107, 114, 128); font-size: 12px;&quot;
&gt;
  &lt;svg
    aria-hidden=&quot;true&quot;
    class=&quot;lucide lucide-bug&quot;
    fill=&quot;none&quot;
    height=&quot;14&quot;
    stroke=&quot;currentColor&quot;
    stroke-linecap=&quot;round&quot;
    stroke-linejoin=&quot;round&quot;
    stroke-width=&quot;2&quot;
    style=&quot;margin-right: 6px; vertical-align: middle;&quot;
    viewBox=&quot;0 0 24 24&quot;
    width=&quot;14&quot;
    xmlns=&quot;http://www.w3.org/2000/svg&quot;
  &gt;
    &lt;path
      d=&quot;m8 2 1.88 1.88&quot;
    /&gt;
    &lt;path
      d=&quot;M14.12 3.88 16 2&quot;
    /&gt;
    &lt;path
      d=&quot;M9 7.13v-1a3.003 3.003 0 1 1 6 0v1&quot;
    /&gt;
    &lt;path
      d=&quot;M12 20c-3.3 0-6-2.7-6-6v-3a4 4 0 0 1 4-4h4a4 4 0 0 1 4 4v3c0 3.3-2.7 6-6 6&quot;
    /&gt;
    &lt;path
      d=&quot;M12 20v-9&quot;
    /&gt;
    &lt;path
      d=&quot;M6.53 9C4.6 8.8 3 7.1 3 5&quot;
    /&gt;
    &lt;path
      d=&quot;M6 13H2&quot;
    /&gt;
    &lt;path
      d=&quot;M3 21c0-2.1 1.7-3.9 3.8-4&quot;
    /&gt;
    &lt;path
      d=&quot;M20.97 5c0 2.1-1.6 3.8-3.5 4&quot;
    /&gt;
    &lt;path
      d=&quot;M22 13h-4&quot;
    /&gt;
    &lt;path
      d=&quot;M17.2 17c2.1.1 3.8 1.9 3.8 4&quot;
    /&gt;
  &lt;/svg&gt;
  Error Details (Development Only)
&lt;/summary&gt;

Ignored nodes: comments, script, style
&lt;summary
  style=&quot;cursor: pointer; margin-bottom: 8px; color: rgb(107, 114, 128); font-size: 12px;&quot;
&gt;
  &lt;svg
    aria-hidden=&quot;true&quot;
    class=&quot;lucide lucide-bug&quot;
    fill=&quot;none&quot;
    height=&quot;14&quot;
    stroke=&quot;currentColor&quot;
    stroke-linecap=&quot;round&quot;
    stroke-linejoin=&quot;round&quot;
    stroke-width=&quot;2&quot;
    style=&quot;margin-right: 6px; vertical-align: middle;&quot;
    viewBox=&quot;0 0 24 24&quot;
    width=&quot;14&quot;
    xmlns=&quot;http://www.w3.org/2000/svg&quot;
  &gt;
    &lt;path
      d=&quot;m8 2 1.88 1.88&quot;
    /&gt;
    &lt;path
      d=&quot;M14.12 3.88 16 2&quot;
    /&gt;
    &lt;path
      d=&quot;M9 7.13v-1a3.003 3.003 0 1 1 6 0v1&quot;
    /&gt;
    &lt;path
      d=&quot;M12 20c-3.3 0-6-2.7-6-6v-3a4 4 0 0 1 4-4h4a4 4 0 0 1 4 4v3c0 3.3-2.7 6-6 6&quot;
    /&gt;
    &lt;path
      d=&quot;M12 20v-9&quot;
    /&gt;
    &lt;path
      d=&quot;M6.53 9C4.6 8.8 3 7.1 3 5&quot;
    /&gt;
    &lt;path
      d=&quot;M6 13H2&quot;
    /&gt;
    &lt;path
      d=&quot;M3 21c0-2.1 1.7-3.9 3.8-4&quot;
    /&gt;
    &lt;path
      d=&quot;M20.97 5c0 2.1-1.6 3.8-3.5 4&quot;
    /&gt;
    &lt;path
      d=&quot;M22 13h-4&quot;
    /&gt;
    &lt;path
      d=&quot;M17.2 17c2.1.1 3.8 1.9 3.8 4&quot;
    /&gt;
  &lt;/svg&gt;
  Error Details (Development Only)
&lt;/summary&gt;

Ignored nodes: comments, script, style
&lt;summary
  style=&quot;cursor: pointer; margin-bottom: 8px; color: rgb(107, 114, 128); font-size: 12px;&quot;
&gt;
  &lt;svg
    aria-hidden=&quot;true&quot;
    class=&quot;lucide lucide-bug&quot;
    fill=&quot;none&quot;
    height=&quot;14&quot;
    stroke=&quot;currentColor&quot;
    stroke-linecap=&quot;round&quot;
    stroke-linejoin=&quot;round&quot;
    stroke-width=&quot;2&quot;
    style=&quot;margin-right: 6px; vertical-align: middle;&quot;
    viewBox=&quot;0 0 24 24&quot;
    width=&quot;14&quot;
    xmlns=&quot;http://www.w3.org/2000/svg&quot;
  &gt;
    &lt;path
      d=&quot;m8 2 1.88 1.88&quot;
    /&gt;
    &lt;path
      d=&quot;M14.12 3.88 16 2&quot;
    /&gt;
    &lt;path
      d=&quot;M9 7.13v-1a3.003 3.003 0 1 1 6 0v1&quot;
    /&gt;
    &lt;path
      d=&quot;M12 20c-3.3 0-6-2.7-6-6v-3a4 4 0 0 1 4-4h4a4 4 0 0 1 4 4v3c0 3.3-2.7 6-6 6&quot;
    /&gt;
    &lt;path
      d=&quot;M12 20v-9&quot;
    /&gt;
    &lt;path
      d=&quot;M6.53 9C4.6 8.8 3 7.1 3 5&quot;
    /&gt;
    &lt;path
      d=&quot;M6 13H2&quot;
    /&gt;
    &lt;path
      d=&quot;M3 21c0-2.1 1.7-3.9 3.8-4&quot;
    /&gt;
    &lt;path
      d=&quot;M20.97 5c0 2.1-1.6 3.8-3.5 4&quot;
    /&gt;
    &lt;path
      d=&quot;M22 13h-4&quot;
    /&gt;
    &lt;path
      d=&quot;M17.2 17c2.1.1 3.8 1.9 3.8 4&quot;
    /&gt;
  &lt;/svg&gt;
  Error Details (Development Only)
&lt;/summary&gt;

Ignored nodes: comments, script, style
&lt;summary
  style=&quot;cursor: pointer; margin-bottom: 8px; color: rgb(107, 114, 128); font-size: 12px;&quot;
&gt;
  &lt;svg
    aria-hidden=&quot;true&quot;
    class=&quot;lucide lucide-bug&quot;
    fill=&quot;none&quot;
    height=&quot;14&quot;
    stroke=&quot;currentColor&quot;
    stroke-linecap=&quot;round&quot;
    stroke-linejoin=&quot;round&quot;
    stroke-width=&quot;2&quot;
    style=&quot;margin-right: 6px; vertical-align: middle;&quot;
    viewBox=&quot;0 0 24 24&quot;
    width=&quot;14&quot;
    xmlns=&quot;http://www.w3.org/2000/svg&quot;
  &gt;
    &lt;path
      d=&quot;m8 2 1.88 1.88&quot;
    /&gt;
    &lt;path
      d=&quot;M14.12 3.88 16 2&quot;
    /&gt;
    &lt;path
      d=&quot;M9 7.13v-1a3.003 3.003 0 1 1 6 0v1&quot;
    /&gt;
    &lt;path
      d=&quot;M12 20c-3.3 0-6-2.7-6-6v-3a4 4 0 0 1 4-4h4a4 4 0 0 1 4 4v3c0 3.3-2.7 6-6 6&quot;
    /&gt;
    &lt;path
      d=&quot;M12 20v-9&quot;
    /&gt;
    &lt;path
      d=&quot;M6.53 9C4.6 8.8 3 7.1 3 5&quot;
    /&gt;
    &lt;path
      d=&quot;M6 13H2&quot;
    /&gt;
    &lt;path
      d=&quot;M3 21c0-2.1 1.7-3.9 3.8-4&quot;
    /&gt;
    &lt;path
      d=&quot;M20.97 5c0 2.1-1.6 3.8-3.5 4&quot;
    /&gt;
    &lt;path
      d=&quot;M22 13h-4&quot;
    /&gt;
    &lt;path
      d=&quot;M17.2 17c2.1.1 3.8 1.9 3.8 4&quot;
    /&gt;
  &lt;/svg&gt;
  Error Details (Development Only)
&lt;/summary&gt;

Ignored nodes: comments, script, style
&lt;summary
  style=&quot;cursor: pointer; margin-bottom: 8px; color: rgb(107, 114, 128); font-size: 12px;&quot;
&gt;
  &lt;svg
    aria-hidden=&quot;true&quot;
    class=&quot;lucide lucide-bug&quot;
    fill=&quot;none&quot;
    height=&quot;14&quot;
    stroke=&quot;currentColor&quot;
    stroke-linecap=&quot;round&quot;
    stroke-linejoin=&quot;round&quot;
    stroke-width=&quot;2&quot;
    style=&quot;margin-right: 6px; vertical-align: middle;&quot;
    viewBox=&quot;0 0 24 24&quot;
    width=&quot;14&quot;
    xmlns=&quot;http://www.w3.org/2000/svg&quot;
  &gt;
    &lt;path
      d=&quot;m8 2 1.88 1.88&quot;
    /&gt;
    &lt;path
      d=&quot;M14.12 3.88 16 2&quot;
    /&gt;
    &lt;path
      d=&quot;M9 7.13v-1a3.003 3.003 0 1 1 6 0v1&quot;
    /&gt;
    &lt;path
      d=&quot;M12 20c-3.3 0-6-2.7-6-6v-3a4 4 0 0 1 4-4h4a4 4 0 0 1 4 4v3c0 3.3-2.7 6-6 6&quot;
    /&gt;
    &lt;path
      d=&quot;M12 20v-9&quot;
    /&gt;
    &lt;path
      d=&quot;M6.53 9C4.6 8.8 3 7.1 3 5&quot;
    /&gt;
    &lt;path
      d=&quot;M6 13H2&quot;
    /&gt;
    &lt;path
      d=&quot;M3 21c0-2.1 1.7-3.9 3.8-4&quot;
    /&gt;
    &lt;path
      d=&quot;M20.97 5c0 2.1-1.6 3.8-3.5 4&quot;
    /&gt;
    &lt;path
      d=&quot;M22 13h-4&quot;
    /&gt;
    &lt;path
      d=&quot;M17.2 17c2.1.1 3.8 1.9 3.8 4&quot;
    /&gt;
  &lt;/svg&gt;
  Error Details (Development Only)
&lt;/summary&gt;

Ignored nodes: comments, script, style
&lt;summary
  style=&quot;cursor: pointer; margin-bottom: 8px; color: rgb(107, 114, 128); font-size: 12px;&quot;
&gt;
  &lt;svg
    aria-hidden=&quot;true&quot;
    class=&quot;lucide lucide-bug&quot;
    fill=&quot;none&quot;
    height=&quot;14&quot;
    stroke=&quot;currentColor&quot;
    stroke-linecap=&quot;round&quot;
    stroke-linejoin=&quot;round&quot;
    stroke-width=&quot;2&quot;
    style=&quot;margin-right: 6px; vertical-align: middle;&quot;
    viewBox=&quot;0 0 24 24&quot;
    width=&quot;14&quot;
    xmlns=&quot;http://www.w3.org/2000/svg&quot;
  &gt;
    &lt;path
      d=&quot;m8 2 1.88 1.88&quot;
    /&gt;
    &lt;path
      d=&quot;M14.12 3.88 16 2&quot;
    /&gt;
    &lt;path
      d=&quot;M9 7.13v-1a3.003 3.003 0 1 1 6 0v1&quot;
    /&gt;
    &lt;path
      d=&quot;M12 20c-3.3 0-6-2.7-6-6v-3a4 4 0 0 1 4-4h4a4 4 0 0 1 4 4v3c0 3.3-2.7 6-6 6&quot;
    /&gt;
    &lt;path
      d=&quot;M12 20v-9&quot;
    /&gt;
    &lt;path
      d=&quot;M6.53 9C4.6 8.8 3 7.1 3 5&quot;
    /&gt;
    &lt;path
      d=&quot;M6 13H2&quot;
    /&gt;
    &lt;path
      d=&quot;M3 21c0-2.1 1.7-3.9 3.8-4&quot;
    /&gt;
    &lt;path
      d=&quot;M20.97 5c0 2.1-1.6 3.8-3.5 4&quot;
    /&gt;
    &lt;path
      d=&quot;M22 13h-4&quot;
    /&gt;
    &lt;path
      d=&quot;M17.2 17c2.1.1 3.8 1.9 3.8 4&quot;
    /&gt;
  &lt;/svg&gt;
  Error Details (Development Only)
&lt;/summary&gt;

Ignored nodes: comments, script, style
&lt;summary
  style=&quot;cursor: pointer; margin-bottom: 8px; color: rgb(107, 114, 128); font-size: 12px;&quot;
&gt;
  &lt;svg
    aria-hidden=&quot;true&quot;
    class=&quot;lucide lucide-bug&quot;
    fill=&quot;none&quot;
    height=&quot;14&quot;
    stroke=&quot;currentColor&quot;
    stroke-linecap=&quot;round&quot;
    stroke-linejoin=&quot;round&quot;
    stroke-width=&quot;2&quot;
    style=&quot;margin-right: 6px; vertical-align: middle;&quot;
    viewBox=&quot;0 0 24 24&quot;
    width=&quot;14&quot;
    xmlns=&quot;http://www.w3.org/2000/svg&quot;
  &gt;
    &lt;path
      d=&quot;m8 2 1.88 1.88&quot;
    /&gt;
    &lt;path
      d=&quot;M14.12 3.88 16 2&quot;
    /&gt;
    &lt;path
      d=&quot;M9 7.13v-1a3.003 3.003 0 1 1 6 0v1&quot;
    /&gt;
    &lt;path
      d=&quot;M12 20c-3.3 0-6-2.7-6-6v-3a4 4 0 0 1 4-4h4a4 4 0 0 1 4 4v3c0 3.3-2.7 6-6 6&quot;
    /&gt;
    &lt;path
      d=&quot;M12 20v-9&quot;
    /&gt;
    &lt;path
      d=&quot;M6.53 9C4.6 8.8 3 7.1 3 5&quot;
    /&gt;
    &lt;path
      d=&quot;M6 13H2&quot;
    /&gt;
    &lt;path
      d=&quot;M3 21c0-2.1 1.7-3.9 3.8-4&quot;
    /&gt;
    &lt;path
      d=&quot;M20.97 5c0 2.1-1.6 3.8-3.5 4&quot;
    /&gt;
    &lt;path
      d=&quot;M22 13h-4&quot;
    /&gt;
    &lt;path
      d=&quot;M17.2 17c2.1.1 3.8 1.9 3.8 4&quot;
    /&gt;
  &lt;/svg&gt;
  Error Details (Development Only)
&lt;/summary&gt;

Ignored nodes: comments, script, style
&lt;summary
  style=&quot;cursor: pointer; margin-bottom: 8px; color: rgb(107, 114, 128); font-size: 12px;&quot;
&gt;
  &lt;svg
    aria-hidden=&quot;true&quot;
    class=&quot;lucide lucide-bug&quot;
    fill=&quot;none&quot;
    height=&quot;14&quot;
    stroke=&quot;currentColor&quot;
    stroke-linecap=&quot;round&quot;
    stroke-linejoin=&quot;round&quot;
    stroke-width=&quot;2&quot;
    style=&quot;margin-right: 6px; vertical-align: middle;&quot;
    viewBox=&quot;0 0 24 24&quot;
    width=&quot;14&quot;
    xmlns=&quot;http://www.w3.org/2000/svg&quot;
  &gt;
    &lt;path
      d=&quot;m8 2 1.88 1.88&quot;
    /&gt;
    &lt;path
      d=&quot;M14.12 3.88 16 2&quot;
    /&gt;
    &lt;path
      d=&quot;M9 7.13v-1a3.003 3.003 0 1 1 6 0v1&quot;
    /&gt;
    &lt;path
      d=&quot;M12 20c-3.3 0-6-2.7-6-6v-3a4 4 0 0 1 4-4h4a4 4 0 0 1 4 4v3c0 3.3-2.7 6-6 6&quot;
    /&gt;
    &lt;path
      d=&quot;M12 20v-9&quot;
    /&gt;
    &lt;path
      d=&quot;M6.53 9C4.6 8.8 3 7.1 3 5&quot;
    /&gt;
    &lt;path
      d=&quot;M6 13H2&quot;
    /&gt;
    &lt;path
      d=&quot;M3 21c0-2.1 1.7-3.9 3.8-4&quot;
    /&gt;
    &lt;path
      d=&quot;M20.97 5c0 2.1-1.6 3.8-3.5 4&quot;
    /&gt;
    &lt;path
      d=&quot;M22 13h-4&quot;
    /&gt;
    &lt;path
      d=&quot;M17.2 17c2.1.1 3.8 1.9 3.8 4&quot;
    /&gt;
  &lt;/svg&gt;
  Error Details (Development Only)
&lt;/summary&gt;

Ignored nodes: comments, script, style
&lt;summary
  style=&quot;cursor: pointer; margin-bottom: 8px; color: rgb(107, 114, 128); font-size: 12px;&quot;
&gt;
  &lt;svg
    aria-hidden=&quot;true&quot;
    class=&quot;lucide lucide-bug&quot;
    fill=&quot;none&quot;
    height=&quot;14&quot;
    stroke=&quot;currentColor&quot;
    stroke-linecap=&quot;round&quot;
    stroke-linejoin=&quot;round&quot;
    stroke-width=&quot;2&quot;
    style=&quot;margin-right: 6px; vertical-align: middle;&quot;
    viewBox=&quot;0 0 24 24&quot;
    width=&quot;14&quot;
    xmlns=&quot;http://www.w3.org/2000/svg&quot;
  &gt;
    &lt;path
      d=&quot;m8 2 1.88 1.88&quot;
    /&gt;
    &lt;path
      d=&quot;M14.12 3.88 16 2&quot;
    /&gt;
    &lt;path
      d=&quot;M9 7.13v-1a3.003 3.003 0 1 1 6 0v1&quot;
    /&gt;
    &lt;path
      d=&quot;M12 20c-3.3 0-6-2.7-6-6v-3a4 4 0 0 1 4-4h4a4 4 0 0 1 4 4v3c0 3.3-2.7 6-6 6&quot;
    /&gt;
    &lt;path
      d=&quot;M12 20v-9&quot;
    /&gt;
    &lt;path
      d=&quot;M6.53 9C4.6 8.8 3 7.1 3 5&quot;
    /&gt;
    &lt;path
      d=&quot;M6 13H2&quot;
    /&gt;
    &lt;path
      d=&quot;M3 21c0-2.1 1.7-3.9 3.8-4&quot;
    /&gt;
    &lt;path
      d=&quot;M20.97 5c0 2.1-1.6 3.8-3.5 4&quot;
    /&gt;
    &lt;path
      d=&quot;M22 13h-4&quot;
    /&gt;
    &lt;path
      d=&quot;M17.2 17c2.1.1 3.8 1.9 3.8 4&quot;
    /&gt;
  &lt;/svg&gt;
  Error Details (Development Only)
&lt;/summary&gt;

Ignored nodes: comments, script, style
&lt;summary
  style=&quot;cursor: pointer; margin-bottom: 8px; color: rgb(107, 114, 128); font-size: 12px;&quot;
&gt;
  &lt;svg
    aria-hidden=&quot;true&quot;
    class=&quot;lucide lucide-bug&quot;
    fill=&quot;none&quot;
    height=&quot;14&quot;
    stroke=&quot;currentColor&quot;
    stroke-linecap=&quot;round&quot;
    stroke-linejoin=&quot;round&quot;
    stroke-width=&quot;2&quot;
    style=&quot;margin-right: 6px; vertical-align: middle;&quot;
    viewBox=&quot;0 0 24 24&quot;
    width=&quot;14&quot;
    xmlns=&quot;http://www.w3.org/2000/svg&quot;
  &gt;
    &lt;path
      d=&quot;m8 2 1.88 1.88&quot;
    /&gt;
    &lt;path
      d=&quot;M14.12 3.88 16 2&quot;
    /&gt;
    &lt;path
      d=&quot;M9 7.13v-1a3.003 3.003 0 1 1 6 0v1&quot;
    /&gt;
    &lt;path
      d=&quot;M12 20c-3.3 0-6-2.7-6-6v-3a4 4 0 0 1 4-4h4a4 4 0 0 1 4 4v3c0 3.3-2.7 6-6 6&quot;
    /&gt;
    &lt;path
      d=&quot;M12 20v-9&quot;
    /&gt;
    &lt;path
      d=&quot;M6.53 9C4.6 8.8 3 7.1 3 5&quot;
    /&gt;
    &lt;path
      d=&quot;M6 13H2&quot;
    /&gt;
    &lt;path
      d=&quot;M3 21c0-2.1 1.7-3.9 3.8-4&quot;
    /&gt;
    &lt;path
      d=&quot;M20.97 5c0 2.1-1.6 3.8-3.5 4&quot;
    /&gt;
    &lt;path
      d=&quot;M22 13h-4&quot;
    /&gt;
    &lt;path
      d=&quot;M17.2 17c2.1.1 3.8 1.9 3.8 4&quot;
    /&gt;
  &lt;/svg&gt;
  Error Details (Development Only)
&lt;/summary&gt;

Ignored nodes: comments, script, style
&lt;summary
  style=&quot;cursor: pointer; margin-bottom: 8px; color: rgb(107, 114, 128); font-size: 12px;&quot;
&gt;
  &lt;svg
    aria-hidden=&quot;true&quot;
    class=&quot;lucide lucide-bug&quot;
    fill=&quot;none&quot;
    height=&quot;14&quot;
    stroke=&quot;currentColor&quot;
    stroke-linecap=&quot;round&quot;
    stroke-linejoin=&quot;round&quot;
    stroke-width=&quot;2&quot;
    style=&quot;margin-right: 6px; vertical-align: middle;&quot;
    viewBox=&quot;0 0 24 24&quot;
    width=&quot;14&quot;
    xmlns=&quot;http://www.w3.org/2000/svg&quot;
  &gt;
    &lt;path
      d=&quot;m8 2 1.88 1.88&quot;
    /&gt;
    &lt;path
      d=&quot;M14.12 3.88 16 2&quot;
    /&gt;
    &lt;path
      d=&quot;M9 7.13v-1a3.003 3.003 0 1 1 6 0v1&quot;
    /&gt;
    &lt;path
      d=&quot;M12 20c-3.3 0-6-2.7-6-6v-3a4 4 0 0 1 4-4h4a4 4 0 0 1 4 4v3c0 3.3-2.7 6-6 6&quot;
    /&gt;
    &lt;path
      d=&quot;M12 20v-9&quot;
    /&gt;
    &lt;path
      d=&quot;M6.53 9C4.6 8.8 3 7.1 3 5&quot;
    /&gt;
    &lt;path
      d=&quot;M6 13H2&quot;
    /&gt;
    &lt;path
      d=&quot;M3 21c0-2.1 1.7-3.9 3.8-4&quot;
    /&gt;
    &lt;path
      d=&quot;M20.97 5c0 2.1-1.6 3.8-3.5 4&quot;
    /&gt;
    &lt;path
      d=&quot;M22 13h-4&quot;
    /&gt;
    &lt;path
      d=&quot;M17.2 17c2.1.1 3.8 1.9 3.8 4&quot;
    /&gt;
  &lt;/svg&gt;
  Error Details (Development Only)
&lt;/summary&gt;

Ignored nodes: comments, script, style
&lt;summary
  style=&quot;cursor: pointer; margin-bottom: 8px; color: rgb(107, 114, 128); font-size: 12px;&quot;
&gt;
  &lt;svg
    aria-hidden=&quot;true&quot;
    class=&quot;lucide lucide-bug&quot;
    fill=&quot;none&quot;
    height=&quot;14&quot;
    stroke=&quot;currentColor&quot;
    stroke-linecap=&quot;round&quot;
    stroke-linejoin=&quot;round&quot;
    stroke-width=&quot;2&quot;
    style=&quot;margin-right: 6px; vertical-align: middle;&quot;
    viewBox=&quot;0 0 24 24&quot;
    width=&quot;14&quot;
    xmlns=&quot;http://www.w3.org/2000/svg&quot;
  &gt;
    &lt;path
      d=&quot;m8 2 1.88 1.88&quot;
    /&gt;
    &lt;path
      d=&quot;M14.12 3.88 16 2&quot;
    /&gt;
    &lt;path
      d=&quot;M9 7.13v-1a3.003 3.003 0 1 1 6 0v1&quot;
    /&gt;
    &lt;path
      d=&quot;M12 20c-3.3 0-6-2.7-6-6v-3a4 4 0 0 1 4-4h4a4 4 0 0 1 4 4v3c0 3.3-2.7 6-6 6&quot;
    /&gt;
    &lt;path
      d=&quot;M12 20v-9&quot;
    /&gt;
    &lt;path
      d=&quot;M6.53 9C4.6 8.8 3 7.1 3 5&quot;
    /&gt;
    &lt;path
      d=&quot;M6 13H2&quot;
    /&gt;
    &lt;path
      d=&quot;M3 21c0-2.1 1.7-3.9 3.8-4&quot;
    /&gt;
    &lt;path
      d=&quot;M20.97 5c0 2.1-1.6 3.8-3.5 4&quot;
    /&gt;
    &lt;path
      d=&quot;M22 13h-4&quot;
    /&gt;
    &lt;path
      d=&quot;M17.2 17c2.1.1 3.8 1.9 3.8 4&quot;
    /&gt;
  &lt;/svg&gt;
  Error Details (Development Only)
&lt;/summary&gt;

Ignored nodes: comments, script, style
&lt;summary
  style=&quot;cursor: pointer; margin-bottom: 8px; color: rgb(107, 114, 128); font-size: 12px;&quot;
&gt;
  &lt;svg
    aria-hidden=&quot;true&quot;
    class=&quot;lucide lucide-bug&quot;
    fill=&quot;none&quot;
    height=&quot;14&quot;
    stroke=&quot;currentColor&quot;
    stroke-linecap=&quot;round&quot;
    stroke-linejoin=&quot;round&quot;
    stroke-width=&quot;2&quot;
    style=&quot;margin-right: 6px; vertical-align: middle;&quot;
    viewBox=&quot;0 0 24 24&quot;
    width=&quot;14&quot;
    xmlns=&quot;http://www.w3.org/2000/svg&quot;
  &gt;
    &lt;path
      d=&quot;m8 2 1.88 1.88&quot;
    /&gt;
    &lt;path
      d=&quot;M14.12 3.88 16 2&quot;
    /&gt;
    &lt;path
      d=&quot;M9 7.13v-1a3.003 3.003 0 1 1 6 0v1&quot;
    /&gt;
    &lt;path
      d=&quot;M12 20c-3.3 0-6-2.7-6-6v-3a4 4 0 0 1 4-4h4a4 4 0 0 1 4 4v3c0 3.3-2.7 6-6 6&quot;
    /&gt;
    &lt;path
      d=&quot;M12 20v-9&quot;
    /&gt;
    &lt;path
      d=&quot;M6.53 9C4.6 8.8 3 7.1 3 5&quot;
    /&gt;
    &lt;path
      d=&quot;M6 13H2&quot;
    /&gt;
    &lt;path
      d=&quot;M3 21c0-2.1 1.7-3.9 3.8-4&quot;
    /&gt;
    &lt;path
      d=&quot;M20.97 5c0 2.1-1.6 3.8-3.5 4&quot;
    /&gt;
    &lt;path
      d=&quot;M22 13h-4&quot;
    /&gt;
    &lt;path
      d=&quot;M17.2 17c2.1.1 3.8 1.9 3.8 4&quot;
    /&gt;
  &lt;/svg&gt;
  Error Details (Development Only)
&lt;/summary&gt;

Ignored nodes: comments, script, style
&lt;summary
  style=&quot;cursor: pointer; margin-bottom: 8px; color: rgb(107, 114, 128); font-size: 12px;&quot;
&gt;
  &lt;svg
    aria-hidden=&quot;true&quot;
    class=&quot;lucide lucide-bug&quot;
    fill=&quot;none&quot;
    height=&quot;14&quot;
    stroke=&quot;currentColor&quot;
    stroke-linecap=&quot;round&quot;
    stroke-linejoin=&quot;round&quot;
    stroke-width=&quot;2&quot;
    style=&quot;margin-right: 6px; vertical-align: middle;&quot;
    viewBox=&quot;0 0 24 24&quot;
    width=&quot;14&quot;
    xmlns=&quot;http://www.w3.org/2000/svg&quot;
  &gt;
    &lt;path
      d=&quot;m8 2 1.88 1.88&quot;
    /&gt;
    &lt;path
      d=&quot;M14.12 3.88 16 2&quot;
    /&gt;
    &lt;path
      d=&quot;M9 7.13v-1a3.003 3.003 0 1 1 6 0v1&quot;
    /&gt;
    &lt;path
      d=&quot;M12 20c-3.3 0-6-2.7-6-6v-3a4 4 0 0 1 4-4h4a4 4 0 0 1 4 4v3c0 3.3-2.7 6-6 6&quot;
    /&gt;
    &lt;path
      d=&quot;M12 20v-9&quot;
    /&gt;
    &lt;path
      d=&quot;M6.53 9C4.6 8.8 3 7.1 3 5&quot;
    /&gt;
    &lt;path
      d=&quot;M6 13H2&quot;
    /&gt;
    &lt;path
      d=&quot;M3 21c0-2.1 1.7-3.9 3.8-4&quot;
    /&gt;
    &lt;path
      d=&quot;M20.97 5c0 2.1-1.6 3.8-3.5 4&quot;
    /&gt;
    &lt;path
      d=&quot;M22 13h-4&quot;
    /&gt;
    &lt;path
      d=&quot;M17.2 17c2.1.1 3.8 1.9 3.8 4&quot;
    /&gt;
  &lt;/svg&gt;
  Error Details (Development Only)
&lt;/summary&gt;

Ignored nodes: comments, script, style
&lt;summary
  style=&quot;cursor: pointer; margin-bottom: 8px; color: rgb(107, 114, 128); font-size: 12px;&quot;
&gt;
  &lt;svg
    aria-hidden=&quot;true&quot;
    class=&quot;lucide lucide-bug&quot;
    fill=&quot;none&quot;
    height=&quot;14&quot;
    stroke=&quot;currentColor&quot;
    stroke-linecap=&quot;round&quot;
    stroke-linejoin=&quot;round&quot;
    stroke-width=&quot;2&quot;
    style=&quot;margin-right: 6px; vertical-align: middle;&quot;
    viewBox=&quot;0 0 24 24&quot;
    width=&quot;14&quot;
    xmlns=&quot;http://www.w3.org/2000/svg&quot;
  &gt;
    &lt;path
      d=&quot;m8 2 1.88 1.88&quot;
    /&gt;
    &lt;path
      d=&quot;M14.12 3.88 16 2&quot;
    /&gt;
    &lt;path
      d=&quot;M9 7.13v-1a3.003 3.003 0 1 1 6 0v1&quot;
    /&gt;
    &lt;path
      d=&quot;M12 20c-3.3 0-6-2.7-6-6v-3a4 4 0 0 1 4-4h4a4 4 0 0 1 4 4v3c0 3.3-2.7 6-6 6&quot;
    /&gt;
    &lt;path
      d=&quot;M12 20v-9&quot;
    /&gt;
    &lt;path
      d=&quot;M6.53 9C4.6 8.8 3 7.1 3 5&quot;
    /&gt;
    &lt;path
      d=&quot;M6 13H2&quot;
    /&gt;
    &lt;path
      d=&quot;M3 21c0-2.1 1.7-3.9 3.8-4&quot;
    /&gt;
    &lt;path
      d=&quot;M20.97 5c0 2.1-1.6 3.8-3.5 4&quot;
    /&gt;
    &lt;path
      d=&quot;M22 13h-4&quot;
    /&gt;
    &lt;path
      d=&quot;M17.2 17c2.1.1 3.8 1.9 3.8 4&quot;
    /&gt;
  &lt;/svg&gt;
  Error Details (Development Only)
&lt;/summary&gt;

Ignored nodes: comments, script, style
&lt;summary
  style=&quot;cursor: pointer; margin-bottom: 8px; color: rgb(107, 114, 128); font-size: 12px;&quot;
&gt;
  &lt;svg
    aria-hidden=&quot;true&quot;
    class=&quot;lucide lucide-bug&quot;
    fill=&quot;none&quot;
    height=&quot;14&quot;
    stroke=&quot;currentColor&quot;
    stroke-linecap=&quot;round&quot;
    stroke-linejoin=&quot;round&quot;
    stroke-width=&quot;2&quot;
    style=&quot;margin-right: 6px; vertical-align: middle;&quot;
    viewBox=&quot;0 0 24 24&quot;
    width=&quot;14&quot;
    xmlns=&quot;http://www.w3.org/2000/svg&quot;
  &gt;
    &lt;path
      d=&quot;m8 2 1.88 1.88&quot;
    /&gt;
    &lt;path
      d=&quot;M14.12 3.88 16 2&quot;
    /&gt;
    &lt;path
      d=&quot;M9 7.13v-1a3.003 3.003 0 1 1 6 0v1&quot;
    /&gt;
    &lt;path
      d=&quot;M12 20c-3.3 0-6-2.7-6-6v-3a4 4 0 0 1 4-4h4a4 4 0 0 1 4 4v3c0 3.3-2.7 6-6 6&quot;
    /&gt;
    &lt;path
      d=&quot;M12 20v-9&quot;
    /&gt;
    &lt;path
      d=&quot;M6.53 9C4.6 8.8 3 7.1 3 5&quot;
    /&gt;
    &lt;path
      d=&quot;M6 13H2&quot;
    /&gt;
    &lt;path
      d=&quot;M3 21c0-2.1 1.7-3.9 3.8-4&quot;
    /&gt;
    &lt;path
      d=&quot;M20.97 5c0 2.1-1.6 3.8-3.5 4&quot;
    /&gt;
    &lt;path
      d=&quot;M22 13h-4&quot;
    /&gt;
    &lt;path
      d=&quot;M17.2 17c2.1.1 3.8 1.9 3.8 4&quot;
    /&gt;
  &lt;/svg&gt;
  Error Details (Development Only)
&lt;/summary&gt;

Ignored nodes: comments, script, style
&lt;summary
  style=&quot;cursor: pointer; margin-bottom: 8px; color: rgb(107, 114, 128); font-size: 12px;&quot;
&gt;
  &lt;svg
    aria-hidden=&quot;true&quot;
    class=&quot;lucide lucide-bug&quot;
    fill=&quot;none&quot;
    height=&quot;14&quot;
    stroke=&quot;currentColor&quot;
    stroke-linecap=&quot;round&quot;
    stroke-linejoin=&quot;round&quot;
    stroke-width=&quot;2&quot;
    style=&quot;margin-right: 6px; vertical-align: middle;&quot;
    viewBox=&quot;0 0 24 24&quot;
    width=&quot;14&quot;
    xmlns=&quot;http://www.w3.org/2000/svg&quot;
  &gt;
    &lt;path
      d=&quot;m8 2 1.88 1.88&quot;
    /&gt;
    &lt;path
      d=&quot;M14.12 3.88 16 2&quot;
    /&gt;
    &lt;path
      d=&quot;M9 7.13v-1a3.003 3.003 0 1 1 6 0v1&quot;
    /&gt;
    &lt;path
      d=&quot;M12 20c-3.3 0-6-2.7-6-6v-3a4 4 0 0 1 4-4h4a4 4 0 0 1 4 4v3c0 3.3-2.7 6-6 6&quot;
    /&gt;
    &lt;path
      d=&quot;M12 20v-9&quot;
    /&gt;
    &lt;path
      d=&quot;M6.53 9C4.6 8.8 3 7.1 3 5&quot;
    /&gt;
    &lt;path
      d=&quot;M6 13H2&quot;
    /&gt;
    &lt;path
      d=&quot;M3 21c0-2.1 1.7-3.9 3.8-4&quot;
    /&gt;
    &lt;path
      d=&quot;M20.97 5c0 2.1-1.6 3.8-3.5 4&quot;
    /&gt;
    &lt;path
      d=&quot;M22 13h-4&quot;
    /&gt;
    &lt;path
      d=&quot;M17.2 17c2.1.1 3.8 1.9 3.8 4&quot;
    /&gt;
  &lt;/svg&gt;
  Error Details (Development Only)
&lt;/summary&gt;

Ignored nodes: comments, script, style
&lt;summary
  style=&quot;cursor: pointer; margin-bottom: 8px; color: rgb(107, 114, 128); font-size: 12px;&quot;
&gt;
  &lt;svg
    aria-hidden=&quot;true&quot;
    class=&quot;lucide lucide-bug&quot;
    fill=&quot;none&quot;
    height=&quot;14&quot;
    stroke=&quot;currentColor&quot;
    stroke-linecap=&quot;round&quot;
    stroke-linejoin=&quot;round&quot;
    stroke-width=&quot;2&quot;
    style=&quot;margin-right: 6px; vertical-align: middle;&quot;
    viewBox=&quot;0 0 24 24&quot;
    width=&quot;14&quot;
    xmlns=&quot;http://www.w3.org/2000/svg&quot;
  &gt;
    &lt;path
      d=&quot;m8 2 1.88 1.88&quot;
    /&gt;
    &lt;path
      d=&quot;M14.12 3.88 16 2&quot;
    /&gt;
    &lt;path
      d=&quot;M9 7.13v-1a3.003 3.003 0 1 1 6 0v1&quot;
    /&gt;
    &lt;path
      d=&quot;M12 20c-3.3 0-6-2.7-6-6v-3a4 4 0 0 1 4-4h4a4 4 0 0 1 4 4v3c0 3.3-2.7 6-6 6&quot;
    /&gt;
    &lt;path
      d=&quot;M12 20v-9&quot;
    /&gt;
    &lt;path
      d=&quot;M6.53 9C4.6 8.8 3 7.1 3 5&quot;
    /&gt;
    &lt;path
      d=&quot;M6 13H2&quot;
    /&gt;
    &lt;path
      d=&quot;M3 21c0-2.1 1.7-3.9 3.8-4&quot;
    /&gt;
    &lt;path
      d=&quot;M20.97 5c0 2.1-1.6 3.8-3.5 4&quot;
    /&gt;
    &lt;path
      d=&quot;M22 13h-4&quot;
    /&gt;
    &lt;path
      d=&quot;M17.2 17c2.1.1 3.8 1.9 3.8 4&quot;
    /&gt;
  &lt;/svg&gt;
  Error Details (Development Only)
&lt;/summary&gt;

Ignored nodes: comments, script, style
&lt;summary
  style=&quot;cursor: pointer; margin-bottom: 8px; color: rgb(107, 114, 128); font-size: 12px;&quot;
&gt;
  &lt;svg
    aria-hidden=&quot;true&quot;
    class=&quot;lucide lucide-bug&quot;
    fill=&quot;none&quot;
    height=&quot;14&quot;
    stroke=&quot;currentColor&quot;
    stroke-linecap=&quot;round&quot;
    stroke-linejoin=&quot;round&quot;
    stroke-width=&quot;2&quot;
    style=&quot;margin-right: 6px; vertical-align: middle;&quot;
    viewBox=&quot;0 0 24 24&quot;
    width=&quot;14&quot;
    xmlns=&quot;http://www.w3.org/2000/svg&quot;
  &gt;
    &lt;path
      d=&quot;m8 2 1.88 1.88&quot;
    /&gt;
    &lt;path
      d=&quot;M14.12 3.88 16 2&quot;
    /&gt;
    &lt;path
      d=&quot;M9 7.13v-1a3.003 3.003 0 1 1 6 0v1&quot;
    /&gt;
    &lt;path
      d=&quot;M12 20c-3.3 0-6-2.7-6-6v-3a4 4 0 0 1 4-4h4a4 4 0 0 1 4 4v3c0 3.3-2.7 6-6 6&quot;
    /&gt;
    &lt;path
      d=&quot;M12 20v-9&quot;
    /&gt;
    &lt;path
      d=&quot;M6.53 9C4.6 8.8 3 7.1 3 5&quot;
    /&gt;
    &lt;path
      d=&quot;M6 13H2&quot;
    /&gt;
    &lt;path
      d=&quot;M3 21c0-2.1 1.7-3.9 3.8-4&quot;
    /&gt;
    &lt;path
      d=&quot;M20.97 5c0 2.1-1.6 3.8-3.5 4&quot;
    /&gt;
    &lt;path
      d=&quot;M22 13h-4&quot;
    /&gt;
    &lt;path
      d=&quot;M17.2 17c2.1.1 3.8 1.9 3.8 4&quot;
    /&gt;
  &lt;/svg&gt;
  Error Details (Development Only)
&lt;/summary&gt;

Ignored nodes: comments, script, style
&lt;summary
  style=&quot;cursor: pointer; margin-bottom: 8px; color: rgb(107, 114, 128); font-size: 12px;&quot;
&gt;
  &lt;svg
    aria-hidden=&quot;true&quot;
    class=&quot;lucide lucide-bug&quot;
    fill=&quot;none&quot;
    height=&quot;14&quot;
    stroke=&quot;currentColor&quot;
    stroke-linecap=&quot;round&quot;
    stroke-linejoin=&quot;round&quot;
    stroke-width=&quot;2&quot;
    style=&quot;margin-right: 6px; vertical-align: middle;&quot;
    viewBox=&quot;0 0 24 24&quot;
    width=&quot;14&quot;
    xmlns=&quot;http://www.w3.org/2000/svg&quot;
  &gt;
    &lt;path
      d=&quot;m8 2 1.88 1.88&quot;
    /&gt;
    &lt;path
      d=&quot;M14.12 3.88 16 2&quot;
    /&gt;
    &lt;path
      d=&quot;M9 7.13v-1a3.003 3.003 0 1 1 6 0v1&quot;
    /&gt;
    &lt;path
      d=&quot;M12 20c-3.3 0-6-2.7-6-6v-3a4 4 0 0 1 4-4h4a4 4 0 0 1 4 4v3c0 3.3-2.7 6-6 6&quot;
    /&gt;
    &lt;path
      d=&quot;M12 20v-9&quot;
    /&gt;
    &lt;path
      d=&quot;M6.53 9C4.6 8.8 3 7.1 3 5&quot;
    /&gt;
    &lt;path
      d=&quot;M6 13H2&quot;
    /&gt;
    &lt;path
      d=&quot;M3 21c0-2.1 1.7-3.9 3.8-4&quot;
    /&gt;
    &lt;path
      d=&quot;M20.97 5c0 2.1-1.6 3.8-3.5 4&quot;
    /&gt;
    &lt;path
      d=&quot;M22 13h-4&quot;
    /&gt;
    &lt;path
      d=&quot;M17.2 17c2.1.1 3.8 1.9 3.8 4&quot;
    /&gt;
  &lt;/svg&gt;
  Error Details (Development Only)
&lt;/summary&gt;

Ignored nodes: comments, script, style
&lt;summary
  style=&quot;cursor: pointer; margin-bottom: 8px; color: rgb(107, 114, 128); font-size: 12px;&quot;
&gt;
  &lt;svg
    aria-hidden=&quot;true&quot;
    class=&quot;lucide lucide-bug&quot;
    fill=&quot;none&quot;
    height=&quot;14&quot;
    stroke=&quot;currentColor&quot;
    stroke-linecap=&quot;round&quot;
    stroke-linejoin=&quot;round&quot;
    stroke-width=&quot;2&quot;
    style=&quot;margin-right: 6px; vertical-align: middle;&quot;
    viewBox=&quot;0 0 24 24&quot;
    width=&quot;14&quot;
    xmlns=&quot;http://www.w3.org/2000/svg&quot;
  &gt;
    &lt;path
      d=&quot;m8 2 1.88 1.88&quot;
    /&gt;
    &lt;path
      d=&quot;M14.12 3.88 16 2&quot;
    /&gt;
    &lt;path
      d=&quot;M9 7.13v-1a3.003 3.003 0 1 1 6 0v1&quot;
    /&gt;
    &lt;path
      d=&quot;M12 20c-3.3 0-6-2.7-6-6v-3a4 4 0 0 1 4-4h4a4 4 0 0 1 4 4v3c0 3.3-2.7 6-6 6&quot;
    /&gt;
    &lt;path
      d=&quot;M12 20v-9&quot;
    /&gt;
    &lt;path
      d=&quot;M6.53 9C4.6 8.8 3 7.1 3 5&quot;
    /&gt;
    &lt;path
      d=&quot;M6 13H2&quot;
    /&gt;
    &lt;path
      d=&quot;M3 21c0-2.1 1.7-3.9 3.8-4&quot;
    /&gt;
    &lt;path
      d=&quot;M20.97 5c0 2.1-1.6 3.8-3.5 4&quot;
    /&gt;
    &lt;path
      d=&quot;M22 13h-4&quot;
    /&gt;
    &lt;path
      d=&quot;M17.2 17c2.1.1 3.8 1.9 3.8 4&quot;
    /&gt;
  &lt;/svg&gt;
  Error Details (Development Only)
&lt;/summary&gt;

Ignored nodes: comments, script, style
&lt;summary
  style=&quot;cursor: pointer; margin-bottom: 8px; color: rgb(107, 114, 128); font-size: 12px;&quot;
&gt;
  &lt;svg
    aria-hidden=&quot;true&quot;
    class=&quot;lucide lucide-bug&quot;
    fill=&quot;none&quot;
    height=&quot;14&quot;
    stroke=&quot;currentColor&quot;
    stroke-linecap=&quot;round&quot;
    stroke-linejoin=&quot;round&quot;
    stroke-width=&quot;2&quot;
    style=&quot;margin-right: 6px; vertical-align: middle;&quot;
    viewBox=&quot;0 0 24 24&quot;
    width=&quot;14&quot;
    xmlns=&quot;http://www.w3.org/2000/svg&quot;
  &gt;
    &lt;path
      d=&quot;m8 2 1.88 1.88&quot;
    /&gt;
    &lt;path
      d=&quot;M14.12 3.88 16 2&quot;
    /&gt;
    &lt;path
      d=&quot;M9 7.13v-1a3.003 3.003 0 1 1 6 0v1&quot;
    /&gt;
    &lt;path
      d=&quot;M12 20c-3.3 0-6-2.7-6-6v-3a4 4 0 0 1 4-4h4a4 4 0 0 1 4 4v3c0 3.3-2.7 6-6 6&quot;
    /&gt;
    &lt;path
      d=&quot;M12 20v-9&quot;
    /&gt;
    &lt;path
      d=&quot;M6.53 9C4.6 8.8 3 7.1 3 5&quot;
    /&gt;
    &lt;path
      d=&quot;M6 13H2&quot;
    /&gt;
    &lt;path
      d=&quot;M3 21c0-2.1 1.7-3.9 3.8-4&quot;
    /&gt;
    &lt;path
      d=&quot;M20.97 5c0 2.1-1.6 3.8-3.5 4&quot;
    /&gt;
    &lt;path
      d=&quot;M22 13h-4&quot;
    /&gt;
    &lt;path
      d=&quot;M17.2 17c2.1.1 3.8 1.9 3.8 4&quot;
    /&gt;
  &lt;/svg&gt;
  Error Details (Development Only)
&lt;/summary&gt;

Ignored nodes: comments, script, style
&lt;summary
  style=&quot;cursor: pointer; margin-bottom: 8px; color: rgb(107, 114, 128); font-size: 12px;&quot;
&gt;
  &lt;svg
    aria-hidden=&quot;true&quot;
    class=&quot;lucide lucide-bug&quot;
    fill=&quot;none&quot;
    height=&quot;14&quot;
    stroke=&quot;currentColor&quot;
    stroke-linecap=&quot;round&quot;
    stroke-linejoin=&quot;round&quot;
    stroke-width=&quot;2&quot;
    style=&quot;margin-right: 6px; vertical-align: middle;&quot;
    viewBox=&quot;0 0 24 24&quot;
    width=&quot;14&quot;
    xmlns=&quot;http://www.w3.org/2000/svg&quot;
  &gt;
    &lt;path
      d=&quot;m8 2 1.88 1.88&quot;
    /&gt;
    &lt;path
      d=&quot;M14.12 3.88 16 2&quot;
    /&gt;
    &lt;path
      d=&quot;M9 7.13v-1a3.003 3.003 0 1 1 6 0v1&quot;
    /&gt;
    &lt;path
      d=&quot;M12 20c-3.3 0-6-2.7-6-6v-3a4 4 0 0 1 4-4h4a4 4 0 0 1 4 4v3c0 3.3-2.7 6-6 6&quot;
    /&gt;
    &lt;path
      d=&quot;M12 20v-9&quot;
    /&gt;
    &lt;path
      d=&quot;M6.53 9C4.6 8.8 3 7.1 3 5&quot;
    /&gt;
    &lt;path
      d=&quot;M6 13H2&quot;
    /&gt;
    &lt;path
      d=&quot;M3 21c0-2.1 1.7-3.9 3.8-4&quot;
    /&gt;
    &lt;path
      d=&quot;M20.97 5c0 2.1-1.6 3.8-3.5 4&quot;
    /&gt;
    &lt;path
      d=&quot;M22 13h-4&quot;
    /&gt;
    &lt;path
      d=&quot;M17.2 17c2.1.1 3.8 1.9 3.8 4&quot;
    /&gt;
  &lt;/svg&gt;
  Error Details (Development Only)
&lt;/summary&gt;

Ignored nodes: comments, script, style
&lt;summary
  style=&quot;cursor: pointer; margin-bottom: 8px; color: rgb(107, 114, 128); font-size: 12px;&quot;
&gt;
  &lt;svg
    aria-hidden=&quot;true&quot;
    class=&quot;lucide lucide-bug&quot;
    fill=&quot;none&quot;
    height=&quot;14&quot;
    stroke=&quot;currentColor&quot;
    stroke-linecap=&quot;round&quot;
    stroke-linejoin=&quot;round&quot;
    stroke-width=&quot;2&quot;
    style=&quot;margin-right: 6px; vertical-align: middle;&quot;
    viewBox=&quot;0 0 24 24&quot;
    width=&quot;14&quot;
    xmlns=&quot;http://www.w3.org/2000/svg&quot;
  &gt;
    &lt;path
      d=&quot;m8 2 1.88 1.88&quot;
    /&gt;
    &lt;path
      d=&quot;M14.12 3.88 16 2&quot;
    /&gt;
    &lt;path
      d=&quot;M9 7.13v-1a3.003 3.003 0 1 1 6 0v1&quot;
    /&gt;
    &lt;path
      d=&quot;M12 20c-3.3 0-6-2.7-6-6v-3a4 4 0 0 1 4-4h4a4 4 0 0 1 4 4v3c0 3.3-2.7 6-6 6&quot;
    /&gt;
    &lt;path
      d=&quot;M12 20v-9&quot;
    /&gt;
    &lt;path
      d=&quot;M6.53 9C4.6 8.8 3 7.1 3 5&quot;
    /&gt;
    &lt;path
      d=&quot;M6 13H2&quot;
    /&gt;
    &lt;path
      d=&quot;M3 21c0-2.1 1.7-3.9 3.8-4&quot;
    /&gt;
    &lt;path
      d=&quot;M20.97 5c0 2.1-1.6 3.8-3.5 4&quot;
    /&gt;
    &lt;path
      d=&quot;M22 13h-4&quot;
    /&gt;
    &lt;path
      d=&quot;M17.2 17c2.1.1 3.8 1.9 3.8 4&quot;
    /&gt;
  &lt;/svg&gt;
  Error Details (Development Only)
&lt;/summary&gt;

Ignored nodes: comments, script, style
&lt;summary
  style=&quot;cursor: pointer; margin-bottom: 8px; color: rgb(107, 114, 128); font-size: 12px;&quot;
&gt;
  &lt;svg
    aria-hidden=&quot;true&quot;
    class=&quot;lucide lucide-bug&quot;
    fill=&quot;none&quot;
    height=&quot;14&quot;
    stroke=&quot;currentColor&quot;
    stroke-linecap=&quot;round&quot;
    stroke-linejoin=&quot;round&quot;
    stroke-width=&quot;2&quot;
    style=&quot;margin-right: 6px; vertical-align: middle;&quot;
    viewBox=&quot;0 0 24 24&quot;
    width=&quot;14&quot;
    xmlns=&quot;http://www.w3.org/2000/svg&quot;
  &gt;
    &lt;path
      d=&quot;m8 2 1.88 1.88&quot;
    /&gt;
    &lt;path
      d=&quot;M14.12 3.88 16 2&quot;
    /&gt;
    &lt;path
      d=&quot;M9 7.13v-1a3.003 3.003 0 1 1 6 0v1&quot;
    /&gt;
    &lt;path
      d=&quot;M12 20c-3.3 0-6-2.7-6-6v-3a4 4 0 0 1 4-4h4a4 4 0 0 1 4 4v3c0 3.3-2.7 6-6 6&quot;
    /&gt;
    &lt;path
      d=&quot;M12 20v-9&quot;
    /&gt;
    &lt;path
      d=&quot;M6.53 9C4.6 8.8 3 7.1 3 5&quot;
    /&gt;
    &lt;path
      d=&quot;M6 13H2&quot;
    /&gt;
    &lt;path
      d=&quot;M3 21c0-2.1 1.7-3.9 3.8-4&quot;
    /&gt;
    &lt;path
      d=&quot;M20.97 5c0 2.1-1.6 3.8-3.5 4&quot;
    /&gt;
    &lt;path
      d=&quot;M22 13h-4&quot;
    /&gt;
    &lt;path
      d=&quot;M17.2 17c2.1.1 3.8 1.9 3.8 4&quot;
    /&gt;
  &lt;/svg&gt;
  Error Details (Development Only)
&lt;/summary&gt;

Ignored nodes: comments, script, style
&lt;summary
  style=&quot;cursor: pointer; margin-bottom: 8px; color: rgb(156, 163, 175); font-size: 12px;&quot;
&gt;
  &lt;svg
    aria-hidden=&quot;true&quot;
    class=&quot;lucide lucide-bug&quot;
    fill=&quot;none&quot;
    height=&quot;14&quot;
    stroke=&quot;currentColor&quot;
    stroke-linecap=&quot;round&quot;
    stroke-linejoin=&quot;round&quot;
    stroke-width=&quot;2&quot;
    style=&quot;margin-right: 6px; vertical-align: middle;&quot;
    viewBox=&quot;0 0 24 24&quot;
    width=&quot;14&quot;
    xmlns=&quot;http://www.w3.org/2000/svg&quot;
  &gt;
    &lt;path
      d=&quot;m8 2 1.88 1.88&quot;
    /&gt;
    &lt;path
      d=&quot;M14.12 3.88 16 2&quot;
    /&gt;
    &lt;path
      d=&quot;M9 7.13v-1a3.003 3.003 0 1 1 6 0v1&quot;
    /&gt;
    &lt;path
      d=&quot;M12 20c-3.3 0-6-2.7-6-6v-3a4 4 0 0 1 4-4h4a4 4 0 0 1 4 4v3c0 3.3-2.7 6-6 6&quot;
    /&gt;
    &lt;path
      d=&quot;M12 20v-9&quot;
    /&gt;
    &lt;path
      d=&quot;M6.53 9C4.6 8.8 3 7.1 3 5&quot;
    /&gt;
    &lt;path
      d=&quot;M6 13H2&quot;
    /&gt;
    &lt;path
      d=&quot;M3 21c0-2.1 1.7-3.9 3.8-4&quot;
    /&gt;
    &lt;path
      d=&quot;M20.97 5c0 2.1-1.6 3.8-3.5 4&quot;
    /&gt;
    &lt;path
      d=&quot;M22 13h-4&quot;
    /&gt;
    &lt;path
      d=&quot;M17.2 17c2.1.1 3.8 1.9 3.8 4&quot;
    /&gt;
  &lt;/svg&gt;
  Error Details (Development Only)
&lt;/summary&gt;

Ignored nodes: comments, script, style
&lt;summary
  style=&quot;cursor: pointer; margin-bottom: 8px; color: rgb(107, 114, 128); font-size: 12px;&quot;
&gt;
  &lt;svg
    aria-hidden=&quot;true&quot;
    class=&quot;lucide lucide-bug&quot;
    fill=&quot;none&quot;
    height=&quot;14&quot;
    stroke=&quot;currentColor&quot;
    stroke-linecap=&quot;round&quot;
    stroke-linejoin=&quot;round&quot;
    stroke-width=&quot;2&quot;
    style=&quot;margin-right: 6px; vertical-align: middle;&quot;
    viewBox=&quot;0 0 24 24&quot;
    width=&quot;14&quot;
    xmlns=&quot;http://www.w3.org/2000/svg&quot;
  &gt;
    &lt;path
      d=&quot;m8 2 1.88 1.88&quot;
    /&gt;
    &lt;path
      d=&quot;M14.12 3.88 16 2&quot;
    /&gt;
    &lt;path
      d=&quot;M9 7.13v-1a3.003 3.003 0 1 1 6 0v1&quot;
    /&gt;
    &lt;path
      d=&quot;M12 20c-3.3 0-6-2.7-6-6v-3a4 4 0 0 1 4-4h4a4 4 0 0 1 4 4v3c0 3.3-2.7 6-6 6&quot;
    /&gt;
    &lt;path
      d=&quot;M12 20v-9&quot;
    /&gt;
    &lt;path
      d=&quot;M6.53 9C4.6 8.8 3 7.1 3 5&quot;
    /&gt;
    &lt;path
      d=&quot;M6 13H2&quot;
    /&gt;
    &lt;path
      d=&quot;M3 21c0-2.1 1.7-3.9 3.8-4&quot;
    /&gt;
    &lt;path
      d=&quot;M20.97 5c0 2.1-1.6 3.8-3.5 4&quot;
    /&gt;
    &lt;path
      d=&quot;M22 13h-4&quot;
    /&gt;
    &lt;path
      d=&quot;M17.2 17c2.1.1 3.8 1.9 3.8 4&quot;
    /&gt;
  &lt;/svg&gt;
  Error Details (Development Only)
&lt;/summary&gt;

Ignored nodes: comments, script, style
&lt;summary
  style=&quot;cursor: pointer; margin-bottom: 8px; color: rgb(107, 114, 128); font-size: 12px;&quot;
&gt;
  &lt;svg
    aria-hidden=&quot;true&quot;
    class=&quot;lucide lucide-bug&quot;
    fill=&quot;none&quot;
    height=&quot;14&quot;
    stroke=&quot;currentColor&quot;
    stroke-linecap=&quot;round&quot;
    stroke-linejoin=&quot;round&quot;
    stroke-width=&quot;2&quot;
    style=&quot;margin-right: 6px; vertical-align: middle;&quot;
    viewBox=&quot;0 0 24 24&quot;
    width=&quot;14&quot;
    xmlns=&quot;http://www.w3.org/2000/svg&quot;
  &gt;
    &lt;path
      d=&quot;m8 2 1.88 1.88&quot;
    /&gt;
    &lt;path
      d=&quot;M14.12 3.88 16 2&quot;
    /&gt;
    &lt;path
      d=&quot;M9 7.13v-1a3.003 3.003 0 1 1 6 0v1&quot;
    /&gt;
    &lt;path
      d=&quot;M12 20c-3.3 0-6-2.7-6-6v-3a4 4 0 0 1 4-4h4a4 4 0 0 1 4 4v3c0 3.3-2.7 6-6 6&quot;
    /&gt;
    &lt;path
      d=&quot;M12 20v-9&quot;
    /&gt;
    &lt;path
      d=&quot;M6.53 9C4.6 8.8 3 7.1 3 5&quot;
    /&gt;
    &lt;path
      d=&quot;M6 13H2&quot;
    /&gt;
    &lt;path
      d=&quot;M3 21c0-2.1 1.7-3.9 3.8-4&quot;
    /&gt;
    &lt;path
      d=&quot;M20.97 5c0 2.1-1.6 3.8-3.5 4&quot;
    /&gt;
    &lt;path
      d=&quot;M22 13h-4&quot;
    /&gt;
    &lt;path
      d=&quot;M17.2 17c2.1.1 3.8 1.9 3.8 4&quot;
    /&gt;
  &lt;/svg&gt;
  Error Details (Development Only)
&lt;/summary&gt;

(If this is intentional, then use the `*AllBy*` variant of the query (like `queryAllByText`, `getAllByText`, or `findAllByText`)).

Ignored nodes: comments, script, style
&lt;body&gt;
  &lt;div&gt;
    &lt;div
      data-testid=&quot;test-content&quot;
    &gt;
      Test content
    &lt;/div&gt;
  &lt;/div&gt;
  &lt;div&gt;
    &lt;div
      style=&quot;min-height: 400px; background: rgb(245, 245, 245); display: flex; align-items: center; justify-content: center; padding: 32px; border-radius: 8px;&quot;
    &gt;
      &lt;div
        style=&quot;max-width: 600px; width: 100%; text-align: center; background: rgba(255, 255, 255, 0.9); border-radius: 16px; padding: 32px; border: 1px solid rgb(229, 231, 235); box-shadow: 0 4px 6px rgba(0, 0, 0, 0.1);&quot;
      &gt;
        &lt;svg
          aria-hidden=&quot;true&quot;
          class=&quot;lucide lucide-circle-alert&quot;
          fill=&quot;none&quot;
          height=&quot;48&quot;
          stroke=&quot;currentColor&quot;
          stroke-linecap=&quot;round&quot;
          stroke-linejoin=&quot;round&quot;
          stroke-width=&quot;2&quot;
          style=&quot;color: rgb(239, 68, 68); margin-bottom: 16px;&quot;
          viewBox=&quot;0 0 24 24&quot;
          width=&quot;48&quot;
          xmlns=&quot;http://www.w3.org/2000/svg&quot;
        &gt;
          &lt;circle
            cx=&quot;12&quot;
            cy=&quot;12&quot;
            r=&quot;10&quot;
          /&gt;
          &lt;line
            x1=&quot;12&quot;
            x2=&quot;12&quot;
            y1=&quot;8&quot;
            y2=&quot;12&quot;
          /&gt;
          &lt;line
            x1=&quot;12&quot;
            x2=&quot;12.01&quot;
            y1=&quot;16&quot;
            y2=&quot;16&quot;
          /&gt;
        &lt;/svg&gt;
        &lt;h3
          style=&quot;font-size: 20px; font-weight: bold; margin-bottom: 8px; color: rgb(31, 41, 55);&quot;
        &gt;
          Network Connection Issue
        &lt;/h3&gt;
        &lt;p
          style=&quot;font-size: 14px; margin-bottom: 20px; color: rgb(107, 114, 128); line-height: 1.5;&quot;
        &gt;
          Check your internet connection and try again. If the problem persists, contact your network administrator.
        &lt;/p&gt;
        &lt;details
          style=&quot;text-align: left; margin-bottom: 20px; background: rgba(0, 0, 0, 0.05); padding: 12px; border-radius: 6px; font-size: 12px;&quot;
        &gt;
          &lt;summary
            style=&quot;cursor: pointer; margin-bottom: 8px; color: rgb(107, 114, 128); font-size: 12px;&quot;
          &gt;
            &lt;svg
              aria-hidden=&quot;true&quot;
              class=&quot;lucide lucide-bug&quot;
              fill=&quot;none&quot;
              height=&quot;14&quot;
              stroke=&quot;currentColor&quot;
              stroke-linecap=&quot;round&quot;
              stroke-linejoin=&quot;round&quot;
              stroke-width=&quot;2&quot;
              style=&quot;margin-right: 6px; vertical-align: middle;&quot;
              viewBox=&quot;0 0 24 24&quot;
              width=&quot;14&quot;
              xmlns=&quot;http://www.w3.org/2000/svg&quot;
            &gt;
              &lt;path
                d=&quot;m8 2 1.88 1.88&quot;
              /&gt;
              &lt;path
                d=&quot;M14.12 3.88 16 2&quot;
              /&gt;
              &lt;path
                d=&quot;M9 7.13v-1a3.003 3.003 0 1 1 6 0v1&quot;
              /&gt;
              &lt;path
                d=&quot;M12 20c-3.3 0-6-2.7-6-6v-3a4 4 0 0 1 4-4h4a4 4 0 0 1 4 4v3c0 3.3-2.7 6-6 6&quot;
              /&gt;
              &lt;path
                d=&quot;M12 20v-9&quot;
              /&gt;
              &lt;path
                d=&quot;M6.53 9C4.6 8.8 3 7.1 3 5&quot;
              /&gt;
              &lt;path
                d=&quot;M6 13H2&quot;
              /&gt;
              &lt;path
                d=&quot;M3 21c0-2.1 1.7-3.9 3.8-4&quot;
              /&gt;
              &lt;path
                d=&quot;M20.97 5c0 2.1-1.6 3.8-3.5 4&quot;
              /&gt;
              &lt;path
                d=&quot;M22 13h-4&quot;
              /&gt;
              &lt;path
                d=&quot;M17.2 17c2.1.1 3.8 1.9 3.8 4&quot;
              /&gt;
            &lt;/svg&gt;
            Error Details (Development Only)
          &lt;/summary&gt;
          &lt;div
            style=&quot;font-family: monospace; color: rgb(75, 85, 99); word-break: break-word;&quot;
          &gt;
            &lt;strong&gt;
              Type:
            &lt;/strong&gt;
             
            NETWORK
            &lt;br /&gt;
            &lt;strong&gt;
              Code:
            &lt;/strong&gt;
             
            NETWORK_ERROR
            &lt;br /&gt;
            &lt;strong&gt;
              Message:
            &lt;/strong&gt;
             
            Test error message
            &lt;br /&gt;
            &lt;strong&gt;
              Stack:
            &lt;/strong&gt;
            &lt;pre
              style=&quot;white-space: pre-wrap; word-break: break-word; margin: 4px 0px 0px 0px; font-size: 10px;&quot;
            &gt;
              AppError: Test error message
    at ThrowErrorComponent (/home/ilya/projects/SimpleAdminReporter/frontend/src/components/query/__tests__/QueryPreviewErrorBoundary.test.tsx:59:19)
    at Object.react_stack_bottom_frame (/home/ilya/projects/SimpleAdminReporter/frontend/node_modules/react-dom/cjs/react-dom-client.development.js:23863:20)
    at renderWithHooks (/home/ilya/projects/SimpleAdminReporter/frontend/node_modules/react-dom/cjs/react-dom-client.development.js:5529:22)
    at updateFunctionComponent (/home/ilya/projects/SimpleAdminReporter/frontend/node_modules/react-dom/cjs/react-dom-client.development.js:8897:19)
    at beginWork (/home/ilya/projects/SimpleAdminReporter/frontend/node_modules/react-dom/cjs/react-dom-client.development.js:10522:18)
    at runWithFiberInDEV (/home/ilya/projects/SimpleAdminReporter/frontend/node_modules/react-dom/cjs/react-dom-client.development.js:1522:13...
 ❯ ThrowErrorComponent src/components/query/__tests__/QueryPreviewErrorBoundary.test.tsx:59:19
 ❯ Object.react_stack_bottom_frame node_modules/react-dom/cjs/react-dom-client.development.js:23863:20
 ❯ renderWithHooks node_modules/react-dom/cjs/react-dom-client.development.js:5529:22
 ❯ updateFunctionComponent node_modules/react-dom/cjs/react-dom-client.development.js:8897:19
 ❯ beginWork node_modules/react-dom/cjs/react-dom-client.development.js:10522:18
 ❯ Object.getElementError node_modules/@testing-library/dom/dist/config.js:37:19
 ❯ getElementError node_modules/@testing-library/dom/dist/query-helpers.js:20:35
 ❯ getMultipleElementsFoundError node_modules/@testing-library/dom/dist/query-helpers.js:23:10
 ❯ node_modules/@testing-library/dom/dist/query-helpers.js:55:13
 ❯ node_modules/@testing-library/dom/dist/query-helpers.js:95:19
 ❯ src/components/query/__tests__/QueryPreviewErrorBoundary.test.tsx:566:21
            </failure>
            <failure message="Cannot delete property &apos;gtag&apos; of #&lt;Object&gt;" type="TypeError">
TypeError: Cannot delete property &apos;gtag&apos; of #&lt;Object&gt;
 ❯ src/components/query/__tests__/QueryPreviewErrorBoundary.test.tsx:49:3
            </failure>
        </testcase>
        <testcase classname="src/components/query/__tests__/QueryPreviewErrorBoundary.test.tsx" name="QueryPreviewErrorBoundary &gt; Development Mode Features &gt; displays error stack trace in development mode" time="0.209232164">
            <failure message="Found multiple elements with the text: Error Details (Development Only)

Here are the matching elements:

Ignored nodes: comments, script, style
[36m&lt;summary[39m
  [33mstyle[39m=[32m&quot;cursor: pointer; margin-bottom: 8px; color: rgb(107, 114, 128); font-size: 12px;&quot;[39m
[36m&gt;[39m
  [36m&lt;svg[39m
    [33maria-hidden[39m=[32m&quot;true&quot;[39m
    [33mclass[39m=[32m&quot;lucide lucide-bug&quot;[39m
    [33mfill[39m=[32m&quot;none&quot;[39m
    [33mheight[39m=[32m&quot;14&quot;[39m
    [33mstroke[39m=[32m&quot;currentColor&quot;[39m
    [33mstroke-linecap[39m=[32m&quot;round&quot;[39m
    [33mstroke-linejoin[39m=[32m&quot;round&quot;[39m
    [33mstroke-width[39m=[32m&quot;2&quot;[39m
    [33mstyle[39m=[32m&quot;margin-right: 6px; vertical-align: middle;&quot;[39m
    [33mviewBox[39m=[32m&quot;0 0 24 24&quot;[39m
    [33mwidth[39m=[32m&quot;14&quot;[39m
    [33mxmlns[39m=[32m&quot;http://www.w3.org/2000/svg&quot;[39m
  [36m&gt;[39m
    [36m&lt;path[39m
      [33md[39m=[32m&quot;m8 2 1.88 1.88&quot;[39m
    [36m/&gt;[39m
    [36m&lt;path[39m
      [33md[39m=[32m&quot;M14.12 3.88 16 2&quot;[39m
    [36m/&gt;[39m
    [36m&lt;path[39m
      [33md[39m=[32m&quot;M9 7.13v-1a3.003 3.003 0 1 1 6 0v1&quot;[39m
    [36m/&gt;[39m
    [36m&lt;path[39m
      [33md[39m=[32m&quot;M12 20c-3.3 0-6-2.7-6-6v-3a4 4 0 0 1 4-4h4a4 4 0 0 1 4 4v3c0 3.3-2.7 6-6 6&quot;[39m
    [36m/&gt;[39m
    [36m&lt;path[39m
      [33md[39m=[32m&quot;M12 20v-9&quot;[39m
    [36m/&gt;[39m
    [36m&lt;path[39m
      [33md[39m=[32m&quot;M6.53 9C4.6 8.8 3 7.1 3 5&quot;[39m
    [36m/&gt;[39m
    [36m&lt;path[39m
      [33md[39m=[32m&quot;M6 13H2&quot;[39m
    [36m/&gt;[39m
    [36m&lt;path[39m
      [33md[39m=[32m&quot;M3 21c0-2.1 1.7-3.9 3.8-4&quot;[39m
    [36m/&gt;[39m
    [36m&lt;path[39m
      [33md[39m=[32m&quot;M20.97 5c0 2.1-1.6 3.8-3.5 4&quot;[39m
    [36m/&gt;[39m
    [36m&lt;path[39m
      [33md[39m=[32m&quot;M22 13h-4&quot;[39m
    [36m/&gt;[39m
    [36m&lt;path[39m
      [33md[39m=[32m&quot;M17.2 17c2.1.1 3.8 1.9 3.8 4&quot;[39m
    [36m/&gt;[39m
  [36m&lt;/svg&gt;[39m
  [0mError Details (Development Only)[0m
[36m&lt;/summary&gt;[39m

Ignored nodes: comments, script, style
[36m&lt;summary[39m
  [33mstyle[39m=[32m&quot;cursor: pointer; margin-bottom: 8px; color: rgb(107, 114, 128); font-size: 12px;&quot;[39m
[36m&gt;[39m
  [36m&lt;svg[39m
    [33maria-hidden[39m=[32m&quot;true&quot;[39m
    [33mclass[39m=[32m&quot;lucide lucide-bug&quot;[39m
    [33mfill[39m=[32m&quot;none&quot;[39m
    [33mheight[39m=[32m&quot;14&quot;[39m
    [33mstroke[39m=[32m&quot;currentColor&quot;[39m
    [33mstroke-linecap[39m=[32m&quot;round&quot;[39m
    [33mstroke-linejoin[39m=[32m&quot;round&quot;[39m
    [33mstroke-width[39m=[32m&quot;2&quot;[39m
    [33mstyle[39m=[32m&quot;margin-right: 6px; vertical-align: middle;&quot;[39m
    [33mviewBox[39m=[32m&quot;0 0 24 24&quot;[39m
    [33mwidth[39m=[32m&quot;14&quot;[39m
    [33mxmlns[39m=[32m&quot;http://www.w3.org/2000/svg&quot;[39m
  [36m&gt;[39m
    [36m&lt;path[39m
      [33md[39m=[32m&quot;m8 2 1.88 1.88&quot;[39m
    [36m/&gt;[39m
    [36m&lt;path[39m
      [33md[39m=[32m&quot;M14.12 3.88 16 2&quot;[39m
    [36m/&gt;[39m
    [36m&lt;path[39m
      [33md[39m=[32m&quot;M9 7.13v-1a3.003 3.003 0 1 1 6 0v1&quot;[39m
    [36m/&gt;[39m
    [36m&lt;path[39m
      [33md[39m=[32m&quot;M12 20c-3.3 0-6-2.7-6-6v-3a4 4 0 0 1 4-4h4a4 4 0 0 1 4 4v3c0 3.3-2.7 6-6 6&quot;[39m
    [36m/&gt;[39m
    [36m&lt;path[39m
      [33md[39m=[32m&quot;M12 20v-9&quot;[39m
    [36m/&gt;[39m
    [36m&lt;path[39m
      [33md[39m=[32m&quot;M6.53 9C4.6 8.8 3 7.1 3 5&quot;[39m
    [36m/&gt;[39m
    [36m&lt;path[39m
      [33md[39m=[32m&quot;M6 13H2&quot;[39m
    [36m/&gt;[39m
    [36m&lt;path[39m
      [33md[39m=[32m&quot;M3 21c0-2.1 1.7-3.9 3.8-4&quot;[39m
    [36m/&gt;[39m
    [36m&lt;path[39m
      [33md[39m=[32m&quot;M20.97 5c0 2.1-1.6 3.8-3.5 4&quot;[39m
    [36m/&gt;[39m
    [36m&lt;path[39m
      [33md[39m=[32m&quot;M22 13h-4&quot;[39m
    [36m/&gt;[39m
    [36m&lt;path[39m
      [33md[39m=[32m&quot;M17.2 17c2.1.1 3.8 1.9 3.8 4&quot;[39m
    [36m/&gt;[39m
  [36m&lt;/svg&gt;[39m
  [0mError Details (Development Only)[0m
[36m&lt;/summary&gt;[39m

Ignored nodes: comments, script, style
[36m&lt;summary[39m
  [33mstyle[39m=[32m&quot;cursor: pointer; margin-bottom: 8px; color: rgb(107, 114, 128); font-size: 12px;&quot;[39m
[36m&gt;[39m
  [36m&lt;svg[39m
    [33maria-hidden[39m=[32m&quot;true&quot;[39m
    [33mclass[39m=[32m&quot;lucide lucide-bug&quot;[39m
    [33mfill[39m=[32m&quot;none&quot;[39m
    [33mheight[39m=[32m&quot;14&quot;[39m
    [33mstroke[39m=[32m&quot;currentColor&quot;[39m
    [33mstroke-linecap[39m=[32m&quot;round&quot;[39m
    [33mstroke-linejoin[39m=[32m&quot;round&quot;[39m
    [33mstroke-width[39m=[32m&quot;2&quot;[39m
    [33mstyle[39m=[32m&quot;margin-right: 6px; vertical-align: middle;&quot;[39m
    [33mviewBox[39m=[32m&quot;0 0 24 24&quot;[39m
    [33mwidth[39m=[32m&quot;14&quot;[39m
    [33mxmlns[39m=[32m&quot;http://www.w3.org/2000/svg&quot;[39m
  [36m&gt;[39m
    [36m&lt;path[39m
      [33md[39m=[32m&quot;m8 2 1.88 1.88&quot;[39m
    [36m/&gt;[39m
    [36m&lt;path[39m
      [33md[39m=[32m&quot;M14.12 3.88 16 2&quot;[39m
    [36m/&gt;[39m
    [36m&lt;path[39m
      [33md[39m=[32m&quot;M9 7.13v-1a3.003 3.003 0 1 1 6 0v1&quot;[39m
    [36m/&gt;[39m
    [36m&lt;path[39m
      [33md[39m=[32m&quot;M12 20c-3.3 0-6-2.7-6-6v-3a4 4 0 0 1 4-4h4a4 4 0 0 1 4 4v3c0 3.3-2.7 6-6 6&quot;[39m
    [36m/&gt;[39m
    [36m&lt;path[39m
      [33md[39m=[32m&quot;M12 20v-9&quot;[39m
    [36m/&gt;[39m
    [36m&lt;path[39m
      [33md[39m=[32m&quot;M6.53 9C4.6 8.8 3 7.1 3 5&quot;[39m
    [36m/&gt;[39m
    [36m&lt;path[39m
      [33md[39m=[32m&quot;M6 13H2&quot;[39m
    [36m/&gt;[39m
    [36m&lt;path[39m
      [33md[39m=[32m&quot;M3 21c0-2.1 1.7-3.9 3.8-4&quot;[39m
    [36m/&gt;[39m
    [36m&lt;path[39m
      [33md[39m=[32m&quot;M20.97 5c0 2.1-1.6 3.8-3.5 4&quot;[39m
    [36m/&gt;[39m
    [36m&lt;path[39m
      [33md[39m=[32m&quot;M22 13h-4&quot;[39m
    [36m/&gt;[39m
    [36m&lt;path[39m
      [33md[39m=[32m&quot;M17.2 17c2.1.1 3.8 1.9 3.8 4&quot;[39m
    [36m/&gt;[39m
  [36m&lt;/svg&gt;[39m
  [0mError Details (Development Only)[0m
[36m&lt;/summary&gt;[39m

Ignored nodes: comments, script, style
[36m&lt;summary[39m
  [33mstyle[39m=[32m&quot;cursor: pointer; margin-bottom: 8px; color: rgb(107, 114, 128); font-size: 12px;&quot;[39m
[36m&gt;[39m
  [36m&lt;svg[39m
    [33maria-hidden[39m=[32m&quot;true&quot;[39m
    [33mclass[39m=[32m&quot;lucide lucide-bug&quot;[39m
    [33mfill[39m=[32m&quot;none&quot;[39m
    [33mheight[39m=[32m&quot;14&quot;[39m
    [33mstroke[39m=[32m&quot;currentColor&quot;[39m
    [33mstroke-linecap[39m=[32m&quot;round&quot;[39m
    [33mstroke-linejoin[39m=[32m&quot;round&quot;[39m
    [33mstroke-width[39m=[32m&quot;2&quot;[39m
    [33mstyle[39m=[32m&quot;margin-right: 6px; vertical-align: middle;&quot;[39m
    [33mviewBox[39m=[32m&quot;0 0 24 24&quot;[39m
    [33mwidth[39m=[32m&quot;14&quot;[39m
    [33mxmlns[39m=[32m&quot;http://www.w3.org/2000/svg&quot;[39m
  [36m&gt;[39m
    [36m&lt;path[39m
      [33md[39m=[32m&quot;m8 2 1.88 1.88&quot;[39m
    [36m/&gt;[39m
    [36m&lt;path[39m
      [33md[39m=[32m&quot;M14.12 3.88 16 2&quot;[39m
    [36m/&gt;[39m
    [36m&lt;path[39m
      [33md[39m=[32m&quot;M9 7.13v-1a3.003 3.003 0 1 1 6 0v1&quot;[39m
    [36m/&gt;[39m
    [36m&lt;path[39m
      [33md[39m=[32m&quot;M12 20c-3.3 0-6-2.7-6-6v-3a4 4 0 0 1 4-4h4a4 4 0 0 1 4 4v3c0 3.3-2.7 6-6 6&quot;[39m
    [36m/&gt;[39m
    [36m&lt;path[39m
      [33md[39m=[32m&quot;M12 20v-9&quot;[39m
    [36m/&gt;[39m
    [36m&lt;path[39m
      [33md[39m=[32m&quot;M6.53 9C4.6 8.8 3 7.1 3 5&quot;[39m
    [36m/&gt;[39m
    [36m&lt;path[39m
      [33md[39m=[32m&quot;M6 13H2&quot;[39m
    [36m/&gt;[39m
    [36m&lt;path[39m
      [33md[39m=[32m&quot;M3 21c0-2.1 1.7-3.9 3.8-4&quot;[39m
    [36m/&gt;[39m
    [36m&lt;path[39m
      [33md[39m=[32m&quot;M20.97 5c0 2.1-1.6 3.8-3.5 4&quot;[39m
    [36m/&gt;[39m
    [36m&lt;path[39m
      [33md[39m=[32m&quot;M22 13h-4&quot;[39m
    [36m/&gt;[39m
    [36m&lt;path[39m
      [33md[39m=[32m&quot;M17.2 17c2.1.1 3.8 1.9 3.8 4&quot;[39m
    [36m/&gt;[39m
  [36m&lt;/svg&gt;[39m
  [0mError Details (Development Only)[0m
[36m&lt;/summary&gt;[39m

Ignored nodes: comments, script, style
[36m&lt;summary[39m
  [33mstyle[39m=[32m&quot;cursor: pointer; margin-bottom: 8px; color: rgb(107, 114, 128); font-size: 12px;&quot;[39m
[36m&gt;[39m
  [36m&lt;svg[39m
    [33maria-hidden[39m=[32m&quot;true&quot;[39m
    [33mclass[39m=[32m&quot;lucide lucide-bug&quot;[39m
    [33mfill[39m=[32m&quot;none&quot;[39m
    [33mheight[39m=[32m&quot;14&quot;[39m
    [33mstroke[39m=[32m&quot;currentColor&quot;[39m
    [33mstroke-linecap[39m=[32m&quot;round&quot;[39m
    [33mstroke-linejoin[39m=[32m&quot;round&quot;[39m
    [33mstroke-width[39m=[32m&quot;2&quot;[39m
    [33mstyle[39m=[32m&quot;margin-right: 6px; vertical-align: middle;&quot;[39m
    [33mviewBox[39m=[32m&quot;0 0 24 24&quot;[39m
    [33mwidth[39m=[32m&quot;14&quot;[39m
    [33mxmlns[39m=[32m&quot;http://www.w3.org/2000/svg&quot;[39m
  [36m&gt;[39m
    [36m&lt;path[39m
      [33md[39m=[32m&quot;m8 2 1.88 1.88&quot;[39m
    [36m/&gt;[39m
    [36m&lt;path[39m
      [33md[39m=[32m&quot;M14.12 3.88 16 2&quot;[39m
    [36m/&gt;[39m
    [36m&lt;path[39m
      [33md[39m=[32m&quot;M9 7.13v-1a3.003 3.003 0 1 1 6 0v1&quot;[39m
    [36m/&gt;[39m
    [36m&lt;path[39m
      [33md[39m=[32m&quot;M12 20c-3.3 0-6-2.7-6-6v-3a4 4 0 0 1 4-4h4a4 4 0 0 1 4 4v3c0 3.3-2.7 6-6 6&quot;[39m
    [36m/&gt;[39m
    [36m&lt;path[39m
      [33md[39m=[32m&quot;M12 20v-9&quot;[39m
    [36m/&gt;[39m
    [36m&lt;path[39m
      [33md[39m=[32m&quot;M6.53 9C4.6 8.8 3 7.1 3 5&quot;[39m
    [36m/&gt;[39m
    [36m&lt;path[39m
      [33md[39m=[32m&quot;M6 13H2&quot;[39m
    [36m/&gt;[39m
    [36m&lt;path[39m
      [33md[39m=[32m&quot;M3 21c0-2.1 1.7-3.9 3.8-4&quot;[39m
    [36m/&gt;[39m
    [36m&lt;path[39m
      [33md[39m=[32m&quot;M20.97 5c0 2.1-1.6 3.8-3.5 4&quot;[39m
    [36m/&gt;[39m
    [36m&lt;path[39m
      [33md[39m=[32m&quot;M22 13h-4&quot;[39m
    [36m/&gt;[39m
    [36m&lt;path[39m
      [33md[39m=[32m&quot;M17.2 17c2.1.1 3.8 1.9 3.8 4&quot;[39m
    [36m/&gt;[39m
  [36m&lt;/svg&gt;[39m
  [0mError Details (Development Only)[0m
[36m&lt;/summary&gt;[39m

Ignored nodes: comments, script, style
[36m&lt;summary[39m
  [33mstyle[39m=[32m&quot;cursor: pointer; margin-bottom: 8px; color: rgb(107, 114, 128); font-size: 12px;&quot;[39m
[36m&gt;[39m
  [36m&lt;svg[39m
    [33maria-hidden[39m=[32m&quot;true&quot;[39m
    [33mclass[39m=[32m&quot;lucide lucide-bug&quot;[39m
    [33mfill[39m=[32m&quot;none&quot;[39m
    [33mheight[39m=[32m&quot;14&quot;[39m
    [33mstroke[39m=[32m&quot;currentColor&quot;[39m
    [33mstroke-linecap[39m=[32m&quot;round&quot;[39m
    [33mstroke-linejoin[39m=[32m&quot;round&quot;[39m
    [33mstroke-width[39m=[32m&quot;2&quot;[39m
    [33mstyle[39m=[32m&quot;margin-right: 6px; vertical-align: middle;&quot;[39m
    [33mviewBox[39m=[32m&quot;0 0 24 24&quot;[39m
    [33mwidth[39m=[32m&quot;14&quot;[39m
    [33mxmlns[39m=[32m&quot;http://www.w3.org/2000/svg&quot;[39m
  [36m&gt;[39m
    [36m&lt;path[39m
      [33md[39m=[32m&quot;m8 2 1.88 1.88&quot;[39m
    [36m/&gt;[39m
    [36m&lt;path[39m
      [33md[39m=[32m&quot;M14.12 3.88 16 2&quot;[39m
    [36m/&gt;[39m
    [36m&lt;path[39m
      [33md[39m=[32m&quot;M9 7.13v-1a3.003 3.003 0 1 1 6 0v1&quot;[39m
    [36m/&gt;[39m
    [36m&lt;path[39m
      [33md[39m=[32m&quot;M12 20c-3.3 0-6-2.7-6-6v-3a4 4 0 0 1 4-4h4a4 4 0 0 1 4 4v3c0 3.3-2.7 6-6 6&quot;[39m
    [36m/&gt;[39m
    [36m&lt;path[39m
      [33md[39m=[32m&quot;M12 20v-9&quot;[39m
    [36m/&gt;[39m
    [36m&lt;path[39m
      [33md[39m=[32m&quot;M6.53 9C4.6 8.8 3 7.1 3 5&quot;[39m
    [36m/&gt;[39m
    [36m&lt;path[39m
      [33md[39m=[32m&quot;M6 13H2&quot;[39m
    [36m/&gt;[39m
    [36m&lt;path[39m
      [33md[39m=[32m&quot;M3 21c0-2.1 1.7-3.9 3.8-4&quot;[39m
    [36m/&gt;[39m
    [36m&lt;path[39m
      [33md[39m=[32m&quot;M20.97 5c0 2.1-1.6 3.8-3.5 4&quot;[39m
    [36m/&gt;[39m
    [36m&lt;path[39m
      [33md[39m=[32m&quot;M22 13h-4&quot;[39m
    [36m/&gt;[39m
    [36m&lt;path[39m
      [33md[39m=[32m&quot;M17.2 17c2.1.1 3.8 1.9 3.8 4&quot;[39m
    [36m/&gt;[39m
  [36m&lt;/svg&gt;[39m
  [0mError Details (Development Only)[0m
[36m&lt;/summary&gt;[39m

Ignored nodes: comments, script, style
[36m&lt;summary[39m
  [33mstyle[39m=[32m&quot;cursor: pointer; margin-bottom: 8px; color: rgb(107, 114, 128); font-size: 12px;&quot;[39m
[36m&gt;[39m
  [36m&lt;svg[39m
    [33maria-hidden[39m=[32m&quot;true&quot;[39m
    [33mclass[39m=[32m&quot;lucide lucide-bug&quot;[39m
    [33mfill[39m=[32m&quot;none&quot;[39m
    [33mheight[39m=[32m&quot;14&quot;[39m
    [33mstroke[39m=[32m&quot;currentColor&quot;[39m
    [33mstroke-linecap[39m=[32m&quot;round&quot;[39m
    [33mstroke-linejoin[39m=[32m&quot;round&quot;[39m
    [33mstroke-width[39m=[32m&quot;2&quot;[39m
    [33mstyle[39m=[32m&quot;margin-right: 6px; vertical-align: middle;&quot;[39m
    [33mviewBox[39m=[32m&quot;0 0 24 24&quot;[39m
    [33mwidth[39m=[32m&quot;14&quot;[39m
    [33mxmlns[39m=[32m&quot;http://www.w3.org/2000/svg&quot;[39m
  [36m&gt;[39m
    [36m&lt;path[39m
      [33md[39m=[32m&quot;m8 2 1.88 1.88&quot;[39m
    [36m/&gt;[39m
    [36m&lt;path[39m
      [33md[39m=[32m&quot;M14.12 3.88 16 2&quot;[39m
    [36m/&gt;[39m
    [36m&lt;path[39m
      [33md[39m=[32m&quot;M9 7.13v-1a3.003 3.003 0 1 1 6 0v1&quot;[39m
    [36m/&gt;[39m
    [36m&lt;path[39m
      [33md[39m=[32m&quot;M12 20c-3.3 0-6-2.7-6-6v-3a4 4 0 0 1 4-4h4a4 4 0 0 1 4 4v3c0 3.3-2.7 6-6 6&quot;[39m
    [36m/&gt;[39m
    [36m&lt;path[39m
      [33md[39m=[32m&quot;M12 20v-9&quot;[39m
    [36m/&gt;[39m
    [36m&lt;path[39m
      [33md[39m=[32m&quot;M6.53 9C4.6 8.8 3 7.1 3 5&quot;[39m
    [36m/&gt;[39m
    [36m&lt;path[39m
      [33md[39m=[32m&quot;M6 13H2&quot;[39m
    [36m/&gt;[39m
    [36m&lt;path[39m
      [33md[39m=[32m&quot;M3 21c0-2.1 1.7-3.9 3.8-4&quot;[39m
    [36m/&gt;[39m
    [36m&lt;path[39m
      [33md[39m=[32m&quot;M20.97 5c0 2.1-1.6 3.8-3.5 4&quot;[39m
    [36m/&gt;[39m
    [36m&lt;path[39m
      [33md[39m=[32m&quot;M22 13h-4&quot;[39m
    [36m/&gt;[39m
    [36m&lt;path[39m
      [33md[39m=[32m&quot;M17.2 17c2.1.1 3.8 1.9 3.8 4&quot;[39m
    [36m/&gt;[39m
  [36m&lt;/svg&gt;[39m
  [0mError Details (Development Only)[0m
[36m&lt;/summary&gt;[39m

Ignored nodes: comments, script, style
[36m&lt;summary[39m
  [33mstyle[39m=[32m&quot;cursor: pointer; margin-bottom: 8px; color: rgb(107, 114, 128); font-size: 12px;&quot;[39m
[36m&gt;[39m
  [36m&lt;svg[39m
    [33maria-hidden[39m=[32m&quot;true&quot;[39m
    [33mclass[39m=[32m&quot;lucide lucide-bug&quot;[39m
    [33mfill[39m=[32m&quot;none&quot;[39m
    [33mheight[39m=[32m&quot;14&quot;[39m
    [33mstroke[39m=[32m&quot;currentColor&quot;[39m
    [33mstroke-linecap[39m=[32m&quot;round&quot;[39m
    [33mstroke-linejoin[39m=[32m&quot;round&quot;[39m
    [33mstroke-width[39m=[32m&quot;2&quot;[39m
    [33mstyle[39m=[32m&quot;margin-right: 6px; vertical-align: middle;&quot;[39m
    [33mviewBox[39m=[32m&quot;0 0 24 24&quot;[39m
    [33mwidth[39m=[32m&quot;14&quot;[39m
    [33mxmlns[39m=[32m&quot;http://www.w3.org/2000/svg&quot;[39m
  [36m&gt;[39m
    [36m&lt;path[39m
      [33md[39m=[32m&quot;m8 2 1.88 1.88&quot;[39m
    [36m/&gt;[39m
    [36m&lt;path[39m
      [33md[39m=[32m&quot;M14.12 3.88 16 2&quot;[39m
    [36m/&gt;[39m
    [36m&lt;path[39m
      [33md[39m=[32m&quot;M9 7.13v-1a3.003 3.003 0 1 1 6 0v1&quot;[39m
    [36m/&gt;[39m
    [36m&lt;path[39m
      [33md[39m=[32m&quot;M12 20c-3.3 0-6-2.7-6-6v-3a4 4 0 0 1 4-4h4a4 4 0 0 1 4 4v3c0 3.3-2.7 6-6 6&quot;[39m
    [36m/&gt;[39m
    [36m&lt;path[39m
      [33md[39m=[32m&quot;M12 20v-9&quot;[39m
    [36m/&gt;[39m
    [36m&lt;path[39m
      [33md[39m=[32m&quot;M6.53 9C4.6 8.8 3 7.1 3 5&quot;[39m
    [36m/&gt;[39m
    [36m&lt;path[39m
      [33md[39m=[32m&quot;M6 13H2&quot;[39m
    [36m/&gt;[39m
    [36m&lt;path[39m
      [33md[39m=[32m&quot;M3 21c0-2.1 1.7-3.9 3.8-4&quot;[39m
    [36m/&gt;[39m
    [36m&lt;path[39m
      [33md[39m=[32m&quot;M20.97 5c0 2.1-1.6 3.8-3.5 4&quot;[39m
    [36m/&gt;[39m
    [36m&lt;path[39m
      [33md[39m=[32m&quot;M22 13h-4&quot;[39m
    [36m/&gt;[39m
    [36m&lt;path[39m
      [33md[39m=[32m&quot;M17.2 17c2.1.1 3.8 1.9 3.8 4&quot;[39m
    [36m/&gt;[39m
  [36m&lt;/svg&gt;[39m
  [0mError Details (Development Only)[0m
[36m&lt;/summary&gt;[39m

Ignored nodes: comments, script, style
[36m&lt;summary[39m
  [33mstyle[39m=[32m&quot;cursor: pointer; margin-bottom: 8px; color: rgb(107, 114, 128); font-size: 12px;&quot;[39m
[36m&gt;[39m
  [36m&lt;svg[39m
    [33maria-hidden[39m=[32m&quot;true&quot;[39m
    [33mclass[39m=[32m&quot;lucide lucide-bug&quot;[39m
    [33mfill[39m=[32m&quot;none&quot;[39m
    [33mheight[39m=[32m&quot;14&quot;[39m
    [33mstroke[39m=[32m&quot;currentColor&quot;[39m
    [33mstroke-linecap[39m=[32m&quot;round&quot;[39m
    [33mstroke-linejoin[39m=[32m&quot;round&quot;[39m
    [33mstroke-width[39m=[32m&quot;2&quot;[39m
    [33mstyle[39m=[32m&quot;margin-right: 6px; vertical-align: middle;&quot;[39m
    [33mviewBox[39m=[32m&quot;0 0 24 24&quot;[39m
    [33mwidth[39m=[32m&quot;14&quot;[39m
    [33mxmlns[39m=[32m&quot;http://www.w3.org/2000/svg&quot;[39m
  [36m&gt;[39m
    [36m&lt;path[39m
      [33md[39m=[32m&quot;m8 2 1.88 1.88&quot;[39m
    [36m/&gt;[39m
    [36m&lt;path[39m
      [33md[39m=[32m&quot;M14.12 3.88 16 2&quot;[39m
    [36m/&gt;[39m
    [36m&lt;path[39m
      [33md[39m=[32m&quot;M9 7.13v-1a3.003 3.003 0 1 1 6 0v1&quot;[39m
    [36m/&gt;[39m
    [36m&lt;path[39m
      [33md[39m=[32m&quot;M12 20c-3.3 0-6-2.7-6-6v-3a4 4 0 0 1 4-4h4a4 4 0 0 1 4 4v3c0 3.3-2.7 6-6 6&quot;[39m
    [36m/&gt;[39m
    [36m&lt;path[39m
      [33md[39m=[32m&quot;M12 20v-9&quot;[39m
    [36m/&gt;[39m
    [36m&lt;path[39m
      [33md[39m=[32m&quot;M6.53 9C4.6 8.8 3 7.1 3 5&quot;[39m
    [36m/&gt;[39m
    [36m&lt;path[39m
      [33md[39m=[32m&quot;M6 13H2&quot;[39m
    [36m/&gt;[39m
    [36m&lt;path[39m
      [33md[39m=[32m&quot;M3 21c0-2.1 1.7-3.9 3.8-4&quot;[39m
    [36m/&gt;[39m
    [36m&lt;path[39m
      [33md[39m=[32m&quot;M20.97 5c0 2.1-1.6 3.8-3.5 4&quot;[39m
    [36m/&gt;[39m
    [36m&lt;path[39m
      [33md[39m=[32m&quot;M22 13h-4&quot;[39m
    [36m/&gt;[39m
    [36m&lt;path[39m
      [33md[39m=[32m&quot;M17.2 17c2.1.1 3.8 1.9 3.8 4&quot;[39m
    [36m/&gt;[39m
  [36m&lt;/svg&gt;[39m
  [0mError Details (Development Only)[0m
[36m&lt;/summary&gt;[39m

Ignored nodes: comments, script, style
[36m&lt;summary[39m
  [33mstyle[39m=[32m&quot;cursor: pointer; margin-bottom: 8px; color: rgb(107, 114, 128); font-size: 12px;&quot;[39m
[36m&gt;[39m
  [36m&lt;svg[39m
    [33maria-hidden[39m=[32m&quot;true&quot;[39m
    [33mclass[39m=[32m&quot;lucide lucide-bug&quot;[39m
    [33mfill[39m=[32m&quot;none&quot;[39m
    [33mheight[39m=[32m&quot;14&quot;[39m
    [33mstroke[39m=[32m&quot;currentColor&quot;[39m
    [33mstroke-linecap[39m=[32m&quot;round&quot;[39m
    [33mstroke-linejoin[39m=[32m&quot;round&quot;[39m
    [33mstroke-width[39m=[32m&quot;2&quot;[39m
    [33mstyle[39m=[32m&quot;margin-right: 6px; vertical-align: middle;&quot;[39m
    [33mviewBox[39m=[32m&quot;0 0 24 24&quot;[39m
    [33mwidth[39m=[32m&quot;14&quot;[39m
    [33mxmlns[39m=[32m&quot;http://www.w3.org/2000/svg&quot;[39m
  [36m&gt;[39m
    [36m&lt;path[39m
      [33md[39m=[32m&quot;m8 2 1.88 1.88&quot;[39m
    [36m/&gt;[39m
    [36m&lt;path[39m
      [33md[39m=[32m&quot;M14.12 3.88 16 2&quot;[39m
    [36m/&gt;[39m
    [36m&lt;path[39m
      [33md[39m=[32m&quot;M9 7.13v-1a3.003 3.003 0 1 1 6 0v1&quot;[39m
    [36m/&gt;[39m
    [36m&lt;path[39m
      [33md[39m=[32m&quot;M12 20c-3.3 0-6-2.7-6-6v-3a4 4 0 0 1 4-4h4a4 4 0 0 1 4 4v3c0 3.3-2.7 6-6 6&quot;[39m
    [36m/&gt;[39m
    [36m&lt;path[39m
      [33md[39m=[32m&quot;M12 20v-9&quot;[39m
    [36m/&gt;[39m
    [36m&lt;path[39m
      [33md[39m=[32m&quot;M6.53 9C4.6 8.8 3 7.1 3 5&quot;[39m
    [36m/&gt;[39m
    [36m&lt;path[39m
      [33md[39m=[32m&quot;M6 13H2&quot;[39m
    [36m/&gt;[39m
    [36m&lt;path[39m
      [33md[39m=[32m&quot;M3 21c0-2.1 1.7-3.9 3.8-4&quot;[39m
    [36m/&gt;[39m
    [36m&lt;path[39m
      [33md[39m=[32m&quot;M20.97 5c0 2.1-1.6 3.8-3.5 4&quot;[39m
    [36m/&gt;[39m
    [36m&lt;path[39m
      [33md[39m=[32m&quot;M22 13h-4&quot;[39m
    [36m/&gt;[39m
    [36m&lt;path[39m
      [33md[39m=[32m&quot;M17.2 17c2.1.1 3.8 1.9 3.8 4&quot;[39m
    [36m/&gt;[39m
  [36m&lt;/svg&gt;[39m
  [0mError Details (Development Only)[0m
[36m&lt;/summary&gt;[39m

Ignored nodes: comments, script, style
[36m&lt;summary[39m
  [33mstyle[39m=[32m&quot;cursor: pointer; margin-bottom: 8px; color: rgb(107, 114, 128); font-size: 12px;&quot;[39m
[36m&gt;[39m
  [36m&lt;svg[39m
    [33maria-hidden[39m=[32m&quot;true&quot;[39m
    [33mclass[39m=[32m&quot;lucide lucide-bug&quot;[39m
    [33mfill[39m=[32m&quot;none&quot;[39m
    [33mheight[39m=[32m&quot;14&quot;[39m
    [33mstroke[39m=[32m&quot;currentColor&quot;[39m
    [33mstroke-linecap[39m=[32m&quot;round&quot;[39m
    [33mstroke-linejoin[39m=[32m&quot;round&quot;[39m
    [33mstroke-width[39m=[32m&quot;2&quot;[39m
    [33mstyle[39m=[32m&quot;margin-right: 6px; vertical-align: middle;&quot;[39m
    [33mviewBox[39m=[32m&quot;0 0 24 24&quot;[39m
    [33mwidth[39m=[32m&quot;14&quot;[39m
    [33mxmlns[39m=[32m&quot;http://www.w3.org/2000/svg&quot;[39m
  [36m&gt;[39m
    [36m&lt;path[39m
      [33md[39m=[32m&quot;m8 2 1.88 1.88&quot;[39m
    [36m/&gt;[39m
    [36m&lt;path[39m
      [33md[39m=[32m&quot;M14.12 3.88 16 2&quot;[39m
    [36m/&gt;[39m
    [36m&lt;path[39m
      [33md[39m=[32m&quot;M9 7.13v-1a3.003 3.003 0 1 1 6 0v1&quot;[39m
    [36m/&gt;[39m
    [36m&lt;path[39m
      [33md[39m=[32m&quot;M12 20c-3.3 0-6-2.7-6-6v-3a4 4 0 0 1 4-4h4a4 4 0 0 1 4 4v3c0 3.3-2.7 6-6 6&quot;[39m
    [36m/&gt;[39m
    [36m&lt;path[39m
      [33md[39m=[32m&quot;M12 20v-9&quot;[39m
    [36m/&gt;[39m
    [36m&lt;path[39m
      [33md[39m=[32m&quot;M6.53 9C4.6 8.8 3 7.1 3 5&quot;[39m
    [36m/&gt;[39m
    [36m&lt;path[39m
      [33md[39m=[32m&quot;M6 13H2&quot;[39m
    [36m/&gt;[39m
    [36m&lt;path[39m
      [33md[39m=[32m&quot;M3 21c0-2.1 1.7-3.9 3.8-4&quot;[39m
    [36m/&gt;[39m
    [36m&lt;path[39m
      [33md[39m=[32m&quot;M20.97 5c0 2.1-1.6 3.8-3.5 4&quot;[39m
    [36m/&gt;[39m
    [36m&lt;path[39m
      [33md[39m=[32m&quot;M22 13h-4&quot;[39m
    [36m/&gt;[39m
    [36m&lt;path[39m
      [33md[39m=[32m&quot;M17.2 17c2.1.1 3.8 1.9 3.8 4&quot;[39m
    [36m/&gt;[39m
  [36m&lt;/svg&gt;[39m
  [0mError Details (Development Only)[0m
[36m&lt;/summary&gt;[39m

Ignored nodes: comments, script, style
[36m&lt;summary[39m
  [33mstyle[39m=[32m&quot;cursor: pointer; margin-bottom: 8px; color: rgb(107, 114, 128); font-size: 12px;&quot;[39m
[36m&gt;[39m
  [36m&lt;svg[39m
    [33maria-hidden[39m=[32m&quot;true&quot;[39m
    [33mclass[39m=[32m&quot;lucide lucide-bug&quot;[39m
    [33mfill[39m=[32m&quot;none&quot;[39m
    [33mheight[39m=[32m&quot;14&quot;[39m
    [33mstroke[39m=[32m&quot;currentColor&quot;[39m
    [33mstroke-linecap[39m=[32m&quot;round&quot;[39m
    [33mstroke-linejoin[39m=[32m&quot;round&quot;[39m
    [33mstroke-width[39m=[32m&quot;2&quot;[39m
    [33mstyle[39m=[32m&quot;margin-right: 6px; vertical-align: middle;&quot;[39m
    [33mviewBox[39m=[32m&quot;0 0 24 24&quot;[39m
    [33mwidth[39m=[32m&quot;14&quot;[39m
    [33mxmlns[39m=[32m&quot;http://www.w3.org/2000/svg&quot;[39m
  [36m&gt;[39m
    [36m&lt;path[39m
      [33md[39m=[32m&quot;m8 2 1.88 1.88&quot;[39m
    [36m/&gt;[39m
    [36m&lt;path[39m
      [33md[39m=[32m&quot;M14.12 3.88 16 2&quot;[39m
    [36m/&gt;[39m
    [36m&lt;path[39m
      [33md[39m=[32m&quot;M9 7.13v-1a3.003 3.003 0 1 1 6 0v1&quot;[39m
    [36m/&gt;[39m
    [36m&lt;path[39m
      [33md[39m=[32m&quot;M12 20c-3.3 0-6-2.7-6-6v-3a4 4 0 0 1 4-4h4a4 4 0 0 1 4 4v3c0 3.3-2.7 6-6 6&quot;[39m
    [36m/&gt;[39m
    [36m&lt;path[39m
      [33md[39m=[32m&quot;M12 20v-9&quot;[39m
    [36m/&gt;[39m
    [36m&lt;path[39m
      [33md[39m=[32m&quot;M6.53 9C4.6 8.8 3 7.1 3 5&quot;[39m
    [36m/&gt;[39m
    [36m&lt;path[39m
      [33md[39m=[32m&quot;M6 13H2&quot;[39m
    [36m/&gt;[39m
    [36m&lt;path[39m
      [33md[39m=[32m&quot;M3 21c0-2.1 1.7-3.9 3.8-4&quot;[39m
    [36m/&gt;[39m
    [36m&lt;path[39m
      [33md[39m=[32m&quot;M20.97 5c0 2.1-1.6 3.8-3.5 4&quot;[39m
    [36m/&gt;[39m
    [36m&lt;path[39m
      [33md[39m=[32m&quot;M22 13h-4&quot;[39m
    [36m/&gt;[39m
    [36m&lt;path[39m
      [33md[39m=[32m&quot;M17.2 17c2.1.1 3.8 1.9 3.8 4&quot;[39m
    [36m/&gt;[39m
  [36m&lt;/svg&gt;[39m
  [0mError Details (Development Only)[0m
[36m&lt;/summary&gt;[39m

Ignored nodes: comments, script, style
[36m&lt;summary[39m
  [33mstyle[39m=[32m&quot;cursor: pointer; margin-bottom: 8px; color: rgb(107, 114, 128); font-size: 12px;&quot;[39m
[36m&gt;[39m
  [36m&lt;svg[39m
    [33maria-hidden[39m=[32m&quot;true&quot;[39m
    [33mclass[39m=[32m&quot;lucide lucide-bug&quot;[39m
    [33mfill[39m=[32m&quot;none&quot;[39m
    [33mheight[39m=[32m&quot;14&quot;[39m
    [33mstroke[39m=[32m&quot;currentColor&quot;[39m
    [33mstroke-linecap[39m=[32m&quot;round&quot;[39m
    [33mstroke-linejoin[39m=[32m&quot;round&quot;[39m
    [33mstroke-width[39m=[32m&quot;2&quot;[39m
    [33mstyle[39m=[32m&quot;margin-right: 6px; vertical-align: middle;&quot;[39m
    [33mviewBox[39m=[32m&quot;0 0 24 24&quot;[39m
    [33mwidth[39m=[32m&quot;14&quot;[39m
    [33mxmlns[39m=[32m&quot;http://www.w3.org/2000/svg&quot;[39m
  [36m&gt;[39m
    [36m&lt;path[39m
      [33md[39m=[32m&quot;m8 2 1.88 1.88&quot;[39m
    [36m/&gt;[39m
    [36m&lt;path[39m
      [33md[39m=[32m&quot;M14.12 3.88 16 2&quot;[39m
    [36m/&gt;[39m
    [36m&lt;path[39m
      [33md[39m=[32m&quot;M9 7.13v-1a3.003 3.003 0 1 1 6 0v1&quot;[39m
    [36m/&gt;[39m
    [36m&lt;path[39m
      [33md[39m=[32m&quot;M12 20c-3.3 0-6-2.7-6-6v-3a4 4 0 0 1 4-4h4a4 4 0 0 1 4 4v3c0 3.3-2.7 6-6 6&quot;[39m
    [36m/&gt;[39m
    [36m&lt;path[39m
      [33md[39m=[32m&quot;M12 20v-9&quot;[39m
    [36m/&gt;[39m
    [36m&lt;path[39m
      [33md[39m=[32m&quot;M6.53 9C4.6 8.8 3 7.1 3 5&quot;[39m
    [36m/&gt;[39m
    [36m&lt;path[39m
      [33md[39m=[32m&quot;M6 13H2&quot;[39m
    [36m/&gt;[39m
    [36m&lt;path[39m
      [33md[39m=[32m&quot;M3 21c0-2.1 1.7-3.9 3.8-4&quot;[39m
    [36m/&gt;[39m
    [36m&lt;path[39m
      [33md[39m=[32m&quot;M20.97 5c0 2.1-1.6 3.8-3.5 4&quot;[39m
    [36m/&gt;[39m
    [36m&lt;path[39m
      [33md[39m=[32m&quot;M22 13h-4&quot;[39m
    [36m/&gt;[39m
    [36m&lt;path[39m
      [33md[39m=[32m&quot;M17.2 17c2.1.1 3.8 1.9 3.8 4&quot;[39m
    [36m/&gt;[39m
  [36m&lt;/svg&gt;[39m
  [0mError Details (Development Only)[0m
[36m&lt;/summary&gt;[39m

Ignored nodes: comments, script, style
[36m&lt;summary[39m
  [33mstyle[39m=[32m&quot;cursor: pointer; margin-bottom: 8px; color: rgb(107, 114, 128); font-size: 12px;&quot;[39m
[36m&gt;[39m
  [36m&lt;svg[39m
    [33maria-hidden[39m=[32m&quot;true&quot;[39m
    [33mclass[39m=[32m&quot;lucide lucide-bug&quot;[39m
    [33mfill[39m=[32m&quot;none&quot;[39m
    [33mheight[39m=[32m&quot;14&quot;[39m
    [33mstroke[39m=[32m&quot;currentColor&quot;[39m
    [33mstroke-linecap[39m=[32m&quot;round&quot;[39m
    [33mstroke-linejoin[39m=[32m&quot;round&quot;[39m
    [33mstroke-width[39m=[32m&quot;2&quot;[39m
    [33mstyle[39m=[32m&quot;margin-right: 6px; vertical-align: middle;&quot;[39m
    [33mviewBox[39m=[32m&quot;0 0 24 24&quot;[39m
    [33mwidth[39m=[32m&quot;14&quot;[39m
    [33mxmlns[39m=[32m&quot;http://www.w3.org/2000/svg&quot;[39m
  [36m&gt;[39m
    [36m&lt;path[39m
      [33md[39m=[32m&quot;m8 2 1.88 1.88&quot;[39m
    [36m/&gt;[39m
    [36m&lt;path[39m
      [33md[39m=[32m&quot;M14.12 3.88 16 2&quot;[39m
    [36m/&gt;[39m
    [36m&lt;path[39m
      [33md[39m=[32m&quot;M9 7.13v-1a3.003 3.003 0 1 1 6 0v1&quot;[39m
    [36m/&gt;[39m
    [36m&lt;path[39m
      [33md[39m=[32m&quot;M12 20c-3.3 0-6-2.7-6-6v-3a4 4 0 0 1 4-4h4a4 4 0 0 1 4 4v3c0 3.3-2.7 6-6 6&quot;[39m
    [36m/&gt;[39m
    [36m&lt;path[39m
      [33md[39m=[32m&quot;M12 20v-9&quot;[39m
    [36m/&gt;[39m
    [36m&lt;path[39m
      [33md[39m=[32m&quot;M6.53 9C4.6 8.8 3 7.1 3 5&quot;[39m
    [36m/&gt;[39m
    [36m&lt;path[39m
      [33md[39m=[32m&quot;M6 13H2&quot;[39m
    [36m/&gt;[39m
    [36m&lt;path[39m
      [33md[39m=[32m&quot;M3 21c0-2.1 1.7-3.9 3.8-4&quot;[39m
    [36m/&gt;[39m
    [36m&lt;path[39m
      [33md[39m=[32m&quot;M20.97 5c0 2.1-1.6 3.8-3.5 4&quot;[39m
    [36m/&gt;[39m
    [36m&lt;path[39m
      [33md[39m=[32m&quot;M22 13h-4&quot;[39m
    [36m/&gt;[39m
    [36m&lt;path[39m
      [33md[39m=[32m&quot;M17.2 17c2.1.1 3.8 1.9 3.8 4&quot;[39m
    [36m/&gt;[39m
  [36m&lt;/svg&gt;[39m
  [0mError Details (Development Only)[0m
[36m&lt;/summary&gt;[39m

Ignored nodes: comments, script, style
[36m&lt;summary[39m
  [33mstyle[39m=[32m&quot;cursor: pointer; margin-bottom: 8px; color: rgb(107, 114, 128); font-size: 12px;&quot;[39m
[36m&gt;[39m
  [36m&lt;svg[39m
    [33maria-hidden[39m=[32m&quot;true&quot;[39m
    [33mclass[39m=[32m&quot;lucide lucide-bug&quot;[39m
    [33mfill[39m=[32m&quot;none&quot;[39m
    [33mheight[39m=[32m&quot;14&quot;[39m
    [33mstroke[39m=[32m&quot;currentColor&quot;[39m
    [33mstroke-linecap[39m=[32m&quot;round&quot;[39m
    [33mstroke-linejoin[39m=[32m&quot;round&quot;[39m
    [33mstroke-width[39m=[32m&quot;2&quot;[39m
    [33mstyle[39m=[32m&quot;margin-right: 6px; vertical-align: middle;&quot;[39m
    [33mviewBox[39m=[32m&quot;0 0 24 24&quot;[39m
    [33mwidth[39m=[32m&quot;14&quot;[39m
    [33mxmlns[39m=[32m&quot;http://www.w3.org/2000/svg&quot;[39m
  [36m&gt;[39m
    [36m&lt;path[39m
      [33md[39m=[32m&quot;m8 2 1.88 1.88&quot;[39m
    [36m/&gt;[39m
    [36m&lt;path[39m
      [33md[39m=[32m&quot;M14.12 3.88 16 2&quot;[39m
    [36m/&gt;[39m
    [36m&lt;path[39m
      [33md[39m=[32m&quot;M9 7.13v-1a3.003 3.003 0 1 1 6 0v1&quot;[39m
    [36m/&gt;[39m
    [36m&lt;path[39m
      [33md[39m=[32m&quot;M12 20c-3.3 0-6-2.7-6-6v-3a4 4 0 0 1 4-4h4a4 4 0 0 1 4 4v3c0 3.3-2.7 6-6 6&quot;[39m
    [36m/&gt;[39m
    [36m&lt;path[39m
      [33md[39m=[32m&quot;M12 20v-9&quot;[39m
    [36m/&gt;[39m
    [36m&lt;path[39m
      [33md[39m=[32m&quot;M6.53 9C4.6 8.8 3 7.1 3 5&quot;[39m
    [36m/&gt;[39m
    [36m&lt;path[39m
      [33md[39m=[32m&quot;M6 13H2&quot;[39m
    [36m/&gt;[39m
    [36m&lt;path[39m
      [33md[39m=[32m&quot;M3 21c0-2.1 1.7-3.9 3.8-4&quot;[39m
    [36m/&gt;[39m
    [36m&lt;path[39m
      [33md[39m=[32m&quot;M20.97 5c0 2.1-1.6 3.8-3.5 4&quot;[39m
    [36m/&gt;[39m
    [36m&lt;path[39m
      [33md[39m=[32m&quot;M22 13h-4&quot;[39m
    [36m/&gt;[39m
    [36m&lt;path[39m
      [33md[39m=[32m&quot;M17.2 17c2.1.1 3.8 1.9 3.8 4&quot;[39m
    [36m/&gt;[39m
  [36m&lt;/svg&gt;[39m
  [0mError Details (Development Only)[0m
[36m&lt;/summary&gt;[39m

Ignored nodes: comments, script, style
[36m&lt;summary[39m
  [33mstyle[39m=[32m&quot;cursor: pointer; margin-bottom: 8px; color: rgb(107, 114, 128); font-size: 12px;&quot;[39m
[36m&gt;[39m
  [36m&lt;svg[39m
    [33maria-hidden[39m=[32m&quot;true&quot;[39m
    [33mclass[39m=[32m&quot;lucide lucide-bug&quot;[39m
    [33mfill[39m=[32m&quot;none&quot;[39m
    [33mheight[39m=[32m&quot;14&quot;[39m
    [33mstroke[39m=[32m&quot;currentColor&quot;[39m
    [33mstroke-linecap[39m=[32m&quot;round&quot;[39m
    [33mstroke-linejoin[39m=[32m&quot;round&quot;[39m
    [33mstroke-width[39m=[32m&quot;2&quot;[39m
    [33mstyle[39m=[32m&quot;margin-right: 6px; vertical-align: middle;&quot;[39m
    [33mviewBox[39m=[32m&quot;0 0 24 24&quot;[39m
    [33mwidth[39m=[32m&quot;14&quot;[39m
    [33mxmlns[39m=[32m&quot;http://www.w3.org/2000/svg&quot;[39m
  [36m&gt;[39m
    [36m&lt;path[39m
      [33md[39m=[32m&quot;m8 2 1.88 1.88&quot;[39m
    [36m/&gt;[39m
    [36m&lt;path[39m
      [33md[39m=[32m&quot;M14.12 3.88 16 2&quot;[39m
    [36m/&gt;[39m
    [36m&lt;path[39m
      [33md[39m=[32m&quot;M9 7.13v-1a3.003 3.003 0 1 1 6 0v1&quot;[39m
    [36m/&gt;[39m
    [36m&lt;path[39m
      [33md[39m=[32m&quot;M12 20c-3.3 0-6-2.7-6-6v-3a4 4 0 0 1 4-4h4a4 4 0 0 1 4 4v3c0 3.3-2.7 6-6 6&quot;[39m
    [36m/&gt;[39m
    [36m&lt;path[39m
      [33md[39m=[32m&quot;M12 20v-9&quot;[39m
    [36m/&gt;[39m
    [36m&lt;path[39m
      [33md[39m=[32m&quot;M6.53 9C4.6 8.8 3 7.1 3 5&quot;[39m
    [36m/&gt;[39m
    [36m&lt;path[39m
      [33md[39m=[32m&quot;M6 13H2&quot;[39m
    [36m/&gt;[39m
    [36m&lt;path[39m
      [33md[39m=[32m&quot;M3 21c0-2.1 1.7-3.9 3.8-4&quot;[39m
    [36m/&gt;[39m
    [36m&lt;path[39m
      [33md[39m=[32m&quot;M20.97 5c0 2.1-1.6 3.8-3.5 4&quot;[39m
    [36m/&gt;[39m
    [36m&lt;path[39m
      [33md[39m=[32m&quot;M22 13h-4&quot;[39m
    [36m/&gt;[39m
    [36m&lt;path[39m
      [33md[39m=[32m&quot;M17.2 17c2.1.1 3.8 1.9 3.8 4&quot;[39m
    [36m/&gt;[39m
  [36m&lt;/svg&gt;[39m
  [0mError Details (Development Only)[0m
[36m&lt;/summary&gt;[39m

Ignored nodes: comments, script, style
[36m&lt;summary[39m
  [33mstyle[39m=[32m&quot;cursor: pointer; margin-bottom: 8px; color: rgb(107, 114, 128); font-size: 12px;&quot;[39m
[36m&gt;[39m
  [36m&lt;svg[39m
    [33maria-hidden[39m=[32m&quot;true&quot;[39m
    [33mclass[39m=[32m&quot;lucide lucide-bug&quot;[39m
    [33mfill[39m=[32m&quot;none&quot;[39m
    [33mheight[39m=[32m&quot;14&quot;[39m
    [33mstroke[39m=[32m&quot;currentColor&quot;[39m
    [33mstroke-linecap[39m=[32m&quot;round&quot;[39m
    [33mstroke-linejoin[39m=[32m&quot;round&quot;[39m
    [33mstroke-width[39m=[32m&quot;2&quot;[39m
    [33mstyle[39m=[32m&quot;margin-right: 6px; vertical-align: middle;&quot;[39m
    [33mviewBox[39m=[32m&quot;0 0 24 24&quot;[39m
    [33mwidth[39m=[32m&quot;14&quot;[39m
    [33mxmlns[39m=[32m&quot;http://www.w3.org/2000/svg&quot;[39m
  [36m&gt;[39m
    [36m&lt;path[39m
      [33md[39m=[32m&quot;m8 2 1.88 1.88&quot;[39m
    [36m/&gt;[39m
    [36m&lt;path[39m
      [33md[39m=[32m&quot;M14.12 3.88 16 2&quot;[39m
    [36m/&gt;[39m
    [36m&lt;path[39m
      [33md[39m=[32m&quot;M9 7.13v-1a3.003 3.003 0 1 1 6 0v1&quot;[39m
    [36m/&gt;[39m
    [36m&lt;path[39m
      [33md[39m=[32m&quot;M12 20c-3.3 0-6-2.7-6-6v-3a4 4 0 0 1 4-4h4a4 4 0 0 1 4 4v3c0 3.3-2.7 6-6 6&quot;[39m
    [36m/&gt;[39m
    [36m&lt;path[39m
      [33md[39m=[32m&quot;M12 20v-9&quot;[39m
    [36m/&gt;[39m
    [36m&lt;path[39m
      [33md[39m=[32m&quot;M6.53 9C4.6 8.8 3 7.1 3 5&quot;[39m
    [36m/&gt;[39m
    [36m&lt;path[39m
      [33md[39m=[32m&quot;M6 13H2&quot;[39m
    [36m/&gt;[39m
    [36m&lt;path[39m
      [33md[39m=[32m&quot;M3 21c0-2.1 1.7-3.9 3.8-4&quot;[39m
    [36m/&gt;[39m
    [36m&lt;path[39m
      [33md[39m=[32m&quot;M20.97 5c0 2.1-1.6 3.8-3.5 4&quot;[39m
    [36m/&gt;[39m
    [36m&lt;path[39m
      [33md[39m=[32m&quot;M22 13h-4&quot;[39m
    [36m/&gt;[39m
    [36m&lt;path[39m
      [33md[39m=[32m&quot;M17.2 17c2.1.1 3.8 1.9 3.8 4&quot;[39m
    [36m/&gt;[39m
  [36m&lt;/svg&gt;[39m
  [0mError Details (Development Only)[0m
[36m&lt;/summary&gt;[39m

Ignored nodes: comments, script, style
[36m&lt;summary[39m
  [33mstyle[39m=[32m&quot;cursor: pointer; margin-bottom: 8px; color: rgb(107, 114, 128); font-size: 12px;&quot;[39m
[36m&gt;[39m
  [36m&lt;svg[39m
    [33maria-hidden[39m=[32m&quot;true&quot;[39m
    [33mclass[39m=[32m&quot;lucide lucide-bug&quot;[39m
    [33mfill[39m=[32m&quot;none&quot;[39m
    [33mheight[39m=[32m&quot;14&quot;[39m
    [33mstroke[39m=[32m&quot;currentColor&quot;[39m
    [33mstroke-linecap[39m=[32m&quot;round&quot;[39m
    [33mstroke-linejoin[39m=[32m&quot;round&quot;[39m
    [33mstroke-width[39m=[32m&quot;2&quot;[39m
    [33mstyle[39m=[32m&quot;margin-right: 6px; vertical-align: middle;&quot;[39m
    [33mviewBox[39m=[32m&quot;0 0 24 24&quot;[39m
    [33mwidth[39m=[32m&quot;14&quot;[39m
    [33mxmlns[39m=[32m&quot;http://www.w3.org/2000/svg&quot;[39m
  [36m&gt;[39m
    [36m&lt;path[39m
      [33md[39m=[32m&quot;m8 2 1.88 1.88&quot;[39m
    [36m/&gt;[39m
    [36m&lt;path[39m
      [33md[39m=[32m&quot;M14.12 3.88 16 2&quot;[39m
    [36m/&gt;[39m
    [36m&lt;path[39m
      [33md[39m=[32m&quot;M9 7.13v-1a3.003 3.003 0 1 1 6 0v1&quot;[39m
    [36m/&gt;[39m
    [36m&lt;path[39m
      [33md[39m=[32m&quot;M12 20c-3.3 0-6-2.7-6-6v-3a4 4 0 0 1 4-4h4a4 4 0 0 1 4 4v3c0 3.3-2.7 6-6 6&quot;[39m
    [36m/&gt;[39m
    [36m&lt;path[39m
      [33md[39m=[32m&quot;M12 20v-9&quot;[39m
    [36m/&gt;[39m
    [36m&lt;path[39m
      [33md[39m=[32m&quot;M6.53 9C4.6 8.8 3 7.1 3 5&quot;[39m
    [36m/&gt;[39m
    [36m&lt;path[39m
      [33md[39m=[32m&quot;M6 13H2&quot;[39m
    [36m/&gt;[39m
    [36m&lt;path[39m
      [33md[39m=[32m&quot;M3 21c0-2.1 1.7-3.9 3.8-4&quot;[39m
    [36m/&gt;[39m
    [36m&lt;path[39m
      [33md[39m=[32m&quot;M20.97 5c0 2.1-1.6 3.8-3.5 4&quot;[39m
    [36m/&gt;[39m
    [36m&lt;path[39m
      [33md[39m=[32m&quot;M22 13h-4&quot;[39m
    [36m/&gt;[39m
    [36m&lt;path[39m
      [33md[39m=[32m&quot;M17.2 17c2.1.1 3.8 1.9 3.8 4&quot;[39m
    [36m/&gt;[39m
  [36m&lt;/svg&gt;[39m
  [0mError Details (Development Only)[0m
[36m&lt;/summary&gt;[39m

Ignored nodes: comments, script, style
[36m&lt;summary[39m
  [33mstyle[39m=[32m&quot;cursor: pointer; margin-bottom: 8px; color: rgb(107, 114, 128); font-size: 12px;&quot;[39m
[36m&gt;[39m
  [36m&lt;svg[39m
    [33maria-hidden[39m=[32m&quot;true&quot;[39m
    [33mclass[39m=[32m&quot;lucide lucide-bug&quot;[39m
    [33mfill[39m=[32m&quot;none&quot;[39m
    [33mheight[39m=[32m&quot;14&quot;[39m
    [33mstroke[39m=[32m&quot;currentColor&quot;[39m
    [33mstroke-linecap[39m=[32m&quot;round&quot;[39m
    [33mstroke-linejoin[39m=[32m&quot;round&quot;[39m
    [33mstroke-width[39m=[32m&quot;2&quot;[39m
    [33mstyle[39m=[32m&quot;margin-right: 6px; vertical-align: middle;&quot;[39m
    [33mviewBox[39m=[32m&quot;0 0 24 24&quot;[39m
    [33mwidth[39m=[32m&quot;14&quot;[39m
    [33mxmlns[39m=[32m&quot;http://www.w3.org/2000/svg&quot;[39m
  [36m&gt;[39m
    [36m&lt;path[39m
      [33md[39m=[32m&quot;m8 2 1.88 1.88&quot;[39m
    [36m/&gt;[39m
    [36m&lt;path[39m
      [33md[39m=[32m&quot;M14.12 3.88 16 2&quot;[39m
    [36m/&gt;[39m
    [36m&lt;path[39m
      [33md[39m=[32m&quot;M9 7.13v-1a3.003 3.003 0 1 1 6 0v1&quot;[39m
    [36m/&gt;[39m
    [36m&lt;path[39m
      [33md[39m=[32m&quot;M12 20c-3.3 0-6-2.7-6-6v-3a4 4 0 0 1 4-4h4a4 4 0 0 1 4 4v3c0 3.3-2.7 6-6 6&quot;[39m
    [36m/&gt;[39m
    [36m&lt;path[39m
      [33md[39m=[32m&quot;M12 20v-9&quot;[39m
    [36m/&gt;[39m
    [36m&lt;path[39m
      [33md[39m=[32m&quot;M6.53 9C4.6 8.8 3 7.1 3 5&quot;[39m
    [36m/&gt;[39m
    [36m&lt;path[39m
      [33md[39m=[32m&quot;M6 13H2&quot;[39m
    [36m/&gt;[39m
    [36m&lt;path[39m
      [33md[39m=[32m&quot;M3 21c0-2.1 1.7-3.9 3.8-4&quot;[39m
    [36m/&gt;[39m
    [36m&lt;path[39m
      [33md[39m=[32m&quot;M20.97 5c0 2.1-1.6 3.8-3.5 4&quot;[39m
    [36m/&gt;[39m
    [36m&lt;path[39m
      [33md[39m=[32m&quot;M22 13h-4&quot;[39m
    [36m/&gt;[39m
    [36m&lt;path[39m
      [33md[39m=[32m&quot;M17.2 17c2.1.1 3.8 1.9 3.8 4&quot;[39m
    [36m/&gt;[39m
  [36m&lt;/svg&gt;[39m
  [0mError Details (Development Only)[0m
[36m&lt;/summary&gt;[39m

Ignored nodes: comments, script, style
[36m&lt;summary[39m
  [33mstyle[39m=[32m&quot;cursor: pointer; margin-bottom: 8px; color: rgb(107, 114, 128); font-size: 12px;&quot;[39m
[36m&gt;[39m
  [36m&lt;svg[39m
    [33maria-hidden[39m=[32m&quot;true&quot;[39m
    [33mclass[39m=[32m&quot;lucide lucide-bug&quot;[39m
    [33mfill[39m=[32m&quot;none&quot;[39m
    [33mheight[39m=[32m&quot;14&quot;[39m
    [33mstroke[39m=[32m&quot;currentColor&quot;[39m
    [33mstroke-linecap[39m=[32m&quot;round&quot;[39m
    [33mstroke-linejoin[39m=[32m&quot;round&quot;[39m
    [33mstroke-width[39m=[32m&quot;2&quot;[39m
    [33mstyle[39m=[32m&quot;margin-right: 6px; vertical-align: middle;&quot;[39m
    [33mviewBox[39m=[32m&quot;0 0 24 24&quot;[39m
    [33mwidth[39m=[32m&quot;14&quot;[39m
    [33mxmlns[39m=[32m&quot;http://www.w3.org/2000/svg&quot;[39m
  [36m&gt;[39m
    [36m&lt;path[39m
      [33md[39m=[32m&quot;m8 2 1.88 1.88&quot;[39m
    [36m/&gt;[39m
    [36m&lt;path[39m
      [33md[39m=[32m&quot;M14.12 3.88 16 2&quot;[39m
    [36m/&gt;[39m
    [36m&lt;path[39m
      [33md[39m=[32m&quot;M9 7.13v-1a3.003 3.003 0 1 1 6 0v1&quot;[39m
    [36m/&gt;[39m
    [36m&lt;path[39m
      [33md[39m=[32m&quot;M12 20c-3.3 0-6-2.7-6-6v-3a4 4 0 0 1 4-4h4a4 4 0 0 1 4 4v3c0 3.3-2.7 6-6 6&quot;[39m
    [36m/&gt;[39m
    [36m&lt;path[39m
      [33md[39m=[32m&quot;M12 20v-9&quot;[39m
    [36m/&gt;[39m
    [36m&lt;path[39m
      [33md[39m=[32m&quot;M6.53 9C4.6 8.8 3 7.1 3 5&quot;[39m
    [36m/&gt;[39m
    [36m&lt;path[39m
      [33md[39m=[32m&quot;M6 13H2&quot;[39m
    [36m/&gt;[39m
    [36m&lt;path[39m
      [33md[39m=[32m&quot;M3 21c0-2.1 1.7-3.9 3.8-4&quot;[39m
    [36m/&gt;[39m
    [36m&lt;path[39m
      [33md[39m=[32m&quot;M20.97 5c0 2.1-1.6 3.8-3.5 4&quot;[39m
    [36m/&gt;[39m
    [36m&lt;path[39m
      [33md[39m=[32m&quot;M22 13h-4&quot;[39m
    [36m/&gt;[39m
    [36m&lt;path[39m
      [33md[39m=[32m&quot;M17.2 17c2.1.1 3.8 1.9 3.8 4&quot;[39m
    [36m/&gt;[39m
  [36m&lt;/svg&gt;[39m
  [0mError Details (Development Only)[0m
[36m&lt;/summary&gt;[39m

Ignored nodes: comments, script, style
[36m&lt;summary[39m
  [33mstyle[39m=[32m&quot;cursor: pointer; margin-bottom: 8px; color: rgb(107, 114, 128); font-size: 12px;&quot;[39m
[36m&gt;[39m
  [36m&lt;svg[39m
    [33maria-hidden[39m=[32m&quot;true&quot;[39m
    [33mclass[39m=[32m&quot;lucide lucide-bug&quot;[39m
    [33mfill[39m=[32m&quot;none&quot;[39m
    [33mheight[39m=[32m&quot;14&quot;[39m
    [33mstroke[39m=[32m&quot;currentColor&quot;[39m
    [33mstroke-linecap[39m=[32m&quot;round&quot;[39m
    [33mstroke-linejoin[39m=[32m&quot;round&quot;[39m
    [33mstroke-width[39m=[32m&quot;2&quot;[39m
    [33mstyle[39m=[32m&quot;margin-right: 6px; vertical-align: middle;&quot;[39m
    [33mviewBox[39m=[32m&quot;0 0 24 24&quot;[39m
    [33mwidth[39m=[32m&quot;14&quot;[39m
    [33mxmlns[39m=[32m&quot;http://www.w3.org/2000/svg&quot;[39m
  [36m&gt;[39m
    [36m&lt;path[39m
      [33md[39m=[32m&quot;m8 2 1.88 1.88&quot;[39m
    [36m/&gt;[39m
    [36m&lt;path[39m
      [33md[39m=[32m&quot;M14.12 3.88 16 2&quot;[39m
    [36m/&gt;[39m
    [36m&lt;path[39m
      [33md[39m=[32m&quot;M9 7.13v-1a3.003 3.003 0 1 1 6 0v1&quot;[39m
    [36m/&gt;[39m
    [36m&lt;path[39m
      [33md[39m=[32m&quot;M12 20c-3.3 0-6-2.7-6-6v-3a4 4 0 0 1 4-4h4a4 4 0 0 1 4 4v3c0 3.3-2.7 6-6 6&quot;[39m
    [36m/&gt;[39m
    [36m&lt;path[39m
      [33md[39m=[32m&quot;M12 20v-9&quot;[39m
    [36m/&gt;[39m
    [36m&lt;path[39m
      [33md[39m=[32m&quot;M6.53 9C4.6 8.8 3 7.1 3 5&quot;[39m
    [36m/&gt;[39m
    [36m&lt;path[39m
      [33md[39m=[32m&quot;M6 13H2&quot;[39m
    [36m/&gt;[39m
    [36m&lt;path[39m
      [33md[39m=[32m&quot;M3 21c0-2.1 1.7-3.9 3.8-4&quot;[39m
    [36m/&gt;[39m
    [36m&lt;path[39m
      [33md[39m=[32m&quot;M20.97 5c0 2.1-1.6 3.8-3.5 4&quot;[39m
    [36m/&gt;[39m
    [36m&lt;path[39m
      [33md[39m=[32m&quot;M22 13h-4&quot;[39m
    [36m/&gt;[39m
    [36m&lt;path[39m
      [33md[39m=[32m&quot;M17.2 17c2.1.1 3.8 1.9 3.8 4&quot;[39m
    [36m/&gt;[39m
  [36m&lt;/svg&gt;[39m
  [0mError Details (Development Only)[0m
[36m&lt;/summary&gt;[39m

Ignored nodes: comments, script, style
[36m&lt;summary[39m
  [33mstyle[39m=[32m&quot;cursor: pointer; margin-bottom: 8px; color: rgb(107, 114, 128); font-size: 12px;&quot;[39m
[36m&gt;[39m
  [36m&lt;svg[39m
    [33maria-hidden[39m=[32m&quot;true&quot;[39m
    [33mclass[39m=[32m&quot;lucide lucide-bug&quot;[39m
    [33mfill[39m=[32m&quot;none&quot;[39m
    [33mheight[39m=[32m&quot;14&quot;[39m
    [33mstroke[39m=[32m&quot;currentColor&quot;[39m
    [33mstroke-linecap[39m=[32m&quot;round&quot;[39m
    [33mstroke-linejoin[39m=[32m&quot;round&quot;[39m
    [33mstroke-width[39m=[32m&quot;2&quot;[39m
    [33mstyle[39m=[32m&quot;margin-right: 6px; vertical-align: middle;&quot;[39m
    [33mviewBox[39m=[32m&quot;0 0 24 24&quot;[39m
    [33mwidth[39m=[32m&quot;14&quot;[39m
    [33mxmlns[39m=[32m&quot;http://www.w3.org/2000/svg&quot;[39m
  [36m&gt;[39m
    [36m&lt;path[39m
      [33md[39m=[32m&quot;m8 2 1.88 1.88&quot;[39m
    [36m/&gt;[39m
    [36m&lt;path[39m
      [33md[39m=[32m&quot;M14.12 3.88 16 2&quot;[39m
    [36m/&gt;[39m
    [36m&lt;path[39m
      [33md[39m=[32m&quot;M9 7.13v-1a3.003 3.003 0 1 1 6 0v1&quot;[39m
    [36m/&gt;[39m
    [36m&lt;path[39m
      [33md[39m=[32m&quot;M12 20c-3.3 0-6-2.7-6-6v-3a4 4 0 0 1 4-4h4a4 4 0 0 1 4 4v3c0 3.3-2.7 6-6 6&quot;[39m
    [36m/&gt;[39m
    [36m&lt;path[39m
      [33md[39m=[32m&quot;M12 20v-9&quot;[39m
    [36m/&gt;[39m
    [36m&lt;path[39m
      [33md[39m=[32m&quot;M6.53 9C4.6 8.8 3 7.1 3 5&quot;[39m
    [36m/&gt;[39m
    [36m&lt;path[39m
      [33md[39m=[32m&quot;M6 13H2&quot;[39m
    [36m/&gt;[39m
    [36m&lt;path[39m
      [33md[39m=[32m&quot;M3 21c0-2.1 1.7-3.9 3.8-4&quot;[39m
    [36m/&gt;[39m
    [36m&lt;path[39m
      [33md[39m=[32m&quot;M20.97 5c0 2.1-1.6 3.8-3.5 4&quot;[39m
    [36m/&gt;[39m
    [36m&lt;path[39m
      [33md[39m=[32m&quot;M22 13h-4&quot;[39m
    [36m/&gt;[39m
    [36m&lt;path[39m
      [33md[39m=[32m&quot;M17.2 17c2.1.1 3.8 1.9 3.8 4&quot;[39m
    [36m/&gt;[39m
  [36m&lt;/svg&gt;[39m
  [0mError Details (Development Only)[0m
[36m&lt;/summary&gt;[39m

Ignored nodes: comments, script, style
[36m&lt;summary[39m
  [33mstyle[39m=[32m&quot;cursor: pointer; margin-bottom: 8px; color: rgb(107, 114, 128); font-size: 12px;&quot;[39m
[36m&gt;[39m
  [36m&lt;svg[39m
    [33maria-hidden[39m=[32m&quot;true&quot;[39m
    [33mclass[39m=[32m&quot;lucide lucide-bug&quot;[39m
    [33mfill[39m=[32m&quot;none&quot;[39m
    [33mheight[39m=[32m&quot;14&quot;[39m
    [33mstroke[39m=[32m&quot;currentColor&quot;[39m
    [33mstroke-linecap[39m=[32m&quot;round&quot;[39m
    [33mstroke-linejoin[39m=[32m&quot;round&quot;[39m
    [33mstroke-width[39m=[32m&quot;2&quot;[39m
    [33mstyle[39m=[32m&quot;margin-right: 6px; vertical-align: middle;&quot;[39m
    [33mviewBox[39m=[32m&quot;0 0 24 24&quot;[39m
    [33mwidth[39m=[32m&quot;14&quot;[39m
    [33mxmlns[39m=[32m&quot;http://www.w3.org/2000/svg&quot;[39m
  [36m&gt;[39m
    [36m&lt;path[39m
      [33md[39m=[32m&quot;m8 2 1.88 1.88&quot;[39m
    [36m/&gt;[39m
    [36m&lt;path[39m
      [33md[39m=[32m&quot;M14.12 3.88 16 2&quot;[39m
    [36m/&gt;[39m
    [36m&lt;path[39m
      [33md[39m=[32m&quot;M9 7.13v-1a3.003 3.003 0 1 1 6 0v1&quot;[39m
    [36m/&gt;[39m
    [36m&lt;path[39m
      [33md[39m=[32m&quot;M12 20c-3.3 0-6-2.7-6-6v-3a4 4 0 0 1 4-4h4a4 4 0 0 1 4 4v3c0 3.3-2.7 6-6 6&quot;[39m
    [36m/&gt;[39m
    [36m&lt;path[39m
      [33md[39m=[32m&quot;M12 20v-9&quot;[39m
    [36m/&gt;[39m
    [36m&lt;path[39m
      [33md[39m=[32m&quot;M6.53 9C4.6 8.8 3 7.1 3 5&quot;[39m
    [36m/&gt;[39m
    [36m&lt;path[39m
      [33md[39m=[32m&quot;M6 13H2&quot;[39m
    [36m/&gt;[39m
    [36m&lt;path[39m
      [33md[39m=[32m&quot;M3 21c0-2.1 1.7-3.9 3.8-4&quot;[39m
    [36m/&gt;[39m
    [36m&lt;path[39m
      [33md[39m=[32m&quot;M20.97 5c0 2.1-1.6 3.8-3.5 4&quot;[39m
    [36m/&gt;[39m
    [36m&lt;path[39m
      [33md[39m=[32m&quot;M22 13h-4&quot;[39m
    [36m/&gt;[39m
    [36m&lt;path[39m
      [33md[39m=[32m&quot;M17.2 17c2.1.1 3.8 1.9 3.8 4&quot;[39m
    [36m/&gt;[39m
  [36m&lt;/svg&gt;[39m
  [0mError Details (Development Only)[0m
[36m&lt;/summary&gt;[39m

Ignored nodes: comments, script, style
[36m&lt;summary[39m
  [33mstyle[39m=[32m&quot;cursor: pointer; margin-bottom: 8px; color: rgb(107, 114, 128); font-size: 12px;&quot;[39m
[36m&gt;[39m
  [36m&lt;svg[39m
    [33maria-hidden[39m=[32m&quot;true&quot;[39m
    [33mclass[39m=[32m&quot;lucide lucide-bug&quot;[39m
    [33mfill[39m=[32m&quot;none&quot;[39m
    [33mheight[39m=[32m&quot;14&quot;[39m
    [33mstroke[39m=[32m&quot;currentColor&quot;[39m
    [33mstroke-linecap[39m=[32m&quot;round&quot;[39m
    [33mstroke-linejoin[39m=[32m&quot;round&quot;[39m
    [33mstroke-width[39m=[32m&quot;2&quot;[39m
    [33mstyle[39m=[32m&quot;margin-right: 6px; vertical-align: middle;&quot;[39m
    [33mviewBox[39m=[32m&quot;0 0 24 24&quot;[39m
    [33mwidth[39m=[32m&quot;14&quot;[39m
    [33mxmlns[39m=[32m&quot;http://www.w3.org/2000/svg&quot;[39m
  [36m&gt;[39m
    [36m&lt;path[39m
      [33md[39m=[32m&quot;m8 2 1.88 1.88&quot;[39m
    [36m/&gt;[39m
    [36m&lt;path[39m
      [33md[39m=[32m&quot;M14.12 3.88 16 2&quot;[39m
    [36m/&gt;[39m
    [36m&lt;path[39m
      [33md[39m=[32m&quot;M9 7.13v-1a3.003 3.003 0 1 1 6 0v1&quot;[39m
    [36m/&gt;[39m
    [36m&lt;path[39m
      [33md[39m=[32m&quot;M12 20c-3.3 0-6-2.7-6-6v-3a4 4 0 0 1 4-4h4a4 4 0 0 1 4 4v3c0 3.3-2.7 6-6 6&quot;[39m
    [36m/&gt;[39m
    [36m&lt;path[39m
      [33md[39m=[32m&quot;M12 20v-9&quot;[39m
    [36m/&gt;[39m
    [36m&lt;path[39m
      [33md[39m=[32m&quot;M6.53 9C4.6 8.8 3 7.1 3 5&quot;[39m
    [36m/&gt;[39m
    [36m&lt;path[39m
      [33md[39m=[32m&quot;M6 13H2&quot;[39m
    [36m/&gt;[39m
    [36m&lt;path[39m
      [33md[39m=[32m&quot;M3 21c0-2.1 1.7-3.9 3.8-4&quot;[39m
    [36m/&gt;[39m
    [36m&lt;path[39m
      [33md[39m=[32m&quot;M20.97 5c0 2.1-1.6 3.8-3.5 4&quot;[39m
    [36m/&gt;[39m
    [36m&lt;path[39m
      [33md[39m=[32m&quot;M22 13h-4&quot;[39m
    [36m/&gt;[39m
    [36m&lt;path[39m
      [33md[39m=[32m&quot;M17.2 17c2.1.1 3.8 1.9 3.8 4&quot;[39m
    [36m/&gt;[39m
  [36m&lt;/svg&gt;[39m
  [0mError Details (Development Only)[0m
[36m&lt;/summary&gt;[39m

Ignored nodes: comments, script, style
[36m&lt;summary[39m
  [33mstyle[39m=[32m&quot;cursor: pointer; margin-bottom: 8px; color: rgb(107, 114, 128); font-size: 12px;&quot;[39m
[36m&gt;[39m
  [36m&lt;svg[39m
    [33maria-hidden[39m=[32m&quot;true&quot;[39m
    [33mclass[39m=[32m&quot;lucide lucide-bug&quot;[39m
    [33mfill[39m=[32m&quot;none&quot;[39m
    [33mheight[39m=[32m&quot;14&quot;[39m
    [33mstroke[39m=[32m&quot;currentColor&quot;[39m
    [33mstroke-linecap[39m=[32m&quot;round&quot;[39m
    [33mstroke-linejoin[39m=[32m&quot;round&quot;[39m
    [33mstroke-width[39m=[32m&quot;2&quot;[39m
    [33mstyle[39m=[32m&quot;margin-right: 6px; vertical-align: middle;&quot;[39m
    [33mviewBox[39m=[32m&quot;0 0 24 24&quot;[39m
    [33mwidth[39m=[32m&quot;14&quot;[39m
    [33mxmlns[39m=[32m&quot;http://www.w3.org/2000/svg&quot;[39m
  [36m&gt;[39m
    [36m&lt;path[39m
      [33md[39m=[32m&quot;m8 2 1.88 1.88&quot;[39m
    [36m/&gt;[39m
    [36m&lt;path[39m
      [33md[39m=[32m&quot;M14.12 3.88 16 2&quot;[39m
    [36m/&gt;[39m
    [36m&lt;path[39m
      [33md[39m=[32m&quot;M9 7.13v-1a3.003 3.003 0 1 1 6 0v1&quot;[39m
    [36m/&gt;[39m
    [36m&lt;path[39m
      [33md[39m=[32m&quot;M12 20c-3.3 0-6-2.7-6-6v-3a4 4 0 0 1 4-4h4a4 4 0 0 1 4 4v3c0 3.3-2.7 6-6 6&quot;[39m
    [36m/&gt;[39m
    [36m&lt;path[39m
      [33md[39m=[32m&quot;M12 20v-9&quot;[39m
    [36m/&gt;[39m
    [36m&lt;path[39m
      [33md[39m=[32m&quot;M6.53 9C4.6 8.8 3 7.1 3 5&quot;[39m
    [36m/&gt;[39m
    [36m&lt;path[39m
      [33md[39m=[32m&quot;M6 13H2&quot;[39m
    [36m/&gt;[39m
    [36m&lt;path[39m
      [33md[39m=[32m&quot;M3 21c0-2.1 1.7-3.9 3.8-4&quot;[39m
    [36m/&gt;[39m
    [36m&lt;path[39m
      [33md[39m=[32m&quot;M20.97 5c0 2.1-1.6 3.8-3.5 4&quot;[39m
    [36m/&gt;[39m
    [36m&lt;path[39m
      [33md[39m=[32m&quot;M22 13h-4&quot;[39m
    [36m/&gt;[39m
    [36m&lt;path[39m
      [33md[39m=[32m&quot;M17.2 17c2.1.1 3.8 1.9 3.8 4&quot;[39m
    [36m/&gt;[39m
  [36m&lt;/svg&gt;[39m
  [0mError Details (Development Only)[0m
[36m&lt;/summary&gt;[39m

Ignored nodes: comments, script, style
[36m&lt;summary[39m
  [33mstyle[39m=[32m&quot;cursor: pointer; margin-bottom: 8px; color: rgb(107, 114, 128); font-size: 12px;&quot;[39m
[36m&gt;[39m
  [36m&lt;svg[39m
    [33maria-hidden[39m=[32m&quot;true&quot;[39m
    [33mclass[39m=[32m&quot;lucide lucide-bug&quot;[39m
    [33mfill[39m=[32m&quot;none&quot;[39m
    [33mheight[39m=[32m&quot;14&quot;[39m
    [33mstroke[39m=[32m&quot;currentColor&quot;[39m
    [33mstroke-linecap[39m=[32m&quot;round&quot;[39m
    [33mstroke-linejoin[39m=[32m&quot;round&quot;[39m
    [33mstroke-width[39m=[32m&quot;2&quot;[39m
    [33mstyle[39m=[32m&quot;margin-right: 6px; vertical-align: middle;&quot;[39m
    [33mviewBox[39m=[32m&quot;0 0 24 24&quot;[39m
    [33mwidth[39m=[32m&quot;14&quot;[39m
    [33mxmlns[39m=[32m&quot;http://www.w3.org/2000/svg&quot;[39m
  [36m&gt;[39m
    [36m&lt;path[39m
      [33md[39m=[32m&quot;m8 2 1.88 1.88&quot;[39m
    [36m/&gt;[39m
    [36m&lt;path[39m
      [33md[39m=[32m&quot;M14.12 3.88 16 2&quot;[39m
    [36m/&gt;[39m
    [36m&lt;path[39m
      [33md[39m=[32m&quot;M9 7.13v-1a3.003 3.003 0 1 1 6 0v1&quot;[39m
    [36m/&gt;[39m
    [36m&lt;path[39m
      [33md[39m=[32m&quot;M12 20c-3.3 0-6-2.7-6-6v-3a4 4 0 0 1 4-4h4a4 4 0 0 1 4 4v3c0 3.3-2.7 6-6 6&quot;[39m
    [36m/&gt;[39m
    [36m&lt;path[39m
      [33md[39m=[32m&quot;M12 20v-9&quot;[39m
    [36m/&gt;[39m
    [36m&lt;path[39m
      [33md[39m=[32m&quot;M6.53 9C4.6 8.8 3 7.1 3 5&quot;[39m
    [36m/&gt;[39m
    [36m&lt;path[39m
      [33md[39m=[32m&quot;M6 13H2&quot;[39m
    [36m/&gt;[39m
    [36m&lt;path[39m
      [33md[39m=[32m&quot;M3 21c0-2.1 1.7-3.9 3.8-4&quot;[39m
    [36m/&gt;[39m
    [36m&lt;path[39m
      [33md[39m=[32m&quot;M20.97 5c0 2.1-1.6 3.8-3.5 4&quot;[39m
    [36m/&gt;[39m
    [36m&lt;path[39m
      [33md[39m=[32m&quot;M22 13h-4&quot;[39m
    [36m/&gt;[39m
    [36m&lt;path[39m
      [33md[39m=[32m&quot;M17.2 17c2.1.1 3.8 1.9 3.8 4&quot;[39m
    [36m/&gt;[39m
  [36m&lt;/svg&gt;[39m
  [0mError Details (Development Only)[0m
[36m&lt;/summary&gt;[39m

Ignored nodes: comments, script, style
[36m&lt;summary[39m
  [33mstyle[39m=[32m&quot;cursor: pointer; margin-bottom: 8px; color: rgb(107, 114, 128); font-size: 12px;&quot;[39m
[36m&gt;[39m
  [36m&lt;svg[39m
    [33maria-hidden[39m=[32m&quot;true&quot;[39m
    [33mclass[39m=[32m&quot;lucide lucide-bug&quot;[39m
    [33mfill[39m=[32m&quot;none&quot;[39m
    [33mheight[39m=[32m&quot;14&quot;[39m
    [33mstroke[39m=[32m&quot;currentColor&quot;[39m
    [33mstroke-linecap[39m=[32m&quot;round&quot;[39m
    [33mstroke-linejoin[39m=[32m&quot;round&quot;[39m
    [33mstroke-width[39m=[32m&quot;2&quot;[39m
    [33mstyle[39m=[32m&quot;margin-right: 6px; vertical-align: middle;&quot;[39m
    [33mviewBox[39m=[32m&quot;0 0 24 24&quot;[39m
    [33mwidth[39m=[32m&quot;14&quot;[39m
    [33mxmlns[39m=[32m&quot;http://www.w3.org/2000/svg&quot;[39m
  [36m&gt;[39m
    [36m&lt;path[39m
      [33md[39m=[32m&quot;m8 2 1.88 1.88&quot;[39m
    [36m/&gt;[39m
    [36m&lt;path[39m
      [33md[39m=[32m&quot;M14.12 3.88 16 2&quot;[39m
    [36m/&gt;[39m
    [36m&lt;path[39m
      [33md[39m=[32m&quot;M9 7.13v-1a3.003 3.003 0 1 1 6 0v1&quot;[39m
    [36m/&gt;[39m
    [36m&lt;path[39m
      [33md[39m=[32m&quot;M12 20c-3.3 0-6-2.7-6-6v-3a4 4 0 0 1 4-4h4a4 4 0 0 1 4 4v3c0 3.3-2.7 6-6 6&quot;[39m
    [36m/&gt;[39m
    [36m&lt;path[39m
      [33md[39m=[32m&quot;M12 20v-9&quot;[39m
    [36m/&gt;[39m
    [36m&lt;path[39m
      [33md[39m=[32m&quot;M6.53 9C4.6 8.8 3 7.1 3 5&quot;[39m
    [36m/&gt;[39m
    [36m&lt;path[39m
      [33md[39m=[32m&quot;M6 13H2&quot;[39m
    [36m/&gt;[39m
    [36m&lt;path[39m
      [33md[39m=[32m&quot;M3 21c0-2.1 1.7-3.9 3.8-4&quot;[39m
    [36m/&gt;[39m
    [36m&lt;path[39m
      [33md[39m=[32m&quot;M20.97 5c0 2.1-1.6 3.8-3.5 4&quot;[39m
    [36m/&gt;[39m
    [36m&lt;path[39m
      [33md[39m=[32m&quot;M22 13h-4&quot;[39m
    [36m/&gt;[39m
    [36m&lt;path[39m
      [33md[39m=[32m&quot;M17.2 17c2.1.1 3.8 1.9 3.8 4&quot;[39m
    [36m/&gt;[39m
  [36m&lt;/svg&gt;[39m
  [0mError Details (Development Only)[0m
[36m&lt;/summary&gt;[39m

Ignored nodes: comments, script, style
[36m&lt;summary[39m
  [33mstyle[39m=[32m&quot;cursor: pointer; margin-bottom: 8px; color: rgb(156, 163, 175); font-size: 12px;&quot;[39m
[36m&gt;[39m
  [36m&lt;svg[39m
    [33maria-hidden[39m=[32m&quot;true&quot;[39m
    [33mclass[39m=[32m&quot;lucide lucide-bug&quot;[39m
    [33mfill[39m=[32m&quot;none&quot;[39m
    [33mheight[39m=[32m&quot;14&quot;[39m
    [33mstroke[39m=[32m&quot;currentColor&quot;[39m
    [33mstroke-linecap[39m=[32m&quot;round&quot;[39m
    [33mstroke-linejoin[39m=[32m&quot;round&quot;[39m
    [33mstroke-width[39m=[32m&quot;2&quot;[39m
    [33mstyle[39m=[32m&quot;margin-right: 6px; vertical-align: middle;&quot;[39m
    [33mviewBox[39m=[32m&quot;0 0 24 24&quot;[39m
    [33mwidth[39m=[32m&quot;14&quot;[39m
    [33mxmlns[39m=[32m&quot;http://www.w3.org/2000/svg&quot;[39m
  [36m&gt;[39m
    [36m&lt;path[39m
      [33md[39m=[32m&quot;m8 2 1.88 1.88&quot;[39m
    [36m/&gt;[39m
    [36m&lt;path[39m
      [33md[39m=[32m&quot;M14.12 3.88 16 2&quot;[39m
    [36m/&gt;[39m
    [36m&lt;path[39m
      [33md[39m=[32m&quot;M9 7.13v-1a3.003 3.003 0 1 1 6 0v1&quot;[39m
    [36m/&gt;[39m
    [36m&lt;path[39m
      [33md[39m=[32m&quot;M12 20c-3.3 0-6-2.7-6-6v-3a4 4 0 0 1 4-4h4a4 4 0 0 1 4 4v3c0 3.3-2.7 6-6 6&quot;[39m
    [36m/&gt;[39m
    [36m&lt;path[39m
      [33md[39m=[32m&quot;M12 20v-9&quot;[39m
    [36m/&gt;[39m
    [36m&lt;path[39m
      [33md[39m=[32m&quot;M6.53 9C4.6 8.8 3 7.1 3 5&quot;[39m
    [36m/&gt;[39m
    [36m&lt;path[39m
      [33md[39m=[32m&quot;M6 13H2&quot;[39m
    [36m/&gt;[39m
    [36m&lt;path[39m
      [33md[39m=[32m&quot;M3 21c0-2.1 1.7-3.9 3.8-4&quot;[39m
    [36m/&gt;[39m
    [36m&lt;path[39m
      [33md[39m=[32m&quot;M20.97 5c0 2.1-1.6 3.8-3.5 4&quot;[39m
    [36m/&gt;[39m
    [36m&lt;path[39m
      [33md[39m=[32m&quot;M22 13h-4&quot;[39m
    [36m/&gt;[39m
    [36m&lt;path[39m
      [33md[39m=[32m&quot;M17.2 17c2.1.1 3.8 1.9 3.8 4&quot;[39m
    [36m/&gt;[39m
  [36m&lt;/svg&gt;[39m
  [0mError Details (Development Only)[0m
[36m&lt;/summary&gt;[39m

Ignored nodes: comments, script, style
[36m&lt;summary[39m
  [33mstyle[39m=[32m&quot;cursor: pointer; margin-bottom: 8px; color: rgb(107, 114, 128); font-size: 12px;&quot;[39m
[36m&gt;[39m
  [36m&lt;svg[39m
    [33maria-hidden[39m=[32m&quot;true&quot;[39m
    [33mclass[39m=[32m&quot;lucide lucide-bug&quot;[39m
    [33mfill[39m=[32m&quot;none&quot;[39m
    [33mheight[39m=[32m&quot;14&quot;[39m
    [33mstroke[39m=[32m&quot;currentColor&quot;[39m
    [33mstroke-linecap[39m=[32m&quot;round&quot;[39m
    [33mstroke-linejoin[39m=[32m&quot;round&quot;[39m
    [33mstroke-width[39m=[32m&quot;2&quot;[39m
    [33mstyle[39m=[32m&quot;margin-right: 6px; vertical-align: middle;&quot;[39m
    [33mviewBox[39m=[32m&quot;0 0 24 24&quot;[39m
    [33mwidth[39m=[32m&quot;14&quot;[39m
    [33mxmlns[39m=[32m&quot;http://www.w3.org/2000/svg&quot;[39m
  [36m&gt;[39m
    [36m&lt;path[39m
      [33md[39m=[32m&quot;m8 2 1.88 1.88&quot;[39m
    [36m/&gt;[39m
    [36m&lt;path[39m
      [33md[39m=[32m&quot;M14.12 3.88 16 2&quot;[39m
    [36m/&gt;[39m
    [36m&lt;path[39m
      [33md[39m=[32m&quot;M9 7.13v-1a3.003 3.003 0 1 1 6 0v1&quot;[39m
    [36m/&gt;[39m
    [36m&lt;path[39m
      [33md[39m=[32m&quot;M12 20c-3.3 0-6-2.7-6-6v-3a4 4 0 0 1 4-4h4a4 4 0 0 1 4 4v3c0 3.3-2.7 6-6 6&quot;[39m
    [36m/&gt;[39m
    [36m&lt;path[39m
      [33md[39m=[32m&quot;M12 20v-9&quot;[39m
    [36m/&gt;[39m
    [36m&lt;path[39m
      [33md[39m=[32m&quot;M6.53 9C4.6 8.8 3 7.1 3 5&quot;[39m
    [36m/&gt;[39m
    [36m&lt;path[39m
      [33md[39m=[32m&quot;M6 13H2&quot;[39m
    [36m/&gt;[39m
    [36m&lt;path[39m
      [33md[39m=[32m&quot;M3 21c0-2.1 1.7-3.9 3.8-4&quot;[39m
    [36m/&gt;[39m
    [36m&lt;path[39m
      [33md[39m=[32m&quot;M20.97 5c0 2.1-1.6 3.8-3.5 4&quot;[39m
    [36m/&gt;[39m
    [36m&lt;path[39m
      [33md[39m=[32m&quot;M22 13h-4&quot;[39m
    [36m/&gt;[39m
    [36m&lt;path[39m
      [33md[39m=[32m&quot;M17.2 17c2.1.1 3.8 1.9 3.8 4&quot;[39m
    [36m/&gt;[39m
  [36m&lt;/svg&gt;[39m
  [0mError Details (Development Only)[0m
[36m&lt;/summary&gt;[39m

Ignored nodes: comments, script, style
[36m&lt;summary[39m
  [33mstyle[39m=[32m&quot;cursor: pointer; margin-bottom: 8px; color: rgb(107, 114, 128); font-size: 12px;&quot;[39m
[36m&gt;[39m
  [36m&lt;svg[39m
    [33maria-hidden[39m=[32m&quot;true&quot;[39m
    [33mclass[39m=[32m&quot;lucide lucide-bug&quot;[39m
    [33mfill[39m=[32m&quot;none&quot;[39m
    [33mheight[39m=[32m&quot;14&quot;[39m
    [33mstroke[39m=[32m&quot;currentColor&quot;[39m
    [33mstroke-linecap[39m=[32m&quot;round&quot;[39m
    [33mstroke-linejoin[39m=[32m&quot;round&quot;[39m
    [33mstroke-width[39m=[32m&quot;2&quot;[39m
    [33mstyle[39m=[32m&quot;margin-right: 6px; vertical-align: middle;&quot;[39m
    [33mviewBox[39m=[32m&quot;0 0 24 24&quot;[39m
    [33mwidth[39m=[32m&quot;14&quot;[39m
    [33mxmlns[39m=[32m&quot;http://www.w3.org/2000/svg&quot;[39m
  [36m&gt;[39m
    [36m&lt;path[39m
      [33md[39m=[32m&quot;m8 2 1.88 1.88&quot;[39m
    [36m/&gt;[39m
    [36m&lt;path[39m
      [33md[39m=[32m&quot;M14.12 3.88 16 2&quot;[39m
    [36m/&gt;[39m
    [36m&lt;path[39m
      [33md[39m=[32m&quot;M9 7.13v-1a3.003 3.003 0 1 1 6 0v1&quot;[39m
    [36m/&gt;[39m
    [36m&lt;path[39m
      [33md[39m=[32m&quot;M12 20c-3.3 0-6-2.7-6-6v-3a4 4 0 0 1 4-4h4a4 4 0 0 1 4 4v3c0 3.3-2.7 6-6 6&quot;[39m
    [36m/&gt;[39m
    [36m&lt;path[39m
      [33md[39m=[32m&quot;M12 20v-9&quot;[39m
    [36m/&gt;[39m
    [36m&lt;path[39m
      [33md[39m=[32m&quot;M6.53 9C4.6 8.8 3 7.1 3 5&quot;[39m
    [36m/&gt;[39m
    [36m&lt;path[39m
      [33md[39m=[32m&quot;M6 13H2&quot;[39m
    [36m/&gt;[39m
    [36m&lt;path[39m
      [33md[39m=[32m&quot;M3 21c0-2.1 1.7-3.9 3.8-4&quot;[39m
    [36m/&gt;[39m
    [36m&lt;path[39m
      [33md[39m=[32m&quot;M20.97 5c0 2.1-1.6 3.8-3.5 4&quot;[39m
    [36m/&gt;[39m
    [36m&lt;path[39m
      [33md[39m=[32m&quot;M22 13h-4&quot;[39m
    [36m/&gt;[39m
    [36m&lt;path[39m
      [33md[39m=[32m&quot;M17.2 17c2.1.1 3.8 1.9 3.8 4&quot;[39m
    [36m/&gt;[39m
  [36m&lt;/svg&gt;[39m
  [0mError Details (Development Only)[0m
[36m&lt;/summary&gt;[39m

Ignored nodes: comments, script, style
[36m&lt;summary[39m
  [33mstyle[39m=[32m&quot;cursor: pointer; margin-bottom: 8px; color: rgb(107, 114, 128); font-size: 12px;&quot;[39m
[36m&gt;[39m
  [36m&lt;svg[39m
    [33maria-hidden[39m=[32m&quot;true&quot;[39m
    [33mclass[39m=[32m&quot;lucide lucide-bug&quot;[39m
    [33mfill[39m=[32m&quot;none&quot;[39m
    [33mheight[39m=[32m&quot;14&quot;[39m
    [33mstroke[39m=[32m&quot;currentColor&quot;[39m
    [33mstroke-linecap[39m=[32m&quot;round&quot;[39m
    [33mstroke-linejoin[39m=[32m&quot;round&quot;[39m
    [33mstroke-width[39m=[32m&quot;2&quot;[39m
    [33mstyle[39m=[32m&quot;margin-right: 6px; vertical-align: middle;&quot;[39m
    [33mviewBox[39m=[32m&quot;0 0 24 24&quot;[39m
    [33mwidth[39m=[32m&quot;14&quot;[39m
    [33mxmlns[39m=[32m&quot;http://www.w3.org/2000/svg&quot;[39m
  [36m&gt;[39m
    [36m&lt;path[39m
      [33md[39m=[32m&quot;m8 2 1.88 1.88&quot;[39m
    [36m/&gt;[39m
    [36m&lt;path[39m
      [33md[39m=[32m&quot;M14.12 3.88 16 2&quot;[39m
    [36m/&gt;[39m
    [36m&lt;path[39m
      [33md[39m=[32m&quot;M9 7.13v-1a3.003 3.003 0 1 1 6 0v1&quot;[39m
    [36m/&gt;[39m
    [36m&lt;path[39m
      [33md[39m=[32m&quot;M12 20c-3.3 0-6-2.7-6-6v-3a4 4 0 0 1 4-4h4a4 4 0 0 1 4 4v3c0 3.3-2.7 6-6 6&quot;[39m
    [36m/&gt;[39m
    [36m&lt;path[39m
      [33md[39m=[32m&quot;M12 20v-9&quot;[39m
    [36m/&gt;[39m
    [36m&lt;path[39m
      [33md[39m=[32m&quot;M6.53 9C4.6 8.8 3 7.1 3 5&quot;[39m
    [36m/&gt;[39m
    [36m&lt;path[39m
      [33md[39m=[32m&quot;M6 13H2&quot;[39m
    [36m/&gt;[39m
    [36m&lt;path[39m
      [33md[39m=[32m&quot;M3 21c0-2.1 1.7-3.9 3.8-4&quot;[39m
    [36m/&gt;[39m
    [36m&lt;path[39m
      [33md[39m=[32m&quot;M20.97 5c0 2.1-1.6 3.8-3.5 4&quot;[39m
    [36m/&gt;[39m
    [36m&lt;path[39m
      [33md[39m=[32m&quot;M22 13h-4&quot;[39m
    [36m/&gt;[39m
    [36m&lt;path[39m
      [33md[39m=[32m&quot;M17.2 17c2.1.1 3.8 1.9 3.8 4&quot;[39m
    [36m/&gt;[39m
  [36m&lt;/svg&gt;[39m
  [0mError Details (Development Only)[0m
[36m&lt;/summary&gt;[39m

(If this is intentional, then use the `*AllBy*` variant of the query (like `queryAllByText`, `getAllByText`, or `findAllByText`)).

Ignored nodes: comments, script, style
[36m&lt;body&gt;[39m
  [36m&lt;div&gt;[39m
    [36m&lt;div[39m
      [33mdata-testid[39m=[32m&quot;test-content&quot;[39m
    [36m&gt;[39m
      [0mTest content[0m
    [36m&lt;/div&gt;[39m
  [36m&lt;/div&gt;[39m
  [36m&lt;div&gt;[39m
    [36m&lt;div[39m
      [33mstyle[39m=[32m&quot;min-height: 400px; background: rgb(245, 245, 245); display: flex; align-items: center; justify-content: center; padding: 32px; border-radius: 8px;&quot;[39m
    [36m&gt;[39m
      [36m&lt;div[39m
        [33mstyle[39m=[32m&quot;max-width: 600px; width: 100%; text-align: center; background: rgba(255, 255, 255, 0.9); border-radius: 16px; padding: 32px; border: 1px solid rgb(229, 231, 235); box-shadow: 0 4px 6px rgba(0, 0, 0, 0.1);&quot;[39m
      [36m&gt;[39m
        [36m&lt;svg[39m
          [33maria-hidden[39m=[32m&quot;true&quot;[39m
          [33mclass[39m=[32m&quot;lucide lucide-circle-alert&quot;[39m
          [33mfill[39m=[32m&quot;none&quot;[39m
          [33mheight[39m=[32m&quot;48&quot;[39m
          [33mstroke[39m=[32m&quot;currentColor&quot;[39m
          [33mstroke-linecap[39m=[32m&quot;round&quot;[39m
          [33mstroke-linejoin[39m=[32m&quot;round&quot;[39m
          [33mstroke-width[39m=[32m&quot;2&quot;[39m
          [33mstyle[39m=[32m&quot;color: rgb(239, 68, 68); margin-bottom: 16px;&quot;[39m
          [33mviewBox[39m=[32m&quot;0 0 24 24&quot;[39m
          [33mwidth[39m=[32m&quot;48&quot;[39m
          [33mxmlns[39m=[32m&quot;http://www.w3.org/2000/svg&quot;[39m
        [36m&gt;[39m
          [36m&lt;circle[39m
            [33mcx[39m=[32m&quot;12&quot;[39m
            [33mcy[39m=[32m&quot;12&quot;[39m
            [33mr[39m=[32m&quot;10&quot;[39m
          [36m/&gt;[39m
          [36m&lt;line[39m
            [33mx1[39m=[32m&quot;12&quot;[39m
            [33mx2[39m=[32m&quot;12&quot;[39m
            [33my1[39m=[32m&quot;8&quot;[39m
            [33my2[39m=[32m&quot;12&quot;[39m
          [36m/&gt;[39m
          [36m&lt;line[39m
            [33mx1[39m=[32m&quot;12&quot;[39m
            [33mx2[39m=[32m&quot;12.01&quot;[39m
            [33my1[39m=[32m&quot;16&quot;[39m
            [33my2[39m=[32m&quot;16&quot;[39m
          [36m/&gt;[39m
        [36m&lt;/svg&gt;[39m
        [36m&lt;h3[39m
          [33mstyle[39m=[32m&quot;font-size: 20px; font-weight: bold; margin-bottom: 8px; color: rgb(31, 41, 55);&quot;[39m
        [36m&gt;[39m
          [0mNetwork Connection Issue[0m
        [36m&lt;/h3&gt;[39m
        [36m&lt;p[39m
          [33mstyle[39m=[32m&quot;font-size: 14px; margin-bottom: 20px; color: rgb(107, 114, 128); line-height: 1.5;&quot;[39m
        [36m&gt;[39m
          [0mCheck your internet connection and try again. If the problem persists, contact your network administrator.[0m
        [36m&lt;/p&gt;[39m
        [36m&lt;details[39m
          [33mstyle[39m=[32m&quot;text-align: left; margin-bottom: 20px; background: rgba(0, 0, 0, 0.05); padding: 12px; border-radius: 6px; font-size: 12px;&quot;[39m
        [36m&gt;[39m
          [36m&lt;summary[39m
            [33mstyle[39m=[32m&quot;cursor: pointer; margin-bottom: 8px; color: rgb(107, 114, 128); font-size: 12px;&quot;[39m
          [36m&gt;[39m
            [36m&lt;svg[39m
              [33maria-hidden[39m=[32m&quot;true&quot;[39m
              [33mclass[39m=[32m&quot;lucide lucide-bug&quot;[39m
              [33mfill[39m=[32m&quot;none&quot;[39m
              [33mheight[39m=[32m&quot;14&quot;[39m
              [33mstroke[39m=[32m&quot;currentColor&quot;[39m
              [33mstroke-linecap[39m=[32m&quot;round&quot;[39m
              [33mstroke-linejoin[39m=[32m&quot;round&quot;[39m
              [33mstroke-width[39m=[32m&quot;2&quot;[39m
              [33mstyle[39m=[32m&quot;margin-right: 6px; vertical-align: middle;&quot;[39m
              [33mviewBox[39m=[32m&quot;0 0 24 24&quot;[39m
              [33mwidth[39m=[32m&quot;14&quot;[39m
              [33mxmlns[39m=[32m&quot;http://www.w3.org/2000/svg&quot;[39m
            [36m&gt;[39m
              [36m&lt;path[39m
                [33md[39m=[32m&quot;m8 2 1.88 1.88&quot;[39m
              [36m/&gt;[39m
              [36m&lt;path[39m
                [33md[39m=[32m&quot;M14.12 3.88 16 2&quot;[39m
              [36m/&gt;[39m
              [36m&lt;path[39m
                [33md[39m=[32m&quot;M9 7.13v-1a3.003 3.003 0 1 1 6 0v1&quot;[39m
              [36m/&gt;[39m
              [36m&lt;path[39m
                [33md[39m=[32m&quot;M12 20c-3.3 0-6-2.7-6-6v-3a4 4 0 0 1 4-4h4a4 4 0 0 1 4 4v3c0 3.3-2.7 6-6 6&quot;[39m
              [36m/&gt;[39m
              [36m&lt;path[39m
                [33md[39m=[32m&quot;M12 20v-9&quot;[39m
              [36m/&gt;[39m
              [36m&lt;path[39m
                [33md[39m=[32m&quot;M6.53 9C4.6 8.8 3 7.1 3 5&quot;[39m
              [36m/&gt;[39m
              [36m&lt;path[39m
                [33md[39m=[32m&quot;M6 13H2&quot;[39m
              [36m/&gt;[39m
              [36m&lt;path[39m
                [33md[39m=[32m&quot;M3 21c0-2.1 1.7-3.9 3.8-4&quot;[39m
              [36m/&gt;[39m
              [36m&lt;path[39m
                [33md[39m=[32m&quot;M20.97 5c0 2.1-1.6 3.8-3.5 4&quot;[39m
              [36m/&gt;[39m
              [36m&lt;path[39m
                [33md[39m=[32m&quot;M22 13h-4&quot;[39m
              [36m/&gt;[39m
              [36m&lt;path[39m
                [33md[39m=[32m&quot;M17.2 17c2.1.1 3.8 1.9 3.8 4&quot;[39m
              [36m/&gt;[39m
            [36m&lt;/svg&gt;[39m
            [0mError Details (Development Only)[0m
          [36m&lt;/summary&gt;[39m
          [36m&lt;div[39m
            [33mstyle[39m=[32m&quot;font-family: monospace; color: rgb(75, 85, 99); word-break: break-word;&quot;[39m
          [36m&gt;[39m
            [36m&lt;strong&gt;[39m
              [0mType:[0m
            [36m&lt;/strong&gt;[39m
            [0m [0m
            [0mNETWORK[0m
            [36m&lt;br /&gt;[39m
            [36m&lt;strong&gt;[39m
              [0mCode:[0m
            [36m&lt;/strong&gt;[39m
            [0m [0m
            [0mNETWORK_ERROR[0m
            [36m&lt;br /&gt;[39m
            [36m&lt;strong&gt;[39m
              [0mMessage:[0m
            [36m&lt;/strong&gt;[39m
            [0m [0m
            [0mTest error message[0m
            [36m&lt;br /&gt;[39m
            [36m&lt;strong&gt;[39m
              [0mStack:[0m
            [36m&lt;/strong&gt;[39m
            [36m&lt;pre[39m
              [33mstyle[39m=[32m&quot;white-space: pre-wrap; word-break: break-word; margin: 4px 0px 0px 0px; font-size: 10px;&quot;[39m
            [36m&gt;[39m
              [0mAppError: Test error message
    at ThrowErrorComponent (/home/ilya/projects/SimpleAdminReporter/frontend/src/components/query/__tests__/QueryPreviewErrorBoundary.test.tsx:59:19)
    at Object.react_stack_bottom_frame (/home/ilya/projects/SimpleAdminReporter/frontend/node_modules/react-dom/cjs/react-dom-client.development.js:23863:20)
    at renderWithHooks (/home/ilya/projects/SimpleAdminReporter/frontend/node_modules/react-dom/cjs/react-dom-client.development.js:5529:22)
    at updateFunctionComponent (/home/ilya/projects/SimpleAdminReporter/frontend/node_modules/react-dom/cjs/react-dom-client.development.js:8897:19)
    at beginWork (/home/ilya/projects/SimpleAdminReporter/frontend/node_modules/react-dom/cjs/react-dom-client.development.js:10522:18)
    at runWithFiberInDEV (/home/ilya/projects/SimpleAdminReporter/frontend/node_modules/react-dom/cjs/react-dom-client.development.js:1522:13..." type="TestingLibraryElementError">
TestingLibraryElementError: Found multiple elements with the text: Error Details (Development Only)

Here are the matching elements:

Ignored nodes: comments, script, style
&lt;summary
  style=&quot;cursor: pointer; margin-bottom: 8px; color: rgb(107, 114, 128); font-size: 12px;&quot;
&gt;
  &lt;svg
    aria-hidden=&quot;true&quot;
    class=&quot;lucide lucide-bug&quot;
    fill=&quot;none&quot;
    height=&quot;14&quot;
    stroke=&quot;currentColor&quot;
    stroke-linecap=&quot;round&quot;
    stroke-linejoin=&quot;round&quot;
    stroke-width=&quot;2&quot;
    style=&quot;margin-right: 6px; vertical-align: middle;&quot;
    viewBox=&quot;0 0 24 24&quot;
    width=&quot;14&quot;
    xmlns=&quot;http://www.w3.org/2000/svg&quot;
  &gt;
    &lt;path
      d=&quot;m8 2 1.88 1.88&quot;
    /&gt;
    &lt;path
      d=&quot;M14.12 3.88 16 2&quot;
    /&gt;
    &lt;path
      d=&quot;M9 7.13v-1a3.003 3.003 0 1 1 6 0v1&quot;
    /&gt;
    &lt;path
      d=&quot;M12 20c-3.3 0-6-2.7-6-6v-3a4 4 0 0 1 4-4h4a4 4 0 0 1 4 4v3c0 3.3-2.7 6-6 6&quot;
    /&gt;
    &lt;path
      d=&quot;M12 20v-9&quot;
    /&gt;
    &lt;path
      d=&quot;M6.53 9C4.6 8.8 3 7.1 3 5&quot;
    /&gt;
    &lt;path
      d=&quot;M6 13H2&quot;
    /&gt;
    &lt;path
      d=&quot;M3 21c0-2.1 1.7-3.9 3.8-4&quot;
    /&gt;
    &lt;path
      d=&quot;M20.97 5c0 2.1-1.6 3.8-3.5 4&quot;
    /&gt;
    &lt;path
      d=&quot;M22 13h-4&quot;
    /&gt;
    &lt;path
      d=&quot;M17.2 17c2.1.1 3.8 1.9 3.8 4&quot;
    /&gt;
  &lt;/svg&gt;
  Error Details (Development Only)
&lt;/summary&gt;

Ignored nodes: comments, script, style
&lt;summary
  style=&quot;cursor: pointer; margin-bottom: 8px; color: rgb(107, 114, 128); font-size: 12px;&quot;
&gt;
  &lt;svg
    aria-hidden=&quot;true&quot;
    class=&quot;lucide lucide-bug&quot;
    fill=&quot;none&quot;
    height=&quot;14&quot;
    stroke=&quot;currentColor&quot;
    stroke-linecap=&quot;round&quot;
    stroke-linejoin=&quot;round&quot;
    stroke-width=&quot;2&quot;
    style=&quot;margin-right: 6px; vertical-align: middle;&quot;
    viewBox=&quot;0 0 24 24&quot;
    width=&quot;14&quot;
    xmlns=&quot;http://www.w3.org/2000/svg&quot;
  &gt;
    &lt;path
      d=&quot;m8 2 1.88 1.88&quot;
    /&gt;
    &lt;path
      d=&quot;M14.12 3.88 16 2&quot;
    /&gt;
    &lt;path
      d=&quot;M9 7.13v-1a3.003 3.003 0 1 1 6 0v1&quot;
    /&gt;
    &lt;path
      d=&quot;M12 20c-3.3 0-6-2.7-6-6v-3a4 4 0 0 1 4-4h4a4 4 0 0 1 4 4v3c0 3.3-2.7 6-6 6&quot;
    /&gt;
    &lt;path
      d=&quot;M12 20v-9&quot;
    /&gt;
    &lt;path
      d=&quot;M6.53 9C4.6 8.8 3 7.1 3 5&quot;
    /&gt;
    &lt;path
      d=&quot;M6 13H2&quot;
    /&gt;
    &lt;path
      d=&quot;M3 21c0-2.1 1.7-3.9 3.8-4&quot;
    /&gt;
    &lt;path
      d=&quot;M20.97 5c0 2.1-1.6 3.8-3.5 4&quot;
    /&gt;
    &lt;path
      d=&quot;M22 13h-4&quot;
    /&gt;
    &lt;path
      d=&quot;M17.2 17c2.1.1 3.8 1.9 3.8 4&quot;
    /&gt;
  &lt;/svg&gt;
  Error Details (Development Only)
&lt;/summary&gt;

Ignored nodes: comments, script, style
&lt;summary
  style=&quot;cursor: pointer; margin-bottom: 8px; color: rgb(107, 114, 128); font-size: 12px;&quot;
&gt;
  &lt;svg
    aria-hidden=&quot;true&quot;
    class=&quot;lucide lucide-bug&quot;
    fill=&quot;none&quot;
    height=&quot;14&quot;
    stroke=&quot;currentColor&quot;
    stroke-linecap=&quot;round&quot;
    stroke-linejoin=&quot;round&quot;
    stroke-width=&quot;2&quot;
    style=&quot;margin-right: 6px; vertical-align: middle;&quot;
    viewBox=&quot;0 0 24 24&quot;
    width=&quot;14&quot;
    xmlns=&quot;http://www.w3.org/2000/svg&quot;
  &gt;
    &lt;path
      d=&quot;m8 2 1.88 1.88&quot;
    /&gt;
    &lt;path
      d=&quot;M14.12 3.88 16 2&quot;
    /&gt;
    &lt;path
      d=&quot;M9 7.13v-1a3.003 3.003 0 1 1 6 0v1&quot;
    /&gt;
    &lt;path
      d=&quot;M12 20c-3.3 0-6-2.7-6-6v-3a4 4 0 0 1 4-4h4a4 4 0 0 1 4 4v3c0 3.3-2.7 6-6 6&quot;
    /&gt;
    &lt;path
      d=&quot;M12 20v-9&quot;
    /&gt;
    &lt;path
      d=&quot;M6.53 9C4.6 8.8 3 7.1 3 5&quot;
    /&gt;
    &lt;path
      d=&quot;M6 13H2&quot;
    /&gt;
    &lt;path
      d=&quot;M3 21c0-2.1 1.7-3.9 3.8-4&quot;
    /&gt;
    &lt;path
      d=&quot;M20.97 5c0 2.1-1.6 3.8-3.5 4&quot;
    /&gt;
    &lt;path
      d=&quot;M22 13h-4&quot;
    /&gt;
    &lt;path
      d=&quot;M17.2 17c2.1.1 3.8 1.9 3.8 4&quot;
    /&gt;
  &lt;/svg&gt;
  Error Details (Development Only)
&lt;/summary&gt;

Ignored nodes: comments, script, style
&lt;summary
  style=&quot;cursor: pointer; margin-bottom: 8px; color: rgb(107, 114, 128); font-size: 12px;&quot;
&gt;
  &lt;svg
    aria-hidden=&quot;true&quot;
    class=&quot;lucide lucide-bug&quot;
    fill=&quot;none&quot;
    height=&quot;14&quot;
    stroke=&quot;currentColor&quot;
    stroke-linecap=&quot;round&quot;
    stroke-linejoin=&quot;round&quot;
    stroke-width=&quot;2&quot;
    style=&quot;margin-right: 6px; vertical-align: middle;&quot;
    viewBox=&quot;0 0 24 24&quot;
    width=&quot;14&quot;
    xmlns=&quot;http://www.w3.org/2000/svg&quot;
  &gt;
    &lt;path
      d=&quot;m8 2 1.88 1.88&quot;
    /&gt;
    &lt;path
      d=&quot;M14.12 3.88 16 2&quot;
    /&gt;
    &lt;path
      d=&quot;M9 7.13v-1a3.003 3.003 0 1 1 6 0v1&quot;
    /&gt;
    &lt;path
      d=&quot;M12 20c-3.3 0-6-2.7-6-6v-3a4 4 0 0 1 4-4h4a4 4 0 0 1 4 4v3c0 3.3-2.7 6-6 6&quot;
    /&gt;
    &lt;path
      d=&quot;M12 20v-9&quot;
    /&gt;
    &lt;path
      d=&quot;M6.53 9C4.6 8.8 3 7.1 3 5&quot;
    /&gt;
    &lt;path
      d=&quot;M6 13H2&quot;
    /&gt;
    &lt;path
      d=&quot;M3 21c0-2.1 1.7-3.9 3.8-4&quot;
    /&gt;
    &lt;path
      d=&quot;M20.97 5c0 2.1-1.6 3.8-3.5 4&quot;
    /&gt;
    &lt;path
      d=&quot;M22 13h-4&quot;
    /&gt;
    &lt;path
      d=&quot;M17.2 17c2.1.1 3.8 1.9 3.8 4&quot;
    /&gt;
  &lt;/svg&gt;
  Error Details (Development Only)
&lt;/summary&gt;

Ignored nodes: comments, script, style
&lt;summary
  style=&quot;cursor: pointer; margin-bottom: 8px; color: rgb(107, 114, 128); font-size: 12px;&quot;
&gt;
  &lt;svg
    aria-hidden=&quot;true&quot;
    class=&quot;lucide lucide-bug&quot;
    fill=&quot;none&quot;
    height=&quot;14&quot;
    stroke=&quot;currentColor&quot;
    stroke-linecap=&quot;round&quot;
    stroke-linejoin=&quot;round&quot;
    stroke-width=&quot;2&quot;
    style=&quot;margin-right: 6px; vertical-align: middle;&quot;
    viewBox=&quot;0 0 24 24&quot;
    width=&quot;14&quot;
    xmlns=&quot;http://www.w3.org/2000/svg&quot;
  &gt;
    &lt;path
      d=&quot;m8 2 1.88 1.88&quot;
    /&gt;
    &lt;path
      d=&quot;M14.12 3.88 16 2&quot;
    /&gt;
    &lt;path
      d=&quot;M9 7.13v-1a3.003 3.003 0 1 1 6 0v1&quot;
    /&gt;
    &lt;path
      d=&quot;M12 20c-3.3 0-6-2.7-6-6v-3a4 4 0 0 1 4-4h4a4 4 0 0 1 4 4v3c0 3.3-2.7 6-6 6&quot;
    /&gt;
    &lt;path
      d=&quot;M12 20v-9&quot;
    /&gt;
    &lt;path
      d=&quot;M6.53 9C4.6 8.8 3 7.1 3 5&quot;
    /&gt;
    &lt;path
      d=&quot;M6 13H2&quot;
    /&gt;
    &lt;path
      d=&quot;M3 21c0-2.1 1.7-3.9 3.8-4&quot;
    /&gt;
    &lt;path
      d=&quot;M20.97 5c0 2.1-1.6 3.8-3.5 4&quot;
    /&gt;
    &lt;path
      d=&quot;M22 13h-4&quot;
    /&gt;
    &lt;path
      d=&quot;M17.2 17c2.1.1 3.8 1.9 3.8 4&quot;
    /&gt;
  &lt;/svg&gt;
  Error Details (Development Only)
&lt;/summary&gt;

Ignored nodes: comments, script, style
&lt;summary
  style=&quot;cursor: pointer; margin-bottom: 8px; color: rgb(107, 114, 128); font-size: 12px;&quot;
&gt;
  &lt;svg
    aria-hidden=&quot;true&quot;
    class=&quot;lucide lucide-bug&quot;
    fill=&quot;none&quot;
    height=&quot;14&quot;
    stroke=&quot;currentColor&quot;
    stroke-linecap=&quot;round&quot;
    stroke-linejoin=&quot;round&quot;
    stroke-width=&quot;2&quot;
    style=&quot;margin-right: 6px; vertical-align: middle;&quot;
    viewBox=&quot;0 0 24 24&quot;
    width=&quot;14&quot;
    xmlns=&quot;http://www.w3.org/2000/svg&quot;
  &gt;
    &lt;path
      d=&quot;m8 2 1.88 1.88&quot;
    /&gt;
    &lt;path
      d=&quot;M14.12 3.88 16 2&quot;
    /&gt;
    &lt;path
      d=&quot;M9 7.13v-1a3.003 3.003 0 1 1 6 0v1&quot;
    /&gt;
    &lt;path
      d=&quot;M12 20c-3.3 0-6-2.7-6-6v-3a4 4 0 0 1 4-4h4a4 4 0 0 1 4 4v3c0 3.3-2.7 6-6 6&quot;
    /&gt;
    &lt;path
      d=&quot;M12 20v-9&quot;
    /&gt;
    &lt;path
      d=&quot;M6.53 9C4.6 8.8 3 7.1 3 5&quot;
    /&gt;
    &lt;path
      d=&quot;M6 13H2&quot;
    /&gt;
    &lt;path
      d=&quot;M3 21c0-2.1 1.7-3.9 3.8-4&quot;
    /&gt;
    &lt;path
      d=&quot;M20.97 5c0 2.1-1.6 3.8-3.5 4&quot;
    /&gt;
    &lt;path
      d=&quot;M22 13h-4&quot;
    /&gt;
    &lt;path
      d=&quot;M17.2 17c2.1.1 3.8 1.9 3.8 4&quot;
    /&gt;
  &lt;/svg&gt;
  Error Details (Development Only)
&lt;/summary&gt;

Ignored nodes: comments, script, style
&lt;summary
  style=&quot;cursor: pointer; margin-bottom: 8px; color: rgb(107, 114, 128); font-size: 12px;&quot;
&gt;
  &lt;svg
    aria-hidden=&quot;true&quot;
    class=&quot;lucide lucide-bug&quot;
    fill=&quot;none&quot;
    height=&quot;14&quot;
    stroke=&quot;currentColor&quot;
    stroke-linecap=&quot;round&quot;
    stroke-linejoin=&quot;round&quot;
    stroke-width=&quot;2&quot;
    style=&quot;margin-right: 6px; vertical-align: middle;&quot;
    viewBox=&quot;0 0 24 24&quot;
    width=&quot;14&quot;
    xmlns=&quot;http://www.w3.org/2000/svg&quot;
  &gt;
    &lt;path
      d=&quot;m8 2 1.88 1.88&quot;
    /&gt;
    &lt;path
      d=&quot;M14.12 3.88 16 2&quot;
    /&gt;
    &lt;path
      d=&quot;M9 7.13v-1a3.003 3.003 0 1 1 6 0v1&quot;
    /&gt;
    &lt;path
      d=&quot;M12 20c-3.3 0-6-2.7-6-6v-3a4 4 0 0 1 4-4h4a4 4 0 0 1 4 4v3c0 3.3-2.7 6-6 6&quot;
    /&gt;
    &lt;path
      d=&quot;M12 20v-9&quot;
    /&gt;
    &lt;path
      d=&quot;M6.53 9C4.6 8.8 3 7.1 3 5&quot;
    /&gt;
    &lt;path
      d=&quot;M6 13H2&quot;
    /&gt;
    &lt;path
      d=&quot;M3 21c0-2.1 1.7-3.9 3.8-4&quot;
    /&gt;
    &lt;path
      d=&quot;M20.97 5c0 2.1-1.6 3.8-3.5 4&quot;
    /&gt;
    &lt;path
      d=&quot;M22 13h-4&quot;
    /&gt;
    &lt;path
      d=&quot;M17.2 17c2.1.1 3.8 1.9 3.8 4&quot;
    /&gt;
  &lt;/svg&gt;
  Error Details (Development Only)
&lt;/summary&gt;

Ignored nodes: comments, script, style
&lt;summary
  style=&quot;cursor: pointer; margin-bottom: 8px; color: rgb(107, 114, 128); font-size: 12px;&quot;
&gt;
  &lt;svg
    aria-hidden=&quot;true&quot;
    class=&quot;lucide lucide-bug&quot;
    fill=&quot;none&quot;
    height=&quot;14&quot;
    stroke=&quot;currentColor&quot;
    stroke-linecap=&quot;round&quot;
    stroke-linejoin=&quot;round&quot;
    stroke-width=&quot;2&quot;
    style=&quot;margin-right: 6px; vertical-align: middle;&quot;
    viewBox=&quot;0 0 24 24&quot;
    width=&quot;14&quot;
    xmlns=&quot;http://www.w3.org/2000/svg&quot;
  &gt;
    &lt;path
      d=&quot;m8 2 1.88 1.88&quot;
    /&gt;
    &lt;path
      d=&quot;M14.12 3.88 16 2&quot;
    /&gt;
    &lt;path
      d=&quot;M9 7.13v-1a3.003 3.003 0 1 1 6 0v1&quot;
    /&gt;
    &lt;path
      d=&quot;M12 20c-3.3 0-6-2.7-6-6v-3a4 4 0 0 1 4-4h4a4 4 0 0 1 4 4v3c0 3.3-2.7 6-6 6&quot;
    /&gt;
    &lt;path
      d=&quot;M12 20v-9&quot;
    /&gt;
    &lt;path
      d=&quot;M6.53 9C4.6 8.8 3 7.1 3 5&quot;
    /&gt;
    &lt;path
      d=&quot;M6 13H2&quot;
    /&gt;
    &lt;path
      d=&quot;M3 21c0-2.1 1.7-3.9 3.8-4&quot;
    /&gt;
    &lt;path
      d=&quot;M20.97 5c0 2.1-1.6 3.8-3.5 4&quot;
    /&gt;
    &lt;path
      d=&quot;M22 13h-4&quot;
    /&gt;
    &lt;path
      d=&quot;M17.2 17c2.1.1 3.8 1.9 3.8 4&quot;
    /&gt;
  &lt;/svg&gt;
  Error Details (Development Only)
&lt;/summary&gt;

Ignored nodes: comments, script, style
&lt;summary
  style=&quot;cursor: pointer; margin-bottom: 8px; color: rgb(107, 114, 128); font-size: 12px;&quot;
&gt;
  &lt;svg
    aria-hidden=&quot;true&quot;
    class=&quot;lucide lucide-bug&quot;
    fill=&quot;none&quot;
    height=&quot;14&quot;
    stroke=&quot;currentColor&quot;
    stroke-linecap=&quot;round&quot;
    stroke-linejoin=&quot;round&quot;
    stroke-width=&quot;2&quot;
    style=&quot;margin-right: 6px; vertical-align: middle;&quot;
    viewBox=&quot;0 0 24 24&quot;
    width=&quot;14&quot;
    xmlns=&quot;http://www.w3.org/2000/svg&quot;
  &gt;
    &lt;path
      d=&quot;m8 2 1.88 1.88&quot;
    /&gt;
    &lt;path
      d=&quot;M14.12 3.88 16 2&quot;
    /&gt;
    &lt;path
      d=&quot;M9 7.13v-1a3.003 3.003 0 1 1 6 0v1&quot;
    /&gt;
    &lt;path
      d=&quot;M12 20c-3.3 0-6-2.7-6-6v-3a4 4 0 0 1 4-4h4a4 4 0 0 1 4 4v3c0 3.3-2.7 6-6 6&quot;
    /&gt;
    &lt;path
      d=&quot;M12 20v-9&quot;
    /&gt;
    &lt;path
      d=&quot;M6.53 9C4.6 8.8 3 7.1 3 5&quot;
    /&gt;
    &lt;path
      d=&quot;M6 13H2&quot;
    /&gt;
    &lt;path
      d=&quot;M3 21c0-2.1 1.7-3.9 3.8-4&quot;
    /&gt;
    &lt;path
      d=&quot;M20.97 5c0 2.1-1.6 3.8-3.5 4&quot;
    /&gt;
    &lt;path
      d=&quot;M22 13h-4&quot;
    /&gt;
    &lt;path
      d=&quot;M17.2 17c2.1.1 3.8 1.9 3.8 4&quot;
    /&gt;
  &lt;/svg&gt;
  Error Details (Development Only)
&lt;/summary&gt;

Ignored nodes: comments, script, style
&lt;summary
  style=&quot;cursor: pointer; margin-bottom: 8px; color: rgb(107, 114, 128); font-size: 12px;&quot;
&gt;
  &lt;svg
    aria-hidden=&quot;true&quot;
    class=&quot;lucide lucide-bug&quot;
    fill=&quot;none&quot;
    height=&quot;14&quot;
    stroke=&quot;currentColor&quot;
    stroke-linecap=&quot;round&quot;
    stroke-linejoin=&quot;round&quot;
    stroke-width=&quot;2&quot;
    style=&quot;margin-right: 6px; vertical-align: middle;&quot;
    viewBox=&quot;0 0 24 24&quot;
    width=&quot;14&quot;
    xmlns=&quot;http://www.w3.org/2000/svg&quot;
  &gt;
    &lt;path
      d=&quot;m8 2 1.88 1.88&quot;
    /&gt;
    &lt;path
      d=&quot;M14.12 3.88 16 2&quot;
    /&gt;
    &lt;path
      d=&quot;M9 7.13v-1a3.003 3.003 0 1 1 6 0v1&quot;
    /&gt;
    &lt;path
      d=&quot;M12 20c-3.3 0-6-2.7-6-6v-3a4 4 0 0 1 4-4h4a4 4 0 0 1 4 4v3c0 3.3-2.7 6-6 6&quot;
    /&gt;
    &lt;path
      d=&quot;M12 20v-9&quot;
    /&gt;
    &lt;path
      d=&quot;M6.53 9C4.6 8.8 3 7.1 3 5&quot;
    /&gt;
    &lt;path
      d=&quot;M6 13H2&quot;
    /&gt;
    &lt;path
      d=&quot;M3 21c0-2.1 1.7-3.9 3.8-4&quot;
    /&gt;
    &lt;path
      d=&quot;M20.97 5c0 2.1-1.6 3.8-3.5 4&quot;
    /&gt;
    &lt;path
      d=&quot;M22 13h-4&quot;
    /&gt;
    &lt;path
      d=&quot;M17.2 17c2.1.1 3.8 1.9 3.8 4&quot;
    /&gt;
  &lt;/svg&gt;
  Error Details (Development Only)
&lt;/summary&gt;

Ignored nodes: comments, script, style
&lt;summary
  style=&quot;cursor: pointer; margin-bottom: 8px; color: rgb(107, 114, 128); font-size: 12px;&quot;
&gt;
  &lt;svg
    aria-hidden=&quot;true&quot;
    class=&quot;lucide lucide-bug&quot;
    fill=&quot;none&quot;
    height=&quot;14&quot;
    stroke=&quot;currentColor&quot;
    stroke-linecap=&quot;round&quot;
    stroke-linejoin=&quot;round&quot;
    stroke-width=&quot;2&quot;
    style=&quot;margin-right: 6px; vertical-align: middle;&quot;
    viewBox=&quot;0 0 24 24&quot;
    width=&quot;14&quot;
    xmlns=&quot;http://www.w3.org/2000/svg&quot;
  &gt;
    &lt;path
      d=&quot;m8 2 1.88 1.88&quot;
    /&gt;
    &lt;path
      d=&quot;M14.12 3.88 16 2&quot;
    /&gt;
    &lt;path
      d=&quot;M9 7.13v-1a3.003 3.003 0 1 1 6 0v1&quot;
    /&gt;
    &lt;path
      d=&quot;M12 20c-3.3 0-6-2.7-6-6v-3a4 4 0 0 1 4-4h4a4 4 0 0 1 4 4v3c0 3.3-2.7 6-6 6&quot;
    /&gt;
    &lt;path
      d=&quot;M12 20v-9&quot;
    /&gt;
    &lt;path
      d=&quot;M6.53 9C4.6 8.8 3 7.1 3 5&quot;
    /&gt;
    &lt;path
      d=&quot;M6 13H2&quot;
    /&gt;
    &lt;path
      d=&quot;M3 21c0-2.1 1.7-3.9 3.8-4&quot;
    /&gt;
    &lt;path
      d=&quot;M20.97 5c0 2.1-1.6 3.8-3.5 4&quot;
    /&gt;
    &lt;path
      d=&quot;M22 13h-4&quot;
    /&gt;
    &lt;path
      d=&quot;M17.2 17c2.1.1 3.8 1.9 3.8 4&quot;
    /&gt;
  &lt;/svg&gt;
  Error Details (Development Only)
&lt;/summary&gt;

Ignored nodes: comments, script, style
&lt;summary
  style=&quot;cursor: pointer; margin-bottom: 8px; color: rgb(107, 114, 128); font-size: 12px;&quot;
&gt;
  &lt;svg
    aria-hidden=&quot;true&quot;
    class=&quot;lucide lucide-bug&quot;
    fill=&quot;none&quot;
    height=&quot;14&quot;
    stroke=&quot;currentColor&quot;
    stroke-linecap=&quot;round&quot;
    stroke-linejoin=&quot;round&quot;
    stroke-width=&quot;2&quot;
    style=&quot;margin-right: 6px; vertical-align: middle;&quot;
    viewBox=&quot;0 0 24 24&quot;
    width=&quot;14&quot;
    xmlns=&quot;http://www.w3.org/2000/svg&quot;
  &gt;
    &lt;path
      d=&quot;m8 2 1.88 1.88&quot;
    /&gt;
    &lt;path
      d=&quot;M14.12 3.88 16 2&quot;
    /&gt;
    &lt;path
      d=&quot;M9 7.13v-1a3.003 3.003 0 1 1 6 0v1&quot;
    /&gt;
    &lt;path
      d=&quot;M12 20c-3.3 0-6-2.7-6-6v-3a4 4 0 0 1 4-4h4a4 4 0 0 1 4 4v3c0 3.3-2.7 6-6 6&quot;
    /&gt;
    &lt;path
      d=&quot;M12 20v-9&quot;
    /&gt;
    &lt;path
      d=&quot;M6.53 9C4.6 8.8 3 7.1 3 5&quot;
    /&gt;
    &lt;path
      d=&quot;M6 13H2&quot;
    /&gt;
    &lt;path
      d=&quot;M3 21c0-2.1 1.7-3.9 3.8-4&quot;
    /&gt;
    &lt;path
      d=&quot;M20.97 5c0 2.1-1.6 3.8-3.5 4&quot;
    /&gt;
    &lt;path
      d=&quot;M22 13h-4&quot;
    /&gt;
    &lt;path
      d=&quot;M17.2 17c2.1.1 3.8 1.9 3.8 4&quot;
    /&gt;
  &lt;/svg&gt;
  Error Details (Development Only)
&lt;/summary&gt;

Ignored nodes: comments, script, style
&lt;summary
  style=&quot;cursor: pointer; margin-bottom: 8px; color: rgb(107, 114, 128); font-size: 12px;&quot;
&gt;
  &lt;svg
    aria-hidden=&quot;true&quot;
    class=&quot;lucide lucide-bug&quot;
    fill=&quot;none&quot;
    height=&quot;14&quot;
    stroke=&quot;currentColor&quot;
    stroke-linecap=&quot;round&quot;
    stroke-linejoin=&quot;round&quot;
    stroke-width=&quot;2&quot;
    style=&quot;margin-right: 6px; vertical-align: middle;&quot;
    viewBox=&quot;0 0 24 24&quot;
    width=&quot;14&quot;
    xmlns=&quot;http://www.w3.org/2000/svg&quot;
  &gt;
    &lt;path
      d=&quot;m8 2 1.88 1.88&quot;
    /&gt;
    &lt;path
      d=&quot;M14.12 3.88 16 2&quot;
    /&gt;
    &lt;path
      d=&quot;M9 7.13v-1a3.003 3.003 0 1 1 6 0v1&quot;
    /&gt;
    &lt;path
      d=&quot;M12 20c-3.3 0-6-2.7-6-6v-3a4 4 0 0 1 4-4h4a4 4 0 0 1 4 4v3c0 3.3-2.7 6-6 6&quot;
    /&gt;
    &lt;path
      d=&quot;M12 20v-9&quot;
    /&gt;
    &lt;path
      d=&quot;M6.53 9C4.6 8.8 3 7.1 3 5&quot;
    /&gt;
    &lt;path
      d=&quot;M6 13H2&quot;
    /&gt;
    &lt;path
      d=&quot;M3 21c0-2.1 1.7-3.9 3.8-4&quot;
    /&gt;
    &lt;path
      d=&quot;M20.97 5c0 2.1-1.6 3.8-3.5 4&quot;
    /&gt;
    &lt;path
      d=&quot;M22 13h-4&quot;
    /&gt;
    &lt;path
      d=&quot;M17.2 17c2.1.1 3.8 1.9 3.8 4&quot;
    /&gt;
  &lt;/svg&gt;
  Error Details (Development Only)
&lt;/summary&gt;

Ignored nodes: comments, script, style
&lt;summary
  style=&quot;cursor: pointer; margin-bottom: 8px; color: rgb(107, 114, 128); font-size: 12px;&quot;
&gt;
  &lt;svg
    aria-hidden=&quot;true&quot;
    class=&quot;lucide lucide-bug&quot;
    fill=&quot;none&quot;
    height=&quot;14&quot;
    stroke=&quot;currentColor&quot;
    stroke-linecap=&quot;round&quot;
    stroke-linejoin=&quot;round&quot;
    stroke-width=&quot;2&quot;
    style=&quot;margin-right: 6px; vertical-align: middle;&quot;
    viewBox=&quot;0 0 24 24&quot;
    width=&quot;14&quot;
    xmlns=&quot;http://www.w3.org/2000/svg&quot;
  &gt;
    &lt;path
      d=&quot;m8 2 1.88 1.88&quot;
    /&gt;
    &lt;path
      d=&quot;M14.12 3.88 16 2&quot;
    /&gt;
    &lt;path
      d=&quot;M9 7.13v-1a3.003 3.003 0 1 1 6 0v1&quot;
    /&gt;
    &lt;path
      d=&quot;M12 20c-3.3 0-6-2.7-6-6v-3a4 4 0 0 1 4-4h4a4 4 0 0 1 4 4v3c0 3.3-2.7 6-6 6&quot;
    /&gt;
    &lt;path
      d=&quot;M12 20v-9&quot;
    /&gt;
    &lt;path
      d=&quot;M6.53 9C4.6 8.8 3 7.1 3 5&quot;
    /&gt;
    &lt;path
      d=&quot;M6 13H2&quot;
    /&gt;
    &lt;path
      d=&quot;M3 21c0-2.1 1.7-3.9 3.8-4&quot;
    /&gt;
    &lt;path
      d=&quot;M20.97 5c0 2.1-1.6 3.8-3.5 4&quot;
    /&gt;
    &lt;path
      d=&quot;M22 13h-4&quot;
    /&gt;
    &lt;path
      d=&quot;M17.2 17c2.1.1 3.8 1.9 3.8 4&quot;
    /&gt;
  &lt;/svg&gt;
  Error Details (Development Only)
&lt;/summary&gt;

Ignored nodes: comments, script, style
&lt;summary
  style=&quot;cursor: pointer; margin-bottom: 8px; color: rgb(107, 114, 128); font-size: 12px;&quot;
&gt;
  &lt;svg
    aria-hidden=&quot;true&quot;
    class=&quot;lucide lucide-bug&quot;
    fill=&quot;none&quot;
    height=&quot;14&quot;
    stroke=&quot;currentColor&quot;
    stroke-linecap=&quot;round&quot;
    stroke-linejoin=&quot;round&quot;
    stroke-width=&quot;2&quot;
    style=&quot;margin-right: 6px; vertical-align: middle;&quot;
    viewBox=&quot;0 0 24 24&quot;
    width=&quot;14&quot;
    xmlns=&quot;http://www.w3.org/2000/svg&quot;
  &gt;
    &lt;path
      d=&quot;m8 2 1.88 1.88&quot;
    /&gt;
    &lt;path
      d=&quot;M14.12 3.88 16 2&quot;
    /&gt;
    &lt;path
      d=&quot;M9 7.13v-1a3.003 3.003 0 1 1 6 0v1&quot;
    /&gt;
    &lt;path
      d=&quot;M12 20c-3.3 0-6-2.7-6-6v-3a4 4 0 0 1 4-4h4a4 4 0 0 1 4 4v3c0 3.3-2.7 6-6 6&quot;
    /&gt;
    &lt;path
      d=&quot;M12 20v-9&quot;
    /&gt;
    &lt;path
      d=&quot;M6.53 9C4.6 8.8 3 7.1 3 5&quot;
    /&gt;
    &lt;path
      d=&quot;M6 13H2&quot;
    /&gt;
    &lt;path
      d=&quot;M3 21c0-2.1 1.7-3.9 3.8-4&quot;
    /&gt;
    &lt;path
      d=&quot;M20.97 5c0 2.1-1.6 3.8-3.5 4&quot;
    /&gt;
    &lt;path
      d=&quot;M22 13h-4&quot;
    /&gt;
    &lt;path
      d=&quot;M17.2 17c2.1.1 3.8 1.9 3.8 4&quot;
    /&gt;
  &lt;/svg&gt;
  Error Details (Development Only)
&lt;/summary&gt;

Ignored nodes: comments, script, style
&lt;summary
  style=&quot;cursor: pointer; margin-bottom: 8px; color: rgb(107, 114, 128); font-size: 12px;&quot;
&gt;
  &lt;svg
    aria-hidden=&quot;true&quot;
    class=&quot;lucide lucide-bug&quot;
    fill=&quot;none&quot;
    height=&quot;14&quot;
    stroke=&quot;currentColor&quot;
    stroke-linecap=&quot;round&quot;
    stroke-linejoin=&quot;round&quot;
    stroke-width=&quot;2&quot;
    style=&quot;margin-right: 6px; vertical-align: middle;&quot;
    viewBox=&quot;0 0 24 24&quot;
    width=&quot;14&quot;
    xmlns=&quot;http://www.w3.org/2000/svg&quot;
  &gt;
    &lt;path
      d=&quot;m8 2 1.88 1.88&quot;
    /&gt;
    &lt;path
      d=&quot;M14.12 3.88 16 2&quot;
    /&gt;
    &lt;path
      d=&quot;M9 7.13v-1a3.003 3.003 0 1 1 6 0v1&quot;
    /&gt;
    &lt;path
      d=&quot;M12 20c-3.3 0-6-2.7-6-6v-3a4 4 0 0 1 4-4h4a4 4 0 0 1 4 4v3c0 3.3-2.7 6-6 6&quot;
    /&gt;
    &lt;path
      d=&quot;M12 20v-9&quot;
    /&gt;
    &lt;path
      d=&quot;M6.53 9C4.6 8.8 3 7.1 3 5&quot;
    /&gt;
    &lt;path
      d=&quot;M6 13H2&quot;
    /&gt;
    &lt;path
      d=&quot;M3 21c0-2.1 1.7-3.9 3.8-4&quot;
    /&gt;
    &lt;path
      d=&quot;M20.97 5c0 2.1-1.6 3.8-3.5 4&quot;
    /&gt;
    &lt;path
      d=&quot;M22 13h-4&quot;
    /&gt;
    &lt;path
      d=&quot;M17.2 17c2.1.1 3.8 1.9 3.8 4&quot;
    /&gt;
  &lt;/svg&gt;
  Error Details (Development Only)
&lt;/summary&gt;

Ignored nodes: comments, script, style
&lt;summary
  style=&quot;cursor: pointer; margin-bottom: 8px; color: rgb(107, 114, 128); font-size: 12px;&quot;
&gt;
  &lt;svg
    aria-hidden=&quot;true&quot;
    class=&quot;lucide lucide-bug&quot;
    fill=&quot;none&quot;
    height=&quot;14&quot;
    stroke=&quot;currentColor&quot;
    stroke-linecap=&quot;round&quot;
    stroke-linejoin=&quot;round&quot;
    stroke-width=&quot;2&quot;
    style=&quot;margin-right: 6px; vertical-align: middle;&quot;
    viewBox=&quot;0 0 24 24&quot;
    width=&quot;14&quot;
    xmlns=&quot;http://www.w3.org/2000/svg&quot;
  &gt;
    &lt;path
      d=&quot;m8 2 1.88 1.88&quot;
    /&gt;
    &lt;path
      d=&quot;M14.12 3.88 16 2&quot;
    /&gt;
    &lt;path
      d=&quot;M9 7.13v-1a3.003 3.003 0 1 1 6 0v1&quot;
    /&gt;
    &lt;path
      d=&quot;M12 20c-3.3 0-6-2.7-6-6v-3a4 4 0 0 1 4-4h4a4 4 0 0 1 4 4v3c0 3.3-2.7 6-6 6&quot;
    /&gt;
    &lt;path
      d=&quot;M12 20v-9&quot;
    /&gt;
    &lt;path
      d=&quot;M6.53 9C4.6 8.8 3 7.1 3 5&quot;
    /&gt;
    &lt;path
      d=&quot;M6 13H2&quot;
    /&gt;
    &lt;path
      d=&quot;M3 21c0-2.1 1.7-3.9 3.8-4&quot;
    /&gt;
    &lt;path
      d=&quot;M20.97 5c0 2.1-1.6 3.8-3.5 4&quot;
    /&gt;
    &lt;path
      d=&quot;M22 13h-4&quot;
    /&gt;
    &lt;path
      d=&quot;M17.2 17c2.1.1 3.8 1.9 3.8 4&quot;
    /&gt;
  &lt;/svg&gt;
  Error Details (Development Only)
&lt;/summary&gt;

Ignored nodes: comments, script, style
&lt;summary
  style=&quot;cursor: pointer; margin-bottom: 8px; color: rgb(107, 114, 128); font-size: 12px;&quot;
&gt;
  &lt;svg
    aria-hidden=&quot;true&quot;
    class=&quot;lucide lucide-bug&quot;
    fill=&quot;none&quot;
    height=&quot;14&quot;
    stroke=&quot;currentColor&quot;
    stroke-linecap=&quot;round&quot;
    stroke-linejoin=&quot;round&quot;
    stroke-width=&quot;2&quot;
    style=&quot;margin-right: 6px; vertical-align: middle;&quot;
    viewBox=&quot;0 0 24 24&quot;
    width=&quot;14&quot;
    xmlns=&quot;http://www.w3.org/2000/svg&quot;
  &gt;
    &lt;path
      d=&quot;m8 2 1.88 1.88&quot;
    /&gt;
    &lt;path
      d=&quot;M14.12 3.88 16 2&quot;
    /&gt;
    &lt;path
      d=&quot;M9 7.13v-1a3.003 3.003 0 1 1 6 0v1&quot;
    /&gt;
    &lt;path
      d=&quot;M12 20c-3.3 0-6-2.7-6-6v-3a4 4 0 0 1 4-4h4a4 4 0 0 1 4 4v3c0 3.3-2.7 6-6 6&quot;
    /&gt;
    &lt;path
      d=&quot;M12 20v-9&quot;
    /&gt;
    &lt;path
      d=&quot;M6.53 9C4.6 8.8 3 7.1 3 5&quot;
    /&gt;
    &lt;path
      d=&quot;M6 13H2&quot;
    /&gt;
    &lt;path
      d=&quot;M3 21c0-2.1 1.7-3.9 3.8-4&quot;
    /&gt;
    &lt;path
      d=&quot;M20.97 5c0 2.1-1.6 3.8-3.5 4&quot;
    /&gt;
    &lt;path
      d=&quot;M22 13h-4&quot;
    /&gt;
    &lt;path
      d=&quot;M17.2 17c2.1.1 3.8 1.9 3.8 4&quot;
    /&gt;
  &lt;/svg&gt;
  Error Details (Development Only)
&lt;/summary&gt;

Ignored nodes: comments, script, style
&lt;summary
  style=&quot;cursor: pointer; margin-bottom: 8px; color: rgb(107, 114, 128); font-size: 12px;&quot;
&gt;
  &lt;svg
    aria-hidden=&quot;true&quot;
    class=&quot;lucide lucide-bug&quot;
    fill=&quot;none&quot;
    height=&quot;14&quot;
    stroke=&quot;currentColor&quot;
    stroke-linecap=&quot;round&quot;
    stroke-linejoin=&quot;round&quot;
    stroke-width=&quot;2&quot;
    style=&quot;margin-right: 6px; vertical-align: middle;&quot;
    viewBox=&quot;0 0 24 24&quot;
    width=&quot;14&quot;
    xmlns=&quot;http://www.w3.org/2000/svg&quot;
  &gt;
    &lt;path
      d=&quot;m8 2 1.88 1.88&quot;
    /&gt;
    &lt;path
      d=&quot;M14.12 3.88 16 2&quot;
    /&gt;
    &lt;path
      d=&quot;M9 7.13v-1a3.003 3.003 0 1 1 6 0v1&quot;
    /&gt;
    &lt;path
      d=&quot;M12 20c-3.3 0-6-2.7-6-6v-3a4 4 0 0 1 4-4h4a4 4 0 0 1 4 4v3c0 3.3-2.7 6-6 6&quot;
    /&gt;
    &lt;path
      d=&quot;M12 20v-9&quot;
    /&gt;
    &lt;path
      d=&quot;M6.53 9C4.6 8.8 3 7.1 3 5&quot;
    /&gt;
    &lt;path
      d=&quot;M6 13H2&quot;
    /&gt;
    &lt;path
      d=&quot;M3 21c0-2.1 1.7-3.9 3.8-4&quot;
    /&gt;
    &lt;path
      d=&quot;M20.97 5c0 2.1-1.6 3.8-3.5 4&quot;
    /&gt;
    &lt;path
      d=&quot;M22 13h-4&quot;
    /&gt;
    &lt;path
      d=&quot;M17.2 17c2.1.1 3.8 1.9 3.8 4&quot;
    /&gt;
  &lt;/svg&gt;
  Error Details (Development Only)
&lt;/summary&gt;

Ignored nodes: comments, script, style
&lt;summary
  style=&quot;cursor: pointer; margin-bottom: 8px; color: rgb(107, 114, 128); font-size: 12px;&quot;
&gt;
  &lt;svg
    aria-hidden=&quot;true&quot;
    class=&quot;lucide lucide-bug&quot;
    fill=&quot;none&quot;
    height=&quot;14&quot;
    stroke=&quot;currentColor&quot;
    stroke-linecap=&quot;round&quot;
    stroke-linejoin=&quot;round&quot;
    stroke-width=&quot;2&quot;
    style=&quot;margin-right: 6px; vertical-align: middle;&quot;
    viewBox=&quot;0 0 24 24&quot;
    width=&quot;14&quot;
    xmlns=&quot;http://www.w3.org/2000/svg&quot;
  &gt;
    &lt;path
      d=&quot;m8 2 1.88 1.88&quot;
    /&gt;
    &lt;path
      d=&quot;M14.12 3.88 16 2&quot;
    /&gt;
    &lt;path
      d=&quot;M9 7.13v-1a3.003 3.003 0 1 1 6 0v1&quot;
    /&gt;
    &lt;path
      d=&quot;M12 20c-3.3 0-6-2.7-6-6v-3a4 4 0 0 1 4-4h4a4 4 0 0 1 4 4v3c0 3.3-2.7 6-6 6&quot;
    /&gt;
    &lt;path
      d=&quot;M12 20v-9&quot;
    /&gt;
    &lt;path
      d=&quot;M6.53 9C4.6 8.8 3 7.1 3 5&quot;
    /&gt;
    &lt;path
      d=&quot;M6 13H2&quot;
    /&gt;
    &lt;path
      d=&quot;M3 21c0-2.1 1.7-3.9 3.8-4&quot;
    /&gt;
    &lt;path
      d=&quot;M20.97 5c0 2.1-1.6 3.8-3.5 4&quot;
    /&gt;
    &lt;path
      d=&quot;M22 13h-4&quot;
    /&gt;
    &lt;path
      d=&quot;M17.2 17c2.1.1 3.8 1.9 3.8 4&quot;
    /&gt;
  &lt;/svg&gt;
  Error Details (Development Only)
&lt;/summary&gt;

Ignored nodes: comments, script, style
&lt;summary
  style=&quot;cursor: pointer; margin-bottom: 8px; color: rgb(107, 114, 128); font-size: 12px;&quot;
&gt;
  &lt;svg
    aria-hidden=&quot;true&quot;
    class=&quot;lucide lucide-bug&quot;
    fill=&quot;none&quot;
    height=&quot;14&quot;
    stroke=&quot;currentColor&quot;
    stroke-linecap=&quot;round&quot;
    stroke-linejoin=&quot;round&quot;
    stroke-width=&quot;2&quot;
    style=&quot;margin-right: 6px; vertical-align: middle;&quot;
    viewBox=&quot;0 0 24 24&quot;
    width=&quot;14&quot;
    xmlns=&quot;http://www.w3.org/2000/svg&quot;
  &gt;
    &lt;path
      d=&quot;m8 2 1.88 1.88&quot;
    /&gt;
    &lt;path
      d=&quot;M14.12 3.88 16 2&quot;
    /&gt;
    &lt;path
      d=&quot;M9 7.13v-1a3.003 3.003 0 1 1 6 0v1&quot;
    /&gt;
    &lt;path
      d=&quot;M12 20c-3.3 0-6-2.7-6-6v-3a4 4 0 0 1 4-4h4a4 4 0 0 1 4 4v3c0 3.3-2.7 6-6 6&quot;
    /&gt;
    &lt;path
      d=&quot;M12 20v-9&quot;
    /&gt;
    &lt;path
      d=&quot;M6.53 9C4.6 8.8 3 7.1 3 5&quot;
    /&gt;
    &lt;path
      d=&quot;M6 13H2&quot;
    /&gt;
    &lt;path
      d=&quot;M3 21c0-2.1 1.7-3.9 3.8-4&quot;
    /&gt;
    &lt;path
      d=&quot;M20.97 5c0 2.1-1.6 3.8-3.5 4&quot;
    /&gt;
    &lt;path
      d=&quot;M22 13h-4&quot;
    /&gt;
    &lt;path
      d=&quot;M17.2 17c2.1.1 3.8 1.9 3.8 4&quot;
    /&gt;
  &lt;/svg&gt;
  Error Details (Development Only)
&lt;/summary&gt;

Ignored nodes: comments, script, style
&lt;summary
  style=&quot;cursor: pointer; margin-bottom: 8px; color: rgb(107, 114, 128); font-size: 12px;&quot;
&gt;
  &lt;svg
    aria-hidden=&quot;true&quot;
    class=&quot;lucide lucide-bug&quot;
    fill=&quot;none&quot;
    height=&quot;14&quot;
    stroke=&quot;currentColor&quot;
    stroke-linecap=&quot;round&quot;
    stroke-linejoin=&quot;round&quot;
    stroke-width=&quot;2&quot;
    style=&quot;margin-right: 6px; vertical-align: middle;&quot;
    viewBox=&quot;0 0 24 24&quot;
    width=&quot;14&quot;
    xmlns=&quot;http://www.w3.org/2000/svg&quot;
  &gt;
    &lt;path
      d=&quot;m8 2 1.88 1.88&quot;
    /&gt;
    &lt;path
      d=&quot;M14.12 3.88 16 2&quot;
    /&gt;
    &lt;path
      d=&quot;M9 7.13v-1a3.003 3.003 0 1 1 6 0v1&quot;
    /&gt;
    &lt;path
      d=&quot;M12 20c-3.3 0-6-2.7-6-6v-3a4 4 0 0 1 4-4h4a4 4 0 0 1 4 4v3c0 3.3-2.7 6-6 6&quot;
    /&gt;
    &lt;path
      d=&quot;M12 20v-9&quot;
    /&gt;
    &lt;path
      d=&quot;M6.53 9C4.6 8.8 3 7.1 3 5&quot;
    /&gt;
    &lt;path
      d=&quot;M6 13H2&quot;
    /&gt;
    &lt;path
      d=&quot;M3 21c0-2.1 1.7-3.9 3.8-4&quot;
    /&gt;
    &lt;path
      d=&quot;M20.97 5c0 2.1-1.6 3.8-3.5 4&quot;
    /&gt;
    &lt;path
      d=&quot;M22 13h-4&quot;
    /&gt;
    &lt;path
      d=&quot;M17.2 17c2.1.1 3.8 1.9 3.8 4&quot;
    /&gt;
  &lt;/svg&gt;
  Error Details (Development Only)
&lt;/summary&gt;

Ignored nodes: comments, script, style
&lt;summary
  style=&quot;cursor: pointer; margin-bottom: 8px; color: rgb(107, 114, 128); font-size: 12px;&quot;
&gt;
  &lt;svg
    aria-hidden=&quot;true&quot;
    class=&quot;lucide lucide-bug&quot;
    fill=&quot;none&quot;
    height=&quot;14&quot;
    stroke=&quot;currentColor&quot;
    stroke-linecap=&quot;round&quot;
    stroke-linejoin=&quot;round&quot;
    stroke-width=&quot;2&quot;
    style=&quot;margin-right: 6px; vertical-align: middle;&quot;
    viewBox=&quot;0 0 24 24&quot;
    width=&quot;14&quot;
    xmlns=&quot;http://www.w3.org/2000/svg&quot;
  &gt;
    &lt;path
      d=&quot;m8 2 1.88 1.88&quot;
    /&gt;
    &lt;path
      d=&quot;M14.12 3.88 16 2&quot;
    /&gt;
    &lt;path
      d=&quot;M9 7.13v-1a3.003 3.003 0 1 1 6 0v1&quot;
    /&gt;
    &lt;path
      d=&quot;M12 20c-3.3 0-6-2.7-6-6v-3a4 4 0 0 1 4-4h4a4 4 0 0 1 4 4v3c0 3.3-2.7 6-6 6&quot;
    /&gt;
    &lt;path
      d=&quot;M12 20v-9&quot;
    /&gt;
    &lt;path
      d=&quot;M6.53 9C4.6 8.8 3 7.1 3 5&quot;
    /&gt;
    &lt;path
      d=&quot;M6 13H2&quot;
    /&gt;
    &lt;path
      d=&quot;M3 21c0-2.1 1.7-3.9 3.8-4&quot;
    /&gt;
    &lt;path
      d=&quot;M20.97 5c0 2.1-1.6 3.8-3.5 4&quot;
    /&gt;
    &lt;path
      d=&quot;M22 13h-4&quot;
    /&gt;
    &lt;path
      d=&quot;M17.2 17c2.1.1 3.8 1.9 3.8 4&quot;
    /&gt;
  &lt;/svg&gt;
  Error Details (Development Only)
&lt;/summary&gt;

Ignored nodes: comments, script, style
&lt;summary
  style=&quot;cursor: pointer; margin-bottom: 8px; color: rgb(107, 114, 128); font-size: 12px;&quot;
&gt;
  &lt;svg
    aria-hidden=&quot;true&quot;
    class=&quot;lucide lucide-bug&quot;
    fill=&quot;none&quot;
    height=&quot;14&quot;
    stroke=&quot;currentColor&quot;
    stroke-linecap=&quot;round&quot;
    stroke-linejoin=&quot;round&quot;
    stroke-width=&quot;2&quot;
    style=&quot;margin-right: 6px; vertical-align: middle;&quot;
    viewBox=&quot;0 0 24 24&quot;
    width=&quot;14&quot;
    xmlns=&quot;http://www.w3.org/2000/svg&quot;
  &gt;
    &lt;path
      d=&quot;m8 2 1.88 1.88&quot;
    /&gt;
    &lt;path
      d=&quot;M14.12 3.88 16 2&quot;
    /&gt;
    &lt;path
      d=&quot;M9 7.13v-1a3.003 3.003 0 1 1 6 0v1&quot;
    /&gt;
    &lt;path
      d=&quot;M12 20c-3.3 0-6-2.7-6-6v-3a4 4 0 0 1 4-4h4a4 4 0 0 1 4 4v3c0 3.3-2.7 6-6 6&quot;
    /&gt;
    &lt;path
      d=&quot;M12 20v-9&quot;
    /&gt;
    &lt;path
      d=&quot;M6.53 9C4.6 8.8 3 7.1 3 5&quot;
    /&gt;
    &lt;path
      d=&quot;M6 13H2&quot;
    /&gt;
    &lt;path
      d=&quot;M3 21c0-2.1 1.7-3.9 3.8-4&quot;
    /&gt;
    &lt;path
      d=&quot;M20.97 5c0 2.1-1.6 3.8-3.5 4&quot;
    /&gt;
    &lt;path
      d=&quot;M22 13h-4&quot;
    /&gt;
    &lt;path
      d=&quot;M17.2 17c2.1.1 3.8 1.9 3.8 4&quot;
    /&gt;
  &lt;/svg&gt;
  Error Details (Development Only)
&lt;/summary&gt;

Ignored nodes: comments, script, style
&lt;summary
  style=&quot;cursor: pointer; margin-bottom: 8px; color: rgb(107, 114, 128); font-size: 12px;&quot;
&gt;
  &lt;svg
    aria-hidden=&quot;true&quot;
    class=&quot;lucide lucide-bug&quot;
    fill=&quot;none&quot;
    height=&quot;14&quot;
    stroke=&quot;currentColor&quot;
    stroke-linecap=&quot;round&quot;
    stroke-linejoin=&quot;round&quot;
    stroke-width=&quot;2&quot;
    style=&quot;margin-right: 6px; vertical-align: middle;&quot;
    viewBox=&quot;0 0 24 24&quot;
    width=&quot;14&quot;
    xmlns=&quot;http://www.w3.org/2000/svg&quot;
  &gt;
    &lt;path
      d=&quot;m8 2 1.88 1.88&quot;
    /&gt;
    &lt;path
      d=&quot;M14.12 3.88 16 2&quot;
    /&gt;
    &lt;path
      d=&quot;M9 7.13v-1a3.003 3.003 0 1 1 6 0v1&quot;
    /&gt;
    &lt;path
      d=&quot;M12 20c-3.3 0-6-2.7-6-6v-3a4 4 0 0 1 4-4h4a4 4 0 0 1 4 4v3c0 3.3-2.7 6-6 6&quot;
    /&gt;
    &lt;path
      d=&quot;M12 20v-9&quot;
    /&gt;
    &lt;path
      d=&quot;M6.53 9C4.6 8.8 3 7.1 3 5&quot;
    /&gt;
    &lt;path
      d=&quot;M6 13H2&quot;
    /&gt;
    &lt;path
      d=&quot;M3 21c0-2.1 1.7-3.9 3.8-4&quot;
    /&gt;
    &lt;path
      d=&quot;M20.97 5c0 2.1-1.6 3.8-3.5 4&quot;
    /&gt;
    &lt;path
      d=&quot;M22 13h-4&quot;
    /&gt;
    &lt;path
      d=&quot;M17.2 17c2.1.1 3.8 1.9 3.8 4&quot;
    /&gt;
  &lt;/svg&gt;
  Error Details (Development Only)
&lt;/summary&gt;

Ignored nodes: comments, script, style
&lt;summary
  style=&quot;cursor: pointer; margin-bottom: 8px; color: rgb(107, 114, 128); font-size: 12px;&quot;
&gt;
  &lt;svg
    aria-hidden=&quot;true&quot;
    class=&quot;lucide lucide-bug&quot;
    fill=&quot;none&quot;
    height=&quot;14&quot;
    stroke=&quot;currentColor&quot;
    stroke-linecap=&quot;round&quot;
    stroke-linejoin=&quot;round&quot;
    stroke-width=&quot;2&quot;
    style=&quot;margin-right: 6px; vertical-align: middle;&quot;
    viewBox=&quot;0 0 24 24&quot;
    width=&quot;14&quot;
    xmlns=&quot;http://www.w3.org/2000/svg&quot;
  &gt;
    &lt;path
      d=&quot;m8 2 1.88 1.88&quot;
    /&gt;
    &lt;path
      d=&quot;M14.12 3.88 16 2&quot;
    /&gt;
    &lt;path
      d=&quot;M9 7.13v-1a3.003 3.003 0 1 1 6 0v1&quot;
    /&gt;
    &lt;path
      d=&quot;M12 20c-3.3 0-6-2.7-6-6v-3a4 4 0 0 1 4-4h4a4 4 0 0 1 4 4v3c0 3.3-2.7 6-6 6&quot;
    /&gt;
    &lt;path
      d=&quot;M12 20v-9&quot;
    /&gt;
    &lt;path
      d=&quot;M6.53 9C4.6 8.8 3 7.1 3 5&quot;
    /&gt;
    &lt;path
      d=&quot;M6 13H2&quot;
    /&gt;
    &lt;path
      d=&quot;M3 21c0-2.1 1.7-3.9 3.8-4&quot;
    /&gt;
    &lt;path
      d=&quot;M20.97 5c0 2.1-1.6 3.8-3.5 4&quot;
    /&gt;
    &lt;path
      d=&quot;M22 13h-4&quot;
    /&gt;
    &lt;path
      d=&quot;M17.2 17c2.1.1 3.8 1.9 3.8 4&quot;
    /&gt;
  &lt;/svg&gt;
  Error Details (Development Only)
&lt;/summary&gt;

Ignored nodes: comments, script, style
&lt;summary
  style=&quot;cursor: pointer; margin-bottom: 8px; color: rgb(107, 114, 128); font-size: 12px;&quot;
&gt;
  &lt;svg
    aria-hidden=&quot;true&quot;
    class=&quot;lucide lucide-bug&quot;
    fill=&quot;none&quot;
    height=&quot;14&quot;
    stroke=&quot;currentColor&quot;
    stroke-linecap=&quot;round&quot;
    stroke-linejoin=&quot;round&quot;
    stroke-width=&quot;2&quot;
    style=&quot;margin-right: 6px; vertical-align: middle;&quot;
    viewBox=&quot;0 0 24 24&quot;
    width=&quot;14&quot;
    xmlns=&quot;http://www.w3.org/2000/svg&quot;
  &gt;
    &lt;path
      d=&quot;m8 2 1.88 1.88&quot;
    /&gt;
    &lt;path
      d=&quot;M14.12 3.88 16 2&quot;
    /&gt;
    &lt;path
      d=&quot;M9 7.13v-1a3.003 3.003 0 1 1 6 0v1&quot;
    /&gt;
    &lt;path
      d=&quot;M12 20c-3.3 0-6-2.7-6-6v-3a4 4 0 0 1 4-4h4a4 4 0 0 1 4 4v3c0 3.3-2.7 6-6 6&quot;
    /&gt;
    &lt;path
      d=&quot;M12 20v-9&quot;
    /&gt;
    &lt;path
      d=&quot;M6.53 9C4.6 8.8 3 7.1 3 5&quot;
    /&gt;
    &lt;path
      d=&quot;M6 13H2&quot;
    /&gt;
    &lt;path
      d=&quot;M3 21c0-2.1 1.7-3.9 3.8-4&quot;
    /&gt;
    &lt;path
      d=&quot;M20.97 5c0 2.1-1.6 3.8-3.5 4&quot;
    /&gt;
    &lt;path
      d=&quot;M22 13h-4&quot;
    /&gt;
    &lt;path
      d=&quot;M17.2 17c2.1.1 3.8 1.9 3.8 4&quot;
    /&gt;
  &lt;/svg&gt;
  Error Details (Development Only)
&lt;/summary&gt;

Ignored nodes: comments, script, style
&lt;summary
  style=&quot;cursor: pointer; margin-bottom: 8px; color: rgb(156, 163, 175); font-size: 12px;&quot;
&gt;
  &lt;svg
    aria-hidden=&quot;true&quot;
    class=&quot;lucide lucide-bug&quot;
    fill=&quot;none&quot;
    height=&quot;14&quot;
    stroke=&quot;currentColor&quot;
    stroke-linecap=&quot;round&quot;
    stroke-linejoin=&quot;round&quot;
    stroke-width=&quot;2&quot;
    style=&quot;margin-right: 6px; vertical-align: middle;&quot;
    viewBox=&quot;0 0 24 24&quot;
    width=&quot;14&quot;
    xmlns=&quot;http://www.w3.org/2000/svg&quot;
  &gt;
    &lt;path
      d=&quot;m8 2 1.88 1.88&quot;
    /&gt;
    &lt;path
      d=&quot;M14.12 3.88 16 2&quot;
    /&gt;
    &lt;path
      d=&quot;M9 7.13v-1a3.003 3.003 0 1 1 6 0v1&quot;
    /&gt;
    &lt;path
      d=&quot;M12 20c-3.3 0-6-2.7-6-6v-3a4 4 0 0 1 4-4h4a4 4 0 0 1 4 4v3c0 3.3-2.7 6-6 6&quot;
    /&gt;
    &lt;path
      d=&quot;M12 20v-9&quot;
    /&gt;
    &lt;path
      d=&quot;M6.53 9C4.6 8.8 3 7.1 3 5&quot;
    /&gt;
    &lt;path
      d=&quot;M6 13H2&quot;
    /&gt;
    &lt;path
      d=&quot;M3 21c0-2.1 1.7-3.9 3.8-4&quot;
    /&gt;
    &lt;path
      d=&quot;M20.97 5c0 2.1-1.6 3.8-3.5 4&quot;
    /&gt;
    &lt;path
      d=&quot;M22 13h-4&quot;
    /&gt;
    &lt;path
      d=&quot;M17.2 17c2.1.1 3.8 1.9 3.8 4&quot;
    /&gt;
  &lt;/svg&gt;
  Error Details (Development Only)
&lt;/summary&gt;

Ignored nodes: comments, script, style
&lt;summary
  style=&quot;cursor: pointer; margin-bottom: 8px; color: rgb(107, 114, 128); font-size: 12px;&quot;
&gt;
  &lt;svg
    aria-hidden=&quot;true&quot;
    class=&quot;lucide lucide-bug&quot;
    fill=&quot;none&quot;
    height=&quot;14&quot;
    stroke=&quot;currentColor&quot;
    stroke-linecap=&quot;round&quot;
    stroke-linejoin=&quot;round&quot;
    stroke-width=&quot;2&quot;
    style=&quot;margin-right: 6px; vertical-align: middle;&quot;
    viewBox=&quot;0 0 24 24&quot;
    width=&quot;14&quot;
    xmlns=&quot;http://www.w3.org/2000/svg&quot;
  &gt;
    &lt;path
      d=&quot;m8 2 1.88 1.88&quot;
    /&gt;
    &lt;path
      d=&quot;M14.12 3.88 16 2&quot;
    /&gt;
    &lt;path
      d=&quot;M9 7.13v-1a3.003 3.003 0 1 1 6 0v1&quot;
    /&gt;
    &lt;path
      d=&quot;M12 20c-3.3 0-6-2.7-6-6v-3a4 4 0 0 1 4-4h4a4 4 0 0 1 4 4v3c0 3.3-2.7 6-6 6&quot;
    /&gt;
    &lt;path
      d=&quot;M12 20v-9&quot;
    /&gt;
    &lt;path
      d=&quot;M6.53 9C4.6 8.8 3 7.1 3 5&quot;
    /&gt;
    &lt;path
      d=&quot;M6 13H2&quot;
    /&gt;
    &lt;path
      d=&quot;M3 21c0-2.1 1.7-3.9 3.8-4&quot;
    /&gt;
    &lt;path
      d=&quot;M20.97 5c0 2.1-1.6 3.8-3.5 4&quot;
    /&gt;
    &lt;path
      d=&quot;M22 13h-4&quot;
    /&gt;
    &lt;path
      d=&quot;M17.2 17c2.1.1 3.8 1.9 3.8 4&quot;
    /&gt;
  &lt;/svg&gt;
  Error Details (Development Only)
&lt;/summary&gt;

Ignored nodes: comments, script, style
&lt;summary
  style=&quot;cursor: pointer; margin-bottom: 8px; color: rgb(107, 114, 128); font-size: 12px;&quot;
&gt;
  &lt;svg
    aria-hidden=&quot;true&quot;
    class=&quot;lucide lucide-bug&quot;
    fill=&quot;none&quot;
    height=&quot;14&quot;
    stroke=&quot;currentColor&quot;
    stroke-linecap=&quot;round&quot;
    stroke-linejoin=&quot;round&quot;
    stroke-width=&quot;2&quot;
    style=&quot;margin-right: 6px; vertical-align: middle;&quot;
    viewBox=&quot;0 0 24 24&quot;
    width=&quot;14&quot;
    xmlns=&quot;http://www.w3.org/2000/svg&quot;
  &gt;
    &lt;path
      d=&quot;m8 2 1.88 1.88&quot;
    /&gt;
    &lt;path
      d=&quot;M14.12 3.88 16 2&quot;
    /&gt;
    &lt;path
      d=&quot;M9 7.13v-1a3.003 3.003 0 1 1 6 0v1&quot;
    /&gt;
    &lt;path
      d=&quot;M12 20c-3.3 0-6-2.7-6-6v-3a4 4 0 0 1 4-4h4a4 4 0 0 1 4 4v3c0 3.3-2.7 6-6 6&quot;
    /&gt;
    &lt;path
      d=&quot;M12 20v-9&quot;
    /&gt;
    &lt;path
      d=&quot;M6.53 9C4.6 8.8 3 7.1 3 5&quot;
    /&gt;
    &lt;path
      d=&quot;M6 13H2&quot;
    /&gt;
    &lt;path
      d=&quot;M3 21c0-2.1 1.7-3.9 3.8-4&quot;
    /&gt;
    &lt;path
      d=&quot;M20.97 5c0 2.1-1.6 3.8-3.5 4&quot;
    /&gt;
    &lt;path
      d=&quot;M22 13h-4&quot;
    /&gt;
    &lt;path
      d=&quot;M17.2 17c2.1.1 3.8 1.9 3.8 4&quot;
    /&gt;
  &lt;/svg&gt;
  Error Details (Development Only)
&lt;/summary&gt;

Ignored nodes: comments, script, style
&lt;summary
  style=&quot;cursor: pointer; margin-bottom: 8px; color: rgb(107, 114, 128); font-size: 12px;&quot;
&gt;
  &lt;svg
    aria-hidden=&quot;true&quot;
    class=&quot;lucide lucide-bug&quot;
    fill=&quot;none&quot;
    height=&quot;14&quot;
    stroke=&quot;currentColor&quot;
    stroke-linecap=&quot;round&quot;
    stroke-linejoin=&quot;round&quot;
    stroke-width=&quot;2&quot;
    style=&quot;margin-right: 6px; vertical-align: middle;&quot;
    viewBox=&quot;0 0 24 24&quot;
    width=&quot;14&quot;
    xmlns=&quot;http://www.w3.org/2000/svg&quot;
  &gt;
    &lt;path
      d=&quot;m8 2 1.88 1.88&quot;
    /&gt;
    &lt;path
      d=&quot;M14.12 3.88 16 2&quot;
    /&gt;
    &lt;path
      d=&quot;M9 7.13v-1a3.003 3.003 0 1 1 6 0v1&quot;
    /&gt;
    &lt;path
      d=&quot;M12 20c-3.3 0-6-2.7-6-6v-3a4 4 0 0 1 4-4h4a4 4 0 0 1 4 4v3c0 3.3-2.7 6-6 6&quot;
    /&gt;
    &lt;path
      d=&quot;M12 20v-9&quot;
    /&gt;
    &lt;path
      d=&quot;M6.53 9C4.6 8.8 3 7.1 3 5&quot;
    /&gt;
    &lt;path
      d=&quot;M6 13H2&quot;
    /&gt;
    &lt;path
      d=&quot;M3 21c0-2.1 1.7-3.9 3.8-4&quot;
    /&gt;
    &lt;path
      d=&quot;M20.97 5c0 2.1-1.6 3.8-3.5 4&quot;
    /&gt;
    &lt;path
      d=&quot;M22 13h-4&quot;
    /&gt;
    &lt;path
      d=&quot;M17.2 17c2.1.1 3.8 1.9 3.8 4&quot;
    /&gt;
  &lt;/svg&gt;
  Error Details (Development Only)
&lt;/summary&gt;

(If this is intentional, then use the `*AllBy*` variant of the query (like `queryAllByText`, `getAllByText`, or `findAllByText`)).

Ignored nodes: comments, script, style
&lt;body&gt;
  &lt;div&gt;
    &lt;div
      data-testid=&quot;test-content&quot;
    &gt;
      Test content
    &lt;/div&gt;
  &lt;/div&gt;
  &lt;div&gt;
    &lt;div
      style=&quot;min-height: 400px; background: rgb(245, 245, 245); display: flex; align-items: center; justify-content: center; padding: 32px; border-radius: 8px;&quot;
    &gt;
      &lt;div
        style=&quot;max-width: 600px; width: 100%; text-align: center; background: rgba(255, 255, 255, 0.9); border-radius: 16px; padding: 32px; border: 1px solid rgb(229, 231, 235); box-shadow: 0 4px 6px rgba(0, 0, 0, 0.1);&quot;
      &gt;
        &lt;svg
          aria-hidden=&quot;true&quot;
          class=&quot;lucide lucide-circle-alert&quot;
          fill=&quot;none&quot;
          height=&quot;48&quot;
          stroke=&quot;currentColor&quot;
          stroke-linecap=&quot;round&quot;
          stroke-linejoin=&quot;round&quot;
          stroke-width=&quot;2&quot;
          style=&quot;color: rgb(239, 68, 68); margin-bottom: 16px;&quot;
          viewBox=&quot;0 0 24 24&quot;
          width=&quot;48&quot;
          xmlns=&quot;http://www.w3.org/2000/svg&quot;
        &gt;
          &lt;circle
            cx=&quot;12&quot;
            cy=&quot;12&quot;
            r=&quot;10&quot;
          /&gt;
          &lt;line
            x1=&quot;12&quot;
            x2=&quot;12&quot;
            y1=&quot;8&quot;
            y2=&quot;12&quot;
          /&gt;
          &lt;line
            x1=&quot;12&quot;
            x2=&quot;12.01&quot;
            y1=&quot;16&quot;
            y2=&quot;16&quot;
          /&gt;
        &lt;/svg&gt;
        &lt;h3
          style=&quot;font-size: 20px; font-weight: bold; margin-bottom: 8px; color: rgb(31, 41, 55);&quot;
        &gt;
          Network Connection Issue
        &lt;/h3&gt;
        &lt;p
          style=&quot;font-size: 14px; margin-bottom: 20px; color: rgb(107, 114, 128); line-height: 1.5;&quot;
        &gt;
          Check your internet connection and try again. If the problem persists, contact your network administrator.
        &lt;/p&gt;
        &lt;details
          style=&quot;text-align: left; margin-bottom: 20px; background: rgba(0, 0, 0, 0.05); padding: 12px; border-radius: 6px; font-size: 12px;&quot;
        &gt;
          &lt;summary
            style=&quot;cursor: pointer; margin-bottom: 8px; color: rgb(107, 114, 128); font-size: 12px;&quot;
          &gt;
            &lt;svg
              aria-hidden=&quot;true&quot;
              class=&quot;lucide lucide-bug&quot;
              fill=&quot;none&quot;
              height=&quot;14&quot;
              stroke=&quot;currentColor&quot;
              stroke-linecap=&quot;round&quot;
              stroke-linejoin=&quot;round&quot;
              stroke-width=&quot;2&quot;
              style=&quot;margin-right: 6px; vertical-align: middle;&quot;
              viewBox=&quot;0 0 24 24&quot;
              width=&quot;14&quot;
              xmlns=&quot;http://www.w3.org/2000/svg&quot;
            &gt;
              &lt;path
                d=&quot;m8 2 1.88 1.88&quot;
              /&gt;
              &lt;path
                d=&quot;M14.12 3.88 16 2&quot;
              /&gt;
              &lt;path
                d=&quot;M9 7.13v-1a3.003 3.003 0 1 1 6 0v1&quot;
              /&gt;
              &lt;path
                d=&quot;M12 20c-3.3 0-6-2.7-6-6v-3a4 4 0 0 1 4-4h4a4 4 0 0 1 4 4v3c0 3.3-2.7 6-6 6&quot;
              /&gt;
              &lt;path
                d=&quot;M12 20v-9&quot;
              /&gt;
              &lt;path
                d=&quot;M6.53 9C4.6 8.8 3 7.1 3 5&quot;
              /&gt;
              &lt;path
                d=&quot;M6 13H2&quot;
              /&gt;
              &lt;path
                d=&quot;M3 21c0-2.1 1.7-3.9 3.8-4&quot;
              /&gt;
              &lt;path
                d=&quot;M20.97 5c0 2.1-1.6 3.8-3.5 4&quot;
              /&gt;
              &lt;path
                d=&quot;M22 13h-4&quot;
              /&gt;
              &lt;path
                d=&quot;M17.2 17c2.1.1 3.8 1.9 3.8 4&quot;
              /&gt;
            &lt;/svg&gt;
            Error Details (Development Only)
          &lt;/summary&gt;
          &lt;div
            style=&quot;font-family: monospace; color: rgb(75, 85, 99); word-break: break-word;&quot;
          &gt;
            &lt;strong&gt;
              Type:
            &lt;/strong&gt;
             
            NETWORK
            &lt;br /&gt;
            &lt;strong&gt;
              Code:
            &lt;/strong&gt;
             
            NETWORK_ERROR
            &lt;br /&gt;
            &lt;strong&gt;
              Message:
            &lt;/strong&gt;
             
            Test error message
            &lt;br /&gt;
            &lt;strong&gt;
              Stack:
            &lt;/strong&gt;
            &lt;pre
              style=&quot;white-space: pre-wrap; word-break: break-word; margin: 4px 0px 0px 0px; font-size: 10px;&quot;
            &gt;
              AppError: Test error message
    at ThrowErrorComponent (/home/ilya/projects/SimpleAdminReporter/frontend/src/components/query/__tests__/QueryPreviewErrorBoundary.test.tsx:59:19)
    at Object.react_stack_bottom_frame (/home/ilya/projects/SimpleAdminReporter/frontend/node_modules/react-dom/cjs/react-dom-client.development.js:23863:20)
    at renderWithHooks (/home/ilya/projects/SimpleAdminReporter/frontend/node_modules/react-dom/cjs/react-dom-client.development.js:5529:22)
    at updateFunctionComponent (/home/ilya/projects/SimpleAdminReporter/frontend/node_modules/react-dom/cjs/react-dom-client.development.js:8897:19)
    at beginWork (/home/ilya/projects/SimpleAdminReporter/frontend/node_modules/react-dom/cjs/react-dom-client.development.js:10522:18)
    at runWithFiberInDEV (/home/ilya/projects/SimpleAdminReporter/frontend/node_modules/react-dom/cjs/react-dom-client.development.js:1522:13...
 ❯ ThrowErrorComponent src/components/query/__tests__/QueryPreviewErrorBoundary.test.tsx:59:19
 ❯ Object.react_stack_bottom_frame node_modules/react-dom/cjs/react-dom-client.development.js:23863:20
 ❯ renderWithHooks node_modules/react-dom/cjs/react-dom-client.development.js:5529:22
 ❯ updateFunctionComponent node_modules/react-dom/cjs/react-dom-client.development.js:8897:19
 ❯ beginWork node_modules/react-dom/cjs/react-dom-client.development.js:10522:18
 ❯ Object.getElementError node_modules/@testing-library/dom/dist/config.js:37:19
 ❯ getElementError node_modules/@testing-library/dom/dist/query-helpers.js:20:35
 ❯ getMultipleElementsFoundError node_modules/@testing-library/dom/dist/query-helpers.js:23:10
 ❯ node_modules/@testing-library/dom/dist/query-helpers.js:55:13
 ❯ node_modules/@testing-library/dom/dist/query-helpers.js:95:19
 ❯ src/components/query/__tests__/QueryPreviewErrorBoundary.test.tsx:581:21
            </failure>
            <failure message="Cannot delete property &apos;gtag&apos; of #&lt;Object&gt;" type="TypeError">
TypeError: Cannot delete property &apos;gtag&apos; of #&lt;Object&gt;
 ❯ src/components/query/__tests__/QueryPreviewErrorBoundary.test.tsx:49:3
            </failure>
        </testcase>
        <testcase classname="src/components/query/__tests__/QueryPreviewErrorBoundary.test.tsx" name="QueryPreviewErrorBoundary &gt; Component Lifecycle &gt; clears timeout on unmount" time="0.211626085">
            <failure message="Found multiple elements with the text: Try Again

Here are the matching elements:

Ignored nodes: comments, script, style
[36m&lt;span&gt;[39m
  [0mTry Again[0m
[36m&lt;/span&gt;[39m

Ignored nodes: comments, script, style
[36m&lt;span&gt;[39m
  [0mTry Again[0m
[36m&lt;/span&gt;[39m

Ignored nodes: comments, script, style
[36m&lt;span&gt;[39m
  [0mTry Again[0m
[36m&lt;/span&gt;[39m

Ignored nodes: comments, script, style
[36m&lt;span&gt;[39m
  [0mTry Again[0m
[36m&lt;/span&gt;[39m

Ignored nodes: comments, script, style
[36m&lt;span&gt;[39m
  [0mTry Again[0m
[36m&lt;/span&gt;[39m

Ignored nodes: comments, script, style
[36m&lt;span&gt;[39m
  [0mTry Again[0m
[36m&lt;/span&gt;[39m

Ignored nodes: comments, script, style
[36m&lt;span&gt;[39m
  [0mTry Again[0m
[36m&lt;/span&gt;[39m

Ignored nodes: comments, script, style
[36m&lt;span&gt;[39m
  [0mTry Again[0m
[36m&lt;/span&gt;[39m

Ignored nodes: comments, script, style
[36m&lt;span&gt;[39m
  [0mTry Again[0m
[36m&lt;/span&gt;[39m

Ignored nodes: comments, script, style
[36m&lt;span&gt;[39m
  [0mTry Again[0m
[36m&lt;/span&gt;[39m

Ignored nodes: comments, script, style
[36m&lt;span&gt;[39m
  [0mTry Again[0m
[36m&lt;/span&gt;[39m

Ignored nodes: comments, script, style
[36m&lt;span&gt;[39m
  [0mTry Again[0m
[36m&lt;/span&gt;[39m

Ignored nodes: comments, script, style
[36m&lt;span&gt;[39m
  [0mTry Again[0m
[36m&lt;/span&gt;[39m

Ignored nodes: comments, script, style
[36m&lt;span&gt;[39m
  [0mTry Again[0m
[36m&lt;/span&gt;[39m

Ignored nodes: comments, script, style
[36m&lt;span&gt;[39m
  [0mTry Again[0m
[36m&lt;/span&gt;[39m

Ignored nodes: comments, script, style
[36m&lt;span&gt;[39m
  [0mTry Again[0m
[36m&lt;/span&gt;[39m

Ignored nodes: comments, script, style
[36m&lt;span&gt;[39m
  [0mTry Again[0m
[36m&lt;/span&gt;[39m

Ignored nodes: comments, script, style
[36m&lt;span&gt;[39m
  [0mTry Again[0m
[36m&lt;/span&gt;[39m

Ignored nodes: comments, script, style
[36m&lt;span&gt;[39m
  [0mTry Again[0m
[36m&lt;/span&gt;[39m

Ignored nodes: comments, script, style
[36m&lt;span&gt;[39m
  [0mTry Again[0m
[36m&lt;/span&gt;[39m

Ignored nodes: comments, script, style
[36m&lt;span&gt;[39m
  [0mTry Again[0m
[36m&lt;/span&gt;[39m

Ignored nodes: comments, script, style
[36m&lt;span&gt;[39m
  [0mTry Again[0m
[36m&lt;/span&gt;[39m

Ignored nodes: comments, script, style
[36m&lt;span&gt;[39m
  [0mTry Again[0m
[36m&lt;/span&gt;[39m

Ignored nodes: comments, script, style
[36m&lt;span&gt;[39m
  [0mTry Again[0m
[36m&lt;/span&gt;[39m

(If this is intentional, then use the `*AllBy*` variant of the query (like `queryAllByText`, `getAllByText`, or `findAllByText`)).

Ignored nodes: comments, script, style
[36m&lt;body&gt;[39m
  [36m&lt;div&gt;[39m
    [36m&lt;div[39m
      [33mdata-testid[39m=[32m&quot;test-content&quot;[39m
    [36m&gt;[39m
      [0mTest content[0m
    [36m&lt;/div&gt;[39m
  [36m&lt;/div&gt;[39m
  [36m&lt;div&gt;[39m
    [36m&lt;div[39m
      [33mstyle[39m=[32m&quot;min-height: 400px; background: rgb(245, 245, 245); display: flex; align-items: center; justify-content: center; padding: 32px; border-radius: 8px;&quot;[39m
    [36m&gt;[39m
      [36m&lt;div[39m
        [33mstyle[39m=[32m&quot;max-width: 600px; width: 100%; text-align: center; background: rgba(255, 255, 255, 0.9); border-radius: 16px; padding: 32px; border: 1px solid rgb(229, 231, 235); box-shadow: 0 4px 6px rgba(0, 0, 0, 0.1);&quot;[39m
      [36m&gt;[39m
        [36m&lt;svg[39m
          [33maria-hidden[39m=[32m&quot;true&quot;[39m
          [33mclass[39m=[32m&quot;lucide lucide-circle-alert&quot;[39m
          [33mfill[39m=[32m&quot;none&quot;[39m
          [33mheight[39m=[32m&quot;48&quot;[39m
          [33mstroke[39m=[32m&quot;currentColor&quot;[39m
          [33mstroke-linecap[39m=[32m&quot;round&quot;[39m
          [33mstroke-linejoin[39m=[32m&quot;round&quot;[39m
          [33mstroke-width[39m=[32m&quot;2&quot;[39m
          [33mstyle[39m=[32m&quot;color: rgb(239, 68, 68); margin-bottom: 16px;&quot;[39m
          [33mviewBox[39m=[32m&quot;0 0 24 24&quot;[39m
          [33mwidth[39m=[32m&quot;48&quot;[39m
          [33mxmlns[39m=[32m&quot;http://www.w3.org/2000/svg&quot;[39m
        [36m&gt;[39m
          [36m&lt;circle[39m
            [33mcx[39m=[32m&quot;12&quot;[39m
            [33mcy[39m=[32m&quot;12&quot;[39m
            [33mr[39m=[32m&quot;10&quot;[39m
          [36m/&gt;[39m
          [36m&lt;line[39m
            [33mx1[39m=[32m&quot;12&quot;[39m
            [33mx2[39m=[32m&quot;12&quot;[39m
            [33my1[39m=[32m&quot;8&quot;[39m
            [33my2[39m=[32m&quot;12&quot;[39m
          [36m/&gt;[39m
          [36m&lt;line[39m
            [33mx1[39m=[32m&quot;12&quot;[39m
            [33mx2[39m=[32m&quot;12.01&quot;[39m
            [33my1[39m=[32m&quot;16&quot;[39m
            [33my2[39m=[32m&quot;16&quot;[39m
          [36m/&gt;[39m
        [36m&lt;/svg&gt;[39m
        [36m&lt;h3[39m
          [33mstyle[39m=[32m&quot;font-size: 20px; font-weight: bold; margin-bottom: 8px; color: rgb(31, 41, 55);&quot;[39m
        [36m&gt;[39m
          [0mNetwork Connection Issue[0m
        [36m&lt;/h3&gt;[39m
        [36m&lt;p[39m
          [33mstyle[39m=[32m&quot;font-size: 14px; margin-bottom: 20px; color: rgb(107, 114, 128); line-height: 1.5;&quot;[39m
        [36m&gt;[39m
          [0mCheck your internet connection and try again. If the problem persists, contact your network administrator.[0m
        [36m&lt;/p&gt;[39m
        [36m&lt;details[39m
          [33mstyle[39m=[32m&quot;text-align: left; margin-bottom: 20px; background: rgba(0, 0, 0, 0.05); padding: 12px; border-radius: 6px; font-size: 12px;&quot;[39m
        [36m&gt;[39m
          [36m&lt;summary[39m
            [33mstyle[39m=[32m&quot;cursor: pointer; margin-bottom: 8px; color: rgb(107, 114, 128); font-size: 12px;&quot;[39m
          [36m&gt;[39m
            [36m&lt;svg[39m
              [33maria-hidden[39m=[32m&quot;true&quot;[39m
              [33mclass[39m=[32m&quot;lucide lucide-bug&quot;[39m
              [33mfill[39m=[32m&quot;none&quot;[39m
              [33mheight[39m=[32m&quot;14&quot;[39m
              [33mstroke[39m=[32m&quot;currentColor&quot;[39m
              [33mstroke-linecap[39m=[32m&quot;round&quot;[39m
              [33mstroke-linejoin[39m=[32m&quot;round&quot;[39m
              [33mstroke-width[39m=[32m&quot;2&quot;[39m
              [33mstyle[39m=[32m&quot;margin-right: 6px; vertical-align: middle;&quot;[39m
              [33mviewBox[39m=[32m&quot;0 0 24 24&quot;[39m
              [33mwidth[39m=[32m&quot;14&quot;[39m
              [33mxmlns[39m=[32m&quot;http://www.w3.org/2000/svg&quot;[39m
            [36m&gt;[39m
              [36m&lt;path[39m
                [33md[39m=[32m&quot;m8 2 1.88 1.88&quot;[39m
              [36m/&gt;[39m
              [36m&lt;path[39m
                [33md[39m=[32m&quot;M14.12 3.88 16 2&quot;[39m
              [36m/&gt;[39m
              [36m&lt;path[39m
                [33md[39m=[32m&quot;M9 7.13v-1a3.003 3.003 0 1 1 6 0v1&quot;[39m
              [36m/&gt;[39m
              [36m&lt;path[39m
                [33md[39m=[32m&quot;M12 20c-3.3 0-6-2.7-6-6v-3a4 4 0 0 1 4-4h4a4 4 0 0 1 4 4v3c0 3.3-2.7 6-6 6&quot;[39m
              [36m/&gt;[39m
              [36m&lt;path[39m
                [33md[39m=[32m&quot;M12 20v-9&quot;[39m
              [36m/&gt;[39m
              [36m&lt;path[39m
                [33md[39m=[32m&quot;M6.53 9C4.6 8.8 3 7.1 3 5&quot;[39m
              [36m/&gt;[39m
              [36m&lt;path[39m
                [33md[39m=[32m&quot;M6 13H2&quot;[39m
              [36m/&gt;[39m
              [36m&lt;path[39m
                [33md[39m=[32m&quot;M3 21c0-2.1 1.7-3.9 3.8-4&quot;[39m
              [36m/&gt;[39m
              [36m&lt;path[39m
                [33md[39m=[32m&quot;M20.97 5c0 2.1-1.6 3.8-3.5 4&quot;[39m
              [36m/&gt;[39m
              [36m&lt;path[39m
                [33md[39m=[32m&quot;M22 13h-4&quot;[39m
              [36m/&gt;[39m
              [36m&lt;path[39m
                [33md[39m=[32m&quot;M17.2 17c2.1.1 3.8 1.9 3.8 4&quot;[39m
              [36m/&gt;[39m
            [36m&lt;/svg&gt;[39m
            [0mError Details (Development Only)[0m
          [36m&lt;/summary&gt;[39m
          [36m&lt;div[39m
            [33mstyle[39m=[32m&quot;font-family: monospace; color: rgb(75, 85, 99); word-break: break-word;&quot;[39m
          [36m&gt;[39m
            [36m&lt;strong&gt;[39m
              [0mType:[0m
            [36m&lt;/strong&gt;[39m
            [0m [0m
            [0mNETWORK[0m
            [36m&lt;br /&gt;[39m
            [36m&lt;strong&gt;[39m
              [0mCode:[0m
            [36m&lt;/strong&gt;[39m
            [0m [0m
            [0mNETWORK_ERROR[0m
            [36m&lt;br /&gt;[39m
            [36m&lt;strong&gt;[39m
              [0mMessage:[0m
            [36m&lt;/strong&gt;[39m
            [0m [0m
            [0mTest error message[0m
            [36m&lt;br /&gt;[39m
            [36m&lt;strong&gt;[39m
              [0mStack:[0m
            [36m&lt;/strong&gt;[39m
            [36m&lt;pre[39m
              [33mstyle[39m=[32m&quot;white-space: pre-wrap; word-break: break-word; margin: 4px 0px 0px 0px; font-size: 10px;&quot;[39m
            [36m&gt;[39m
              [0mAppError: Test error message
    at ThrowErrorComponent (/home/ilya/projects/SimpleAdminReporter/frontend/src/components/query/__tests__/QueryPreviewErrorBoundary.test.tsx:59:19)
    at Object.react_stack_bottom_frame (/home/ilya/projects/SimpleAdminReporter/frontend/node_modules/react-dom/cjs/react-dom-client.development.js:23863:20)
    at renderWithHooks (/home/ilya/projects/SimpleAdminReporter/frontend/node_modules/react-dom/cjs/react-dom-client.development.js:5529:22)
    at updateFunctionComponent (/home/ilya/projects/SimpleAdminReporter/frontend/node_modules/react-dom/cjs/react-dom-client.development.js:8897:19)
    at beginWork (/home/ilya/projects/SimpleAdminReporter/frontend/node_modules/react-dom/cjs/react-dom-client.development.js:10522:18)
    at runWithFiberInDEV (/home/ilya/projects/SimpleAdminReporter/frontend/node_modules/react-dom/cjs/react-dom-client.development.js:1522:13..." type="TestingLibraryElementError">
TestingLibraryElementError: Found multiple elements with the text: Try Again

Here are the matching elements:

Ignored nodes: comments, script, style
&lt;span&gt;
  Try Again
&lt;/span&gt;

Ignored nodes: comments, script, style
&lt;span&gt;
  Try Again
&lt;/span&gt;

Ignored nodes: comments, script, style
&lt;span&gt;
  Try Again
&lt;/span&gt;

Ignored nodes: comments, script, style
&lt;span&gt;
  Try Again
&lt;/span&gt;

Ignored nodes: comments, script, style
&lt;span&gt;
  Try Again
&lt;/span&gt;

Ignored nodes: comments, script, style
&lt;span&gt;
  Try Again
&lt;/span&gt;

Ignored nodes: comments, script, style
&lt;span&gt;
  Try Again
&lt;/span&gt;

Ignored nodes: comments, script, style
&lt;span&gt;
  Try Again
&lt;/span&gt;

Ignored nodes: comments, script, style
&lt;span&gt;
  Try Again
&lt;/span&gt;

Ignored nodes: comments, script, style
&lt;span&gt;
  Try Again
&lt;/span&gt;

Ignored nodes: comments, script, style
&lt;span&gt;
  Try Again
&lt;/span&gt;

Ignored nodes: comments, script, style
&lt;span&gt;
  Try Again
&lt;/span&gt;

Ignored nodes: comments, script, style
&lt;span&gt;
  Try Again
&lt;/span&gt;

Ignored nodes: comments, script, style
&lt;span&gt;
  Try Again
&lt;/span&gt;

Ignored nodes: comments, script, style
&lt;span&gt;
  Try Again
&lt;/span&gt;

Ignored nodes: comments, script, style
&lt;span&gt;
  Try Again
&lt;/span&gt;

Ignored nodes: comments, script, style
&lt;span&gt;
  Try Again
&lt;/span&gt;

Ignored nodes: comments, script, style
&lt;span&gt;
  Try Again
&lt;/span&gt;

Ignored nodes: comments, script, style
&lt;span&gt;
  Try Again
&lt;/span&gt;

Ignored nodes: comments, script, style
&lt;span&gt;
  Try Again
&lt;/span&gt;

Ignored nodes: comments, script, style
&lt;span&gt;
  Try Again
&lt;/span&gt;

Ignored nodes: comments, script, style
&lt;span&gt;
  Try Again
&lt;/span&gt;

Ignored nodes: comments, script, style
&lt;span&gt;
  Try Again
&lt;/span&gt;

Ignored nodes: comments, script, style
&lt;span&gt;
  Try Again
&lt;/span&gt;

(If this is intentional, then use the `*AllBy*` variant of the query (like `queryAllByText`, `getAllByText`, or `findAllByText`)).

Ignored nodes: comments, script, style
&lt;body&gt;
  &lt;div&gt;
    &lt;div
      data-testid=&quot;test-content&quot;
    &gt;
      Test content
    &lt;/div&gt;
  &lt;/div&gt;
  &lt;div&gt;
    &lt;div
      style=&quot;min-height: 400px; background: rgb(245, 245, 245); display: flex; align-items: center; justify-content: center; padding: 32px; border-radius: 8px;&quot;
    &gt;
      &lt;div
        style=&quot;max-width: 600px; width: 100%; text-align: center; background: rgba(255, 255, 255, 0.9); border-radius: 16px; padding: 32px; border: 1px solid rgb(229, 231, 235); box-shadow: 0 4px 6px rgba(0, 0, 0, 0.1);&quot;
      &gt;
        &lt;svg
          aria-hidden=&quot;true&quot;
          class=&quot;lucide lucide-circle-alert&quot;
          fill=&quot;none&quot;
          height=&quot;48&quot;
          stroke=&quot;currentColor&quot;
          stroke-linecap=&quot;round&quot;
          stroke-linejoin=&quot;round&quot;
          stroke-width=&quot;2&quot;
          style=&quot;color: rgb(239, 68, 68); margin-bottom: 16px;&quot;
          viewBox=&quot;0 0 24 24&quot;
          width=&quot;48&quot;
          xmlns=&quot;http://www.w3.org/2000/svg&quot;
        &gt;
          &lt;circle
            cx=&quot;12&quot;
            cy=&quot;12&quot;
            r=&quot;10&quot;
          /&gt;
          &lt;line
            x1=&quot;12&quot;
            x2=&quot;12&quot;
            y1=&quot;8&quot;
            y2=&quot;12&quot;
          /&gt;
          &lt;line
            x1=&quot;12&quot;
            x2=&quot;12.01&quot;
            y1=&quot;16&quot;
            y2=&quot;16&quot;
          /&gt;
        &lt;/svg&gt;
        &lt;h3
          style=&quot;font-size: 20px; font-weight: bold; margin-bottom: 8px; color: rgb(31, 41, 55);&quot;
        &gt;
          Network Connection Issue
        &lt;/h3&gt;
        &lt;p
          style=&quot;font-size: 14px; margin-bottom: 20px; color: rgb(107, 114, 128); line-height: 1.5;&quot;
        &gt;
          Check your internet connection and try again. If the problem persists, contact your network administrator.
        &lt;/p&gt;
        &lt;details
          style=&quot;text-align: left; margin-bottom: 20px; background: rgba(0, 0, 0, 0.05); padding: 12px; border-radius: 6px; font-size: 12px;&quot;
        &gt;
          &lt;summary
            style=&quot;cursor: pointer; margin-bottom: 8px; color: rgb(107, 114, 128); font-size: 12px;&quot;
          &gt;
            &lt;svg
              aria-hidden=&quot;true&quot;
              class=&quot;lucide lucide-bug&quot;
              fill=&quot;none&quot;
              height=&quot;14&quot;
              stroke=&quot;currentColor&quot;
              stroke-linecap=&quot;round&quot;
              stroke-linejoin=&quot;round&quot;
              stroke-width=&quot;2&quot;
              style=&quot;margin-right: 6px; vertical-align: middle;&quot;
              viewBox=&quot;0 0 24 24&quot;
              width=&quot;14&quot;
              xmlns=&quot;http://www.w3.org/2000/svg&quot;
            &gt;
              &lt;path
                d=&quot;m8 2 1.88 1.88&quot;
              /&gt;
              &lt;path
                d=&quot;M14.12 3.88 16 2&quot;
              /&gt;
              &lt;path
                d=&quot;M9 7.13v-1a3.003 3.003 0 1 1 6 0v1&quot;
              /&gt;
              &lt;path
                d=&quot;M12 20c-3.3 0-6-2.7-6-6v-3a4 4 0 0 1 4-4h4a4 4 0 0 1 4 4v3c0 3.3-2.7 6-6 6&quot;
              /&gt;
              &lt;path
                d=&quot;M12 20v-9&quot;
              /&gt;
              &lt;path
                d=&quot;M6.53 9C4.6 8.8 3 7.1 3 5&quot;
              /&gt;
              &lt;path
                d=&quot;M6 13H2&quot;
              /&gt;
              &lt;path
                d=&quot;M3 21c0-2.1 1.7-3.9 3.8-4&quot;
              /&gt;
              &lt;path
                d=&quot;M20.97 5c0 2.1-1.6 3.8-3.5 4&quot;
              /&gt;
              &lt;path
                d=&quot;M22 13h-4&quot;
              /&gt;
              &lt;path
                d=&quot;M17.2 17c2.1.1 3.8 1.9 3.8 4&quot;
              /&gt;
            &lt;/svg&gt;
            Error Details (Development Only)
          &lt;/summary&gt;
          &lt;div
            style=&quot;font-family: monospace; color: rgb(75, 85, 99); word-break: break-word;&quot;
          &gt;
            &lt;strong&gt;
              Type:
            &lt;/strong&gt;
             
            NETWORK
            &lt;br /&gt;
            &lt;strong&gt;
              Code:
            &lt;/strong&gt;
             
            NETWORK_ERROR
            &lt;br /&gt;
            &lt;strong&gt;
              Message:
            &lt;/strong&gt;
             
            Test error message
            &lt;br /&gt;
            &lt;strong&gt;
              Stack:
            &lt;/strong&gt;
            &lt;pre
              style=&quot;white-space: pre-wrap; word-break: break-word; margin: 4px 0px 0px 0px; font-size: 10px;&quot;
            &gt;
              AppError: Test error message
    at ThrowErrorComponent (/home/ilya/projects/SimpleAdminReporter/frontend/src/components/query/__tests__/QueryPreviewErrorBoundary.test.tsx:59:19)
    at Object.react_stack_bottom_frame (/home/ilya/projects/SimpleAdminReporter/frontend/node_modules/react-dom/cjs/react-dom-client.development.js:23863:20)
    at renderWithHooks (/home/ilya/projects/SimpleAdminReporter/frontend/node_modules/react-dom/cjs/react-dom-client.development.js:5529:22)
    at updateFunctionComponent (/home/ilya/projects/SimpleAdminReporter/frontend/node_modules/react-dom/cjs/react-dom-client.development.js:8897:19)
    at beginWork (/home/ilya/projects/SimpleAdminReporter/frontend/node_modules/react-dom/cjs/react-dom-client.development.js:10522:18)
    at runWithFiberInDEV (/home/ilya/projects/SimpleAdminReporter/frontend/node_modules/react-dom/cjs/react-dom-client.development.js:1522:13...
 ❯ ThrowErrorComponent src/components/query/__tests__/QueryPreviewErrorBoundary.test.tsx:59:19
 ❯ Object.react_stack_bottom_frame node_modules/react-dom/cjs/react-dom-client.development.js:23863:20
 ❯ renderWithHooks node_modules/react-dom/cjs/react-dom-client.development.js:5529:22
 ❯ updateFunctionComponent node_modules/react-dom/cjs/react-dom-client.development.js:8897:19
 ❯ beginWork node_modules/react-dom/cjs/react-dom-client.development.js:10522:18
 ❯ Object.getElementError node_modules/@testing-library/dom/dist/config.js:37:19
 ❯ getElementError node_modules/@testing-library/dom/dist/query-helpers.js:20:35
 ❯ getMultipleElementsFoundError node_modules/@testing-library/dom/dist/query-helpers.js:23:10
 ❯ node_modules/@testing-library/dom/dist/query-helpers.js:55:13
 ❯ node_modules/@testing-library/dom/dist/query-helpers.js:95:19
 ❯ src/components/query/__tests__/QueryPreviewErrorBoundary.test.tsx:607:34
            </failure>
            <failure message="Cannot delete property &apos;gtag&apos; of #&lt;Object&gt;" type="TypeError">
TypeError: Cannot delete property &apos;gtag&apos; of #&lt;Object&gt;
 ❯ src/components/query/__tests__/QueryPreviewErrorBoundary.test.tsx:49:3
            </failure>
        </testcase>
        <testcase classname="src/components/query/__tests__/QueryPreviewErrorBoundary.test.tsx" name="QueryPreviewErrorBoundary &gt; Component Lifecycle &gt; handles rapid successive errors correctly" time="0.219531213">
            <failure message="Found multiple elements with the text: Network Connection Issue

Here are the matching elements:

Ignored nodes: comments, script, style
[36m&lt;h3[39m
  [33mstyle[39m=[32m&quot;font-size: 20px; font-weight: bold; margin-bottom: 8px; color: rgb(31, 41, 55);&quot;[39m
[36m&gt;[39m
  [0mNetwork Connection Issue[0m
[36m&lt;/h3&gt;[39m

Ignored nodes: comments, script, style
[36m&lt;h3[39m
  [33mstyle[39m=[32m&quot;font-size: 20px; font-weight: bold; margin-bottom: 8px; color: rgb(31, 41, 55);&quot;[39m
[36m&gt;[39m
  [0mNetwork Connection Issue[0m
[36m&lt;/h3&gt;[39m

Ignored nodes: comments, script, style
[36m&lt;h3[39m
  [33mstyle[39m=[32m&quot;font-size: 20px; font-weight: bold; margin-bottom: 8px; color: rgb(31, 41, 55);&quot;[39m
[36m&gt;[39m
  [0mNetwork Connection Issue[0m
[36m&lt;/h3&gt;[39m

Ignored nodes: comments, script, style
[36m&lt;h3[39m
  [33mstyle[39m=[32m&quot;font-size: 20px; font-weight: bold; margin-bottom: 8px; color: rgb(31, 41, 55);&quot;[39m
[36m&gt;[39m
  [0mNetwork Connection Issue[0m
[36m&lt;/h3&gt;[39m

Ignored nodes: comments, script, style
[36m&lt;h3[39m
  [33mstyle[39m=[32m&quot;font-size: 20px; font-weight: bold; margin-bottom: 8px; color: rgb(31, 41, 55);&quot;[39m
[36m&gt;[39m
  [0mNetwork Connection Issue[0m
[36m&lt;/h3&gt;[39m

Ignored nodes: comments, script, style
[36m&lt;h3[39m
  [33mstyle[39m=[32m&quot;font-size: 20px; font-weight: bold; margin-bottom: 8px; color: rgb(31, 41, 55);&quot;[39m
[36m&gt;[39m
  [0mNetwork Connection Issue[0m
[36m&lt;/h3&gt;[39m

Ignored nodes: comments, script, style
[36m&lt;h3[39m
  [33mstyle[39m=[32m&quot;font-size: 20px; font-weight: bold; margin-bottom: 8px; color: rgb(31, 41, 55);&quot;[39m
[36m&gt;[39m
  [0mNetwork Connection Issue[0m
[36m&lt;/h3&gt;[39m

Ignored nodes: comments, script, style
[36m&lt;h3[39m
  [33mstyle[39m=[32m&quot;font-size: 20px; font-weight: bold; margin-bottom: 8px; color: rgb(31, 41, 55);&quot;[39m
[36m&gt;[39m
  [0mNetwork Connection Issue[0m
[36m&lt;/h3&gt;[39m

Ignored nodes: comments, script, style
[36m&lt;h3[39m
  [33mstyle[39m=[32m&quot;font-size: 20px; font-weight: bold; margin-bottom: 8px; color: rgb(31, 41, 55);&quot;[39m
[36m&gt;[39m
  [0mNetwork Connection Issue[0m
[36m&lt;/h3&gt;[39m

Ignored nodes: comments, script, style
[36m&lt;h3[39m
  [33mstyle[39m=[32m&quot;font-size: 20px; font-weight: bold; margin-bottom: 8px; color: rgb(31, 41, 55);&quot;[39m
[36m&gt;[39m
  [0mNetwork Connection Issue[0m
[36m&lt;/h3&gt;[39m

Ignored nodes: comments, script, style
[36m&lt;h3[39m
  [33mstyle[39m=[32m&quot;font-size: 20px; font-weight: bold; margin-bottom: 8px; color: rgb(31, 41, 55);&quot;[39m
[36m&gt;[39m
  [0mNetwork Connection Issue[0m
[36m&lt;/h3&gt;[39m

Ignored nodes: comments, script, style
[36m&lt;h3[39m
  [33mstyle[39m=[32m&quot;font-size: 20px; font-weight: bold; margin-bottom: 8px; color: rgb(31, 41, 55);&quot;[39m
[36m&gt;[39m
  [0mNetwork Connection Issue[0m
[36m&lt;/h3&gt;[39m

Ignored nodes: comments, script, style
[36m&lt;h3[39m
  [33mstyle[39m=[32m&quot;font-size: 20px; font-weight: bold; margin-bottom: 8px; color: rgb(31, 41, 55);&quot;[39m
[36m&gt;[39m
  [0mNetwork Connection Issue[0m
[36m&lt;/h3&gt;[39m

Ignored nodes: comments, script, style
[36m&lt;h3[39m
  [33mstyle[39m=[32m&quot;font-size: 20px; font-weight: bold; margin-bottom: 8px; color: rgb(31, 41, 55);&quot;[39m
[36m&gt;[39m
  [0mNetwork Connection Issue[0m
[36m&lt;/h3&gt;[39m

Ignored nodes: comments, script, style
[36m&lt;h3[39m
  [33mstyle[39m=[32m&quot;font-size: 20px; font-weight: bold; margin-bottom: 8px; color: rgb(31, 41, 55);&quot;[39m
[36m&gt;[39m
  [0mNetwork Connection Issue[0m
[36m&lt;/h3&gt;[39m

Ignored nodes: comments, script, style
[36m&lt;h3[39m
  [33mstyle[39m=[32m&quot;font-size: 20px; font-weight: bold; margin-bottom: 8px; color: rgb(31, 41, 55);&quot;[39m
[36m&gt;[39m
  [0mNetwork Connection Issue[0m
[36m&lt;/h3&gt;[39m

Ignored nodes: comments, script, style
[36m&lt;h3[39m
  [33mstyle[39m=[32m&quot;font-size: 20px; font-weight: bold; margin-bottom: 8px; color: rgb(31, 41, 55);&quot;[39m
[36m&gt;[39m
  [0mNetwork Connection Issue[0m
[36m&lt;/h3&gt;[39m

Ignored nodes: comments, script, style
[36m&lt;h3[39m
  [33mstyle[39m=[32m&quot;font-size: 20px; font-weight: bold; margin-bottom: 8px; color: white;&quot;[39m
[36m&gt;[39m
  [0mNetwork Connection Issue[0m
[36m&lt;/h3&gt;[39m

Ignored nodes: comments, script, style
[36m&lt;h3[39m
  [33mstyle[39m=[32m&quot;font-size: 20px; font-weight: bold; margin-bottom: 8px; color: rgb(31, 41, 55);&quot;[39m
[36m&gt;[39m
  [0mNetwork Connection Issue[0m
[36m&lt;/h3&gt;[39m

Ignored nodes: comments, script, style
[36m&lt;h3[39m
  [33mstyle[39m=[32m&quot;font-size: 20px; font-weight: bold; margin-bottom: 8px; color: rgb(31, 41, 55);&quot;[39m
[36m&gt;[39m
  [0mNetwork Connection Issue[0m
[36m&lt;/h3&gt;[39m

Ignored nodes: comments, script, style
[36m&lt;h3[39m
  [33mstyle[39m=[32m&quot;font-size: 20px; font-weight: bold; margin-bottom: 8px; color: rgb(31, 41, 55);&quot;[39m
[36m&gt;[39m
  [0mNetwork Connection Issue[0m
[36m&lt;/h3&gt;[39m

Ignored nodes: comments, script, style
[36m&lt;h3[39m
  [33mstyle[39m=[32m&quot;font-size: 20px; font-weight: bold; margin-bottom: 8px; color: rgb(31, 41, 55);&quot;[39m
[36m&gt;[39m
  [0mNetwork Connection Issue[0m
[36m&lt;/h3&gt;[39m

Ignored nodes: comments, script, style
[36m&lt;h3[39m
  [33mstyle[39m=[32m&quot;font-size: 20px; font-weight: bold; margin-bottom: 8px; color: rgb(31, 41, 55);&quot;[39m
[36m&gt;[39m
  [0mNetwork Connection Issue[0m
[36m&lt;/h3&gt;[39m

(If this is intentional, then use the `*AllBy*` variant of the query (like `queryAllByText`, `getAllByText`, or `findAllByText`)).

Ignored nodes: comments, script, style
[36m&lt;body&gt;[39m
  [36m&lt;div&gt;[39m
    [36m&lt;div[39m
      [33mdata-testid[39m=[32m&quot;test-content&quot;[39m
    [36m&gt;[39m
      [0mTest content[0m
    [36m&lt;/div&gt;[39m
  [36m&lt;/div&gt;[39m
  [36m&lt;div&gt;[39m
    [36m&lt;div[39m
      [33mstyle[39m=[32m&quot;min-height: 400px; background: rgb(245, 245, 245); display: flex; align-items: center; justify-content: center; padding: 32px; border-radius: 8px;&quot;[39m
    [36m&gt;[39m
      [36m&lt;div[39m
        [33mstyle[39m=[32m&quot;max-width: 600px; width: 100%; text-align: center; background: rgba(255, 255, 255, 0.9); border-radius: 16px; padding: 32px; border: 1px solid rgb(229, 231, 235); box-shadow: 0 4px 6px rgba(0, 0, 0, 0.1);&quot;[39m
      [36m&gt;[39m
        [36m&lt;svg[39m
          [33maria-hidden[39m=[32m&quot;true&quot;[39m
          [33mclass[39m=[32m&quot;lucide lucide-circle-alert&quot;[39m
          [33mfill[39m=[32m&quot;none&quot;[39m
          [33mheight[39m=[32m&quot;48&quot;[39m
          [33mstroke[39m=[32m&quot;currentColor&quot;[39m
          [33mstroke-linecap[39m=[32m&quot;round&quot;[39m
          [33mstroke-linejoin[39m=[32m&quot;round&quot;[39m
          [33mstroke-width[39m=[32m&quot;2&quot;[39m
          [33mstyle[39m=[32m&quot;color: rgb(239, 68, 68); margin-bottom: 16px;&quot;[39m
          [33mviewBox[39m=[32m&quot;0 0 24 24&quot;[39m
          [33mwidth[39m=[32m&quot;48&quot;[39m
          [33mxmlns[39m=[32m&quot;http://www.w3.org/2000/svg&quot;[39m
        [36m&gt;[39m
          [36m&lt;circle[39m
            [33mcx[39m=[32m&quot;12&quot;[39m
            [33mcy[39m=[32m&quot;12&quot;[39m
            [33mr[39m=[32m&quot;10&quot;[39m
          [36m/&gt;[39m
          [36m&lt;line[39m
            [33mx1[39m=[32m&quot;12&quot;[39m
            [33mx2[39m=[32m&quot;12&quot;[39m
            [33my1[39m=[32m&quot;8&quot;[39m
            [33my2[39m=[32m&quot;12&quot;[39m
          [36m/&gt;[39m
          [36m&lt;line[39m
            [33mx1[39m=[32m&quot;12&quot;[39m
            [33mx2[39m=[32m&quot;12.01&quot;[39m
            [33my1[39m=[32m&quot;16&quot;[39m
            [33my2[39m=[32m&quot;16&quot;[39m
          [36m/&gt;[39m
        [36m&lt;/svg&gt;[39m
        [36m&lt;h3[39m
          [33mstyle[39m=[32m&quot;font-size: 20px; font-weight: bold; margin-bottom: 8px; color: rgb(31, 41, 55);&quot;[39m
        [36m&gt;[39m
          [0mNetwork Connection Issue[0m
        [36m&lt;/h3&gt;[39m
        [36m&lt;p[39m
          [33mstyle[39m=[32m&quot;font-size: 14px; margin-bottom: 20px; color: rgb(107, 114, 128); line-height: 1.5;&quot;[39m
        [36m&gt;[39m
          [0mCheck your internet connection and try again. If the problem persists, contact your network administrator.[0m
        [36m&lt;/p&gt;[39m
        [36m&lt;details[39m
          [33mstyle[39m=[32m&quot;text-align: left; margin-bottom: 20px; background: rgba(0, 0, 0, 0.05); padding: 12px; border-radius: 6px; font-size: 12px;&quot;[39m
        [36m&gt;[39m
          [36m&lt;summary[39m
            [33mstyle[39m=[32m&quot;cursor: pointer; margin-bottom: 8px; color: rgb(107, 114, 128); font-size: 12px;&quot;[39m
          [36m&gt;[39m
            [36m&lt;svg[39m
              [33maria-hidden[39m=[32m&quot;true&quot;[39m
              [33mclass[39m=[32m&quot;lucide lucide-bug&quot;[39m
              [33mfill[39m=[32m&quot;none&quot;[39m
              [33mheight[39m=[32m&quot;14&quot;[39m
              [33mstroke[39m=[32m&quot;currentColor&quot;[39m
              [33mstroke-linecap[39m=[32m&quot;round&quot;[39m
              [33mstroke-linejoin[39m=[32m&quot;round&quot;[39m
              [33mstroke-width[39m=[32m&quot;2&quot;[39m
              [33mstyle[39m=[32m&quot;margin-right: 6px; vertical-align: middle;&quot;[39m
              [33mviewBox[39m=[32m&quot;0 0 24 24&quot;[39m
              [33mwidth[39m=[32m&quot;14&quot;[39m
              [33mxmlns[39m=[32m&quot;http://www.w3.org/2000/svg&quot;[39m
            [36m&gt;[39m
              [36m&lt;path[39m
                [33md[39m=[32m&quot;m8 2 1.88 1.88&quot;[39m
              [36m/&gt;[39m
              [36m&lt;path[39m
                [33md[39m=[32m&quot;M14.12 3.88 16 2&quot;[39m
              [36m/&gt;[39m
              [36m&lt;path[39m
                [33md[39m=[32m&quot;M9 7.13v-1a3.003 3.003 0 1 1 6 0v1&quot;[39m
              [36m/&gt;[39m
              [36m&lt;path[39m
                [33md[39m=[32m&quot;M12 20c-3.3 0-6-2.7-6-6v-3a4 4 0 0 1 4-4h4a4 4 0 0 1 4 4v3c0 3.3-2.7 6-6 6&quot;[39m
              [36m/&gt;[39m
              [36m&lt;path[39m
                [33md[39m=[32m&quot;M12 20v-9&quot;[39m
              [36m/&gt;[39m
              [36m&lt;path[39m
                [33md[39m=[32m&quot;M6.53 9C4.6 8.8 3 7.1 3 5&quot;[39m
              [36m/&gt;[39m
              [36m&lt;path[39m
                [33md[39m=[32m&quot;M6 13H2&quot;[39m
              [36m/&gt;[39m
              [36m&lt;path[39m
                [33md[39m=[32m&quot;M3 21c0-2.1 1.7-3.9 3.8-4&quot;[39m
              [36m/&gt;[39m
              [36m&lt;path[39m
                [33md[39m=[32m&quot;M20.97 5c0 2.1-1.6 3.8-3.5 4&quot;[39m
              [36m/&gt;[39m
              [36m&lt;path[39m
                [33md[39m=[32m&quot;M22 13h-4&quot;[39m
              [36m/&gt;[39m
              [36m&lt;path[39m
                [33md[39m=[32m&quot;M17.2 17c2.1.1 3.8 1.9 3.8 4&quot;[39m
              [36m/&gt;[39m
            [36m&lt;/svg&gt;[39m
            [0mError Details (Development Only)[0m
          [36m&lt;/summary&gt;[39m
          [36m&lt;div[39m
            [33mstyle[39m=[32m&quot;font-family: monospace; color: rgb(75, 85, 99); word-break: break-word;&quot;[39m
          [36m&gt;[39m
            [36m&lt;strong&gt;[39m
              [0mType:[0m
            [36m&lt;/strong&gt;[39m
            [0m [0m
            [0mNETWORK[0m
            [36m&lt;br /&gt;[39m
            [36m&lt;strong&gt;[39m
              [0mCode:[0m
            [36m&lt;/strong&gt;[39m
            [0m [0m
            [0mNETWORK_ERROR[0m
            [36m&lt;br /&gt;[39m
            [36m&lt;strong&gt;[39m
              [0mMessage:[0m
            [36m&lt;/strong&gt;[39m
            [0m [0m
            [0mTest error message[0m
            [36m&lt;br /&gt;[39m
            [36m&lt;strong&gt;[39m
              [0mStack:[0m
            [36m&lt;/strong&gt;[39m
            [36m&lt;pre[39m
              [33mstyle[39m=[32m&quot;white-space: pre-wrap; word-break: break-word; margin: 4px 0px 0px 0px; font-size: 10px;&quot;[39m
            [36m&gt;[39m
              [0mAppError: Test error message
    at ThrowErrorComponent (/home/ilya/projects/SimpleAdminReporter/frontend/src/components/query/__tests__/QueryPreviewErrorBoundary.test.tsx:59:19)
    at Object.react_stack_bottom_frame (/home/ilya/projects/SimpleAdminReporter/frontend/node_modules/react-dom/cjs/react-dom-client.development.js:23863:20)
    at renderWithHooks (/home/ilya/projects/SimpleAdminReporter/frontend/node_modules/react-dom/cjs/react-dom-client.development.js:5529:22)
    at updateFunctionComponent (/home/ilya/projects/SimpleAdminReporter/frontend/node_modules/react-dom/cjs/react-dom-client.development.js:8897:19)
    at beginWork (/home/ilya/projects/SimpleAdminReporter/frontend/node_modules/react-dom/cjs/react-dom-client.development.js:10522:18)
    at runWithFiberInDEV (/home/ilya/projects/SimpleAdminReporter/frontend/node_modules/react-dom/cjs/react-dom-client.development.js:1522:13..." type="TestingLibraryElementError">
TestingLibraryElementError: Found multiple elements with the text: Network Connection Issue

Here are the matching elements:

Ignored nodes: comments, script, style
&lt;h3
  style=&quot;font-size: 20px; font-weight: bold; margin-bottom: 8px; color: rgb(31, 41, 55);&quot;
&gt;
  Network Connection Issue
&lt;/h3&gt;

Ignored nodes: comments, script, style
&lt;h3
  style=&quot;font-size: 20px; font-weight: bold; margin-bottom: 8px; color: rgb(31, 41, 55);&quot;
&gt;
  Network Connection Issue
&lt;/h3&gt;

Ignored nodes: comments, script, style
&lt;h3
  style=&quot;font-size: 20px; font-weight: bold; margin-bottom: 8px; color: rgb(31, 41, 55);&quot;
&gt;
  Network Connection Issue
&lt;/h3&gt;

Ignored nodes: comments, script, style
&lt;h3
  style=&quot;font-size: 20px; font-weight: bold; margin-bottom: 8px; color: rgb(31, 41, 55);&quot;
&gt;
  Network Connection Issue
&lt;/h3&gt;

Ignored nodes: comments, script, style
&lt;h3
  style=&quot;font-size: 20px; font-weight: bold; margin-bottom: 8px; color: rgb(31, 41, 55);&quot;
&gt;
  Network Connection Issue
&lt;/h3&gt;

Ignored nodes: comments, script, style
&lt;h3
  style=&quot;font-size: 20px; font-weight: bold; margin-bottom: 8px; color: rgb(31, 41, 55);&quot;
&gt;
  Network Connection Issue
&lt;/h3&gt;

Ignored nodes: comments, script, style
&lt;h3
  style=&quot;font-size: 20px; font-weight: bold; margin-bottom: 8px; color: rgb(31, 41, 55);&quot;
&gt;
  Network Connection Issue
&lt;/h3&gt;

Ignored nodes: comments, script, style
&lt;h3
  style=&quot;font-size: 20px; font-weight: bold; margin-bottom: 8px; color: rgb(31, 41, 55);&quot;
&gt;
  Network Connection Issue
&lt;/h3&gt;

Ignored nodes: comments, script, style
&lt;h3
  style=&quot;font-size: 20px; font-weight: bold; margin-bottom: 8px; color: rgb(31, 41, 55);&quot;
&gt;
  Network Connection Issue
&lt;/h3&gt;

Ignored nodes: comments, script, style
&lt;h3
  style=&quot;font-size: 20px; font-weight: bold; margin-bottom: 8px; color: rgb(31, 41, 55);&quot;
&gt;
  Network Connection Issue
&lt;/h3&gt;

Ignored nodes: comments, script, style
&lt;h3
  style=&quot;font-size: 20px; font-weight: bold; margin-bottom: 8px; color: rgb(31, 41, 55);&quot;
&gt;
  Network Connection Issue
&lt;/h3&gt;

Ignored nodes: comments, script, style
&lt;h3
  style=&quot;font-size: 20px; font-weight: bold; margin-bottom: 8px; color: rgb(31, 41, 55);&quot;
&gt;
  Network Connection Issue
&lt;/h3&gt;

Ignored nodes: comments, script, style
&lt;h3
  style=&quot;font-size: 20px; font-weight: bold; margin-bottom: 8px; color: rgb(31, 41, 55);&quot;
&gt;
  Network Connection Issue
&lt;/h3&gt;

Ignored nodes: comments, script, style
&lt;h3
  style=&quot;font-size: 20px; font-weight: bold; margin-bottom: 8px; color: rgb(31, 41, 55);&quot;
&gt;
  Network Connection Issue
&lt;/h3&gt;

Ignored nodes: comments, script, style
&lt;h3
  style=&quot;font-size: 20px; font-weight: bold; margin-bottom: 8px; color: rgb(31, 41, 55);&quot;
&gt;
  Network Connection Issue
&lt;/h3&gt;

Ignored nodes: comments, script, style
&lt;h3
  style=&quot;font-size: 20px; font-weight: bold; margin-bottom: 8px; color: rgb(31, 41, 55);&quot;
&gt;
  Network Connection Issue
&lt;/h3&gt;

Ignored nodes: comments, script, style
&lt;h3
  style=&quot;font-size: 20px; font-weight: bold; margin-bottom: 8px; color: rgb(31, 41, 55);&quot;
&gt;
  Network Connection Issue
&lt;/h3&gt;

Ignored nodes: comments, script, style
&lt;h3
  style=&quot;font-size: 20px; font-weight: bold; margin-bottom: 8px; color: white;&quot;
&gt;
  Network Connection Issue
&lt;/h3&gt;

Ignored nodes: comments, script, style
&lt;h3
  style=&quot;font-size: 20px; font-weight: bold; margin-bottom: 8px; color: rgb(31, 41, 55);&quot;
&gt;
  Network Connection Issue
&lt;/h3&gt;

Ignored nodes: comments, script, style
&lt;h3
  style=&quot;font-size: 20px; font-weight: bold; margin-bottom: 8px; color: rgb(31, 41, 55);&quot;
&gt;
  Network Connection Issue
&lt;/h3&gt;

Ignored nodes: comments, script, style
&lt;h3
  style=&quot;font-size: 20px; font-weight: bold; margin-bottom: 8px; color: rgb(31, 41, 55);&quot;
&gt;
  Network Connection Issue
&lt;/h3&gt;

Ignored nodes: comments, script, style
&lt;h3
  style=&quot;font-size: 20px; font-weight: bold; margin-bottom: 8px; color: rgb(31, 41, 55);&quot;
&gt;
  Network Connection Issue
&lt;/h3&gt;

Ignored nodes: comments, script, style
&lt;h3
  style=&quot;font-size: 20px; font-weight: bold; margin-bottom: 8px; color: rgb(31, 41, 55);&quot;
&gt;
  Network Connection Issue
&lt;/h3&gt;

(If this is intentional, then use the `*AllBy*` variant of the query (like `queryAllByText`, `getAllByText`, or `findAllByText`)).

Ignored nodes: comments, script, style
&lt;body&gt;
  &lt;div&gt;
    &lt;div
      data-testid=&quot;test-content&quot;
    &gt;
      Test content
    &lt;/div&gt;
  &lt;/div&gt;
  &lt;div&gt;
    &lt;div
      style=&quot;min-height: 400px; background: rgb(245, 245, 245); display: flex; align-items: center; justify-content: center; padding: 32px; border-radius: 8px;&quot;
    &gt;
      &lt;div
        style=&quot;max-width: 600px; width: 100%; text-align: center; background: rgba(255, 255, 255, 0.9); border-radius: 16px; padding: 32px; border: 1px solid rgb(229, 231, 235); box-shadow: 0 4px 6px rgba(0, 0, 0, 0.1);&quot;
      &gt;
        &lt;svg
          aria-hidden=&quot;true&quot;
          class=&quot;lucide lucide-circle-alert&quot;
          fill=&quot;none&quot;
          height=&quot;48&quot;
          stroke=&quot;currentColor&quot;
          stroke-linecap=&quot;round&quot;
          stroke-linejoin=&quot;round&quot;
          stroke-width=&quot;2&quot;
          style=&quot;color: rgb(239, 68, 68); margin-bottom: 16px;&quot;
          viewBox=&quot;0 0 24 24&quot;
          width=&quot;48&quot;
          xmlns=&quot;http://www.w3.org/2000/svg&quot;
        &gt;
          &lt;circle
            cx=&quot;12&quot;
            cy=&quot;12&quot;
            r=&quot;10&quot;
          /&gt;
          &lt;line
            x1=&quot;12&quot;
            x2=&quot;12&quot;
            y1=&quot;8&quot;
            y2=&quot;12&quot;
          /&gt;
          &lt;line
            x1=&quot;12&quot;
            x2=&quot;12.01&quot;
            y1=&quot;16&quot;
            y2=&quot;16&quot;
          /&gt;
        &lt;/svg&gt;
        &lt;h3
          style=&quot;font-size: 20px; font-weight: bold; margin-bottom: 8px; color: rgb(31, 41, 55);&quot;
        &gt;
          Network Connection Issue
        &lt;/h3&gt;
        &lt;p
          style=&quot;font-size: 14px; margin-bottom: 20px; color: rgb(107, 114, 128); line-height: 1.5;&quot;
        &gt;
          Check your internet connection and try again. If the problem persists, contact your network administrator.
        &lt;/p&gt;
        &lt;details
          style=&quot;text-align: left; margin-bottom: 20px; background: rgba(0, 0, 0, 0.05); padding: 12px; border-radius: 6px; font-size: 12px;&quot;
        &gt;
          &lt;summary
            style=&quot;cursor: pointer; margin-bottom: 8px; color: rgb(107, 114, 128); font-size: 12px;&quot;
          &gt;
            &lt;svg
              aria-hidden=&quot;true&quot;
              class=&quot;lucide lucide-bug&quot;
              fill=&quot;none&quot;
              height=&quot;14&quot;
              stroke=&quot;currentColor&quot;
              stroke-linecap=&quot;round&quot;
              stroke-linejoin=&quot;round&quot;
              stroke-width=&quot;2&quot;
              style=&quot;margin-right: 6px; vertical-align: middle;&quot;
              viewBox=&quot;0 0 24 24&quot;
              width=&quot;14&quot;
              xmlns=&quot;http://www.w3.org/2000/svg&quot;
            &gt;
              &lt;path
                d=&quot;m8 2 1.88 1.88&quot;
              /&gt;
              &lt;path
                d=&quot;M14.12 3.88 16 2&quot;
              /&gt;
              &lt;path
                d=&quot;M9 7.13v-1a3.003 3.003 0 1 1 6 0v1&quot;
              /&gt;
              &lt;path
                d=&quot;M12 20c-3.3 0-6-2.7-6-6v-3a4 4 0 0 1 4-4h4a4 4 0 0 1 4 4v3c0 3.3-2.7 6-6 6&quot;
              /&gt;
              &lt;path
                d=&quot;M12 20v-9&quot;
              /&gt;
              &lt;path
                d=&quot;M6.53 9C4.6 8.8 3 7.1 3 5&quot;
              /&gt;
              &lt;path
                d=&quot;M6 13H2&quot;
              /&gt;
              &lt;path
                d=&quot;M3 21c0-2.1 1.7-3.9 3.8-4&quot;
              /&gt;
              &lt;path
                d=&quot;M20.97 5c0 2.1-1.6 3.8-3.5 4&quot;
              /&gt;
              &lt;path
                d=&quot;M22 13h-4&quot;
              /&gt;
              &lt;path
                d=&quot;M17.2 17c2.1.1 3.8 1.9 3.8 4&quot;
              /&gt;
            &lt;/svg&gt;
            Error Details (Development Only)
          &lt;/summary&gt;
          &lt;div
            style=&quot;font-family: monospace; color: rgb(75, 85, 99); word-break: break-word;&quot;
          &gt;
            &lt;strong&gt;
              Type:
            &lt;/strong&gt;
             
            NETWORK
            &lt;br /&gt;
            &lt;strong&gt;
              Code:
            &lt;/strong&gt;
             
            NETWORK_ERROR
            &lt;br /&gt;
            &lt;strong&gt;
              Message:
            &lt;/strong&gt;
             
            Test error message
            &lt;br /&gt;
            &lt;strong&gt;
              Stack:
            &lt;/strong&gt;
            &lt;pre
              style=&quot;white-space: pre-wrap; word-break: break-word; margin: 4px 0px 0px 0px; font-size: 10px;&quot;
            &gt;
              AppError: Test error message
    at ThrowErrorComponent (/home/ilya/projects/SimpleAdminReporter/frontend/src/components/query/__tests__/QueryPreviewErrorBoundary.test.tsx:59:19)
    at Object.react_stack_bottom_frame (/home/ilya/projects/SimpleAdminReporter/frontend/node_modules/react-dom/cjs/react-dom-client.development.js:23863:20)
    at renderWithHooks (/home/ilya/projects/SimpleAdminReporter/frontend/node_modules/react-dom/cjs/react-dom-client.development.js:5529:22)
    at updateFunctionComponent (/home/ilya/projects/SimpleAdminReporter/frontend/node_modules/react-dom/cjs/react-dom-client.development.js:8897:19)
    at beginWork (/home/ilya/projects/SimpleAdminReporter/frontend/node_modules/react-dom/cjs/react-dom-client.development.js:10522:18)
    at runWithFiberInDEV (/home/ilya/projects/SimpleAdminReporter/frontend/node_modules/react-dom/cjs/react-dom-client.development.js:1522:13...
 ❯ ThrowErrorComponent src/components/query/__tests__/QueryPreviewErrorBoundary.test.tsx:59:19
 ❯ Object.react_stack_bottom_frame node_modules/react-dom/cjs/react-dom-client.development.js:23863:20
 ❯ renderWithHooks node_modules/react-dom/cjs/react-dom-client.development.js:5529:22
 ❯ updateFunctionComponent node_modules/react-dom/cjs/react-dom-client.development.js:8897:19
 ❯ beginWork node_modules/react-dom/cjs/react-dom-client.development.js:10522:18
 ❯ Object.getElementError node_modules/@testing-library/dom/dist/config.js:37:19
 ❯ getElementError node_modules/@testing-library/dom/dist/query-helpers.js:20:35
 ❯ getMultipleElementsFoundError node_modules/@testing-library/dom/dist/query-helpers.js:23:10
 ❯ node_modules/@testing-library/dom/dist/query-helpers.js:55:13
 ❯ node_modules/@testing-library/dom/dist/query-helpers.js:95:19
 ❯ src/components/query/__tests__/QueryPreviewErrorBoundary.test.tsx:629:21
            </failure>
            <failure message="Cannot delete property &apos;gtag&apos; of #&lt;Object&gt;" type="TypeError">
TypeError: Cannot delete property &apos;gtag&apos; of #&lt;Object&gt;
 ❯ src/components/query/__tests__/QueryPreviewErrorBoundary.test.tsx:49:3
            </failure>
        </testcase>
        <testcase classname="src/components/query/__tests__/QueryPreviewErrorBoundary.test.tsx" name="QueryPreviewErrorBoundary &gt; Functional Component Wrapper &gt; withQueryPreviewErrorBoundary HOC works correctly" time="0.046960968">
            <failure message="Cannot delete property &apos;gtag&apos; of #&lt;Object&gt;" type="TypeError">
TypeError: Cannot delete property &apos;gtag&apos; of #&lt;Object&gt;
 ❯ src/components/query/__tests__/QueryPreviewErrorBoundary.test.tsx:49:3
            </failure>
        </testcase>
    </testsuite>
    <testsuite name="src/components/query/__tests__/VisualFilterBuilder.test.tsx" timestamp="2025-08-22T07:42:59.540Z" hostname="ifedotovNB" tests="5" failures="0" errors="0" skipped="0" time="1.890034166">
        <testcase classname="src/components/query/__tests__/VisualFilterBuilder.test.tsx" name="VisualFilterBuilder &gt; renders without crashing" time="0.448365535">
        </testcase>
        <testcase classname="src/components/query/__tests__/VisualFilterBuilder.test.tsx" name="VisualFilterBuilder &gt; displays &quot;No filters added&quot; message when no filters" time="0.10211312">
        </testcase>
        <testcase classname="src/components/query/__tests__/VisualFilterBuilder.test.tsx" name="VisualFilterBuilder &gt; adds a new filter when &quot;Add Filter&quot; button is clicked" time="0.509128602">
        </testcase>
        <testcase classname="src/components/query/__tests__/VisualFilterBuilder.test.tsx" name="VisualFilterBuilder &gt; adds another filter when &quot;Add Filter&quot; button is clicked multiple times" time="0.494783463">
        </testcase>
        <testcase classname="src/components/query/__tests__/VisualFilterBuilder.test.tsx" name="VisualFilterBuilder &gt; removes a filter when delete button is clicked" time="0.332935665">
        </testcase>
    </testsuite>
    <testsuite name="src/components/layout/__tests__/MainLayout.test.tsx" timestamp="2025-08-22T07:42:59.541Z" hostname="ifedotovNB" tests="37" failures="0" errors="0" skipped="0" time="3.651537172">
        <testcase classname="src/components/layout/__tests__/MainLayout.test.tsx" name="MainLayout &gt; rendering &gt; should render main layout with all components" time="0.195228573">
        </testcase>
        <testcase classname="src/components/layout/__tests__/MainLayout.test.tsx" name="MainLayout &gt; rendering &gt; should show user avatar with initials" time="0.046452583">
        </testcase>
        <testcase classname="src/components/layout/__tests__/MainLayout.test.tsx" name="MainLayout &gt; rendering &gt; should show notification badge when there are unread notifications" time="0.067822553">
        </testcase>
        <testcase classname="src/components/layout/__tests__/MainLayout.test.tsx" name="MainLayout &gt; rendering &gt; should not show notification badge when no unread notifications" time="0.050540227">
        </testcase>
        <testcase classname="src/components/layout/__tests__/MainLayout.test.tsx" name="MainLayout &gt; navigation &gt; should navigate to dashboard when clicking dashboard item" time="0.087221003">
        </testcase>
        <testcase classname="src/components/layout/__tests__/MainLayout.test.tsx" name="MainLayout &gt; navigation &gt; should navigate to report builder when clicking report builder item" time="0.131896124">
        </testcase>
        <testcase classname="src/components/layout/__tests__/MainLayout.test.tsx" name="MainLayout &gt; navigation &gt; should navigate to templates when clicking templates item" time="0.093417067">
        </testcase>
        <testcase classname="src/components/layout/__tests__/MainLayout.test.tsx" name="MainLayout &gt; navigation &gt; should navigate to quick report when clicking quick report button" time="0.098567655">
        </testcase>
        <testcase classname="src/components/layout/__tests__/MainLayout.test.tsx" name="MainLayout &gt; navigation &gt; should navigate to profile when clicking user avatar" time="0.09009322">
        </testcase>
        <testcase classname="src/components/layout/__tests__/MainLayout.test.tsx" name="MainLayout &gt; navigation &gt; should show active state for current page" time="0.083021606">
        </testcase>
        <testcase classname="src/components/layout/__tests__/MainLayout.test.tsx" name="MainLayout &gt; sidebar functionality &gt; should toggle sidebar when clicking toggle button" time="0.085724515">
        </testcase>
        <testcase classname="src/components/layout/__tests__/MainLayout.test.tsx" name="MainLayout &gt; sidebar functionality &gt; should have sidebar container element" time="0.056675266">
        </testcase>
        <testcase classname="src/components/layout/__tests__/MainLayout.test.tsx" name="MainLayout &gt; sidebar functionality &gt; should render navigation items" time="0.052683175">
        </testcase>
        <testcase classname="src/components/layout/__tests__/MainLayout.test.tsx" name="MainLayout &gt; search functionality &gt; should perform search when typing in search box" time="0.379341502">
        </testcase>
        <testcase classname="src/components/layout/__tests__/MainLayout.test.tsx" name="MainLayout &gt; search functionality &gt; should show search results when search is performed" time="0.184472088">
        </testcase>
        <testcase classname="src/components/layout/__tests__/MainLayout.test.tsx" name="MainLayout &gt; search functionality &gt; should navigate when clicking search result" time="0.185363879">
        </testcase>
        <testcase classname="src/components/layout/__tests__/MainLayout.test.tsx" name="MainLayout &gt; search functionality &gt; should clear search results when clicking outside" time="0.16994325">
        </testcase>
        <testcase classname="src/components/layout/__tests__/MainLayout.test.tsx" name="MainLayout &gt; search functionality &gt; should show &quot;No results found&quot; when search returns empty" time="0.271837631">
        </testcase>
        <testcase classname="src/components/layout/__tests__/MainLayout.test.tsx" name="MainLayout &gt; search functionality &gt; should call search service when typing" time="0.146452924">
        </testcase>
        <testcase classname="src/components/layout/__tests__/MainLayout.test.tsx" name="MainLayout &gt; search functionality &gt; should handle search errors gracefully" time="0.133895759">
        </testcase>
        <testcase classname="src/components/layout/__tests__/MainLayout.test.tsx" name="MainLayout &gt; theme functionality &gt; should toggle dark mode when clicking theme button" time="0.066966213">
        </testcase>
        <testcase classname="src/components/layout/__tests__/MainLayout.test.tsx" name="MainLayout &gt; theme functionality &gt; should show correct theme icon for light mode" time="0.039828456">
        </testcase>
        <testcase classname="src/components/layout/__tests__/MainLayout.test.tsx" name="MainLayout &gt; theme functionality &gt; should show theme toggle button" time="0.023048086">
        </testcase>
        <testcase classname="src/components/layout/__tests__/MainLayout.test.tsx" name="MainLayout &gt; theme functionality &gt; should apply light theme class by default" time="0.039094791">
        </testcase>
        <testcase classname="src/components/layout/__tests__/MainLayout.test.tsx" name="MainLayout &gt; theme functionality &gt; should apply light theme class when dark mode is disabled" time="0.041466036">
        </testcase>
        <testcase classname="src/components/layout/__tests__/MainLayout.test.tsx" name="MainLayout &gt; notifications &gt; should toggle notification dropdown when clicking bell icon" time="0.110375487">
        </testcase>
        <testcase classname="src/components/layout/__tests__/MainLayout.test.tsx" name="MainLayout &gt; notifications &gt; should show notification count badge" time="0.061195766">
        </testcase>
        <testcase classname="src/components/layout/__tests__/MainLayout.test.tsx" name="MainLayout &gt; notifications &gt; should show 99+ for counts over 99" time="0.052667399">
        </testcase>
        <testcase classname="src/components/layout/__tests__/MainLayout.test.tsx" name="MainLayout &gt; logout functionality &gt; should logout when clicking logout section" time="0.072027995">
        </testcase>
        <testcase classname="src/components/layout/__tests__/MainLayout.test.tsx" name="MainLayout &gt; initialization &gt; should initialize UI on mount" time="0.044352515">
        </testcase>
        <testcase classname="src/components/layout/__tests__/MainLayout.test.tsx" name="MainLayout &gt; responsive behavior &gt; should handle different viewport sizes" time="0.046513874">
        </testcase>
        <testcase classname="src/components/layout/__tests__/MainLayout.test.tsx" name="MainLayout &gt; accessibility &gt; should have proper ARIA labels and roles" time="0.068709954">
        </testcase>
        <testcase classname="src/components/layout/__tests__/MainLayout.test.tsx" name="MainLayout &gt; accessibility &gt; should support keyboard navigation" time="0.086328638">
        </testcase>
        <testcase classname="src/components/layout/__tests__/MainLayout.test.tsx" name="MainLayout &gt; error handling &gt; should handle missing user data gracefully" time="0.079313502">
        </testcase>
        <testcase classname="src/components/layout/__tests__/MainLayout.test.tsx" name="MainLayout &gt; error handling &gt; should handle empty notification stats" time="0.065820869">
        </testcase>
        <testcase classname="src/components/layout/__tests__/MainLayout.test.tsx" name="MainLayout &gt; filter functionality &gt; should toggle filter panel when clicking filter button" time="0.0715342">
        </testcase>
        <testcase classname="src/components/layout/__tests__/MainLayout.test.tsx" name="MainLayout &gt; route-based active states &gt; should show correct active state for different routes" time="0.063301299">
        </testcase>
    </testsuite>
    <testsuite name="src/components/reports/__tests__/ReportViewer.enhanced.test.tsx" timestamp="2025-08-22T07:42:59.548Z" hostname="ifedotovNB" tests="40" failures="6" errors="0" skipped="0" time="92.263789644">
        <testcase classname="src/components/reports/__tests__/ReportViewer.enhanced.test.tsx" name="ReportViewer Enhanced Error Handling &gt; Error State Rendering &gt; displays error alert when error prop is provided" time="0.346403773">
        </testcase>
        <testcase classname="src/components/reports/__tests__/ReportViewer.enhanced.test.tsx" name="ReportViewer Enhanced Error Handling &gt; Error State Rendering &gt; shows error icon based on error type" time="0.23271832">
        </testcase>
        <testcase classname="src/components/reports/__tests__/ReportViewer.enhanced.test.tsx" name="ReportViewer Enhanced Error Handling &gt; Error State Rendering &gt; displays retry count when retries have been attempted" time="0.070574352">
        </testcase>
        <testcase classname="src/components/reports/__tests__/ReportViewer.enhanced.test.tsx" name="ReportViewer Enhanced Error Handling &gt; Error State Rendering &gt; shows recovery guidance when available" time="0.210886414">
        </testcase>
        <testcase classname="src/components/reports/__tests__/ReportViewer.enhanced.test.tsx" name="ReportViewer Enhanced Error Handling &gt; Error State Rendering &gt; displays quick fixes for recoverable errors" time="0.152592749">
        </testcase>
        <testcase classname="src/components/reports/__tests__/ReportViewer.enhanced.test.tsx" name="ReportViewer Enhanced Error Handling &gt; Recovery Actions &gt; shows retry button for retryable errors" time="0.219427457">
        </testcase>
        <testcase classname="src/components/reports/__tests__/ReportViewer.enhanced.test.tsx" name="ReportViewer Enhanced Error Handling &gt; Recovery Actions &gt; calls onRetry when retry button is clicked" time="30.013934934">
            <failure message="Test timed out in 30000ms.
If this is a long-running test, pass a timeout value as the last argument or configure it globally with &quot;testTimeout&quot;." type="Error">
Error: Test timed out in 30000ms.
If this is a long-running test, pass a timeout value as the last argument or configure it globally with &quot;testTimeout&quot;.
 ❯ src/components/reports/__tests__/ReportViewer.enhanced.test.tsx:248:5
            </failure>
        </testcase>
        <testcase classname="src/components/reports/__tests__/ReportViewer.enhanced.test.tsx" name="ReportViewer Enhanced Error Handling &gt; Recovery Actions &gt; shows loading state during retry operation" time="30.012354312">
            <failure message="Test timed out in 30000ms.
If this is a long-running test, pass a timeout value as the last argument or configure it globally with &quot;testTimeout&quot;." type="Error">
Error: Test timed out in 30000ms.
If this is a long-running test, pass a timeout value as the last argument or configure it globally with &quot;testTimeout&quot;.
 ❯ src/components/reports/__tests__/ReportViewer.enhanced.test.tsx:275:5
            </failure>
        </testcase>
        <testcase classname="src/components/reports/__tests__/ReportViewer.enhanced.test.tsx" name="ReportViewer Enhanced Error Handling &gt; Recovery Actions &gt; disables retry when max retries reached" time="0.047040693">
        </testcase>
        <testcase classname="src/components/reports/__tests__/ReportViewer.enhanced.test.tsx" name="ReportViewer Enhanced Error Handling &gt; Recovery Actions &gt; shows go back button when onGoBack is provided" time="0.02341462">
        </testcase>
        <testcase classname="src/components/reports/__tests__/ReportViewer.enhanced.test.tsx" name="ReportViewer Enhanced Error Handling &gt; Recovery Actions &gt; calls onGoBack when go back button is clicked" time="0.021408272">
        </testcase>
        <testcase classname="src/components/reports/__tests__/ReportViewer.enhanced.test.tsx" name="ReportViewer Enhanced Error Handling &gt; Recovery Actions &gt; hides recovery actions when enableRecovery is false" time="0.032829898">
        </testcase>
        <testcase classname="src/components/reports/__tests__/ReportViewer.enhanced.test.tsx" name="ReportViewer Enhanced Error Handling &gt; Error Type-Specific Guidance &gt; provides appropriate suggestions for TIMEOUT errors" time="0.049959316">
        </testcase>
        <testcase classname="src/components/reports/__tests__/ReportViewer.enhanced.test.tsx" name="ReportViewer Enhanced Error Handling &gt; Error Type-Specific Guidance &gt; provides appropriate suggestions for NETWORK errors" time="0.036142774">
        </testcase>
        <testcase classname="src/components/reports/__tests__/ReportViewer.enhanced.test.tsx" name="ReportViewer Enhanced Error Handling &gt; Error Type-Specific Guidance &gt; provides appropriate suggestions for VALIDATION errors" time="0.03392261">
        </testcase>
        <testcase classname="src/components/reports/__tests__/ReportViewer.enhanced.test.tsx" name="ReportViewer Enhanced Error Handling &gt; Error Type-Specific Guidance &gt; provides appropriate suggestions for AUTHORIZATION errors" time="0.029555738">
        </testcase>
        <testcase classname="src/components/reports/__tests__/ReportViewer.enhanced.test.tsx" name="ReportViewer Enhanced Error Handling &gt; Error Type-Specific Guidance &gt; provides appropriate suggestions for RATE_LIMIT errors" time="0.031019121">
        </testcase>
        <testcase classname="src/components/reports/__tests__/ReportViewer.enhanced.test.tsx" name="ReportViewer Enhanced Error Handling &gt; Debug Information Display &gt; renders debug information collapse in preview mode" time="0.035953339">
        </testcase>
        <testcase classname="src/components/reports/__tests__/ReportViewer.enhanced.test.tsx" name="ReportViewer Enhanced Error Handling &gt; Debug Information Display &gt; does not render debug information in full mode" time="0.019981915">
        </testcase>
        <testcase classname="src/components/reports/__tests__/ReportViewer.enhanced.test.tsx" name="ReportViewer Enhanced Error Handling &gt; Debug Information Display &gt; displays LDAP filter information" time="0.095650089">
        </testcase>
        <testcase classname="src/components/reports/__tests__/ReportViewer.enhanced.test.tsx" name="ReportViewer Enhanced Error Handling &gt; Debug Information Display &gt; shows active filters details" time="0.055131572">
        </testcase>
        <testcase classname="src/components/reports/__tests__/ReportViewer.enhanced.test.tsx" name="ReportViewer Enhanced Error Handling &gt; Debug Information Display &gt; displays selected attributes" time="0.051805897">
        </testcase>
        <testcase classname="src/components/reports/__tests__/ReportViewer.enhanced.test.tsx" name="ReportViewer Enhanced Error Handling &gt; Debug Information Display &gt; shows error details with recovery suggestions in debug info" time="0.084617736">
            <failure message="Found multiple elements with the text: /Reduce the scope of your query/

Here are the matching elements:

Ignored nodes: comments, script, style
[36m&lt;div[39m
  [33mstyle[39m=[32m&quot;margin-bottom: 12px; padding: 8px; background: rgba(59, 130, 246, 0.05); border-radius: 4px; font-size: 12px; font-style: italic;&quot;[39m
[36m&gt;[39m
  [0m💡 [0m
  [0mReduce the scope of your query[0m
[36m&lt;/div&gt;[39m

Ignored nodes: comments, script, style
[36m&lt;div[39m
  [33mstyle[39m=[32m&quot;margin-top: 4px; padding: 8px; background: rgba(59, 130, 246, 0.05); border-radius: 4px; font-size: 12px;&quot;[39m
[36m&gt;[39m
  [0mReduce the scope of your query[0m
[36m&lt;/div&gt;[39m

(If this is intentional, then use the `*AllBy*` variant of the query (like `queryAllByText`, `getAllByText`, or `findAllByText`)).

Ignored nodes: comments, script, style
[36m&lt;body&gt;[39m
  [36m&lt;div&gt;[39m
    [36m&lt;div&gt;[39m
      [36m&lt;div[39m
        [33mclass[39m=[32m&quot;ant-alert ant-alert-error ant-alert-with-description ant-alert-no-icon css-dev-only-do-not-override-l9pxc0&quot;[39m
        [33mdata-show[39m=[32m&quot;true&quot;[39m
        [33mrole[39m=[32m&quot;alert&quot;[39m
        [33mstyle[39m=[32m&quot;margin-bottom: 16px;&quot;[39m
      [36m&gt;[39m
        [36m&lt;div[39m
          [33mclass[39m=[32m&quot;ant-alert-content&quot;[39m
        [36m&gt;[39m
          [36m&lt;div[39m
            [33mclass[39m=[32m&quot;ant-alert-message&quot;[39m
          [36m&gt;[39m
            [36m&lt;div[39m
              [33mclass[39m=[32m&quot;ant-space css-dev-only-do-not-override-l9pxc0 ant-space-horizontal ant-space-align-center ant-space-gap-row-small ant-space-gap-col-small&quot;[39m
            [36m&gt;[39m
              [36m&lt;div[39m
                [33mclass[39m=[32m&quot;ant-space-item&quot;[39m
              [36m&gt;[39m
                [36m&lt;span[39m
                  [33maria-label[39m=[32m&quot;exclamation-circle&quot;[39m
                  [33mclass[39m=[32m&quot;anticon anticon-exclamation-circle&quot;[39m
                  [33mrole[39m=[32m&quot;img&quot;[39m
                  [33mstyle[39m=[32m&quot;color: rgb(255, 77, 79);&quot;[39m
                [36m&gt;[39m
                  [36m&lt;svg[39m
                    [33maria-hidden[39m=[32m&quot;true&quot;[39m
                    [33mdata-icon[39m=[32m&quot;exclamation-circle&quot;[39m
                    [33mfill[39m=[32m&quot;currentColor&quot;[39m
                    [33mfocusable[39m=[32m&quot;false&quot;[39m
                    [33mheight[39m=[32m&quot;1em&quot;[39m
                    [33mviewBox[39m=[32m&quot;64 64 896 896&quot;[39m
                    [33mwidth[39m=[32m&quot;1em&quot;[39m
                  [36m&gt;[39m
                    [36m&lt;path[39m
                      [33md[39m=[32m&quot;M512 64C264.6 64 64 264.6 64 512s200.6 448 448 448 448-200.6 448-448S759.4 64 512 64zm0 820c-205.4 0-372-166.6-372-372s166.6-372 372-372 372 166.6 372 372-166.6 372-372 372z&quot;[39m
                    [36m/&gt;[39m
                    [36m&lt;path[39m
                      [33md[39m=[32m&quot;M464 688a48 48 0 1096 0 48 48 0 10-96 0zm24-112h48c4.4 0 8-3.6 8-8V296c0-4.4-3.6-8-8-8h-48c-4.4 0-8 3.6-8 8v272c0 4.4 3.6 8 8 8z&quot;[39m
                    [36m/&gt;[39m
                  [36m&lt;/svg&gt;[39m
                [36m&lt;/span&gt;[39m
              [36m&lt;/div&gt;[39m
              [36m&lt;div[39m
                [33mclass[39m=[32m&quot;ant-space-item&quot;[39m
              [36m&gt;[39m
                [36m&lt;span&gt;[39m
                  [0mError Loading Report[0m
                [36m&lt;/span&gt;[39m
              [36m&lt;/div&gt;[39m
              [36m&lt;div[39m
                [33mclass[39m=[32m&quot;ant-space-item&quot;[39m
              [36m&gt;[39m
                [36m&lt;span[39m
                  [33mclass[39m=[32m&quot;ant-tag ant-tag-orange css-dev-only-do-not-override-l9pxc0&quot;[39m
                [36m&gt;[39m
                  [0mAttempt [0m
                  [0m1[0m
                  [0m/[0m
                  [0m3[0m
                [36m&lt;/span&gt;[39m
              [36m&lt;/div&gt;[39m
            [36m&lt;/div&gt;[39m
          [36m&lt;/div&gt;[39m
          [36m&lt;div[39m
            [33mclass[39m=[32m&quot;ant-alert-description&quot;[39m
          [36m&gt;[39m
            [36m&lt;div&gt;[39m
              [36m&lt;div[39m
                [33mstyle[39m=[32m&quot;margin-bottom: 0px;&quot;[39m
              [36m&gt;[39m
                [0mTimeout error[0m
              [36m&lt;/div&gt;[39m
              [36m&lt;div[39m
                [33mstyle[39m=[32m&quot;margin-bottom: 12px; padding: 8px; background: rgba(59, 130, 246, 0.05); border-radius: 4px; font-size: 12px; font-style: italic;&quot;[39m
              [36m&gt;[39m
                [0m💡 [0m
                [0mReduce the scope of your query[0m
              [36m&lt;/div&gt;[39m
              [36m&lt;div[39m
                [33mstyle[39m=[32m&quot;margin-bottom: 12px;&quot;[39m
              [36m&gt;[39m
                [36m&lt;span[39m
                  [33mclass[39m=[32m&quot;ant-typography css-dev-only-do-not-override-l9pxc0&quot;[39m
                  [33mstyle[39m=[32m&quot;font-size: 12px;&quot;[39m
                [36m&gt;[39m
                  [36m&lt;strong&gt;[39m
                    [0mQuick fixes:[0m
                  [36m&lt;/strong&gt;[39m
                [36m&lt;/span&gt;[39m
                [36m&lt;ul[39m
                  [33mstyle[39m=[32m&quot;margin-top: 4px; margin-bottom: 0px; padding-left: 16px; font-size: 12px;&quot;[39m
                [36m&gt;[39m
                  [36m&lt;li[39m
                    [33mstyle[39m=[32m&quot;margin-bottom: 2px;&quot;[39m
                  [36m&gt;[39m
                    [0mTry selecting fewer fields[0m
                  [36m&lt;/li&gt;[39m
                  [36m&lt;li[39m
                    [33mstyle[39m=[32m&quot;margin-bottom: 2px;&quot;[39m
                  [36m&gt;[39m
                    [0mAdd more specific filters to limit results[0m
                  [36m&lt;/li&gt;[39m
                  [36m&lt;li[39m
                    [33mstyle[39m=[32m&quot;margin-bottom: 2px;&quot;[39m
                  [36m&gt;[39m
                    [0mReduce the date range if applicable[0m
                  [36m&lt;/li&gt;[39m
                [36m&lt;/ul&gt;[39m
              [36m&lt;/div&gt;[39m
            [36m&lt;/div&gt;[39m
          [36m&lt;/div&gt;[39m
        [36m&lt;/div&gt;[39m
      [36m&lt;/div&gt;[39m
      [36m&lt;div[39m
        [33mclass[39m=[32m&quot;ant-collapse ant-collapse-icon-position-start css-dev-only-do-not-override-l9pxc0&quot;[39m
        [33mstyle[39m=[32m&quot;margin-bottom: 16px;&quot;[39m
      [36m&gt;[39m
        [36m&lt;div[39m
          [33mclass[39m=[32m&quot;ant-collapse-item ant-collapse-item-active&quot;[39m
        [36m&gt;[39m
          [36m&lt;div[39m
            [33maria-disabled[39m=[32m&quot;false&quot;[39m
            [33maria-expanded[39m=[32m&quot;true&quot;[39m
            [33mclass[39m=[32m&quot;ant-collapse-header&quot;[39m
            [33mrole[39m=[32m&quot;button&quot;[39m
            [33mtabindex[39m=[32m&quot;0&quot;[39m
          [36m&gt;[39m
            [36m&lt;div[39m
              [33mclass[39m=[32m&quot;ant-collapse-expand-icon&quot;[39m
            [36m&gt;[39m
              [36m&lt;span[39m
                [33maria-label[39m=[32m&quot;expanded&quot;[39m
                [33mclass[39m=[32m&quot;anticon anticon-right ant-collapse-arrow&quot;[39m
                [33mrole[39m=[32m&quot;img&quot;[39m
              [36m&gt;[39m
                [36m&lt;svg[39m
                  [33maria-hidden[39m=[32m&quot;true&quot;[39m
                  [33mdata-icon[39m=[32m&quot;right&quot;[39m
                  [33mfill[39m=[32m&quot;currentColor&quot;[39m
                  [33mfocusable[39m=[32m&quot;false&quot;[39m
                  [33mheight[39m=[32m&quot;1em&quot;[39m
                  [33mstyle[39m=[32m&quot;transform: rotate(90deg);&quot;[39m
                  [33mviewBox[39m=[32m&quot;64 64 896 896&quot;[39m
                  [33mwidth[39m=[32m&quot;1em&quot;[39m
                [36m&gt;[39m
                  [36m&lt;path[39m
                    [33md[39m=[32m&quot;M765.7 486.8L314.9 134.7A7.97 7.97 0 00302 141v77.3c0 4.9 2.3 9...." type="TestingLibraryElementError">
TestingLibraryElementError: Found multiple elements with the text: /Reduce the scope of your query/

Here are the matching elements:

Ignored nodes: comments, script, style
&lt;div
  style=&quot;margin-bottom: 12px; padding: 8px; background: rgba(59, 130, 246, 0.05); border-radius: 4px; font-size: 12px; font-style: italic;&quot;
&gt;
  💡 
  Reduce the scope of your query
&lt;/div&gt;

Ignored nodes: comments, script, style
&lt;div
  style=&quot;margin-top: 4px; padding: 8px; background: rgba(59, 130, 246, 0.05); border-radius: 4px; font-size: 12px;&quot;
&gt;
  Reduce the scope of your query
&lt;/div&gt;

(If this is intentional, then use the `*AllBy*` variant of the query (like `queryAllByText`, `getAllByText`, or `findAllByText`)).

Ignored nodes: comments, script, style
&lt;body&gt;
  &lt;div&gt;
    &lt;div&gt;
      &lt;div
        class=&quot;ant-alert ant-alert-error ant-alert-with-description ant-alert-no-icon css-dev-only-do-not-override-l9pxc0&quot;
        data-show=&quot;true&quot;
        role=&quot;alert&quot;
        style=&quot;margin-bottom: 16px;&quot;
      &gt;
        &lt;div
          class=&quot;ant-alert-content&quot;
        &gt;
          &lt;div
            class=&quot;ant-alert-message&quot;
          &gt;
            &lt;div
              class=&quot;ant-space css-dev-only-do-not-override-l9pxc0 ant-space-horizontal ant-space-align-center ant-space-gap-row-small ant-space-gap-col-small&quot;
            &gt;
              &lt;div
                class=&quot;ant-space-item&quot;
              &gt;
                &lt;span
                  aria-label=&quot;exclamation-circle&quot;
                  class=&quot;anticon anticon-exclamation-circle&quot;
                  role=&quot;img&quot;
                  style=&quot;color: rgb(255, 77, 79);&quot;
                &gt;
                  &lt;svg
                    aria-hidden=&quot;true&quot;
                    data-icon=&quot;exclamation-circle&quot;
                    fill=&quot;currentColor&quot;
                    focusable=&quot;false&quot;
                    height=&quot;1em&quot;
                    viewBox=&quot;64 64 896 896&quot;
                    width=&quot;1em&quot;
                  &gt;
                    &lt;path
                      d=&quot;M512 64C264.6 64 64 264.6 64 512s200.6 448 448 448 448-200.6 448-448S759.4 64 512 64zm0 820c-205.4 0-372-166.6-372-372s166.6-372 372-372 372 166.6 372 372-166.6 372-372 372z&quot;
                    /&gt;
                    &lt;path
                      d=&quot;M464 688a48 48 0 1096 0 48 48 0 10-96 0zm24-112h48c4.4 0 8-3.6 8-8V296c0-4.4-3.6-8-8-8h-48c-4.4 0-8 3.6-8 8v272c0 4.4 3.6 8 8 8z&quot;
                    /&gt;
                  &lt;/svg&gt;
                &lt;/span&gt;
              &lt;/div&gt;
              &lt;div
                class=&quot;ant-space-item&quot;
              &gt;
                &lt;span&gt;
                  Error Loading Report
                &lt;/span&gt;
              &lt;/div&gt;
              &lt;div
                class=&quot;ant-space-item&quot;
              &gt;
                &lt;span
                  class=&quot;ant-tag ant-tag-orange css-dev-only-do-not-override-l9pxc0&quot;
                &gt;
                  Attempt 
                  1
                  /
                  3
                &lt;/span&gt;
              &lt;/div&gt;
            &lt;/div&gt;
          &lt;/div&gt;
          &lt;div
            class=&quot;ant-alert-description&quot;
          &gt;
            &lt;div&gt;
              &lt;div
                style=&quot;margin-bottom: 0px;&quot;
              &gt;
                Timeout error
              &lt;/div&gt;
              &lt;div
                style=&quot;margin-bottom: 12px; padding: 8px; background: rgba(59, 130, 246, 0.05); border-radius: 4px; font-size: 12px; font-style: italic;&quot;
              &gt;
                💡 
                Reduce the scope of your query
              &lt;/div&gt;
              &lt;div
                style=&quot;margin-bottom: 12px;&quot;
              &gt;
                &lt;span
                  class=&quot;ant-typography css-dev-only-do-not-override-l9pxc0&quot;
                  style=&quot;font-size: 12px;&quot;
                &gt;
                  &lt;strong&gt;
                    Quick fixes:
                  &lt;/strong&gt;
                &lt;/span&gt;
                &lt;ul
                  style=&quot;margin-top: 4px; margin-bottom: 0px; padding-left: 16px; font-size: 12px;&quot;
                &gt;
                  &lt;li
                    style=&quot;margin-bottom: 2px;&quot;
                  &gt;
                    Try selecting fewer fields
                  &lt;/li&gt;
                  &lt;li
                    style=&quot;margin-bottom: 2px;&quot;
                  &gt;
                    Add more specific filters to limit results
                  &lt;/li&gt;
                  &lt;li
                    style=&quot;margin-bottom: 2px;&quot;
                  &gt;
                    Reduce the date range if applicable
                  &lt;/li&gt;
                &lt;/ul&gt;
              &lt;/div&gt;
            &lt;/div&gt;
          &lt;/div&gt;
        &lt;/div&gt;
      &lt;/div&gt;
      &lt;div
        class=&quot;ant-collapse ant-collapse-icon-position-start css-dev-only-do-not-override-l9pxc0&quot;
        style=&quot;margin-bottom: 16px;&quot;
      &gt;
        &lt;div
          class=&quot;ant-collapse-item ant-collapse-item-active&quot;
        &gt;
          &lt;div
            aria-disabled=&quot;false&quot;
            aria-expanded=&quot;true&quot;
            class=&quot;ant-collapse-header&quot;
            role=&quot;button&quot;
            tabindex=&quot;0&quot;
          &gt;
            &lt;div
              class=&quot;ant-collapse-expand-icon&quot;
            &gt;
              &lt;span
                aria-label=&quot;expanded&quot;
                class=&quot;anticon anticon-right ant-collapse-arrow&quot;
                role=&quot;img&quot;
              &gt;
                &lt;svg
                  aria-hidden=&quot;true&quot;
                  data-icon=&quot;right&quot;
                  fill=&quot;currentColor&quot;
                  focusable=&quot;false&quot;
                  height=&quot;1em&quot;
                  style=&quot;transform: rotate(90deg);&quot;
                  viewBox=&quot;64 64 896 896&quot;
                  width=&quot;1em&quot;
                &gt;
                  &lt;path
                    d=&quot;M765.7 486.8L314.9 134.7A7.97 7.97 0 00302 141v77.3c0 4.9 2.3 9....
 ❯ Object.getElementError node_modules/@testing-library/dom/dist/config.js:37:19
 ❯ getElementError node_modules/@testing-library/dom/dist/query-helpers.js:20:35
 ❯ getMultipleElementsFoundError node_modules/@testing-library/dom/dist/query-helpers.js:23:10
 ❯ node_modules/@testing-library/dom/dist/query-helpers.js:55:13
 ❯ node_modules/@testing-library/dom/dist/query-helpers.js:95:19
 ❯ src/components/reports/__tests__/ReportViewer.enhanced.test.tsx:535:21
            </failure>
        </testcase>
        <testcase classname="src/components/reports/__tests__/ReportViewer.enhanced.test.tsx" name="ReportViewer Enhanced Error Handling &gt; Debug Information Display &gt; provides copy debug info functionality" time="0.052844269">
        </testcase>
        <testcase classname="src/components/reports/__tests__/ReportViewer.enhanced.test.tsx" name="ReportViewer Enhanced Error Handling &gt; Data Display and Table Integration &gt; renders data table with correct props in preview mode" time="0.011766">
        </testcase>
        <testcase classname="src/components/reports/__tests__/ReportViewer.enhanced.test.tsx" name="ReportViewer Enhanced Error Handling &gt; Data Display and Table Integration &gt; enables filters and export in full mode" time="0.014751393">
        </testcase>
        <testcase classname="src/components/reports/__tests__/ReportViewer.enhanced.test.tsx" name="ReportViewer Enhanced Error Handling &gt; Data Display and Table Integration &gt; shows loading state in data table" time="0.0256075">
            <failure message="Unable to find an element by: [data-testid=&quot;table-loading&quot;]

Ignored nodes: comments, script, style
[36m&lt;body&gt;[39m
  [36m&lt;div&gt;[39m
    [36m&lt;div&gt;[39m
      [36m&lt;div[39m
        [33mclass[39m=[32m&quot;ant-card ant-card-loading ant-card-bordered ant-card-small css-dev-only-do-not-override-l9pxc0&quot;[39m
      [36m&gt;[39m
        [36m&lt;div[39m
          [33mclass[39m=[32m&quot;ant-card-head&quot;[39m
        [36m&gt;[39m
          [36m&lt;div[39m
            [33mclass[39m=[32m&quot;ant-card-head-wrapper&quot;[39m
          [36m&gt;[39m
            [36m&lt;div[39m
              [33mclass[39m=[32m&quot;ant-card-head-title&quot;[39m
            [36m&gt;[39m
              [36m&lt;div[39m
                [33mclass[39m=[32m&quot;ant-space css-dev-only-do-not-override-l9pxc0 ant-space-horizontal ant-space-align-center ant-space-gap-row-small ant-space-gap-col-small&quot;[39m
              [36m&gt;[39m
                [36m&lt;div[39m
                  [33mclass[39m=[32m&quot;ant-space-item&quot;[39m
                [36m&gt;[39m
                  [36m&lt;span[39m
                    [33maria-label[39m=[32m&quot;eye&quot;[39m
                    [33mclass[39m=[32m&quot;anticon anticon-eye&quot;[39m
                    [33mrole[39m=[32m&quot;img&quot;[39m
                  [36m&gt;[39m
                    [36m&lt;svg[39m
                      [33maria-hidden[39m=[32m&quot;true&quot;[39m
                      [33mdata-icon[39m=[32m&quot;eye&quot;[39m
                      [33mfill[39m=[32m&quot;currentColor&quot;[39m
                      [33mfocusable[39m=[32m&quot;false&quot;[39m
                      [33mheight[39m=[32m&quot;1em&quot;[39m
                      [33mviewBox[39m=[32m&quot;64 64 896 896&quot;[39m
                      [33mwidth[39m=[32m&quot;1em&quot;[39m
                    [36m&gt;[39m
                      [36m&lt;path[39m
                        [33md[39m=[32m&quot;M942.2 486.2C847.4 286.5 704.1 186 512 186c-192.2 0-335.4 100.5-430.2 300.3a60.3 60.3 0 000 51.5C176.6 737.5 319.9 838 512 838c192.2 0 335.4-100.5 430.2-300.3 7.7-16.2 7.7-35 0-51.5zM512 766c-161.3 0-279.4-81.8-362.7-254C232.6 339.8 350.7 258 512 258c161.3 0 279.4 81.8 362.7 254C791.5 684.2 673.4 766 512 766zm-4-430c-97.2 0-176 78.8-176 176s78.8 176 176 176 176-78.8 176-176-78.8-176-176-176zm0 288c-61.9 0-112-50.1-112-112s50.1-112 112-112 112 50.1 112 112-50.1 112-112 112z&quot;[39m
                      [36m/&gt;[39m
                    [36m&lt;/svg&gt;[39m
                  [36m&lt;/span&gt;[39m
                [36m&lt;/div&gt;[39m
                [36m&lt;div[39m
                  [33mclass[39m=[32m&quot;ant-space-item&quot;[39m
                [36m&gt;[39m
                  [36m&lt;span&gt;[39m
                    [0mQuery Results Preview[0m
                  [36m&lt;/span&gt;[39m
                [36m&lt;/div&gt;[39m
                [36m&lt;div[39m
                  [33mclass[39m=[32m&quot;ant-space-item&quot;[39m
                [36m&gt;[39m
                  [36m&lt;span[39m
                    [33mclass[39m=[32m&quot;ant-typography ant-typography-secondary css-dev-only-do-not-override-l9pxc0&quot;[39m
                  [36m&gt;[39m
                    [0m([0m
                    [0m2[0m
                    [0m records)[0m
                  [36m&lt;/span&gt;[39m
                [36m&lt;/div&gt;[39m
              [36m&lt;/div&gt;[39m
            [36m&lt;/div&gt;[39m
          [36m&lt;/div&gt;[39m
        [36m&lt;/div&gt;[39m
        [36m&lt;div[39m
          [33mclass[39m=[32m&quot;ant-card-body&quot;[39m
        [36m&gt;[39m
          [36m&lt;div[39m
            [33mclass[39m=[32m&quot;ant-skeleton ant-skeleton-active css-dev-only-do-not-override-l9pxc0&quot;[39m
          [36m&gt;[39m
            [36m&lt;div[39m
              [33mclass[39m=[32m&quot;ant-skeleton-content&quot;[39m
            [36m&gt;[39m
              [36m&lt;ul[39m
                [33mclass[39m=[32m&quot;ant-skeleton-paragraph&quot;[39m
              [36m&gt;[39m
                [36m&lt;li /&gt;[39m
                [36m&lt;li /&gt;[39m
                [36m&lt;li /&gt;[39m
                [36m&lt;li[39m
                  [33mstyle[39m=[32m&quot;width: 61%;&quot;[39m
                [36m/&gt;[39m
              [36m&lt;/ul&gt;[39m
            [36m&lt;/div&gt;[39m
          [36m&lt;/div&gt;[39m
        [36m&lt;/div&gt;[39m
      [36m&lt;/div&gt;[39m
    [36m&lt;/div&gt;[39m
  [36m&lt;/div&gt;[39m
[36m&lt;/body&gt;[39m" type="TestingLibraryElementError">
TestingLibraryElementError: Unable to find an element by: [data-testid=&quot;table-loading&quot;]

Ignored nodes: comments, script, style
&lt;body&gt;
  &lt;div&gt;
    &lt;div&gt;
      &lt;div
        class=&quot;ant-card ant-card-loading ant-card-bordered ant-card-small css-dev-only-do-not-override-l9pxc0&quot;
      &gt;
        &lt;div
          class=&quot;ant-card-head&quot;
        &gt;
          &lt;div
            class=&quot;ant-card-head-wrapper&quot;
          &gt;
            &lt;div
              class=&quot;ant-card-head-title&quot;
            &gt;
              &lt;div
                class=&quot;ant-space css-dev-only-do-not-override-l9pxc0 ant-space-horizontal ant-space-align-center ant-space-gap-row-small ant-space-gap-col-small&quot;
              &gt;
                &lt;div
                  class=&quot;ant-space-item&quot;
                &gt;
                  &lt;span
                    aria-label=&quot;eye&quot;
                    class=&quot;anticon anticon-eye&quot;
                    role=&quot;img&quot;
                  &gt;
                    &lt;svg
                      aria-hidden=&quot;true&quot;
                      data-icon=&quot;eye&quot;
                      fill=&quot;currentColor&quot;
                      focusable=&quot;false&quot;
                      height=&quot;1em&quot;
                      viewBox=&quot;64 64 896 896&quot;
                      width=&quot;1em&quot;
                    &gt;
                      &lt;path
                        d=&quot;M942.2 486.2C847.4 286.5 704.1 186 512 186c-192.2 0-335.4 100.5-430.2 300.3a60.3 60.3 0 000 51.5C176.6 737.5 319.9 838 512 838c192.2 0 335.4-100.5 430.2-300.3 7.7-16.2 7.7-35 0-51.5zM512 766c-161.3 0-279.4-81.8-362.7-254C232.6 339.8 350.7 258 512 258c161.3 0 279.4 81.8 362.7 254C791.5 684.2 673.4 766 512 766zm-4-430c-97.2 0-176 78.8-176 176s78.8 176 176 176 176-78.8 176-176-78.8-176-176-176zm0 288c-61.9 0-112-50.1-112-112s50.1-112 112-112 112 50.1 112 112-50.1 112-112 112z&quot;
                      /&gt;
                    &lt;/svg&gt;
                  &lt;/span&gt;
                &lt;/div&gt;
                &lt;div
                  class=&quot;ant-space-item&quot;
                &gt;
                  &lt;span&gt;
                    Query Results Preview
                  &lt;/span&gt;
                &lt;/div&gt;
                &lt;div
                  class=&quot;ant-space-item&quot;
                &gt;
                  &lt;span
                    class=&quot;ant-typography ant-typography-secondary css-dev-only-do-not-override-l9pxc0&quot;
                  &gt;
                    (
                    2
                     records)
                  &lt;/span&gt;
                &lt;/div&gt;
              &lt;/div&gt;
            &lt;/div&gt;
          &lt;/div&gt;
        &lt;/div&gt;
        &lt;div
          class=&quot;ant-card-body&quot;
        &gt;
          &lt;div
            class=&quot;ant-skeleton ant-skeleton-active css-dev-only-do-not-override-l9pxc0&quot;
          &gt;
            &lt;div
              class=&quot;ant-skeleton-content&quot;
            &gt;
              &lt;ul
                class=&quot;ant-skeleton-paragraph&quot;
              &gt;
                &lt;li /&gt;
                &lt;li /&gt;
                &lt;li /&gt;
                &lt;li
                  style=&quot;width: 61%;&quot;
                /&gt;
              &lt;/ul&gt;
            &lt;/div&gt;
          &lt;/div&gt;
        &lt;/div&gt;
      &lt;/div&gt;
    &lt;/div&gt;
  &lt;/div&gt;
&lt;/body&gt;
 ❯ Object.getElementError node_modules/@testing-library/dom/dist/config.js:37:19
 ❯ node_modules/@testing-library/dom/dist/query-helpers.js:76:38
 ❯ node_modules/@testing-library/dom/dist/query-helpers.js:52:17
 ❯ node_modules/@testing-library/dom/dist/query-helpers.js:95:19
 ❯ src/components/reports/__tests__/ReportViewer.enhanced.test.tsx:598:21
            </failure>
        </testcase>
        <testcase classname="src/components/reports/__tests__/ReportViewer.enhanced.test.tsx" name="ReportViewer Enhanced Error Handling &gt; Data Display and Table Integration &gt; handles empty data gracefully" time="0.017314058">
        </testcase>
        <testcase classname="src/components/reports/__tests__/ReportViewer.enhanced.test.tsx" name="ReportViewer Enhanced Error Handling &gt; Data Display and Table Integration &gt; shows preview limitation warning for large datasets" time="0.021637982">
        </testcase>
        <testcase classname="src/components/reports/__tests__/ReportViewer.enhanced.test.tsx" name="ReportViewer Enhanced Error Handling &gt; Data Display and Table Integration &gt; generates columns from data when fields not provided" time="0.012616794">
        </testcase>
        <testcase classname="src/components/reports/__tests__/ReportViewer.enhanced.test.tsx" name="ReportViewer Enhanced Error Handling &gt; User Interaction Handling &gt; handles download action" time="0.017985592">
        </testcase>
        <testcase classname="src/components/reports/__tests__/ReportViewer.enhanced.test.tsx" name="ReportViewer Enhanced Error Handling &gt; User Interaction Handling &gt; handles share action with default behavior" time="0.018077455">
        </testcase>
        <testcase classname="src/components/reports/__tests__/ReportViewer.enhanced.test.tsx" name="ReportViewer Enhanced Error Handling &gt; User Interaction Handling &gt; handles copy ID action" time="0.01471775">
        </testcase>
        <testcase classname="src/components/reports/__tests__/ReportViewer.enhanced.test.tsx" name="ReportViewer Enhanced Error Handling &gt; User Interaction Handling &gt; shows execution summary in full mode" time="0.017587561">
            <failure message="Unable to find an element by: [data-testid=&quot;execution-summary&quot;]

Ignored nodes: comments, script, style
[36m&lt;body&gt;[39m
  [36m&lt;div&gt;[39m
    [36m&lt;div&gt;[39m
      [36m&lt;div[39m
        [33mclass[39m=[32m&quot;ant-card ant-card-bordered ant-card-small css-dev-only-do-not-override-l9pxc0&quot;[39m
      [36m&gt;[39m
        [36m&lt;div[39m
          [33mclass[39m=[32m&quot;ant-card-head&quot;[39m
        [36m&gt;[39m
          [36m&lt;div[39m
            [33mclass[39m=[32m&quot;ant-card-head-wrapper&quot;[39m
          [36m&gt;[39m
            [36m&lt;div[39m
              [33mclass[39m=[32m&quot;ant-card-head-title&quot;[39m
            [36m&gt;[39m
              [36m&lt;div[39m
                [33mclass[39m=[32m&quot;ant-space css-dev-only-do-not-override-l9pxc0 ant-space-horizontal ant-space-align-center ant-space-gap-row-small ant-space-gap-col-small&quot;[39m
              [36m&gt;[39m
                [36m&lt;div[39m
                  [33mclass[39m=[32m&quot;ant-space-item&quot;[39m
                [36m&gt;[39m
                  [36m&lt;span[39m
                    [33maria-label[39m=[32m&quot;eye&quot;[39m
                    [33mclass[39m=[32m&quot;anticon anticon-eye&quot;[39m
                    [33mrole[39m=[32m&quot;img&quot;[39m
                  [36m&gt;[39m
                    [36m&lt;svg[39m
                      [33maria-hidden[39m=[32m&quot;true&quot;[39m
                      [33mdata-icon[39m=[32m&quot;eye&quot;[39m
                      [33mfill[39m=[32m&quot;currentColor&quot;[39m
                      [33mfocusable[39m=[32m&quot;false&quot;[39m
                      [33mheight[39m=[32m&quot;1em&quot;[39m
                      [33mviewBox[39m=[32m&quot;64 64 896 896&quot;[39m
                      [33mwidth[39m=[32m&quot;1em&quot;[39m
                    [36m&gt;[39m
                      [36m&lt;path[39m
                        [33md[39m=[32m&quot;M942.2 486.2C847.4 286.5 704.1 186 512 186c-192.2 0-335.4 100.5-430.2 300.3a60.3 60.3 0 000 51.5C176.6 737.5 319.9 838 512 838c192.2 0 335.4-100.5 430.2-300.3 7.7-16.2 7.7-35 0-51.5zM512 766c-161.3 0-279.4-81.8-362.7-254C232.6 339.8 350.7 258 512 258c161.3 0 279.4 81.8 362.7 254C791.5 684.2 673.4 766 512 766zm-4-430c-97.2 0-176 78.8-176 176s78.8 176 176 176 176-78.8 176-176-78.8-176-176-176zm0 288c-61.9 0-112-50.1-112-112s50.1-112 112-112 112 50.1 112 112-50.1 112-112 112z&quot;[39m
                      [36m/&gt;[39m
                    [36m&lt;/svg&gt;[39m
                  [36m&lt;/span&gt;[39m
                [36m&lt;/div&gt;[39m
                [36m&lt;div[39m
                  [33mclass[39m=[32m&quot;ant-space-item&quot;[39m
                [36m&gt;[39m
                  [36m&lt;span&gt;[39m
                    [0mReport Results[0m
                  [36m&lt;/span&gt;[39m
                [36m&lt;/div&gt;[39m
                [36m&lt;div[39m
                  [33mclass[39m=[32m&quot;ant-space-item&quot;[39m
                [36m&gt;[39m
                  [36m&lt;span[39m
                    [33mclass[39m=[32m&quot;ant-typography ant-typography-secondary css-dev-only-do-not-override-l9pxc0&quot;[39m
                  [36m&gt;[39m
                    [0m([0m
                    [0m2[0m
                    [0m records)[0m
                  [36m&lt;/span&gt;[39m
                [36m&lt;/div&gt;[39m
              [36m&lt;/div&gt;[39m
            [36m&lt;/div&gt;[39m
          [36m&lt;/div&gt;[39m
        [36m&lt;/div&gt;[39m
        [36m&lt;div[39m
          [33mclass[39m=[32m&quot;ant-card-body&quot;[39m
        [36m&gt;[39m
          [36m&lt;div[39m
            [33mdata-testid[39m=[32m&quot;enhanced-data-table&quot;[39m
          [36m&gt;[39m
            [36m&lt;div[39m
              [33mdata-testid[39m=[32m&quot;table-data&quot;[39m
            [36m&gt;[39m
              [0m[{&quot;sAMAccountName&quot;:&quot;user1&quot;,&quot;displayName&quot;:&quot;User One&quot;,&quot;id&quot;:&quot;1&quot;,&quot;key&quot;:&quot;1&quot;},{&quot;sAMAccountName&quot;:&quot;user2&quot;,&quot;displayName&quot;:&quot;User Two&quot;,&quot;id&quot;:&quot;2&quot;,&quot;key&quot;:&quot;2&quot;}][0m
            [36m&lt;/div&gt;[39m
            [36m&lt;div[39m
              [33mdata-testid[39m=[32m&quot;table-columns&quot;[39m
            [36m&gt;[39m
              [0m2[0m
              [0m columns[0m
            [36m&lt;/div&gt;[39m
          [36m&lt;/div&gt;[39m
        [36m&lt;/div&gt;[39m
      [36m&lt;/div&gt;[39m
      [36m&lt;div[39m
        [33mstyle[39m=[32m&quot;margin-bottom: 0px; padding: 24px; border-radius: 16px; background: rgba(255, 255, 255, 0.9); border: 1px solid rgba(255, 255, 255, 0.2); box-shadow: 0 4px 6px rgba(0, 0, 0, 0.1); margin-top: 24px;&quot;[39m
      [36m&gt;[39m
        [36m&lt;div[39m
          [33mstyle[39m=[32m&quot;display: grid; grid-template-columns: 1fr 1fr 1fr 1fr; gap: 24px;&quot;[39m
        [36m&gt;[39m
          [36m&lt;div&gt;[39m
            [36m&lt;p[39m
              [33mstyle[39m=[32m&quot;margin: 0px 0px 4px 0px; font-size: 12px; color: rgb(107, 114, 128);&quot;[39m
            [36m&gt;[39m
              [0mStatus[0m
            [36m&lt;/p&gt;[39m
            [36m&lt;p[39m
              [33mstyle[39m=[32m&quot;margin: 0px; font-size: 16px; font-weight: 500; color: rgb(31, 41, 55);&quot;[39m
            [36m&gt;[39m
              [0mcompleted[0m
            [36m&lt;/p&gt;[39m
          [36m&lt;/div&gt;[39m
          [36m&lt;div&gt;[39m
            [36m&lt;p[39m
              [33mstyle[39m=[32m&quot;margin: 0px 0px 4px 0px; font-size: 12px; color: rgb(107, 114, 128);&quot;[39m
            [36m&gt;[39m
              [0mTotal Records[0m
            [36m&lt;/p&gt;[39m
            [36m&lt;p[39m
              [33mstyle[39m=[32m&quot;margin: 0px; font-size: 16px; font-weight: 500; color: rgb(31, 41, 55);&quot;[39m
            [36m&gt;[39m
              [0m2[0m
            [36m&lt;/p&gt;[39m
          [36m&lt;/div&gt;[39m
          [36m&lt;div&gt;[39m
            [36m&lt;p[39m
              [33mstyle[39m=[32m&quot;margin: 0px 0px 4px 0px; font-size: 12px; color: rgb(107, 114, 128);&quot;[39m
            [36m&gt;[39m
              [0mExecution Time[0m
            [36m&lt;/p&gt;[39m
            [36m&lt;p[39m
              [33mstyle[39m=[32m&quot;margin: 0px; font-size: 16px; font-weight: 500; color: rgb(31, 41, 55);&quot;[39m
            [36m&gt;[39m
              [0m150ms[0m
            [36m&lt;/p&gt;[39m
          [36m&lt;/div&gt;[39m
          [36m&lt;div&gt;[39m
            [36m&lt;p[39m
              [33mstyle[39m=[32m&quot;margin: 0px 0px 4px 0px; font-size: 12px; color: rgb(107, 114, 128);&quot;[39m
            [36m&gt;[39m
              [0mCategory[0m
            [36m&lt;/p&gt;[39m
            [36m&lt;p[39m
              [33mstyle[39m=[32m&quot;margin: 0px; font-size: 16px; font-weight: 500; color: rgb(31, 41, 55);&quot;[39m
            [36m&gt;[39m
              [0mAD[0m
            [36m&lt;/p&gt;[39m
          [36m&lt;/div&gt;[39m
        [36m&lt;/div&gt;[39m
      [36m&lt;/div&gt;[39m
    [36m&lt;/div&gt;[39m
  [36m&lt;/div&gt;[39m
[36m&lt;/body&gt;[39m" type="TestingLibraryElementError">
TestingLibraryElementError: Unable to find an element by: [data-testid=&quot;execution-summary&quot;]

Ignored nodes: comments, script, style
&lt;body&gt;
  &lt;div&gt;
    &lt;div&gt;
      &lt;div
        class=&quot;ant-card ant-card-bordered ant-card-small css-dev-only-do-not-override-l9pxc0&quot;
      &gt;
        &lt;div
          class=&quot;ant-card-head&quot;
        &gt;
          &lt;div
            class=&quot;ant-card-head-wrapper&quot;
          &gt;
            &lt;div
              class=&quot;ant-card-head-title&quot;
            &gt;
              &lt;div
                class=&quot;ant-space css-dev-only-do-not-override-l9pxc0 ant-space-horizontal ant-space-align-center ant-space-gap-row-small ant-space-gap-col-small&quot;
              &gt;
                &lt;div
                  class=&quot;ant-space-item&quot;
                &gt;
                  &lt;span
                    aria-label=&quot;eye&quot;
                    class=&quot;anticon anticon-eye&quot;
                    role=&quot;img&quot;
                  &gt;
                    &lt;svg
                      aria-hidden=&quot;true&quot;
                      data-icon=&quot;eye&quot;
                      fill=&quot;currentColor&quot;
                      focusable=&quot;false&quot;
                      height=&quot;1em&quot;
                      viewBox=&quot;64 64 896 896&quot;
                      width=&quot;1em&quot;
                    &gt;
                      &lt;path
                        d=&quot;M942.2 486.2C847.4 286.5 704.1 186 512 186c-192.2 0-335.4 100.5-430.2 300.3a60.3 60.3 0 000 51.5C176.6 737.5 319.9 838 512 838c192.2 0 335.4-100.5 430.2-300.3 7.7-16.2 7.7-35 0-51.5zM512 766c-161.3 0-279.4-81.8-362.7-254C232.6 339.8 350.7 258 512 258c161.3 0 279.4 81.8 362.7 254C791.5 684.2 673.4 766 512 766zm-4-430c-97.2 0-176 78.8-176 176s78.8 176 176 176 176-78.8 176-176-78.8-176-176-176zm0 288c-61.9 0-112-50.1-112-112s50.1-112 112-112 112 50.1 112 112-50.1 112-112 112z&quot;
                      /&gt;
                    &lt;/svg&gt;
                  &lt;/span&gt;
                &lt;/div&gt;
                &lt;div
                  class=&quot;ant-space-item&quot;
                &gt;
                  &lt;span&gt;
                    Report Results
                  &lt;/span&gt;
                &lt;/div&gt;
                &lt;div
                  class=&quot;ant-space-item&quot;
                &gt;
                  &lt;span
                    class=&quot;ant-typography ant-typography-secondary css-dev-only-do-not-override-l9pxc0&quot;
                  &gt;
                    (
                    2
                     records)
                  &lt;/span&gt;
                &lt;/div&gt;
              &lt;/div&gt;
            &lt;/div&gt;
          &lt;/div&gt;
        &lt;/div&gt;
        &lt;div
          class=&quot;ant-card-body&quot;
        &gt;
          &lt;div
            data-testid=&quot;enhanced-data-table&quot;
          &gt;
            &lt;div
              data-testid=&quot;table-data&quot;
            &gt;
              [{&quot;sAMAccountName&quot;:&quot;user1&quot;,&quot;displayName&quot;:&quot;User One&quot;,&quot;id&quot;:&quot;1&quot;,&quot;key&quot;:&quot;1&quot;},{&quot;sAMAccountName&quot;:&quot;user2&quot;,&quot;displayName&quot;:&quot;User Two&quot;,&quot;id&quot;:&quot;2&quot;,&quot;key&quot;:&quot;2&quot;}]
            &lt;/div&gt;
            &lt;div
              data-testid=&quot;table-columns&quot;
            &gt;
              2
               columns
            &lt;/div&gt;
          &lt;/div&gt;
        &lt;/div&gt;
      &lt;/div&gt;
      &lt;div
        style=&quot;margin-bottom: 0px; padding: 24px; border-radius: 16px; background: rgba(255, 255, 255, 0.9); border: 1px solid rgba(255, 255, 255, 0.2); box-shadow: 0 4px 6px rgba(0, 0, 0, 0.1); margin-top: 24px;&quot;
      &gt;
        &lt;div
          style=&quot;display: grid; grid-template-columns: 1fr 1fr 1fr 1fr; gap: 24px;&quot;
        &gt;
          &lt;div&gt;
            &lt;p
              style=&quot;margin: 0px 0px 4px 0px; font-size: 12px; color: rgb(107, 114, 128);&quot;
            &gt;
              Status
            &lt;/p&gt;
            &lt;p
              style=&quot;margin: 0px; font-size: 16px; font-weight: 500; color: rgb(31, 41, 55);&quot;
            &gt;
              completed
            &lt;/p&gt;
          &lt;/div&gt;
          &lt;div&gt;
            &lt;p
              style=&quot;margin: 0px 0px 4px 0px; font-size: 12px; color: rgb(107, 114, 128);&quot;
            &gt;
              Total Records
            &lt;/p&gt;
            &lt;p
              style=&quot;margin: 0px; font-size: 16px; font-weight: 500; color: rgb(31, 41, 55);&quot;
            &gt;
              2
            &lt;/p&gt;
          &lt;/div&gt;
          &lt;div&gt;
            &lt;p
              style=&quot;margin: 0px 0px 4px 0px; font-size: 12px; color: rgb(107, 114, 128);&quot;
            &gt;
              Execution Time
            &lt;/p&gt;
            &lt;p
              style=&quot;margin: 0px; font-size: 16px; font-weight: 500; color: rgb(31, 41, 55);&quot;
            &gt;
              150ms
            &lt;/p&gt;
          &lt;/div&gt;
          &lt;div&gt;
            &lt;p
              style=&quot;margin: 0px 0px 4px 0px; font-size: 12px; color: rgb(107, 114, 128);&quot;
            &gt;
              Category
            &lt;/p&gt;
            &lt;p
              style=&quot;margin: 0px; font-size: 16px; font-weight: 500; color: rgb(31, 41, 55);&quot;
            &gt;
              AD
            &lt;/p&gt;
          &lt;/div&gt;
        &lt;/div&gt;
      &lt;/div&gt;
    &lt;/div&gt;
  &lt;/div&gt;
&lt;/body&gt;
 ❯ Object.getElementError node_modules/@testing-library/dom/dist/config.js:37:19
 ❯ node_modules/@testing-library/dom/dist/query-helpers.js:76:38
 ❯ node_modules/@testing-library/dom/dist/query-helpers.js:52:17
 ❯ node_modules/@testing-library/dom/dist/query-helpers.js:95:19
 ❯ src/components/reports/__tests__/ReportViewer.enhanced.test.tsx:711:21
            </failure>
        </testcase>
        <testcase classname="src/components/reports/__tests__/ReportViewer.enhanced.test.tsx" name="ReportViewer Enhanced Error Handling &gt; User Interaction Handling &gt; does not show execution summary in preview mode" time="0.022907794">
        </testcase>
        <testcase classname="src/components/reports/__tests__/ReportViewer.enhanced.test.tsx" name="ReportViewer Enhanced Error Handling &gt; Dark Mode Support &gt; applies dark mode styles correctly" time="0.016585453">
        </testcase>
        <testcase classname="src/components/reports/__tests__/ReportViewer.enhanced.test.tsx" name="ReportViewer Enhanced Error Handling &gt; Dark Mode Support &gt; applies light mode styles correctly" time="0.009106894">
        </testcase>
        <testcase classname="src/components/reports/__tests__/ReportViewer.enhanced.test.tsx" name="ReportViewer Enhanced Error Handling &gt; Accessibility and User Experience &gt; provides appropriate ARIA labels and roles" time="0.022538538">
        </testcase>
        <testcase classname="src/components/reports/__tests__/ReportViewer.enhanced.test.tsx" name="ReportViewer Enhanced Error Handling &gt; Accessibility and User Experience &gt; maintains focus management during error recovery" time="30.009360265">
            <failure message="Test timed out in 30000ms.
If this is a long-running test, pass a timeout value as the last argument or configure it globally with &quot;testTimeout&quot;." type="Error">
Error: Test timed out in 30000ms.
If this is a long-running test, pass a timeout value as the last argument or configure it globally with &quot;testTimeout&quot;.
 ❯ src/components/reports/__tests__/ReportViewer.enhanced.test.tsx:771:5
            </failure>
        </testcase>
        <testcase classname="src/components/reports/__tests__/ReportViewer.enhanced.test.tsx" name="ReportViewer Enhanced Error Handling &gt; Accessibility and User Experience &gt; provides helpful tooltips and guidance text" time="0.043978743">
        </testcase>
    </testsuite>
    <testsuite name="src/store/slices/__tests__/querySlice.test.ts" timestamp="2025-08-22T07:42:59.556Z" hostname="ifedotovNB" tests="52" failures="0" errors="0" skipped="0" time="0.121969489">
        <testcase classname="src/store/slices/__tests__/querySlice.test.ts" name="querySlice &gt; initial state &gt; should return correct initial state" time="0.007494323">
        </testcase>
        <testcase classname="src/store/slices/__tests__/querySlice.test.ts" name="querySlice &gt; synchronous actions &gt; should handle setSelectedDefinition" time="0.001841361">
        </testcase>
        <testcase classname="src/store/slices/__tests__/querySlice.test.ts" name="querySlice &gt; synchronous actions &gt; should handle setFilterByDataSource" time="0.000570677">
        </testcase>
        <testcase classname="src/store/slices/__tests__/querySlice.test.ts" name="querySlice &gt; synchronous actions &gt; should handle setSearchQuery" time="0.000489286">
        </testcase>
        <testcase classname="src/store/slices/__tests__/querySlice.test.ts" name="querySlice &gt; synchronous actions &gt; should handle setSortBy" time="0.000527952">
        </testcase>
        <testcase classname="src/store/slices/__tests__/querySlice.test.ts" name="querySlice &gt; synchronous actions &gt; should handle setBuilderQuery" time="0.001570169">
        </testcase>
        <testcase classname="src/store/slices/__tests__/querySlice.test.ts" name="querySlice &gt; synchronous actions &gt; should handle clearBuilderState" time="0.001405549">
        </testcase>
        <testcase classname="src/store/slices/__tests__/querySlice.test.ts" name="querySlice &gt; synchronous actions &gt; should handle evictCacheEntry" time="0.00548515">
        </testcase>
        <testcase classname="src/store/slices/__tests__/querySlice.test.ts" name="querySlice &gt; synchronous actions &gt; should handle resetQueryState" time="0.001680269">
        </testcase>
        <testcase classname="src/store/slices/__tests__/querySlice.test.ts" name="querySlice &gt; fetchQueryDefinitionsAsync &gt; should handle successful definitions fetch" time="0.002320262">
        </testcase>
        <testcase classname="src/store/slices/__tests__/querySlice.test.ts" name="querySlice &gt; fetchQueryDefinitionsAsync &gt; should handle failed definitions fetch" time="0.002134201">
        </testcase>
        <testcase classname="src/store/slices/__tests__/querySlice.test.ts" name="querySlice &gt; fetchQueryDefinitionsAsync &gt; should set loading state during fetch" time="0.001374766">
        </testcase>
        <testcase classname="src/store/slices/__tests__/querySlice.test.ts" name="querySlice &gt; fetchQueryDefinitionsAsync &gt; should handle API response without data" time="0.001501231">
        </testcase>
        <testcase classname="src/store/slices/__tests__/querySlice.test.ts" name="querySlice &gt; executeQueryAsync &gt; should handle successful query execution" time="0.004197181">
        </testcase>
        <testcase classname="src/store/slices/__tests__/querySlice.test.ts" name="querySlice &gt; executeQueryAsync &gt; should handle query execution failure" time="0.00215814">
        </testcase>
        <testcase classname="src/store/slices/__tests__/querySlice.test.ts" name="querySlice &gt; executeQueryAsync &gt; should return cached result when available and not skipping cache" time="0.00343682">
        </testcase>
        <testcase classname="src/store/slices/__tests__/querySlice.test.ts" name="querySlice &gt; executeQueryAsync &gt; should skip cache when skipCache option is true" time="0.003309287">
        </testcase>
        <testcase classname="src/store/slices/__tests__/querySlice.test.ts" name="querySlice &gt; executeDynamicQueryAsync &gt; should handle successful dynamic query execution" time="0.002407974">
        </testcase>
        <testcase classname="src/store/slices/__tests__/querySlice.test.ts" name="querySlice &gt; executeDynamicQueryAsync &gt; should handle dynamic query execution failure" time="0.001942201">
        </testcase>
        <testcase classname="src/store/slices/__tests__/querySlice.test.ts" name="querySlice &gt; validateQueryAsync &gt; should handle successful query validation" time="0.001802033">
        </testcase>
        <testcase classname="src/store/slices/__tests__/querySlice.test.ts" name="querySlice &gt; validateQueryAsync &gt; should handle query validation failure" time="0.001269205">
        </testcase>
        <testcase classname="src/store/slices/__tests__/querySlice.test.ts" name="querySlice &gt; validateQueryAsync &gt; should set validating state during validation" time="0.001051102">
        </testcase>
        <testcase classname="src/store/slices/__tests__/querySlice.test.ts" name="querySlice &gt; fetchQueryHealthAsync &gt; should handle successful health check" time="0.001652515">
        </testcase>
        <testcase classname="src/store/slices/__tests__/querySlice.test.ts" name="querySlice &gt; fetchQueryHealthAsync &gt; should handle health check failure" time="0.001485302">
        </testcase>
        <testcase classname="src/store/slices/__tests__/querySlice.test.ts" name="querySlice &gt; fetchQueryMetricsAsync &gt; should handle overall metrics fetch" time="0.001721323">
        </testcase>
        <testcase classname="src/store/slices/__tests__/querySlice.test.ts" name="querySlice &gt; fetchQueryMetricsAsync &gt; should handle specific query statistics fetch" time="0.001508614">
        </testcase>
        <testcase classname="src/store/slices/__tests__/querySlice.test.ts" name="querySlice &gt; fetchQueryMetricsAsync &gt; should handle metrics fetch failure" time="0.001485903">
        </testcase>
        <testcase classname="src/store/slices/__tests__/querySlice.test.ts" name="querySlice &gt; clearQueryCacheAsync &gt; should handle clearing specific query cache" time="0.001644783">
        </testcase>
        <testcase classname="src/store/slices/__tests__/querySlice.test.ts" name="querySlice &gt; clearQueryCacheAsync &gt; should handle clearing all cache" time="0.001234658">
        </testcase>
        <testcase classname="src/store/slices/__tests__/querySlice.test.ts" name="querySlice &gt; Graph API async thunks &gt; should handle fetchGraphDefinitionsAsync" time="0.002367118">
        </testcase>
        <testcase classname="src/store/slices/__tests__/querySlice.test.ts" name="querySlice &gt; Graph API async thunks &gt; should handle executeGraphQueryAsync" time="0.001537684">
        </testcase>
        <testcase classname="src/store/slices/__tests__/querySlice.test.ts" name="querySlice &gt; selectors &gt; should select query definitions" time="0.002166724">
        </testcase>
        <testcase classname="src/store/slices/__tests__/querySlice.test.ts" name="querySlice &gt; selectors &gt; should select query definition by id" time="0.001020859">
        </testcase>
        <testcase classname="src/store/slices/__tests__/querySlice.test.ts" name="querySlice &gt; selectors &gt; should select active executions" time="0.000894887">
        </testcase>
        <testcase classname="src/store/slices/__tests__/querySlice.test.ts" name="querySlice &gt; selectors &gt; should select execution history" time="0.000882731">
        </testcase>
        <testcase classname="src/store/slices/__tests__/querySlice.test.ts" name="querySlice &gt; selectors &gt; should select query loading state" time="0.000866154">
        </testcase>
        <testcase classname="src/store/slices/__tests__/querySlice.test.ts" name="querySlice &gt; selectors &gt; should select query error" time="0.00093203">
        </testcase>
        <testcase classname="src/store/slices/__tests__/querySlice.test.ts" name="querySlice &gt; selectors &gt; should select cached result" time="0.000771906">
        </testcase>
        <testcase classname="src/store/slices/__tests__/querySlice.test.ts" name="querySlice &gt; selectors &gt; should select query health" time="0.000687966">
        </testcase>
        <testcase classname="src/store/slices/__tests__/querySlice.test.ts" name="querySlice &gt; selectors &gt; should select query metrics" time="0.000796505">
        </testcase>
        <testcase classname="src/store/slices/__tests__/querySlice.test.ts" name="querySlice &gt; selectors &gt; should select query statistics" time="0.000688766">
        </testcase>
        <testcase classname="src/store/slices/__tests__/querySlice.test.ts" name="querySlice &gt; selectors &gt; should select builder state" time="0.0007769">
        </testcase>
        <testcase classname="src/store/slices/__tests__/querySlice.test.ts" name="querySlice &gt; selectors &gt; should select filtered definitions" time="0.003885432">
        </testcase>
        <testcase classname="src/store/slices/__tests__/querySlice.test.ts" name="querySlice &gt; selectors &gt; should filter definitions by data source" time="0.019197073">
        </testcase>
        <testcase classname="src/store/slices/__tests__/querySlice.test.ts" name="querySlice &gt; selectors &gt; should sort filtered definitions" time="0.002087256">
        </testcase>
        <testcase classname="src/store/slices/__tests__/querySlice.test.ts" name="querySlice &gt; cache management &gt; should enforce maximum cache size" time="0.007356776">
        </testcase>
        <testcase classname="src/store/slices/__tests__/querySlice.test.ts" name="querySlice &gt; cache management &gt; should handle stale cache entries" time="0.001836662">
        </testcase>
        <testcase classname="src/store/slices/__tests__/querySlice.test.ts" name="querySlice &gt; error handling &gt; should handle network errors gracefully" time="0.001019916">
        </testcase>
        <testcase classname="src/store/slices/__tests__/querySlice.test.ts" name="querySlice &gt; error handling &gt; should handle malformed API responses" time="0.00091155">
        </testcase>
        <testcase classname="src/store/slices/__tests__/querySlice.test.ts" name="querySlice &gt; error handling &gt; should handle execution timeout scenarios" time="0.000970597">
        </testcase>
        <testcase classname="src/store/slices/__tests__/querySlice.test.ts" name="querySlice &gt; integration scenarios &gt; should handle concurrent query executions" time="0.002999339">
        </testcase>
        <testcase classname="src/store/slices/__tests__/querySlice.test.ts" name="querySlice &gt; integration scenarios &gt; should maintain consistent state during rapid UI updates" time="0.000788237">
        </testcase>
    </testsuite>
</testsuites>
